Archive member included to satisfy reference by file (symbol)

e:/program files/stmicroelectronics/true_studio/truestudio for stm32 9.0.1/armtools/bin/../lib/gcc/arm-atollic-eabi/6.3.1/../../../../arm-atollic-eabi/lib/armv7e-m/fpu\libc_nano.a(lib_a-init.o)
                              startup\startup_stm32f469xx.o (__libc_init_array)
e:/program files/stmicroelectronics/true_studio/truestudio for stm32 9.0.1/armtools/bin/../lib/gcc/arm-atollic-eabi/6.3.1/../../../../arm-atollic-eabi/lib/armv7e-m/fpu\libc_nano.a(lib_a-memcpy-stub.o)
                              Middlewares\Third_Party\FreeRTOS\Source\queue.o (memcpy)
e:/program files/stmicroelectronics/true_studio/truestudio for stm32 9.0.1/armtools/bin/../lib/gcc/arm-atollic-eabi/6.3.1/../../../../arm-atollic-eabi/lib/armv7e-m/fpu\libc_nano.a(lib_a-memset.o)
                              Middlewares\Third_Party\FreeRTOS\Source\tasks.o (memset)
e:/program files/stmicroelectronics/true_studio/truestudio for stm32 9.0.1/armtools/bin/../lib/gcc/arm-atollic-eabi/6.3.1/armv7e-m/fpu\libgcc.a(_aeabi_uldivmod.o)
                              Drivers\STM32F4xx_HAL_Driver\Src\stm32f4xx_hal_rcc.o (__aeabi_uldivmod)
e:/program files/stmicroelectronics/true_studio/truestudio for stm32 9.0.1/armtools/bin/../lib/gcc/arm-atollic-eabi/6.3.1/armv7e-m/fpu\libgcc.a(_udivmoddi4.o)
                              e:/program files/stmicroelectronics/true_studio/truestudio for stm32 9.0.1/armtools/bin/../lib/gcc/arm-atollic-eabi/6.3.1/armv7e-m/fpu\libgcc.a(_aeabi_uldivmod.o) (__udivmoddi4)
e:/program files/stmicroelectronics/true_studio/truestudio for stm32 9.0.1/armtools/bin/../lib/gcc/arm-atollic-eabi/6.3.1/armv7e-m/fpu\libgcc.a(_dvmd_tls.o)
                              e:/program files/stmicroelectronics/true_studio/truestudio for stm32 9.0.1/armtools/bin/../lib/gcc/arm-atollic-eabi/6.3.1/armv7e-m/fpu\libgcc.a(_aeabi_uldivmod.o) (__aeabi_ldiv0)

Allocating common symbols
Common symbol       size              file

defaultTaskHandle   0x4               Src\freertos.o
LED_BlinkHandle     0x4               Src\freertos.o
huart3              0x40              Src\usart.o
hi2c1               0x54              Src\i2c.o
hcrc                0x8               Src\crc.o
hi2c2               0x54              Src\i2c.o
hdsi                0x1c              Src\dsihost.o
uwTick              0x4               Drivers\STM32F4xx_HAL_Driver\Src\stm32f4xx_hal.o
xQueueRegistry      0x40              Middlewares\Third_Party\FreeRTOS\Source\queue.o
pFlash              0x20              Drivers\STM32F4xx_HAL_Driver\Src\stm32f4xx_hal_flash.o
hltdc               0xa8              Src\ltdc.o
LED_Blink2_Handle   0x4               Src\freertos.o
htim6               0x3c              Src\stm32f4xx_hal_timebase_TIM.o
htim1               0x3c              Src\tim.o
hsd                 0x84              Src\sdio.o
huart6              0x40              Src\usart.o
hdma2d              0x40              Src\dma2d.o
hhcd_USB_OTG_FS     0x298             Src\usb_otg.o
hsai_BlockA1        0x88              Src\sai.o
hsdram1             0x34              Src\fmc.o
hqspi               0x4c              Src\quadspi.o

Discarded input sections

 .text          0x00000000        0x0 e:/program files/stmicroelectronics/true_studio/truestudio for stm32 9.0.1/armtools/bin/../lib/gcc/arm-atollic-eabi/6.3.1/armv7e-m/fpu/crti.o
 .data          0x00000000        0x0 e:/program files/stmicroelectronics/true_studio/truestudio for stm32 9.0.1/armtools/bin/../lib/gcc/arm-atollic-eabi/6.3.1/armv7e-m/fpu/crti.o
 .bss           0x00000000        0x0 e:/program files/stmicroelectronics/true_studio/truestudio for stm32 9.0.1/armtools/bin/../lib/gcc/arm-atollic-eabi/6.3.1/armv7e-m/fpu/crti.o
 .data          0x00000000        0x4 e:/program files/stmicroelectronics/true_studio/truestudio for stm32 9.0.1/armtools/bin/../lib/gcc/arm-atollic-eabi/6.3.1/armv7e-m/fpu/crtbegin.o
 .group         0x00000000        0x8 Drivers\STM32F4xx_HAL_Driver\Src\stm32f4xx_hal.o
 .group         0x00000000        0x8 Drivers\STM32F4xx_HAL_Driver\Src\stm32f4xx_hal.o
 .group         0x00000000        0x8 Drivers\STM32F4xx_HAL_Driver\Src\stm32f4xx_hal.o
 .group         0x00000000        0x8 Drivers\STM32F4xx_HAL_Driver\Src\stm32f4xx_hal.o
 .group         0x00000000        0x8 Drivers\STM32F4xx_HAL_Driver\Src\stm32f4xx_hal.o
 .group         0x00000000        0x8 Drivers\STM32F4xx_HAL_Driver\Src\stm32f4xx_hal.o
 .group         0x00000000        0x8 Drivers\STM32F4xx_HAL_Driver\Src\stm32f4xx_hal.o
 .group         0x00000000        0x8 Drivers\STM32F4xx_HAL_Driver\Src\stm32f4xx_hal.o
 .group         0x00000000        0x8 Drivers\STM32F4xx_HAL_Driver\Src\stm32f4xx_hal.o
 .group         0x00000000        0x8 Drivers\STM32F4xx_HAL_Driver\Src\stm32f4xx_hal.o
 .group         0x00000000        0x8 Drivers\STM32F4xx_HAL_Driver\Src\stm32f4xx_hal.o
 .group         0x00000000        0x8 Drivers\STM32F4xx_HAL_Driver\Src\stm32f4xx_hal.o
[...]
Memory Configuration

Name             Origin             Length             Attributes
RAM              0x20000000         0x00050000         xrw
CCMRAM           0x10000000         0x00010000         rw
FLASH            0x08000000         0x00200000         xr
*default*        0x00000000         0xffffffff

Linker script and memory map

LOAD e:/program files/stmicroelectronics/true_studio/truestudio for stm32 9.0.1/armtools/bin/../lib/gcc/arm-atollic-eabi/6.3.1/armv7e-m/fpu/crti.o
LOAD e:/program files/stmicroelectronics/true_studio/truestudio for stm32 9.0.1/armtools/bin/../lib/gcc/arm-atollic-eabi/6.3.1/armv7e-m/fpu/crtbegin.o
LOAD Drivers\STM32F4xx_HAL_Driver\Src\stm32f4xx_hal.o
LOAD Drivers\STM32F4xx_HAL_Driver\Src\stm32f4xx_hal_cortex.o
LOAD Drivers\STM32F4xx_HAL_Driver\Src\stm32f4xx_hal_crc.o
LOAD Drivers\STM32F4xx_HAL_Driver\Src\stm32f4xx_hal_dma.o
LOAD Drivers\STM32F4xx_HAL_Driver\Src\stm32f4xx_hal_dma2d.o
LOAD Drivers\STM32F4xx_HAL_Driver\Src\stm32f4xx_hal_dma_ex.o
LOAD Drivers\STM32F4xx_HAL_Driver\Src\stm32f4xx_hal_dsi.o
LOAD Drivers\STM32F4xx_HAL_Driver\Src\stm32f4xx_hal_flash.o
LOAD Drivers\STM32F4xx_HAL_Driver\Src\stm32f4xx_hal_flash_ex.o
LOAD Drivers\STM32F4xx_HAL_Driver\Src\stm32f4xx_hal_flash_ramfunc.o
LOAD Drivers\STM32F4xx_HAL_Driver\Src\stm32f4xx_hal_gpio.o
LOAD Drivers\STM32F4xx_HAL_Driver\Src\stm32f4xx_hal_hcd.o
LOAD Drivers\STM32F4xx_HAL_Driver\Src\stm32f4xx_hal_i2c.o
LOAD Drivers\STM32F4xx_HAL_Driver\Src\stm32f4xx_hal_i2c_ex.o
LOAD Drivers\STM32F4xx_HAL_Driver\Src\stm32f4xx_hal_ltdc.o
LOAD Drivers\STM32F4xx_HAL_Driver\Src\stm32f4xx_hal_ltdc_ex.o
LOAD Drivers\STM32F4xx_HAL_Driver\Src\stm32f4xx_hal_pwr.o
LOAD Drivers\STM32F4xx_HAL_Driver\Src\stm32f4xx_hal_pwr_ex.o
LOAD Drivers\STM32F4xx_HAL_Driver\Src\stm32f4xx_hal_qspi.o
LOAD Drivers\STM32F4xx_HAL_Driver\Src\stm32f4xx_hal_rcc.o
LOAD Drivers\STM32F4xx_HAL_Driver\Src\stm32f4xx_hal_rcc_ex.o
LOAD Drivers\STM32F4xx_HAL_Driver\Src\stm32f4xx_hal_sai.o
LOAD Drivers\STM32F4xx_HAL_Driver\Src\stm32f4xx_hal_sai_ex.o
LOAD Drivers\STM32F4xx_HAL_Driver\Src\stm32f4xx_hal_sd.o
LOAD Drivers\STM32F4xx_HAL_Driver\Src\stm32f4xx_hal_sdram.o
LOAD Drivers\STM32F4xx_HAL_Driver\Src\stm32f4xx_hal_tim.o
LOAD Drivers\STM32F4xx_HAL_Driver\Src\stm32f4xx_hal_tim_ex.o
LOAD Drivers\STM32F4xx_HAL_Driver\Src\stm32f4xx_hal_uart.o
LOAD Drivers\STM32F4xx_HAL_Driver\Src\stm32f4xx_ll_fmc.o
LOAD Drivers\STM32F4xx_HAL_Driver\Src\stm32f4xx_ll_sdmmc.o
LOAD Drivers\STM32F4xx_HAL_Driver\Src\stm32f4xx_ll_usb.o
LOAD Middlewares\Third_Party\FreeRTOS\Source\CMSIS_RTOS\cmsis_os.o
LOAD Middlewares\Third_Party\FreeRTOS\Source\croutine.o
LOAD Middlewares\Third_Party\FreeRTOS\Source\event_groups.o
LOAD Middlewares\Third_Party\FreeRTOS\Source\list.o
LOAD Middlewares\Third_Party\FreeRTOS\Source\portable\GCC\ARM_CM4F\port.o
LOAD Middlewares\Third_Party\FreeRTOS\Source\portable\MemMang\heap_4.o
LOAD Middlewares\Third_Party\FreeRTOS\Source\queue.o
LOAD Middlewares\Third_Party\FreeRTOS\Source\tasks.o
LOAD Middlewares\Third_Party\FreeRTOS\Source\timers.o
LOAD Src\crc.o
LOAD Src\dma2d.o
LOAD Src\dsihost.o
LOAD Src\fmc.o
LOAD Src\freertos.o
LOAD Src\gpio.o
LOAD Src\i2c.o
LOAD Src\ltdc.o
LOAD Src\main.o
LOAD Src\quadspi.o
LOAD Src\sai.o
LOAD Src\sdio.o
LOAD Src\stm32f4xx_hal_msp.o
LOAD Src\stm32f4xx_hal_timebase_TIM.o
LOAD Src\stm32f4xx_it.o
LOAD Src\system_stm32f4xx.o
LOAD Src\tim.o
LOAD Src\usart.o
LOAD Src\usb_otg.o
LOAD startup\startup_stm32f469xx.o
                0x00000080                malloc_getpagesize_P = 0x80
START GROUP
LOAD e:/program files/stmicroelectronics/true_studio/truestudio for stm32 9.0.1/armtools/bin/../lib/gcc/arm-atollic-eabi/6.3.1/../../../../arm-atollic-eabi/lib/armv7e-m/fpu\libc_nano.a
LOAD e:/program files/stmicroelectronics/true_studio/truestudio for stm32 9.0.1/armtools/bin/../lib/gcc/arm-atollic-eabi/6.3.1/../../../../arm-atollic-eabi/lib/armv7e-m/fpu\libm.a
END GROUP
START GROUP
LOAD e:/program files/stmicroelectronics/true_studio/truestudio for stm32 9.0.1/armtools/bin/../lib/gcc/arm-atollic-eabi/6.3.1/armv7e-m/fpu\libgcc.a
LOAD e:/program files/stmicroelectronics/true_studio/truestudio for stm32 9.0.1/armtools/bin/../lib/gcc/arm-atollic-eabi/6.3.1/../../../../arm-atollic-eabi/lib/armv7e-m/fpu\libc_nano.a
END GROUP
START GROUP
LOAD e:/program files/stmicroelectronics/true_studio/truestudio for stm32 9.0.1/armtools/bin/../lib/gcc/arm-atollic-eabi/6.3.1/armv7e-m/fpu\libgcc.a
LOAD e:/program files/stmicroelectronics/true_studio/truestudio for stm32 9.0.1/armtools/bin/../lib/gcc/arm-atollic-eabi/6.3.1/../../../../arm-atollic-eabi/lib/armv7e-m/fpu\libc_nano.a
LOAD e:/program files/stmicroelectronics/true_studio/truestudio for stm32 9.0.1/armtools/bin/../lib/gcc/arm-atollic-eabi/6.3.1/../../../../arm-atollic-eabi/lib/armv7e-m/fpu\libnosys.a
END GROUP
START GROUP
LOAD e:/program files/stmicroelectronics/true_studio/truestudio for stm32 9.0.1/armtools/bin/../lib/gcc/arm-atollic-eabi/6.3.1/armv7e-m/fpu\libgcc.a
LOAD e:/program files/stmicroelectronics/true_studio/truestudio for stm32 9.0.1/armtools/bin/../lib/gcc/arm-atollic-eabi/6.3.1/../../../../arm-atollic-eabi/lib/armv7e-m/fpu\libc_nano.a
LOAD e:/program files/stmicroelectronics/true_studio/truestudio for stm32 9.0.1/armtools/bin/../lib/gcc/arm-atollic-eabi/6.3.1/../../../../arm-atollic-eabi/lib/armv7e-m/fpu\libnosys.a
END GROUP
LOAD e:/program files/stmicroelectronics/true_studio/truestudio for stm32 9.0.1/armtools/bin/../lib/gcc/arm-atollic-eabi/6.3.1/armv7e-m/fpu/crtend.o
LOAD e:/program files/stmicroelectronics/true_studio/truestudio for stm32 9.0.1/armtools/bin/../lib/gcc/arm-atollic-eabi/6.3.1/armv7e-m/fpu/crtn.o
                0x20050000                _estack = 0x20050000
                0x00000200                _Min_Heap_Size = 0x200
                0x00000400                _Min_Stack_Size = 0x400

.isr_vector     0x08000000      0x1b4
                0x08000000                . = ALIGN (0x4)
 *(.isr_vector)
 .isr_vector    0x08000000      0x1b4 startup\startup_stm32f469xx.o
                0x08000000                g_pfnVectors
                0x080001b4                . = ALIGN (0x4)

.text           0x080001c0     0x4958
                0x080001c0                . = ALIGN (0x4)
 *(.text)
 .text          0x080001c0       0x40 e:/program files/stmicroelectronics/true_studio/truestudio for stm32 9.0.1/armtools/bin/../lib/gcc/arm-atollic-eabi/6.3.1/armv7e-m/fpu/crtbegin.o
 .text          0x08000200       0x30 e:/program files/stmicroelectronics/true_studio/truestudio for stm32 9.0.1/armtools/bin/../lib/gcc/arm-atollic-eabi/6.3.1/armv7e-m/fpu\libgcc.a(_aeabi_uldivmod.o)
                0x08000200                __aeabi_uldivmod
 .text          0x08000230      0x2dc e:/program files/stmicroelectronics/true_studio/truestudio for stm32 9.0.1/armtools/bin/../lib/gcc/arm-atollic-eabi/6.3.1/armv7e-m/fpu\libgcc.a(_udivmoddi4.o)
                0x08000230                __udivmoddi4
 .text          0x0800050c        0x4 e:/program files/stmicroelectronics/true_studio/truestudio for stm32 9.0.1/armtools/bin/../lib/gcc/arm-atollic-eabi/6.3.1/armv7e-m/fpu\libgcc.a(_dvmd_tls.o)
                0x0800050c                __aeabi_idiv0
                0x0800050c                __aeabi_ldiv0
 *(.text*)
 .text.HAL_Init
                0x08000510       0x34 Drivers\STM32F4xx_HAL_Driver\Src\stm32f4xx_hal.o
                0x08000510                HAL_Init
 .text.HAL_IncTick
                0x08000544       0x18 Drivers\STM32F4xx_HAL_Driver\Src\stm32f4xx_hal.o
                0x08000544                HAL_IncTick
 .text.HAL_GetTick
                0x0800055c        0xc Drivers\STM32F4xx_HAL_Driver\Src\stm32f4xx_hal.o
                0x0800055c                HAL_GetTick
 .text.HAL_NVIC_SetPriorityGrouping
                0x08000568       0x3c Drivers\STM32F4xx_HAL_Driver\Src\stm32f4xx_hal_cortex.o
                0x08000568                HAL_NVIC_SetPriorityGrouping
 .text.HAL_NVIC_SetPriority
                0x080005a4       0x88 Drivers\STM32F4xx_HAL_Driver\Src\stm32f4xx_hal_cortex.o
                0x080005a4                HAL_NVIC_SetPriority
 .text.HAL_NVIC_EnableIRQ
                0x0800062c       0x2c Drivers\STM32F4xx_HAL_Driver\Src\stm32f4xx_hal_cortex.o
                0x0800062c                HAL_NVIC_EnableIRQ
 .text.HAL_SYSTICK_Config
                0x08000658       0x2c Drivers\STM32F4xx_HAL_Driver\Src\stm32f4xx_hal_cortex.o
                0x08000658                HAL_SYSTICK_Config
 .text.HAL_SYSTICK_CLKSourceConfig
                0x08000684       0x3c Drivers\STM32F4xx_HAL_Driver\Src\stm32f4xx_hal_cortex.o
                0x08000684                HAL_SYSTICK_CLKSourceConfig
 .text.HAL_CRC_Init
                0x080006c0       0x3c Drivers\STM32F4xx_HAL_Driver\Src\stm32f4xx_hal_crc.o
                0x080006c0                HAL_CRC_Init
 .text.HAL_DMA2D_LineEventCallback
                0x080006fc        0x2 Drivers\STM32F4xx_HAL_Driver\Src\stm32f4xx_hal_dma2d.o
                0x080006fc                HAL_DMA2D_LineEventCallback
 .text.HAL_DMA2D_CLUTLoadingCpltCallback
                0x080006fe        0x2 Drivers\STM32F4xx_HAL_Driver\Src\stm32f4xx_hal_dma2d.o
                0x080006fe                HAL_DMA2D_CLUTLoadingCpltCallback
 .text.HAL_DMA2D_IRQHandler
                0x08000700      0x13c Drivers\STM32F4xx_HAL_Driver\Src\stm32f4xx_hal_dma2d.o
                0x08000700                HAL_DMA2D_IRQHandler
 .text.HAL_DSI_TearingEffectCallback
                0x0800083c        0x2 Drivers\STM32F4xx_HAL_Driver\Src\stm32f4xx_hal_dsi.o
                0x0800083c                HAL_DSI_TearingEffectCallback
 .text.HAL_DSI_EndOfRefreshCallback
                0x0800083e        0x2 Drivers\STM32F4xx_HAL_Driver\Src\stm32f4xx_hal_dsi.o
                0x0800083e                HAL_DSI_EndOfRefreshCallback
 .text.HAL_DSI_ErrorCallback
                0x08000840        0x2 Drivers\STM32F4xx_HAL_Driver\Src\stm32f4xx_hal_dsi.o
                0x08000840                HAL_DSI_ErrorCallback
 .text.HAL_DSI_IRQHandler
                0x08000842       0xfe Drivers\STM32F4xx_HAL_Driver\Src\stm32f4xx_hal_dsi.o
                0x08000842                HAL_DSI_IRQHandler
 .text.HAL_GPIO_Init
                0x08000940      0x328 Drivers\STM32F4xx_HAL_Driver\Src\stm32f4xx_hal_gpio.o
                0x08000940                HAL_GPIO_Init
 .text.HAL_GPIO_WritePin
                0x08000c68       0x34 Drivers\STM32F4xx_HAL_Driver\Src\stm32f4xx_hal_gpio.o
                0x08000c68                HAL_GPIO_WritePin
 .text.HCD_RXQLVL_IRQHandler
                0x08000c9c       0x7c Drivers\STM32F4xx_HAL_Driver\Src\stm32f4xx_hal_hcd.o
 .text.HAL_HCD_SOF_Callback
                0x08000d18        0x2 Drivers\STM32F4xx_HAL_Driver\Src\stm32f4xx_hal_hcd.o
                0x08000d18                HAL_HCD_SOF_Callback
 .text.HAL_HCD_Connect_Callback
                0x08000d1a        0x2 Drivers\STM32F4xx_HAL_Driver\Src\stm32f4xx_hal_hcd.o
                0x08000d1a                HAL_HCD_Connect_Callback
 .text.HCD_Port_IRQHandler
                0x08000d1c       0xc8 Drivers\STM32F4xx_HAL_Driver\Src\stm32f4xx_hal_hcd.o
 .text.HAL_HCD_Disconnect_Callback
                0x08000de4        0x2 Drivers\STM32F4xx_HAL_Driver\Src\stm32f4xx_hal_hcd.o
                0x08000de4                HAL_HCD_Disconnect_Callback
 .text.HAL_HCD_HC_NotifyURBChange_Callback
                0x08000de6        0x2 Drivers\STM32F4xx_HAL_Driver\Src\stm32f4xx_hal_hcd.o
                0x08000de6                HAL_HCD_HC_NotifyURBChange_Callback
 .text.HCD_HC_IN_IRQHandler
                0x08000de8      0x28c Drivers\STM32F4xx_HAL_Driver\Src\stm32f4xx_hal_hcd.o
 .text.HCD_HC_OUT_IRQHandler
                0x08001074      0x2a4 Drivers\STM32F4xx_HAL_Driver\Src\stm32f4xx_hal_hcd.o
 .text.HAL_HCD_IRQHandler
                0x08001318      0x142 Drivers\STM32F4xx_HAL_Driver\Src\stm32f4xx_hal_hcd.o
                0x08001318                HAL_HCD_IRQHandler
 .text.HAL_LTDC_ErrorCallback
                0x0800145a        0x2 Drivers\STM32F4xx_HAL_Driver\Src\stm32f4xx_hal_ltdc.o
                0x0800145a                HAL_LTDC_ErrorCallback
 .text.HAL_LTDC_LineEventCallback
                0x0800145c        0x2 Drivers\STM32F4xx_HAL_Driver\Src\stm32f4xx_hal_ltdc.o
                0x0800145c                HAL_LTDC_LineEventCallback
 .text.HAL_LTDC_ReloadEventCallback
                0x0800145e        0x2 Drivers\STM32F4xx_HAL_Driver\Src\stm32f4xx_hal_ltdc.o
                0x0800145e                HAL_LTDC_ReloadEventCallback
 .text.HAL_LTDC_IRQHandler
                0x08001460       0xda Drivers\STM32F4xx_HAL_Driver\Src\stm32f4xx_hal_ltdc.o
                0x08001460                HAL_LTDC_IRQHandler
 *fill*         0x0800153a        0x2 
 .text.HAL_PWREx_EnableOverDrive
                0x0800153c       0x80 Drivers\STM32F4xx_HAL_Driver\Src\stm32f4xx_hal_pwr_ex.o
                0x0800153c                HAL_PWREx_EnableOverDrive
 .text.HAL_RCC_GetSysClockFreq
                0x080015bc       0xd4 Drivers\STM32F4xx_HAL_Driver\Src\stm32f4xx_hal_rcc.o
                0x080015bc                HAL_RCC_GetSysClockFreq
 .text.HAL_RCC_ClockConfig
                0x08001690      0x210 Drivers\STM32F4xx_HAL_Driver\Src\stm32f4xx_hal_rcc.o
                0x08001690                HAL_RCC_ClockConfig
 .text.HAL_RCC_GetHCLKFreq
                0x080018a0        0xc Drivers\STM32F4xx_HAL_Driver\Src\stm32f4xx_hal_rcc.o
                0x080018a0                HAL_RCC_GetHCLKFreq
 .text.HAL_RCC_GetPCLK1Freq
                0x080018ac       0x20 Drivers\STM32F4xx_HAL_Driver\Src\stm32f4xx_hal_rcc.o
                0x080018ac                HAL_RCC_GetPCLK1Freq
 .text.HAL_RCC_GetPCLK2Freq
                0x080018cc       0x20 Drivers\STM32F4xx_HAL_Driver\Src\stm32f4xx_hal_rcc.o
                0x080018cc                HAL_RCC_GetPCLK2Freq
 .text.HAL_RCC_GetClockConfig
                0x080018ec       0x3c Drivers\STM32F4xx_HAL_Driver\Src\stm32f4xx_hal_rcc.o
                0x080018ec                HAL_RCC_GetClockConfig
 .text.HAL_RCCEx_PeriphCLKConfig
                0x08001928      0x578 Drivers\STM32F4xx_HAL_Driver\Src\stm32f4xx_hal_rcc_ex.o
                0x08001928                HAL_RCCEx_PeriphCLKConfig
 .text.HAL_RCC_OscConfig
                0x08001ea0      0x4ac Drivers\STM32F4xx_HAL_Driver\Src\stm32f4xx_hal_rcc_ex.o
                0x08001ea0                HAL_RCC_OscConfig
 .text.TIM_TI1_ConfigInputStage
                0x0800234c       0x26 Drivers\STM32F4xx_HAL_Driver\Src\stm32f4xx_hal_tim.o
 .text.TIM_TI2_ConfigInputStage
                0x08002372       0x28 Drivers\STM32F4xx_HAL_Driver\Src\stm32f4xx_hal_tim.o
 .text.TIM_ITRx_SetConfig
                0x0800239a       0x10 Drivers\STM32F4xx_HAL_Driver\Src\stm32f4xx_hal_tim.o
 .text.TIM_ETR_SetConfig
                0x080023aa       0x18 Drivers\STM32F4xx_HAL_Driver\Src\stm32f4xx_hal_tim.o
 *fill*         0x080023c2        0x2 
 .text.HAL_TIM_Base_Start_IT
                0x080023c4       0x9c Drivers\STM32F4xx_HAL_Driver\Src\stm32f4xx_hal_tim.o
                0x080023c4                HAL_TIM_Base_Start_IT
 .text.HAL_TIM_ConfigClockSource
                0x08002460      0x5b4 Drivers\STM32F4xx_HAL_Driver\Src\stm32f4xx_hal_tim.o
                0x08002460                HAL_TIM_ConfigClockSource
 .text.TIM_Base_SetConfig
                0x08002a14      0x11c Drivers\STM32F4xx_HAL_Driver\Src\stm32f4xx_hal_tim.o
                0x08002a14                TIM_Base_SetConfig
 .text.HAL_TIM_Base_Init
                0x08002b30       0xe8 Drivers\STM32F4xx_HAL_Driver\Src\stm32f4xx_hal_tim.o
                0x08002b30                HAL_TIM_Base_Init
 .text.HAL_TIMEx_MasterConfigSynchronization
                0x08002c18       0xe0 Drivers\STM32F4xx_HAL_Driver\Src\stm32f4xx_hal_tim_ex.o
                0x08002c18                HAL_TIMEx_MasterConfigSynchronization
 .text.UART_SetConfig
                0x08002cf8      0x3a8 Drivers\STM32F4xx_HAL_Driver\Src\stm32f4xx_hal_uart.o
 .text.HAL_UART_Init
                0x080030a0      0x130 Drivers\STM32F4xx_HAL_Driver\Src\stm32f4xx_hal_uart.o
                0x080030a0                HAL_UART_Init
 .text.USB_ReadPacket
                0x080031d0       0x28 Drivers\STM32F4xx_HAL_Driver\Src\stm32f4xx_ll_usb.o
                0x080031d0                USB_ReadPacket
 .text.USB_ReadInterrupts
                0x080031f8        0x8 Drivers\STM32F4xx_HAL_Driver\Src\stm32f4xx_ll_usb.o
                0x080031f8                USB_ReadInterrupts
 .text.USB_GetMode
                0x08003200        0x8 Drivers\STM32F4xx_HAL_Driver\Src\stm32f4xx_ll_usb.o
                0x08003200                USB_GetMode
 .text.USB_InitFSLSPClkSel
                0x08003208       0x40 Drivers\STM32F4xx_HAL_Driver\Src\stm32f4xx_ll_usb.o
                0x08003208                USB_InitFSLSPClkSel
 .text.USB_HC_ReadInterrupt
                0x08003248       0x1e Drivers\STM32F4xx_HAL_Driver\Src\stm32f4xx_ll_usb.o
                0x08003248                USB_HC_ReadInterrupt
 .text.USB_HC_Halt
                0x08003266      0x1d2 Drivers\STM32F4xx_HAL_Driver\Src\stm32f4xx_ll_usb.o
                0x08003266                USB_HC_Halt
 .text.makeFreeRtosPriority
                0x08003438        0xc Middlewares\Third_Party\FreeRTOS\Source\CMSIS_RTOS\cmsis_os.o
 .text.osKernelStart
                0x08003444        0xa Middlewares\Third_Party\FreeRTOS\Source\CMSIS_RTOS\cmsis_os.o
                0x08003444                osKernelStart
 .text.osThreadCreate
                0x0800344e       0x34 Middlewares\Third_Party\FreeRTOS\Source\CMSIS_RTOS\cmsis_os.o
                0x0800344e                osThreadCreate
 .text.osDelay  0x08003482       0x12 Middlewares\Third_Party\FreeRTOS\Source\CMSIS_RTOS\cmsis_os.o
                0x08003482                osDelay
 .text.osSystickHandler
                0x08003494       0x10 Middlewares\Third_Party\FreeRTOS\Source\CMSIS_RTOS\cmsis_os.o
                0x08003494                osSystickHandler
 .text.vListInitialise
                0x080034a4       0x16 Middlewares\Third_Party\FreeRTOS\Source\list.o
                0x080034a4                vListInitialise
 .text.vListInitialiseItem
                0x080034ba        0x6 Middlewares\Third_Party\FreeRTOS\Source\list.o
                0x080034ba                vListInitialiseItem
 .text.vListInsertEnd
                0x080034c0       0x18 Middlewares\Third_Party\FreeRTOS\Source\list.o
                0x080034c0                vListInsertEnd
 .text.vListInsert
                0x080034d8       0x34 Middlewares\Third_Party\FreeRTOS\Source\list.o
                0x080034d8                vListInsert
 .text.uxListRemove
                0x0800350c       0x26 Middlewares\Third_Party\FreeRTOS\Source\list.o
                0x0800350c                uxListRemove
 *fill*         0x08003532        0x2 
 .text.prvTaskExitError
                0x08003534       0x34 Middlewares\Third_Party\FreeRTOS\Source\portable\GCC\ARM_CM4F\port.o
 .text.prvPortStartFirstTask
                0x08003568       0x20 Middlewares\Third_Party\FreeRTOS\Source\portable\GCC\ARM_CM4F\port.o
 .text.vPortEnableVFP
                0x08003588       0x14 Middlewares\Third_Party\FreeRTOS\Source\portable\GCC\ARM_CM4F\port.o
 .text.pxPortInitialiseStack
                0x0800359c       0x2c Middlewares\Third_Party\FreeRTOS\Source\portable\GCC\ARM_CM4F\port.o
                0x0800359c                pxPortInitialiseStack
 *fill*         0x080035c8        0x8 
 .text.SVC_Handler
                0x080035d0       0x24 Middlewares\Third_Party\FreeRTOS\Source\portable\GCC\ARM_CM4F\port.o
                0x080035d0                SVC_Handler
 .text.vPortEnterCritical
                0x080035f4       0x44 Middlewares\Third_Party\FreeRTOS\Source\portable\GCC\ARM_CM4F\port.o
                0x080035f4                vPortEnterCritical
 .text.vPortExitCritical
                0x08003638       0x2c Middlewares\Third_Party\FreeRTOS\Source\portable\GCC\ARM_CM4F\port.o
                0x08003638                vPortExitCritical
 *fill*         0x08003664        0xc 
 .text.PendSV_Handler
                0x08003670       0x64 Middlewares\Third_Party\FreeRTOS\Source\portable\GCC\ARM_CM4F\port.o
                0x08003670                PendSV_Handler
 .text.xPortSysTickHandler
                0x080036d4       0x2c Middlewares\Third_Party\FreeRTOS\Source\portable\GCC\ARM_CM4F\port.o
                0x080036d4                xPortSysTickHandler
 .text.vPortSetupTimerInterrupt
                0x08003700       0x2c Middlewares\Third_Party\FreeRTOS\Source\portable\GCC\ARM_CM4F\port.o
                0x08003700                vPortSetupTimerInterrupt
 .text.xPortStartScheduler
                0x0800372c       0xe8 Middlewares\Third_Party\FreeRTOS\Source\portable\GCC\ARM_CM4F\port.o
                0x0800372c                xPortStartScheduler
 .text.prvHeapInit
                0x08003814       0x58 Middlewares\Third_Party\FreeRTOS\Source\portable\MemMang\heap_4.o
 .text.prvInsertBlockIntoFreeList
                0x0800386c       0x58 Middlewares\Third_Party\FreeRTOS\Source\portable\MemMang\heap_4.o
 .text.pvPortMalloc
                0x080038c4      0x114 Middlewares\Third_Party\FreeRTOS\Source\portable\MemMang\heap_4.o
                0x080038c4                pvPortMalloc
 .text.vPortFree
                0x080039d8       0x70 Middlewares\Third_Party\FreeRTOS\Source\portable\MemMang\heap_4.o
                0x080039d8                vPortFree
 .text.prvResetNextTaskUnblockTime
                0x08003a48       0x2c Middlewares\Third_Party\FreeRTOS\Source\tasks.o
 .text.prvDeleteTCB
                0x08003a74       0x12 Middlewares\Third_Party\FreeRTOS\Source\tasks.o
 .text.prvInitialiseNewTask
                0x08003a86       0x92 Middlewares\Third_Party\FreeRTOS\Source\tasks.o
 .text.prvInitialiseTaskLists
                0x08003b18       0x58 Middlewares\Third_Party\FreeRTOS\Source\tasks.o
 .text.prvAddNewTaskToReadyList
                0x08003b70       0xac Middlewares\Third_Party\FreeRTOS\Source\tasks.o
 .text.prvAddCurrentTaskToDelayedList
                0x08003c1c       0x88 Middlewares\Third_Party\FreeRTOS\Source\tasks.o
 .text.xTaskCreate
                0x08003ca4       0x62 Middlewares\Third_Party\FreeRTOS\Source\tasks.o
                0x08003ca4                xTaskCreate
 *fill*         0x08003d06        0x2 
 .text.vTaskStartScheduler
                0x08003d08       0x74 Middlewares\Third_Party\FreeRTOS\Source\tasks.o
                0x08003d08                vTaskStartScheduler
 .text.vTaskSuspendAll
                0x08003d7c       0x14 Middlewares\Third_Party\FreeRTOS\Source\tasks.o
                0x08003d7c                vTaskSuspendAll
 .text.xTaskIncrementTick
                0x08003d90      0x114 Middlewares\Third_Party\FreeRTOS\Source\tasks.o
                0x08003d90                xTaskIncrementTick
 .text.xTaskResumeAll
                0x08003ea4       0xf4 Middlewares\Third_Party\FreeRTOS\Source\tasks.o
                0x08003ea4                xTaskResumeAll
 .text.vTaskDelay
                0x08003f98       0x50 Middlewares\Third_Party\FreeRTOS\Source\tasks.o
                0x08003f98                vTaskDelay
 .text.prvCheckTasksWaitingTermination
                0x08003fe8       0x54 Middlewares\Third_Party\FreeRTOS\Source\tasks.o
 .text.prvIdleTask
                0x0800403c       0x30 Middlewares\Third_Party\FreeRTOS\Source\tasks.o
 .text.vTaskSwitchContext
                0x0800406c       0xc4 Middlewares\Third_Party\FreeRTOS\Source\tasks.o
                0x0800406c                vTaskSwitchContext
 .text.xTaskGetSchedulerState
                0x08004130       0x20 Middlewares\Third_Party\FreeRTOS\Source\tasks.o
                0x08004130                xTaskGetSchedulerState
 .text.MX_CRC_Init
                0x08004150       0x28 Src\crc.o
                0x08004150                MX_CRC_Init
 .text.HAL_CRC_MspInit
                0x08004178       0x30 Src\crc.o
                0x08004178                HAL_CRC_MspInit
 .text.StartDefaultTask
                0x080041a8        0xa Src\freertos.o
                0x080041a8                StartDefaultTask
 *fill*         0x080041b2        0x2 
 .text.LED_Blink_Entry
                0x080041b4       0x64 Src\freertos.o
                0x080041b4                LED_Blink_Entry
 .text.LED_BLink2_Entry
                0x08004218       0xa8 Src\freertos.o
                0x08004218                LED_BLink2_Entry
 .text.vApplicationIdleHook
                0x080042c0        0x2 Src\freertos.o
                0x080042c0                vApplicationIdleHook
 .text.vApplicationStackOverflowHook
                0x080042c2        0x2 Src\freertos.o
                0x080042c2                vApplicationStackOverflowHook
 .text.vApplicationMallocFailedHook
                0x080042c4        0x2 Src\freertos.o
                0x080042c4                vApplicationMallocFailedHook
 *fill*         0x080042c6        0x2 
 .text.MX_FREERTOS_Init
                0x080042c8       0x64 Src\freertos.o
                0x080042c8                MX_FREERTOS_Init
 .text.MX_GPIO_Init
                0x0800432c      0x258 Src\gpio.o
                0x0800432c                MX_GPIO_Init
 .text._Error_Handler
                0x08004584        0x2 Src\main.o
                0x08004584                _Error_Handler
 *fill*         0x08004586        0x2 
 .text.SystemClock_Config
                0x08004588      0x114 Src\main.o
                0x08004588                SystemClock_Config
 .text.main     0x0800469c       0x4c Src\main.o
                0x0800469c                main
 .text.assert_failed
                0x080046e8        0x2 Src\main.o
                0x080046e8                assert_failed
 .text.HAL_MspInit
                0x080046ea       0x5e Src\stm32f4xx_hal_msp.o
                0x080046ea                HAL_MspInit
 .text.HAL_InitTick
                0x08004748       0x80 Src\stm32f4xx_hal_timebase_TIM.o
                0x08004748                HAL_InitTick
 .text.SysTick_Handler
                0x080047c8        0xc Src\stm32f4xx_it.o
                0x080047c8                SysTick_Handler
 .text.OTG_FS_IRQHandler
                0x080047d4       0x10 Src\stm32f4xx_it.o
                0x080047d4                OTG_FS_IRQHandler
 .text.LTDC_IRQHandler
                0x080047e4       0x10 Src\stm32f4xx_it.o
                0x080047e4                LTDC_IRQHandler
 .text.DMA2D_IRQHandler
                0x080047f4       0x10 Src\stm32f4xx_it.o
                0x080047f4                DMA2D_IRQHandler
 .text.DSI_IRQHandler
                0x08004804       0x10 Src\stm32f4xx_it.o
                0x08004804                DSI_IRQHandler
 .text.SystemInit
                0x08004814       0x4c Src\system_stm32f4xx.o
                0x08004814                SystemInit
 .text.MX_TIM1_Init
                0x08004860       0x70 Src\tim.o
                0x08004860                MX_TIM1_Init
 .text.HAL_TIM_Base_MspInit
                0x080048d0       0x30 Src\tim.o
                0x080048d0                HAL_TIM_Base_MspInit
 .text.MX_USART3_UART_Init
                0x08004900       0x3c Src\usart.o
                0x08004900                MX_USART3_UART_Init
 .text.MX_USART6_UART_Init
                0x0800493c       0x3c Src\usart.o
                0x0800493c                MX_USART6_UART_Init
 .text.HAL_UART_MspInit
                0x08004978       0x9c Src\usart.o
                0x08004978                HAL_UART_MspInit
 .text.HAL_UART_SendString
                0x08004a14       0x40 Src\usart.o
                0x08004a14                HAL_UART_SendString
 .text.Reset_Handler
                0x08004a54       0x50 startup\startup_stm32f469xx.o
                0x08004a54                Reset_Handler
 .text.Default_Handler
                0x08004aa4        0x2 startup\startup_stm32f469xx.o
                0x08004aa4                RTC_Alarm_IRQHandler
                0x08004aa4                HASH_RNG_IRQHandler
                0x08004aa4                EXTI2_IRQHandler
                0x08004aa4                TIM8_CC_IRQHandler
                0x08004aa4                DebugMon_Handler
                0x08004aa4                UART8_IRQHandler
                0x08004aa4                SPI4_IRQHandler
                0x08004aa4                TIM1_CC_IRQHandler
                0x08004aa4                DMA2_Stream5_IRQHandler
                0x08004aa4                HardFault_Handler
                0x08004aa4                DMA1_Stream5_IRQHandler
                0x08004aa4                PVD_IRQHandler
                0x08004aa4                SDIO_IRQHandler
                0x08004aa4                TAMP_STAMP_IRQHandler
                0x08004aa4                NMI_Handler
                0x08004aa4                CAN2_RX1_IRQHandler
                0x08004aa4                EXTI3_IRQHandler
                0x08004aa4                TIM8_TRG_COM_TIM14_IRQHandler
                0x08004aa4                TIM1_UP_TIM10_IRQHandler
                0x08004aa4                TIM8_UP_TIM13_IRQHandler
                0x08004aa4                I2C3_ER_IRQHandler
                0x08004aa4                EXTI0_IRQHandler
                0x08004aa4                I2C2_EV_IRQHandler
                0x08004aa4                DMA1_Stream2_IRQHandler
                0x08004aa4                CAN1_RX0_IRQHandler
                0x08004aa4                FPU_IRQHandler
                0x08004aa4                OTG_HS_WKUP_IRQHandler
                0x08004aa4                UsageFault_Handler
                0x08004aa4                LTDC_ER_IRQHandler
                0x08004aa4                CAN2_SCE_IRQHandler
                0x08004aa4                DMA2_Stream2_IRQHandler
                0x08004aa4                SPI1_IRQHandler
                0x08004aa4                TIM6_DAC_IRQHandler
                0x08004aa4                TIM1_BRK_TIM9_IRQHandler
                0x08004aa4                DCMI_IRQHandler
                0x08004aa4                CAN2_RX0_IRQHandler
                0x08004aa4                DMA2_Stream3_IRQHandler
                0x08004aa4                USART6_IRQHandler
                0x08004aa4                USART3_IRQHandler
                0x08004aa4                CAN1_RX1_IRQHandler
                0x08004aa4                UART5_IRQHandler
                0x08004aa4                DMA2_Stream0_IRQHandler
                0x08004aa4                TIM4_IRQHandler
                0x08004aa4                QUADSPI_IRQHandler
                0x08004aa4                I2C1_EV_IRQHandler
                0x08004aa4                DMA1_Stream6_IRQHandler
                0x08004aa4                DMA1_Stream1_IRQHandler
                0x08004aa4                UART4_IRQHandler
                0x08004aa4                TIM3_IRQHandler
                0x08004aa4                RCC_IRQHandler
                0x08004aa4                TIM8_BRK_TIM12_IRQHandler
                0x08004aa4                Default_Handler
                0x08004aa4                EXTI15_10_IRQHandler
                0x08004aa4                ADC_IRQHandler
                0x08004aa4                DMA1_Stream7_IRQHandler
                0x08004aa4                SPI5_IRQHandler
                0x08004aa4                TIM7_IRQHandler
                0x08004aa4                CAN2_TX_IRQHandler
                0x08004aa4                TIM5_IRQHandler
                0x08004aa4                DMA2_Stream7_IRQHandler
                0x08004aa4                I2C3_EV_IRQHandler
                0x08004aa4                EXTI9_5_IRQHandler
                0x08004aa4                RTC_WKUP_IRQHandler
                0x08004aa4                ETH_WKUP_IRQHandler
                0x08004aa4                SPI2_IRQHandler
                0x08004aa4                OTG_HS_EP1_IN_IRQHandler
                0x08004aa4                MemManage_Handler
                0x08004aa4                DMA1_Stream0_IRQHandler
                0x08004aa4                CAN1_TX_IRQHandler
                0x08004aa4                EXTI4_IRQHandler
                0x08004aa4                ETH_IRQHandler
                0x08004aa4                OTG_HS_EP1_OUT_IRQHandler
                0x08004aa4                WWDG_IRQHandler
                0x08004aa4                SPI6_IRQHandler
                0x08004aa4                TIM2_IRQHandler
                0x08004aa4                OTG_FS_WKUP_IRQHandler
                0x08004aa4                TIM1_TRG_COM_TIM11_IRQHandler
                0x08004aa4                OTG_HS_IRQHandler
                0x08004aa4                EXTI1_IRQHandler
                0x08004aa4                UART7_IRQHandler
                0x08004aa4                USART2_IRQHandler
                0x08004aa4                I2C2_ER_IRQHandler
                0x08004aa4                DMA2_Stream1_IRQHandler
                0x08004aa4                CAN1_SCE_IRQHandler
                0x08004aa4                FLASH_IRQHandler
                0x08004aa4                DMA2_Stream4_IRQHandler
                0x08004aa4                BusFault_Handler
                0x08004aa4                USART1_IRQHandler
                0x08004aa4                SPI3_IRQHandler
                0x08004aa4                DMA1_Stream4_IRQHandler
                0x08004aa4                I2C1_ER_IRQHandler
                0x08004aa4                FMC_IRQHandler
                0x08004aa4                DMA2_Stream6_IRQHandler
                0x08004aa4                SAI1_IRQHandler
                0x08004aa4                DMA1_Stream3_IRQHandler
 *fill*         0x08004aa6        0x2 
 .text.__libc_init_array
                0x08004aa8       0x48 e:/program files/stmicroelectronics/true_studio/truestudio for stm32 9.0.1/armtools/bin/../lib/gcc/arm-atollic-eabi/6.3.1/../../../../arm-atollic-eabi/lib/armv7e-m/fpu\libc_nano.a(lib_a-init.o)
                0x08004aa8                __libc_init_array
 .text.memset   0x08004af0       0x10 e:/program files/stmicroelectronics/true_studio/truestudio for stm32 9.0.1/armtools/bin/../lib/gcc/arm-atollic-eabi/6.3.1/../../../../arm-atollic-eabi/lib/armv7e-m/fpu\libc_nano.a(lib_a-memset.o)
                0x08004af0                memset
 *(.glue_7)
 .glue_7        0x08004b00        0x0 linker stubs
 *(.glue_7t)
 .glue_7t       0x08004b00        0x0 linker stubs
 *(.eh_frame)
 .eh_frame      0x08004b00        0x0 e:/program files/stmicroelectronics/true_studio/truestudio for stm32 9.0.1/armtools/bin/../lib/gcc/arm-atollic-eabi/6.3.1/armv7e-m/fpu/crtbegin.o
 *(.init)
 .init          0x08004b00        0x4 e:/program files/stmicroelectronics/true_studio/truestudio for stm32 9.0.1/armtools/bin/../lib/gcc/arm-atollic-eabi/6.3.1/armv7e-m/fpu/crti.o
                0x08004b00                _init
 .init          0x08004b04        0x8 e:/program files/stmicroelectronics/true_studio/truestudio for stm32 9.0.1/armtools/bin/../lib/gcc/arm-atollic-eabi/6.3.1/armv7e-m/fpu/crtn.o
 *(.fini)
 .fini          0x08004b0c        0x4 e:/program files/stmicroelectronics/true_studio/truestudio for stm32 9.0.1/armtools/bin/../lib/gcc/arm-atollic-eabi/6.3.1/armv7e-m/fpu/crti.o
                0x08004b0c                _fini
 .fini          0x08004b10        0x8 e:/program files/stmicroelectronics/true_studio/truestudio for stm32 9.0.1/armtools/bin/../lib/gcc/arm-atollic-eabi/6.3.1/armv7e-m/fpu/crtn.o
                0x08004b18                . = ALIGN (0x4)
                0x08004b18                _etext = .

.vfp11_veneer   0x08004b18        0x0
 .vfp11_veneer  0x08004b18        0x0 linker stubs

.v4_bx          0x08004b18        0x0
 .v4_bx         0x08004b18        0x0 linker stubs

.iplt           0x08004b18        0x0
 .iplt          0x08004b18        0x0 e:/program files/stmicroelectronics/true_studio/truestudio for stm32 9.0.1/armtools/bin/../lib/gcc/arm-atollic-eabi/6.3.1/armv7e-m/fpu/crtbegin.o

.rodata         0x08004b18      0x2b8
                0x08004b18                . = ALIGN (0x4)
 *(.rodata)
 .rodata        0x08004b18       0x3c Src\freertos.o
 .rodata        0x08004b54       0x18 Src\system_stm32f4xx.o
                0x08004b54                AHBPrescTable
                0x08004b64                APBPrescTable
 *(.rodata*)
 .rodata.str1.4
                0x08004b6c       0x3b Drivers\STM32F4xx_HAL_Driver\Src\stm32f4xx_hal_cortex.o
 *fill*         0x08004ba7        0x1 
 .rodata.str1.4
                0x08004ba8       0x38 Drivers\STM32F4xx_HAL_Driver\Src\stm32f4xx_hal_crc.o
 .rodata.str1.4
                0x08004be0       0x39 Drivers\STM32F4xx_HAL_Driver\Src\stm32f4xx_hal_gpio.o
 *fill*         0x08004c19        0x3 
 .rodata.str1.4
                0x08004c1c       0x38 Drivers\STM32F4xx_HAL_Driver\Src\stm32f4xx_hal_rcc.o
 .rodata.str1.4
                0x08004c54       0x3b Drivers\STM32F4xx_HAL_Driver\Src\stm32f4xx_hal_rcc_ex.o
 *fill*         0x08004c8f        0x1 
 .rodata.str1.4
                0x08004c90       0x38 Drivers\STM32F4xx_HAL_Driver\Src\stm32f4xx_hal_tim.o
 .rodata.str1.4
                0x08004cc8       0x3b Drivers\STM32F4xx_HAL_Driver\Src\stm32f4xx_hal_tim_ex.o
 *fill*         0x08004d03        0x1 
 .rodata.str1.4
                0x08004d04       0x39 Drivers\STM32F4xx_HAL_Driver\Src\stm32f4xx_hal_uart.o
 *fill*         0x08004d3d        0x3 
 .rodata.str1.4
                0x08004d40        0x5 Middlewares\Third_Party\FreeRTOS\Source\tasks.o
 *fill*         0x08004d45        0x3 
 .rodata.str1.4
                0x08004d48        0xd Src\crc.o
 *fill*         0x08004d55        0x3 
 .rodata.str1.4
                0x08004d58       0x24 Src\freertos.o
 .rodata.str1.4
                0x08004d7c       0x31 Src\main.o
 *fill*         0x08004dad        0x3 
 .rodata.str1.4
                0x08004db0        0xd Src\tim.o
 *fill*         0x08004dbd        0x3 
 .rodata.str1.4
                0x08004dc0       0x10 Src\usart.o
                                  0xf (size before relaxing)
                0x08004dd0                . = ALIGN (0x4)

.ARM.extab
 *(.ARM.extab* .gnu.linkonce.armextab.*)

.ARM            0x08004dd0        0x8
                0x08004dd0                __exidx_start = .
 *(.ARM.exidx*)
 .ARM.exidx     0x08004dd0        0x8 e:/program files/stmicroelectronics/true_studio/truestudio for stm32 9.0.1/armtools/bin/../lib/gcc/arm-atollic-eabi/6.3.1/armv7e-m/fpu\libgcc.a(_udivmoddi4.o)
                0x08004dd8                __exidx_end = .

.rel.dyn        0x08004dd8        0x0
 .rel.iplt      0x08004dd8        0x0 e:/program files/stmicroelectronics/true_studio/truestudio for stm32 9.0.1/armtools/bin/../lib/gcc/arm-atollic-eabi/6.3.1/armv7e-m/fpu/crtbegin.o

.preinit_array  0x08004dd8        0x0
                0x08004dd8                PROVIDE (__preinit_array_start, .)
 *(.preinit_array*)
                0x08004dd8                PROVIDE (__preinit_array_end, .)

.init_array     0x08004dd8        0x4
                0x08004dd8                PROVIDE (__init_array_start, .)
 *(SORT(.init_array.*))
 *(.init_array*)
 .init_array    0x08004dd8        0x4 e:/program files/stmicroelectronics/true_studio/truestudio for stm32 9.0.1/armtools/bin/../lib/gcc/arm-atollic-eabi/6.3.1/armv7e-m/fpu/crtbegin.o
                0x08004ddc                PROVIDE (__init_array_end, .)

.fini_array     0x08004ddc        0x4
                [!provide]                PROVIDE (__fini_array_start, .)
 *(SORT(.fini_array.*))
 *(.fini_array*)
 .fini_array    0x08004ddc        0x4 e:/program files/stmicroelectronics/true_studio/truestudio for stm32 9.0.1/armtools/bin/../lib/gcc/arm-atollic-eabi/6.3.1/armv7e-m/fpu/crtbegin.o
                [!provide]                PROVIDE (__fini_array_end, .)
                0x08004de0                _sidata = LOADADDR (.data)

.data           0x20000000       0x10 load address 0x08004de0
                0x20000000                . = ALIGN (0x4)
                0x20000000                _sdata = .
 *(.data)
 .data          0x20000000        0x8 Drivers\STM32F4xx_HAL_Driver\Src\stm32f4xx_hal.o
                0x20000000                uwTickFreq
                0x20000004                uwTickPrio
 .data          0x20000008        0x4 Middlewares\Third_Party\FreeRTOS\Source\portable\GCC\ARM_CM4F\port.o
 .data          0x2000000c        0x4 Src\system_stm32f4xx.o
                0x2000000c                SystemCoreClock
 *(.data*)
                0x20000010                . = ALIGN (0x4)
                0x20000010                _edata = .
                0x08004df0                _siccmram = LOADADDR (.ccmram)

.igot.plt       0x20000010        0x0 load address 0x08004df0
 .igot.plt      0x20000010        0x0 e:/program files/stmicroelectronics/true_studio/truestudio for stm32 9.0.1/armtools/bin/../lib/gcc/arm-atollic-eabi/6.3.1/armv7e-m/fpu/crtbegin.o

.ccmram         0x10000000        0x0 load address 0x08004df0
                0x10000000                . = ALIGN (0x4)
                0x10000000                _sccmram = .
 *(.ccmram)
 *(.ccmram*)
                0x10000000                . = ALIGN (0x4)
                0x10000000                _eccmram = .
                0x10000000                . = ALIGN (0x4)

.bss            0x20000010     0x8614
                0x20000010                _sbss = .
                0x20000010                __bss_start__ = _sbss
 *(.bss)
 .bss           0x20000010       0x1c e:/program files/stmicroelectronics/true_studio/truestudio for stm32 9.0.1/armtools/bin/../lib/gcc/arm-atollic-eabi/6.3.1/armv7e-m/fpu/crtbegin.o
 .bss           0x2000002c        0x8 Middlewares\Third_Party\FreeRTOS\Source\portable\GCC\ARM_CM4F\port.o
 .bss           0x20000034     0x8018 Middlewares\Third_Party\FreeRTOS\Source\portable\MemMang\heap_4.o
 .bss           0x2000804c      0x12c Middlewares\Third_Party\FreeRTOS\Source\tasks.o
                0x2000814c                pxCurrentTCB
 *(.bss*)
 *(COMMON)
 COMMON         0x20008178        0x4 Drivers\STM32F4xx_HAL_Driver\Src\stm32f4xx_hal.o
                0x20008178                uwTick
 COMMON         0x2000817c        0x8 Src\crc.o
                0x2000817c                hcrc
 COMMON         0x20008184       0x40 Src\dma2d.o
                0x20008184                hdma2d
 COMMON         0x200081c4       0x1c Src\dsihost.o
                0x200081c4                hdsi
 COMMON         0x200081e0        0xc Src\freertos.o
                0x200081e0                defaultTaskHandle
                0x200081e4                LED_BlinkHandle
                0x200081e8                LED_Blink2_Handle
 COMMON         0x200081ec       0xa8 Src\ltdc.o
                0x200081ec                hltdc
 COMMON         0x20008294       0x3c Src\stm32f4xx_hal_timebase_TIM.o
                0x20008294                htim6
 COMMON         0x200082d0       0x3c Src\tim.o
                0x200082d0                htim1
 COMMON         0x2000830c       0x80 Src\usart.o
                0x2000830c                huart3
                0x2000834c                huart6
 COMMON         0x2000838c      0x298 Src\usb_otg.o
                0x2000838c                hhcd_USB_OTG_FS
                0x20008624                . = ALIGN (0x4)
                0x20008624                _ebss = .
                0x20008624                __bss_end__ = _ebss

._user_heap_stack
                0x20008624      0x604
                0x20008628                . = ALIGN (0x8)
 *fill*         0x20008624        0x4 
                [!provide]                PROVIDE (end, .)
                [!provide]                PROVIDE (_end, .)
                0x20008828                . = (. + _Min_Heap_Size)
 *fill*         0x20008628      0x200 
                0x20008c28                . = (. + _Min_Stack_Size)
 *fill*         0x20008828      0x400 
                0x20008c28                . = ALIGN (0x8)

/DISCARD/
 libc.a(*)
 libm.a(*)
 libgcc.a(*)

.ARM.attributes
                0x00000000       0x30
 *(.ARM.attributes)
 .ARM.attributes
                0x00000000       0x22 e:/program files/stmicroelectronics/true_studio/truestudio for stm32 9.0.1/armtools/bin/../lib/gcc/arm-atollic-eabi/6.3.1/armv7e-m/fpu/crti.o
 .ARM.attributes
                0x00000022       0x34 e:/program files/stmicroelectronics/true_studio/truestudio for stm32 9.0.1/armtools/bin/../lib/gcc/arm-atollic-eabi/6.3.1/armv7e-m/fpu/crtbegin.o
 .ARM.attributes
                0x00000056       0x39 Drivers\STM32F4xx_HAL_Driver\Src\stm32f4xx_hal.o
 .ARM.attributes
                0x0000008f       0x39 Drivers\STM32F4xx_HAL_Driver\Src\stm32f4xx_hal_cortex.o
 .ARM.attributes
                0x000000c8       0x39 Drivers\STM32F4xx_HAL_Driver\Src\stm32f4xx_hal_crc.o
 .ARM.attributes
                0x00000101       0x39 Drivers\STM32F4xx_HAL_Driver\Src\stm32f4xx_hal_dma2d.o
 .ARM.attributes
                0x0000013a       0x39 Drivers\STM32F4xx_HAL_Driver\Src\stm32f4xx_hal_dsi.o
 .ARM.attributes
                0x00000173       0x39 Drivers\STM32F4xx_HAL_Driver\Src\stm32f4xx_hal_gpio.o
 .ARM.attributes
                0x000001ac       0x39 Drivers\STM32F4xx_HAL_Driver\Src\stm32f4xx_hal_hcd.o
 .ARM.attributes
                0x000001e5       0x39 Drivers\STM32F4xx_HAL_Driver\Src\stm32f4xx_hal_ltdc.o
 .ARM.attributes
                0x0000021e       0x39 Drivers\STM32F4xx_HAL_Driver\Src\stm32f4xx_hal_pwr_ex.o
 .ARM.attributes
                0x00000257       0x39 Drivers\STM32F4xx_HAL_Driver\Src\stm32f4xx_hal_rcc.o
 .ARM.attributes
                0x00000290       0x39 Drivers\STM32F4xx_HAL_Driver\Src\stm32f4xx_hal_rcc_ex.o
 .ARM.attributes
                0x000002c9       0x39 Drivers\STM32F4xx_HAL_Driver\Src\stm32f4xx_hal_tim.o
 .ARM.attributes
                0x00000302       0x39 Drivers\STM32F4xx_HAL_Driver\Src\stm32f4xx_hal_tim_ex.o
 .ARM.attributes
                0x0000033b       0x39 Drivers\STM32F4xx_HAL_Driver\Src\stm32f4xx_hal_uart.o
 .ARM.attributes
                0x00000374       0x39 Drivers\STM32F4xx_HAL_Driver\Src\stm32f4xx_ll_usb.o
 .ARM.attributes
                0x000003ad       0x39 Middlewares\Third_Party\FreeRTOS\Source\CMSIS_RTOS\cmsis_os.o
 .ARM.attributes
                0x000003e6       0x39 Middlewares\Third_Party\FreeRTOS\Source\list.o
 .ARM.attributes
                0x0000041f       0x39 Middlewares\Third_Party\FreeRTOS\Source\portable\GCC\ARM_CM4F\port.o
 .ARM.attributes
                0x00000458       0x39 Middlewares\Third_Party\FreeRTOS\Source\portable\MemMang\heap_4.o
 .ARM.attributes
                0x00000491       0x39 Middlewares\Third_Party\FreeRTOS\Source\tasks.o
 .ARM.attributes
                0x000004ca       0x39 Src\crc.o
 .ARM.attributes
                0x00000503       0x39 Src\dma2d.o
 .ARM.attributes
                0x0000053c       0x39 Src\dsihost.o
 .ARM.attributes
                0x00000575       0x39 Src\freertos.o
 .ARM.attributes
                0x000005ae       0x39 Src\gpio.o
 .ARM.attributes
                0x000005e7       0x39 Src\ltdc.o
 .ARM.attributes
                0x00000620       0x39 Src\main.o
 .ARM.attributes
                0x00000659       0x39 Src\stm32f4xx_hal_msp.o
 .ARM.attributes
                0x00000692       0x39 Src\stm32f4xx_hal_timebase_TIM.o
 .ARM.attributes
                0x000006cb       0x39 Src\stm32f4xx_it.o
 .ARM.attributes
                0x00000704       0x39 Src\system_stm32f4xx.o
 .ARM.attributes
                0x0000073d       0x39 Src\tim.o
 .ARM.attributes
                0x00000776       0x39 Src\usart.o
 .ARM.attributes
                0x000007af       0x39 Src\usb_otg.o
 .ARM.attributes
                0x000007e8       0x21 startup\startup_stm32f469xx.o
 .ARM.attributes
                0x00000809       0x34 e:/program files/stmicroelectronics/true_studio/truestudio for stm32 9.0.1/armtools/bin/../lib/gcc/arm-atollic-eabi/6.3.1/../../../../arm-atollic-eabi/lib/armv7e-m/fpu\libc_nano.a(lib_a-init.o)
 .ARM.attributes
                0x0000083d       0x34 e:/program files/stmicroelectronics/true_studio/truestudio for stm32 9.0.1/armtools/bin/../lib/gcc/arm-atollic-eabi/6.3.1/../../../../arm-atollic-eabi/lib/armv7e-m/fpu\libc_nano.a(lib_a-memset.o)
 .ARM.attributes
                0x00000871       0x22 e:/program files/stmicroelectronics/true_studio/truestudio for stm32 9.0.1/armtools/bin/../lib/gcc/arm-atollic-eabi/6.3.1/armv7e-m/fpu\libgcc.a(_aeabi_uldivmod.o)
 .ARM.attributes
                0x00000893       0x34 e:/program files/stmicroelectronics/true_studio/truestudio for stm32 9.0.1/armtools/bin/../lib/gcc/arm-atollic-eabi/6.3.1/armv7e-m/fpu\libgcc.a(_udivmoddi4.o)
 .ARM.attributes
                0x000008c7       0x22 e:/program files/stmicroelectronics/true_studio/truestudio for stm32 9.0.1/armtools/bin/../lib/gcc/arm-atollic-eabi/6.3.1/armv7e-m/fpu\libgcc.a(_dvmd_tls.o)
 .ARM.attributes
                0x000008e9       0x22 e:/program files/stmicroelectronics/true_studio/truestudio for stm32 9.0.1/armtools/bin/../lib/gcc/arm-atollic-eabi/6.3.1/armv7e-m/fpu/crtn.o
OUTPUT(STM32F4_Discovery_FreeRTOS.elf elf32-littlearm)

.debug_info     0x00000000    0x33e93
 .debug_info    0x00000000     0x1276 Drivers\STM32F4xx_HAL_Driver\Src\stm32f4xx_hal.o
 .debug_info    0x00001276     0x1a21 Drivers\STM32F4xx_HAL_Driver\Src\stm32f4xx_hal_cortex.o
 .debug_info    0x00002c97      0xc53 Drivers\STM32F4xx_HAL_Driver\Src\stm32f4xx_hal_crc.o
 .debug_info    0x000038ea     0x1b9a Drivers\STM32F4xx_HAL_Driver\Src\stm32f4xx_hal_dma2d.o
 .debug_info    0x00005484     0x2af9 Drivers\STM32F4xx_HAL_Driver\Src\stm32f4xx_hal_dsi.o
 .debug_info    0x00007f7d     0x110b Drivers\STM32F4xx_HAL_Driver\Src\stm32f4xx_hal_gpio.o
 .debug_info    0x00009088     0x19f6 Drivers\STM32F4xx_HAL_Driver\Src\stm32f4xx_hal_hcd.o
 .debug_info    0x0000aa7e     0x23c3 Drivers\STM32F4xx_HAL_Driver\Src\stm32f4xx_hal_ltdc.o
 .debug_info    0x0000ce41     0x108d Drivers\STM32F4xx_HAL_Driver\Src\stm32f4xx_hal_pwr_ex.o
 .debug_info    0x0000dece     0x1513 Drivers\STM32F4xx_HAL_Driver\Src\stm32f4xx_hal_rcc.o
 .debug_info    0x0000f3e1     0x172c Drivers\STM32F4xx_HAL_Driver\Src\stm32f4xx_hal_rcc_ex.o
 .debug_info    0x00010b0d     0x4b95 Drivers\STM32F4xx_HAL_Driver\Src\stm32f4xx_hal_tim.o
 .debug_info    0x000156a2     0x212f Drivers\STM32F4xx_HAL_Driver\Src\stm32f4xx_hal_tim_ex.o
 .debug_info    0x000177d1     0x21fb Drivers\STM32F4xx_HAL_Driver\Src\stm32f4xx_hal_uart.o
 .debug_info    0x000199cc     0x1f6a Drivers\STM32F4xx_HAL_Driver\Src\stm32f4xx_ll_usb.o
 .debug_info    0x0001b936     0x23f5 Middlewares\Third_Party\FreeRTOS\Source\CMSIS_RTOS\cmsis_os.o
 .debug_info    0x0001dd2b      0xb46 Middlewares\Third_Party\FreeRTOS\Source\list.o
 .debug_info    0x0001e871      0xda4 Middlewares\Third_Party\FreeRTOS\Source\portable\GCC\ARM_CM4F\port.o
 .debug_info    0x0001f615      0xcff Middlewares\Third_Party\FreeRTOS\Source\portable\MemMang\heap_4.o
 .debug_info    0x00020314     0x2b69 Middlewares\Third_Party\FreeRTOS\Source\tasks.o
 .debug_info    0x00022e7d      0xd07 Src\crc.o
 .debug_info    0x00023b84     0x11fd Src\dma2d.o
 .debug_info    0x00024d81     0x1a91 Src\dsihost.o
 .debug_info    0x00026812      0xf14 Src\freertos.o
 .debug_info    0x00027726      0xfcb Src\gpio.o
 .debug_info    0x000286f1     0x129b Src\ltdc.o
 .debug_info    0x0002998c     0x1dc8 Src\main.o
 .debug_info    0x0002b754      0xca7 Src\stm32f4xx_hal_msp.o
 .debug_info    0x0002c3fb     0x1421 Src\stm32f4xx_hal_timebase_TIM.o
 .debug_info    0x0002d81c     0x1f35 Src\stm32f4xx_it.o
 .debug_info    0x0002f751      0xd3a Src\system_stm32f4xx.o
 .debug_info    0x0003048b     0x11c4 Src\tim.o
 .debug_info    0x0003164f     0x129b Src\usart.o
 .debug_info    0x000328ea     0x1512 Src\usb_otg.o
 .debug_info    0x00033dfc       0x97 startup\startup_stm32f469xx.o

.debug_abbrev   0x00000000     0x5822
 .debug_abbrev  0x00000000      0x2ab Drivers\STM32F4xx_HAL_Driver\Src\stm32f4xx_hal.o
 .debug_abbrev  0x000002ab      0x3c6 Drivers\STM32F4xx_HAL_Driver\Src\stm32f4xx_hal_cortex.o
 .debug_abbrev  0x00000671      0x269 Drivers\STM32F4xx_HAL_Driver\Src\stm32f4xx_hal_crc.o
 .debug_abbrev  0x000008da      0x2cd Drivers\STM32F4xx_HAL_Driver\Src\stm32f4xx_hal_dma2d.o
 .debug_abbrev  0x00000ba7      0x312 Drivers\STM32F4xx_HAL_Driver\Src\stm32f4xx_hal_dsi.o
 .debug_abbrev  0x00000eb9      0x2b3 Drivers\STM32F4xx_HAL_Driver\Src\stm32f4xx_hal_gpio.o
 .debug_abbrev  0x0000116c      0x2e2 Drivers\STM32F4xx_HAL_Driver\Src\stm32f4xx_hal_hcd.o
 .debug_abbrev  0x0000144e      0x2b7 Drivers\STM32F4xx_HAL_Driver\Src\stm32f4xx_hal_ltdc.o
 .debug_abbrev  0x00001705      0x2c9 Drivers\STM32F4xx_HAL_Driver\Src\stm32f4xx_hal_pwr_ex.o
 .debug_abbrev  0x000019ce      0x30a Drivers\STM32F4xx_HAL_Driver\Src\stm32f4xx_hal_rcc.o
 .debug_abbrev  0x00001cd8      0x268 Drivers\STM32F4xx_HAL_Driver\Src\stm32f4xx_hal_rcc_ex.o
 .debug_abbrev  0x00001f40      0x2a4 Drivers\STM32F4xx_HAL_Driver\Src\stm32f4xx_hal_tim.o
 .debug_abbrev  0x000021e4      0x2a4 Drivers\STM32F4xx_HAL_Driver\Src\stm32f4xx_hal_tim_ex.o
 .debug_abbrev  0x00002488      0x30a Drivers\STM32F4xx_HAL_Driver\Src\stm32f4xx_hal_uart.o
 .debug_abbrev  0x00002792      0x2db Drivers\STM32F4xx_HAL_Driver\Src\stm32f4xx_ll_usb.o
 .debug_abbrev  0x00002a6d      0x3b9 Middlewares\Third_Party\FreeRTOS\Source\CMSIS_RTOS\cmsis_os.o
 .debug_abbrev  0x00002e26      0x1ed Middlewares\Third_Party\FreeRTOS\Source\list.o
 .debug_abbrev  0x00003013      0x2ef Middlewares\Third_Party\FreeRTOS\Source\portable\GCC\ARM_CM4F\port.o
 .debug_abbrev  0x00003302      0x305 Middlewares\Third_Party\FreeRTOS\Source\portable\MemMang\heap_4.o
 .debug_abbrev  0x00003607      0x3b1 Middlewares\Third_Party\FreeRTOS\Source\tasks.o
 .debug_abbrev  0x000039b8      0x20b Src\crc.o
 .debug_abbrev  0x00003bc3      0x243 Src\dma2d.o
 .debug_abbrev  0x00003e06      0x261 Src\dsihost.o
 .debug_abbrev  0x00004067      0x24c Src\freertos.o
 .debug_abbrev  0x000042b3      0x1f1 Src\gpio.o
 .debug_abbrev  0x000044a4      0x227 Src\ltdc.o
 .debug_abbrev  0x000046cb      0x25f Src\main.o
 .debug_abbrev  0x0000492a      0x1d3 Src\stm32f4xx_hal_msp.o
 .debug_abbrev  0x00004afd      0x25d Src\stm32f4xx_hal_timebase_TIM.o
 .debug_abbrev  0x00004d5a      0x216 Src\stm32f4xx_it.o
 .debug_abbrev  0x00004f70      0x1cd Src\system_stm32f4xx.o
 .debug_abbrev  0x0000513d      0x22b Src\tim.o
 .debug_abbrev  0x00005368      0x258 Src\usart.o
 .debug_abbrev  0x000055c0      0x250 Src\usb_otg.o
 .debug_abbrev  0x00005810       0x12 startup\startup_stm32f469xx.o

.debug_loc      0x00000000     0xf1a2
 .debug_loc     0x00000000       0xe0 Drivers\STM32F4xx_HAL_Driver\Src\stm32f4xx_hal.o
 .debug_loc     0x000000e0      0x75c Drivers\STM32F4xx_HAL_Driver\Src\stm32f4xx_hal_cortex.o
 .debug_loc     0x0000083c      0x159 Drivers\STM32F4xx_HAL_Driver\Src\stm32f4xx_hal_crc.o
 .debug_loc     0x00000995      0xf97 Drivers\STM32F4xx_HAL_Driver\Src\stm32f4xx_hal_dma2d.o
 .debug_loc     0x0000192c     0x13f1 Drivers\STM32F4xx_HAL_Driver\Src\stm32f4xx_hal_dsi.o
 .debug_loc     0x00002d1d      0x543 Drivers\STM32F4xx_HAL_Driver\Src\stm32f4xx_hal_gpio.o
 .debug_loc     0x00003260      0xb25 Drivers\STM32F4xx_HAL_Driver\Src\stm32f4xx_hal_hcd.o
 .debug_loc     0x00003d85     0x178c Drivers\STM32F4xx_HAL_Driver\Src\stm32f4xx_hal_ltdc.o
 .debug_loc     0x00005511      0x160 Drivers\STM32F4xx_HAL_Driver\Src\stm32f4xx_hal_pwr_ex.o
 .debug_loc     0x00005671      0x3d3 Drivers\STM32F4xx_HAL_Driver\Src\stm32f4xx_hal_rcc.o
 .debug_loc     0x00005a44      0x6db Drivers\STM32F4xx_HAL_Driver\Src\stm32f4xx_hal_rcc_ex.o
 .debug_loc     0x0000611f     0x2700 Drivers\STM32F4xx_HAL_Driver\Src\stm32f4xx_hal_tim.o
 .debug_loc     0x0000881f      0xe9a Drivers\STM32F4xx_HAL_Driver\Src\stm32f4xx_hal_tim_ex.o
 .debug_loc     0x000096b9     0x14e0 Drivers\STM32F4xx_HAL_Driver\Src\stm32f4xx_hal_uart.o
 .debug_loc     0x0000ab99     0x156c Drivers\STM32F4xx_HAL_Driver\Src\stm32f4xx_ll_usb.o
 .debug_loc     0x0000c105     0x10b4 Middlewares\Third_Party\FreeRTOS\Source\CMSIS_RTOS\cmsis_os.o
 .debug_loc     0x0000d1b9       0x70 Middlewares\Third_Party\FreeRTOS\Source\list.o
 .debug_loc     0x0000d229      0x104 Middlewares\Third_Party\FreeRTOS\Source\portable\GCC\ARM_CM4F\port.o
 .debug_loc     0x0000d32d      0x291 Middlewares\Third_Party\FreeRTOS\Source\portable\MemMang\heap_4.o
 .debug_loc     0x0000d5be     0x16a4 Middlewares\Third_Party\FreeRTOS\Source\tasks.o
 .debug_loc     0x0000ec62       0x5b Src\dma2d.o
 .debug_loc     0x0000ecbd       0x5b Src\dsihost.o
 .debug_loc     0x0000ed18       0x63 Src\freertos.o
 .debug_loc     0x0000ed7b       0x5b Src\ltdc.o
 .debug_loc     0x0000edd6       0x3a Src\main.o
 .debug_loc     0x0000ee10       0x6a Src\stm32f4xx_hal_timebase_TIM.o
 .debug_loc     0x0000ee7a      0x13e Src\system_stm32f4xx.o
 .debug_loc     0x0000efb8      0x18f Src\usart.o
 .debug_loc     0x0000f147       0x5b Src\usb_otg.o

.debug_aranges  0x00000000     0x17d0
 .debug_aranges
                0x00000000       0xf0 Drivers\STM32F4xx_HAL_Driver\Src\stm32f4xx_hal.o
 .debug_aranges
                0x000000f0       0xa8 Drivers\STM32F4xx_HAL_Driver\Src\stm32f4xx_hal_cortex.o
 .debug_aranges
                0x00000198       0x50 Drivers\STM32F4xx_HAL_Driver\Src\stm32f4xx_hal_crc.o
 .debug_aranges
                0x000001e8      0x108 Drivers\STM32F4xx_HAL_Driver\Src\stm32f4xx_hal_dma2d.o
 .debug_aranges
                0x000002f0      0x170 Drivers\STM32F4xx_HAL_Driver\Src\stm32f4xx_hal_dsi.o
 .debug_aranges
                0x00000460       0x58 Drivers\STM32F4xx_HAL_Driver\Src\stm32f4xx_hal_gpio.o
 .debug_aranges
                0x000004b8       0xe0 Drivers\STM32F4xx_HAL_Driver\Src\stm32f4xx_hal_hcd.o
 .debug_aranges
                0x00000598      0x158 Drivers\STM32F4xx_HAL_Driver\Src\stm32f4xx_hal_ltdc.o
 .debug_aranges
                0x000006f0       0x70 Drivers\STM32F4xx_HAL_Driver\Src\stm32f4xx_hal_pwr_ex.o
 .debug_aranges
                0x00000760       0x88 Drivers\STM32F4xx_HAL_Driver\Src\stm32f4xx_hal_rcc.o
 .debug_aranges
                0x000007e8       0x70 Drivers\STM32F4xx_HAL_Driver\Src\stm32f4xx_hal_rcc_ex.o
 .debug_aranges
                0x00000858      0x368 Drivers\STM32F4xx_HAL_Driver\Src\stm32f4xx_hal_tim.o
 .debug_aranges
                0x00000bc0      0x140 Drivers\STM32F4xx_HAL_Driver\Src\stm32f4xx_hal_tim_ex.o
 .debug_aranges
                0x00000d00      0x1d0 Drivers\STM32F4xx_HAL_Driver\Src\stm32f4xx_hal_uart.o
 .debug_aranges
                0x00000ed0      0x180 Drivers\STM32F4xx_HAL_Driver\Src\stm32f4xx_ll_usb.o
 .debug_aranges
                0x00001050      0x1d8 Middlewares\Third_Party\FreeRTOS\Source\CMSIS_RTOS\cmsis_os.o
 .debug_aranges
                0x00001228       0x40 Middlewares\Third_Party\FreeRTOS\Source\list.o
 .debug_aranges
                0x00001268       0x80 Middlewares\Third_Party\FreeRTOS\Source\portable\GCC\ARM_CM4F\port.o
 .debug_aranges
                0x000012e8       0x50 Middlewares\Third_Party\FreeRTOS\Source\portable\MemMang\heap_4.o
 .debug_aranges
                0x00001338      0x1a8 Middlewares\Third_Party\FreeRTOS\Source\tasks.o
 .debug_aranges
                0x000014e0       0x30 Src\crc.o
 .debug_aranges
                0x00001510       0x30 Src\dma2d.o
 .debug_aranges
                0x00001540       0x30 Src\dsihost.o
 .debug_aranges
                0x00001570       0x50 Src\freertos.o
 .debug_aranges
                0x000015c0       0x20 Src\gpio.o
 .debug_aranges
                0x000015e0       0x30 Src\ltdc.o
 .debug_aranges
                0x00001610       0x40 Src\main.o
 .debug_aranges
                0x00001650       0x20 Src\stm32f4xx_hal_msp.o
 .debug_aranges
                0x00001670       0x30 Src\stm32f4xx_hal_timebase_TIM.o
 .debug_aranges
                0x000016a0       0x40 Src\stm32f4xx_it.o
 .debug_aranges
                0x000016e0       0x28 Src\system_stm32f4xx.o
 .debug_aranges
                0x00001708       0x30 Src\tim.o
 .debug_aranges
                0x00001738       0x40 Src\usart.o
 .debug_aranges
                0x00001778       0x30 Src\usb_otg.o
 .debug_aranges
                0x000017a8       0x28 startup\startup_stm32f469xx.o

.debug_ranges   0x00000000     0x16e8
 .debug_ranges  0x00000000       0xe0 Drivers\STM32F4xx_HAL_Driver\Src\stm32f4xx_hal.o
 .debug_ranges  0x000000e0       0xf8 Drivers\STM32F4xx_HAL_Driver\Src\stm32f4xx_hal_cortex.o
 .debug_ranges  0x000001d8       0x40 Drivers\STM32F4xx_HAL_Driver\Src\stm32f4xx_hal_crc.o
 .debug_ranges  0x00000218       0xf8 Drivers\STM32F4xx_HAL_Driver\Src\stm32f4xx_hal_dma2d.o
 .debug_ranges  0x00000310      0x160 Drivers\STM32F4xx_HAL_Driver\Src\stm32f4xx_hal_dsi.o
 .debug_ranges  0x00000470       0x48 Drivers\STM32F4xx_HAL_Driver\Src\stm32f4xx_hal_gpio.o
 .debug_ranges  0x000004b8       0xd0 Drivers\STM32F4xx_HAL_Driver\Src\stm32f4xx_hal_hcd.o
 .debug_ranges  0x00000588      0x148 Drivers\STM32F4xx_HAL_Driver\Src\stm32f4xx_hal_ltdc.o
 .debug_ranges  0x000006d0       0x60 Drivers\STM32F4xx_HAL_Driver\Src\stm32f4xx_hal_pwr_ex.o
 .debug_ranges  0x00000730       0x90 Drivers\STM32F4xx_HAL_Driver\Src\stm32f4xx_hal_rcc.o
 .debug_ranges  0x000007c0       0x78 Drivers\STM32F4xx_HAL_Driver\Src\stm32f4xx_hal_rcc_ex.o
 .debug_ranges  0x00000838      0x358 Drivers\STM32F4xx_HAL_Driver\Src\stm32f4xx_hal_tim.o
 .debug_ranges  0x00000b90      0x130 Drivers\STM32F4xx_HAL_Driver\Src\stm32f4xx_hal_tim_ex.o
 .debug_ranges  0x00000cc0      0x1c0 Drivers\STM32F4xx_HAL_Driver\Src\stm32f4xx_hal_uart.o
 .debug_ranges  0x00000e80      0x170 Drivers\STM32F4xx_HAL_Driver\Src\stm32f4xx_ll_usb.o
 .debug_ranges  0x00000ff0      0x1c8 Middlewares\Third_Party\FreeRTOS\Source\CMSIS_RTOS\cmsis_os.o
 .debug_ranges  0x000011b8       0x30 Middlewares\Third_Party\FreeRTOS\Source\list.o
 .debug_ranges  0x000011e8       0x88 Middlewares\Third_Party\FreeRTOS\Source\portable\GCC\ARM_CM4F\port.o
 .debug_ranges  0x00001270       0x40 Middlewares\Third_Party\FreeRTOS\Source\portable\MemMang\heap_4.o
 .debug_ranges  0x000012b0      0x230 Middlewares\Third_Party\FreeRTOS\Source\tasks.o
 .debug_ranges  0x000014e0       0x20 Src\crc.o
 .debug_ranges  0x00001500       0x20 Src\dma2d.o
 .debug_ranges  0x00001520       0x20 Src\dsihost.o
 .debug_ranges  0x00001540       0x40 Src\freertos.o
 .debug_ranges  0x00001580       0x10 Src\gpio.o
 .debug_ranges  0x00001590       0x20 Src\ltdc.o
 .debug_ranges  0x000015b0       0x30 Src\main.o
 .debug_ranges  0x000015e0       0x10 Src\stm32f4xx_hal_msp.o
 .debug_ranges  0x000015f0       0x20 Src\stm32f4xx_hal_timebase_TIM.o
 .debug_ranges  0x00001610       0x30 Src\stm32f4xx_it.o
 .debug_ranges  0x00001640       0x18 Src\system_stm32f4xx.o
 .debug_ranges  0x00001658       0x20 Src\tim.o
 .debug_ranges  0x00001678       0x30 Src\usart.o
 .debug_ranges  0x000016a8       0x20 Src\usb_otg.o
 .debug_ranges  0x000016c8       0x20 startup\startup_stm32f469xx.o

.debug_macro    0x00000000    0x3397a
 .debug_macro   0x00000000      0x455 Drivers\STM32F4xx_HAL_Driver\Src\stm32f4xx_hal.o
 .debug_macro   0x00000455      0x8b6 Drivers\STM32F4xx_HAL_Driver\Src\stm32f4xx_hal.o
 .debug_macro   0x00000d0b      0x509 Drivers\STM32F4xx_HAL_Driver\Src\stm32f4xx_hal.o
 .debug_macro   0x00001214       0x10 Drivers\STM32F4xx_HAL_Driver\Src\stm32f4xx_hal.o
 .debug_macro   0x00001224      0x1c3 Drivers\STM32F4xx_HAL_Driver\Src\stm32f4xx_hal.o
 .debug_macro   0x000013e7       0x32 Drivers\STM32F4xx_HAL_Driver\Src\stm32f4xx_hal.o
 .debug_macro   0x00001419       0x28 Drivers\STM32F4xx_HAL_Driver\Src\stm32f4xx_hal.o
 .debug_macro   0x00001441       0x22 Drivers\STM32F4xx_HAL_Driver\Src\stm32f4xx_hal.o
 .debug_macro   0x00001463       0x87 Drivers\STM32F4xx_HAL_Driver\Src\stm32f4xx_hal.o
 .debug_macro   0x000014ea       0x51 Drivers\STM32F4xx_HAL_Driver\Src\stm32f4xx_hal.o
 .debug_macro   0x0000153b       0xef Drivers\STM32F4xx_HAL_Driver\Src\stm32f4xx_hal.o
 .debug_macro   0x0000162a       0x6a Drivers\STM32F4xx_HAL_Driver\Src\stm32f4xx_hal.o
 .debug_macro   0x00001694      0x1df Drivers\STM32F4xx_HAL_Driver\Src\stm32f4xx_hal.o
 .debug_macro   0x00001873       0x35 Drivers\STM32F4xx_HAL_Driver\Src\stm32f4xx_hal.o
 .debug_macro   0x000018a8       0x50 Drivers\STM32F4xx_HAL_Driver\Src\stm32f4xx_hal.o
 .debug_macro   0x000018f8      0xe66 Drivers\STM32F4xx_HAL_Driver\Src\stm32f4xx_hal.o
 .debug_macro   0x0000275e    0x1d5f4 Drivers\STM32F4xx_HAL_Driver\Src\stm32f4xx_hal.o
 .debug_macro   0x0001fd52       0x43 Drivers\STM32F4xx_HAL_Driver\Src\stm32f4xx_hal.o
 .debug_macro   0x0001fd95     0x35a5 Drivers\STM32F4xx_HAL_Driver\Src\stm32f4xx_hal.o
 .debug_macro   0x0002333a       0x46 Drivers\STM32F4xx_HAL_Driver\Src\stm32f4xx_hal.o
 .debug_macro   0x00023380       0x3c Drivers\STM32F4xx_HAL_Driver\Src\stm32f4xx_hal.o
 .debug_macro   0x000233bc       0x9c Drivers\STM32F4xx_HAL_Driver\Src\stm32f4xx_hal.o
 .debug_macro   0x00023458       0x16 Drivers\STM32F4xx_HAL_Driver\Src\stm32f4xx_hal.o
 .debug_macro   0x0002346e       0x97 Drivers\STM32F4xx_HAL_Driver\Src\stm32f4xx_hal.o
 .debug_macro   0x00023505      0x30d Drivers\STM32F4xx_HAL_Driver\Src\stm32f4xx_hal.o
 .debug_macro   0x00023812       0xfd Drivers\STM32F4xx_HAL_Driver\Src\stm32f4xx_hal.o
 .debug_macro   0x0002390f       0x10 Drivers\STM32F4xx_HAL_Driver\Src\stm32f4xx_hal.o
 .debug_macro   0x0002391f       0x52 Drivers\STM32F4xx_HAL_Driver\Src\stm32f4xx_hal.o
 .debug_macro   0x00023971       0x1f Drivers\STM32F4xx_HAL_Driver\Src\stm32f4xx_hal.o
 .debug_macro   0x00023990       0x43 Drivers\STM32F4xx_HAL_Driver\Src\stm32f4xx_hal.o
 .debug_macro   0x000239d3       0x20 Drivers\STM32F4xx_HAL_Driver\Src\stm32f4xx_hal.o
 .debug_macro   0x000239f3      0x1a3 Drivers\STM32F4xx_HAL_Driver\Src\stm32f4xx_hal.o
 .debug_macro   0x00023b96       0x10 Drivers\STM32F4xx_HAL_Driver\Src\stm32f4xx_hal.o
 .debug_macro   0x00023ba6       0x1c Drivers\STM32F4xx_HAL_Driver\Src\stm32f4xx_hal.o
 .debug_macro   0x00023bc2       0x52 Drivers\STM32F4xx_HAL_Driver\Src\stm32f4xx_hal.o
 .debug_macro   0x00023c14       0x40 Drivers\STM32F4xx_HAL_Driver\Src\stm32f4xx_hal.o
 .debug_macro   0x00023c54       0x10 Drivers\STM32F4xx_HAL_Driver\Src\stm32f4xx_hal.o
 .debug_macro   0x00023c64       0x40 Drivers\STM32F4xx_HAL_Driver\Src\stm32f4xx_hal.o
 .debug_macro   0x00023ca4       0xd7 Drivers\STM32F4xx_HAL_Driver\Src\stm32f4xx_hal.o
 .debug_macro   0x00023d7b       0x16 Drivers\STM32F4xx_HAL_Driver\Src\stm32f4xx_hal.o
 .debug_macro   0x00023d91      0x161 Drivers\STM32F4xx_HAL_Driver\Src\stm32f4xx_hal.o
 .debug_macro   0x00023ef2       0x50 Drivers\STM32F4xx_HAL_Driver\Src\stm32f4xx_hal.o
 .debug_macro   0x00023f42      0xdcb Drivers\STM32F4xx_HAL_Driver\Src\stm32f4xx_hal.o
 .debug_macro   0x00024d0d      0xa02 Drivers\STM32F4xx_HAL_Driver\Src\stm32f4xx_hal.o
 .debug_macro   0x0002570f      0x11e Drivers\STM32F4xx_HAL_Driver\Src\stm32f4xx_hal.o
 .debug_macro   0x0002582d      0x192 Drivers\STM32F4xx_HAL_Driver\Src\stm32f4xx_hal.o
 .debug_macro   0x000259bf       0x27 Drivers\STM32F4xx_HAL_Driver\Src\stm32f4xx_hal.o
 .debug_macro   0x000259e6      0x287 Drivers\STM32F4xx_HAL_Driver\Src\stm32f4xx_hal.o
 .debug_macro   0x00025c6d       0x5f Drivers\STM32F4xx_HAL_Driver\Src\stm32f4xx_hal.o
 .debug_macro   0x00025ccc      0x23a Drivers\STM32F4xx_HAL_Driver\Src\stm32f4xx_hal.o
 .debug_macro   0x00025f06       0x23 Drivers\STM32F4xx_HAL_Driver\Src\stm32f4xx_hal.o
 .debug_macro   0x00025f29      0x201 Drivers\STM32F4xx_HAL_Driver\Src\stm32f4xx_hal.o
 .debug_macro   0x0002612a      0x13a Drivers\STM32F4xx_HAL_Driver\Src\stm32f4xx_hal.o
 .debug_macro   0x00026264      0x41d Drivers\STM32F4xx_HAL_Driver\Src\stm32f4xx_hal.o
 .debug_macro   0x00026681       0x2e Drivers\STM32F4xx_HAL_Driver\Src\stm32f4xx_hal.o
 .debug_macro   0x000266af      0x54a Drivers\STM32F4xx_HAL_Driver\Src\stm32f4xx_hal.o
 .debug_macro   0x00026bf9      0x1a7 Drivers\STM32F4xx_HAL_Driver\Src\stm32f4xx_hal.o
 .debug_macro   0x00026da0       0x22 Drivers\STM32F4xx_HAL_Driver\Src\stm32f4xx_hal.o
 .debug_macro   0x00026dc2       0xa5 Drivers\STM32F4xx_HAL_Driver\Src\stm32f4xx_hal.o
 .debug_macro   0x00026e67      0x198 Drivers\STM32F4xx_HAL_Driver\Src\stm32f4xx_hal.o
 .debug_macro   0x00026fff      0x6f5 Drivers\STM32F4xx_HAL_Driver\Src\stm32f4xx_hal.o
 .debug_macro   0x000276f4       0xd6 Drivers\STM32F4xx_HAL_Driver\Src\stm32f4xx_hal.o
 .debug_macro   0x000277ca      0x11e Drivers\STM32F4xx_HAL_Driver\Src\stm32f4xx_hal.o
 .debug_macro   0x000278e8       0xf0 Drivers\STM32F4xx_HAL_Driver\Src\stm32f4xx_hal.o
 .debug_macro   0x000279d8       0x89 Drivers\STM32F4xx_HAL_Driver\Src\stm32f4xx_hal.o
 .debug_macro   0x00027a61      0x383 Drivers\STM32F4xx_HAL_Driver\Src\stm32f4xx_hal.o
 .debug_macro   0x00027de4       0x28 Drivers\STM32F4xx_HAL_Driver\Src\stm32f4xx_hal.o
 .debug_macro   0x00027e0c       0xc8 Drivers\STM32F4xx_HAL_Driver\Src\stm32f4xx_hal.o
 .debug_macro   0x00027ed4      0x81b Drivers\STM32F4xx_HAL_Driver\Src\stm32f4xx_hal.o
 .debug_macro   0x000286ef      0x198 Drivers\STM32F4xx_HAL_Driver\Src\stm32f4xx_hal.o
 .debug_macro   0x00028887      0x6e0 Drivers\STM32F4xx_HAL_Driver\Src\stm32f4xx_hal.o
 .debug_macro   0x00028f67       0x59 Drivers\STM32F4xx_HAL_Driver\Src\stm32f4xx_hal.o
 .debug_macro   0x00028fc0      0x14d Drivers\STM32F4xx_HAL_Driver\Src\stm32f4xx_hal.o
 .debug_macro   0x0002910d      0x287 Drivers\STM32F4xx_HAL_Driver\Src\stm32f4xx_hal.o
 .debug_macro   0x00029394      0x1df Drivers\STM32F4xx_HAL_Driver\Src\stm32f4xx_hal.o
 .debug_macro   0x00029573       0x68 Drivers\STM32F4xx_HAL_Driver\Src\stm32f4xx_hal.o
 .debug_macro   0x000295db      0x2e2 Drivers\STM32F4xx_HAL_Driver\Src\stm32f4xx_hal.o
 .debug_macro   0x000298bd      0x13b Drivers\STM32F4xx_HAL_Driver\Src\stm32f4xx_hal.o
 .debug_macro   0x000299f8      0x3f5 Drivers\STM32F4xx_HAL_Driver\Src\stm32f4xx_hal_cortex.o
 .debug_macro   0x00029ded      0x3f5 Drivers\STM32F4xx_HAL_Driver\Src\stm32f4xx_hal_crc.o
 .debug_macro   0x0002a1e2      0x449 Drivers\STM32F4xx_HAL_Driver\Src\stm32f4xx_hal_dma2d.o
 .debug_macro   0x0002a62b      0x437 Drivers\STM32F4xx_HAL_Driver\Src\stm32f4xx_hal_dsi.o
 .debug_macro   0x0002aa62      0x42d Drivers\STM32F4xx_HAL_Driver\Src\stm32f4xx_hal_gpio.o
 .debug_macro   0x0002ae8f      0x3f5 Drivers\STM32F4xx_HAL_Driver\Src\stm32f4xx_hal_hcd.o
 .debug_macro   0x0002b284      0x3f5 Drivers\STM32F4xx_HAL_Driver\Src\stm32f4xx_hal_ltdc.o
 .debug_macro   0x0002b679      0x40d Drivers\STM32F4xx_HAL_Driver\Src\stm32f4xx_hal_pwr_ex.o
 .debug_macro   0x0002ba86      0x419 Drivers\STM32F4xx_HAL_Driver\Src\stm32f4xx_hal_rcc.o
 .debug_macro   0x0002be9f      0x3f5 Drivers\STM32F4xx_HAL_Driver\Src\stm32f4xx_hal_rcc_ex.o
 .debug_macro   0x0002c294      0x3f5 Drivers\STM32F4xx_HAL_Driver\Src\stm32f4xx_hal_tim.o
 .debug_macro   0x0002c689      0x3f5 Drivers\STM32F4xx_HAL_Driver\Src\stm32f4xx_hal_tim_ex.o
 .debug_macro   0x0002ca7e      0x3f6 Drivers\STM32F4xx_HAL_Driver\Src\stm32f4xx_hal_uart.o
 .debug_macro   0x0002ce74      0x3fc Drivers\STM32F4xx_HAL_Driver\Src\stm32f4xx_ll_usb.o
 .debug_macro   0x0002d270      0x4da Middlewares\Third_Party\FreeRTOS\Source\CMSIS_RTOS\cmsis_os.o
 .debug_macro   0x0002d74a       0x40 Middlewares\Third_Party\FreeRTOS\Source\CMSIS_RTOS\cmsis_os.o
 .debug_macro   0x0002d78a       0x8d Middlewares\Third_Party\FreeRTOS\Source\CMSIS_RTOS\cmsis_os.o
 .debug_macro   0x0002d817      0x174 Middlewares\Third_Party\FreeRTOS\Source\CMSIS_RTOS\cmsis_os.o
 .debug_macro   0x0002d98b       0x57 Middlewares\Third_Party\FreeRTOS\Source\CMSIS_RTOS\cmsis_os.o
 .debug_macro   0x0002d9e2       0x10 Middlewares\Third_Party\FreeRTOS\Source\CMSIS_RTOS\cmsis_os.o
 .debug_macro   0x0002d9f2       0x35 Middlewares\Third_Party\FreeRTOS\Source\CMSIS_RTOS\cmsis_os.o
 .debug_macro   0x0002da27       0x20 Middlewares\Third_Party\FreeRTOS\Source\CMSIS_RTOS\cmsis_os.o
 .debug_macro   0x0002da47       0x3b Middlewares\Third_Party\FreeRTOS\Source\CMSIS_RTOS\cmsis_os.o
 .debug_macro   0x0002da82       0x1c Middlewares\Third_Party\FreeRTOS\Source\CMSIS_RTOS\cmsis_os.o
 .debug_macro   0x0002da9e      0x50f Middlewares\Third_Party\FreeRTOS\Source\CMSIS_RTOS\cmsis_os.o
 .debug_macro   0x0002dfad       0xf3 Middlewares\Third_Party\FreeRTOS\Source\CMSIS_RTOS\cmsis_os.o
 .debug_macro   0x0002e0a0      0x168 Middlewares\Third_Party\FreeRTOS\Source\CMSIS_RTOS\cmsis_os.o
 .debug_macro   0x0002e208       0xe4 Middlewares\Third_Party\FreeRTOS\Source\CMSIS_RTOS\cmsis_os.o
 .debug_macro   0x0002e2ec       0x10 Middlewares\Third_Party\FreeRTOS\Source\CMSIS_RTOS\cmsis_os.o
 .debug_macro   0x0002e2fc       0x26 Middlewares\Third_Party\FreeRTOS\Source\CMSIS_RTOS\cmsis_os.o
 .debug_macro   0x0002e322      0x3ec Middlewares\Third_Party\FreeRTOS\Source\CMSIS_RTOS\cmsis_os.o
 .debug_macro   0x0002e70e       0xc0 Middlewares\Third_Party\FreeRTOS\Source\CMSIS_RTOS\cmsis_os.o
 .debug_macro   0x0002e7ce       0x8c Middlewares\Third_Party\FreeRTOS\Source\CMSIS_RTOS\cmsis_os.o
 .debug_macro   0x0002e85a       0x91 Middlewares\Third_Party\FreeRTOS\Source\CMSIS_RTOS\cmsis_os.o
 .debug_macro   0x0002e8eb       0x94 Middlewares\Third_Party\FreeRTOS\Source\CMSIS_RTOS\cmsis_os.o
 .debug_macro   0x0002e97f       0x78 Middlewares\Third_Party\FreeRTOS\Source\CMSIS_RTOS\cmsis_os.o
 .debug_macro   0x0002e9f7       0x19 Middlewares\Third_Party\FreeRTOS\Source\CMSIS_RTOS\cmsis_os.o
 .debug_macro   0x0002ea10       0xcf Middlewares\Third_Party\FreeRTOS\Source\CMSIS_RTOS\cmsis_os.o
 .debug_macro   0x0002eadf      0x472 Middlewares\Third_Party\FreeRTOS\Source\list.o
 .debug_macro   0x0002ef51      0x526 Middlewares\Third_Party\FreeRTOS\Source\portable\GCC\ARM_CM4F\port.o
 .debug_macro   0x0002f477      0x499 Middlewares\Third_Party\FreeRTOS\Source\portable\MemMang\heap_4.o
 .debug_macro   0x0002f910      0x556 Middlewares\Third_Party\FreeRTOS\Source\tasks.o
 .debug_macro   0x0002fe66       0x10 Middlewares\Third_Party\FreeRTOS\Source\tasks.o
 .debug_macro   0x0002fe76      0x3ff Src\crc.o
 .debug_macro   0x00030275      0x3ff Src\dma2d.o
 .debug_macro   0x00030674      0x403 Src\dsihost.o
 .debug_macro   0x00030a77      0x4a4 Src\freertos.o
 .debug_macro   0x00030f1b      0x3f5 Src\gpio.o
 .debug_macro   0x00031310      0x3ff Src\ltdc.o
 .debug_macro   0x0003170f      0x4d0 Src\main.o
 .debug_macro   0x00031bdf       0xf9 Src\main.o
 .debug_macro   0x00031cd8      0x3f5 Src\stm32f4xx_hal_msp.o
 .debug_macro   0x000320cd      0x3f5 Src\stm32f4xx_hal_timebase_TIM.o
 .debug_macro   0x000324c2      0x4b3 Src\stm32f4xx_it.o
 .debug_macro   0x00032975      0x400 Src\system_stm32f4xx.o
 .debug_macro   0x00032d75      0x3ff Src\tim.o
 .debug_macro   0x00033174      0x403 Src\usart.o
 .debug_macro   0x00033577      0x403 Src\usb_otg.o

.debug_line     0x00000000    0x1c5e1
 .debug_line    0x00000000      0xab8 Drivers\STM32F4xx_HAL_Driver\Src\stm32f4xx_hal.o
 .debug_line    0x00000ab8      0xb76 Drivers\STM32F4xx_HAL_Driver\Src\stm32f4xx_hal_cortex.o
 .debug_line    0x0000162e      0x9a9 Drivers\STM32F4xx_HAL_Driver\Src\stm32f4xx_hal_crc.o
 .debug_line    0x00001fd7      0xe94 Drivers\STM32F4xx_HAL_Driver\Src\stm32f4xx_hal_dma2d.o
 .debug_line    0x00002e6b     0x1451 Drivers\STM32F4xx_HAL_Driver\Src\stm32f4xx_hal_dsi.o
 .debug_line    0x000042bc      0xb9a Drivers\STM32F4xx_HAL_Driver\Src\stm32f4xx_hal_gpio.o
 .debug_line    0x00004e56      0xc7b Drivers\STM32F4xx_HAL_Driver\Src\stm32f4xx_hal_hcd.o
 .debug_line    0x00005ad1     0x137a Drivers\STM32F4xx_HAL_Driver\Src\stm32f4xx_hal_ltdc.o
 .debug_line    0x00006e4b      0x9f1 Drivers\STM32F4xx_HAL_Driver\Src\stm32f4xx_hal_pwr_ex.o
 .debug_line    0x0000783c      0xc5a Drivers\STM32F4xx_HAL_Driver\Src\stm32f4xx_hal_rcc.o
 .debug_line    0x00008496      0xd87 Drivers\STM32F4xx_HAL_Driver\Src\stm32f4xx_hal_rcc_ex.o
 .debug_line    0x0000921d     0x3738 Drivers\STM32F4xx_HAL_Driver\Src\stm32f4xx_hal_tim.o
 .debug_line    0x0000c955     0x137e Drivers\STM32F4xx_HAL_Driver\Src\stm32f4xx_hal_tim_ex.o
 .debug_line    0x0000dcd3     0x13d8 Drivers\STM32F4xx_HAL_Driver\Src\stm32f4xx_hal_uart.o
 .debug_line    0x0000f0ab      0xf0c Drivers\STM32F4xx_HAL_Driver\Src\stm32f4xx_ll_usb.o
 .debug_line    0x0000ffb7     0x1059 Middlewares\Third_Party\FreeRTOS\Source\CMSIS_RTOS\cmsis_os.o
 .debug_line    0x00011010      0xa4c Middlewares\Third_Party\FreeRTOS\Source\list.o
 .debug_line    0x00011a5c      0xaf3 Middlewares\Third_Party\FreeRTOS\Source\portable\GCC\ARM_CM4F\port.o
 .debug_line    0x0001254f      0xb02 Middlewares\Third_Party\FreeRTOS\Source\portable\MemMang\heap_4.o
 .debug_line    0x00013051     0x131e Middlewares\Third_Party\FreeRTOS\Source\tasks.o
 .debug_line    0x0001436f      0x8cc Src\crc.o
 .debug_line    0x00014c3b      0x8d7 Src\dma2d.o
 .debug_line    0x00015512      0x924 Src\dsihost.o
 .debug_line    0x00015e36      0xaf8 Src\freertos.o
 .debug_line    0x0001692e      0x8e2 Src\gpio.o
 .debug_line    0x00017210      0x8f0 Src\ltdc.o
 .debug_line    0x00017b00      0xab6 Src\main.o
 .debug_line    0x000185b6      0x8a9 Src\stm32f4xx_hal_msp.o
 .debug_line    0x00018e5f      0x8db Src\stm32f4xx_hal_timebase_TIM.o
 .debug_line    0x0001973a      0xa6e Src\stm32f4xx_it.o
 .debug_line    0x0001a1a8      0x8d4 Src\system_stm32f4xx.o
 .debug_line    0x0001aa7c      0x8d9 Src\tim.o
 .debug_line    0x0001b355      0x929 Src\usart.o
 .debug_line    0x0001bc7e      0x8e4 Src\usb_otg.o
 .debug_line    0x0001c562       0x7f startup\startup_stm32f469xx.o

.debug_str      0x00000000   0x10dc8f
 .debug_str     0x00000000   0x10026c Drivers\STM32F4xx_HAL_Driver\Src\stm32f4xx_hal.o
                             0x10069a (size before relaxing)
 .debug_str     0x0010026c      0x3a9 Drivers\STM32F4xx_HAL_Driver\Src\stm32f4xx_hal_cortex.o
                             0x1003a2 (size before relaxing)
 .debug_str     0x00100615      0x195 Drivers\STM32F4xx_HAL_Driver\Src\stm32f4xx_hal_crc.o
                              0xffaa8 (size before relaxing)
 .debug_str     0x001007aa      0x789 Drivers\STM32F4xx_HAL_Driver\Src\stm32f4xx_hal_dma2d.o
                             0x100253 (size before relaxing)
 .debug_str     0x00100f33      0xf25 Drivers\STM32F4xx_HAL_Driver\Src\stm32f4xx_hal_dsi.o
                             0x100a1e (size before relaxing)
 .debug_str     0x00101e58      0x27a Drivers\STM32F4xx_HAL_Driver\Src\stm32f4xx_hal_gpio.o
                              0xffcba (size before relaxing)
 .debug_str     0x001020d2      0x887 Drivers\STM32F4xx_HAL_Driver\Src\stm32f4xx_hal_hcd.o
                             0x1001dc (size before relaxing)
 .debug_str     0x00102959      0x6ad Drivers\STM32F4xx_HAL_Driver\Src\stm32f4xx_hal_ltdc.o
                             0x1000c1 (size before relaxing)
 .debug_str     0x00103006      0x1a6 Drivers\STM32F4xx_HAL_Driver\Src\stm32f4xx_hal_pwr_ex.o
                              0xffccf (size before relaxing)
 .debug_str     0x001031ac      0x37d Drivers\STM32F4xx_HAL_Driver\Src\stm32f4xx_hal_rcc.o
                              0xffe89 (size before relaxing)
 .debug_str     0x00103529      0x24f Drivers\STM32F4xx_HAL_Driver\Src\stm32f4xx_hal_rcc_ex.o
                              0xffdc1 (size before relaxing)
 .debug_str     0x00103778     0x105c Drivers\STM32F4xx_HAL_Driver\Src\stm32f4xx_hal_tim.o
                             0x100aaf (size before relaxing)
 .debug_str     0x001047d4      0x4f4 Drivers\STM32F4xx_HAL_Driver\Src\stm32f4xx_hal_tim_ex.o
                             0x10036f (size before relaxing)
 .debug_str     0x00104cc8      0x6de Drivers\STM32F4xx_HAL_Driver\Src\stm32f4xx_hal_uart.o
                             0x1002ec (size before relaxing)
 .debug_str     0x001053a6      0x46d Drivers\STM32F4xx_HAL_Driver\Src\stm32f4xx_ll_usb.o
                             0x1002d2 (size before relaxing)
 .debug_str     0x00105813     0x5ece Middlewares\Third_Party\FreeRTOS\Source\CMSIS_RTOS\cmsis_os.o
                             0x105892 (size before relaxing)
 .debug_str     0x0010b6e1      0x234 Middlewares\Third_Party\FreeRTOS\Source\list.o
                             0x102a79 (size before relaxing)
 .debug_str     0x0010b915      0x822 Middlewares\Third_Party\FreeRTOS\Source\portable\GCC\ARM_CM4F\port.o
                             0x1036ac (size before relaxing)
 .debug_str     0x0010c137      0x2a9 Middlewares\Third_Party\FreeRTOS\Source\portable\MemMang\heap_4.o
                             0x1031c4 (size before relaxing)
 .debug_str     0x0010c3e0     0x1207 Middlewares\Third_Party\FreeRTOS\Source\tasks.o
                             0x104d98 (size before relaxing)
 .debug_str     0x0010d5e7       0x3b Src\crc.o
                              0xffb2d (size before relaxing)
 .debug_str     0x0010d622       0x34 Src\dma2d.o
                             0x100246 (size before relaxing)
 .debug_str     0x0010d656       0x47 Src\dsihost.o
                             0x10075d (size before relaxing)
 .debug_str     0x0010d69d       0xd4 Src\freertos.o
                             0x104e96 (size before relaxing)
 .debug_str     0x0010d771       0x1b Src\gpio.o
                              0xffa88 (size before relaxing)
 .debug_str     0x0010d78c       0x30 Src\ltdc.o
                             0x1002ac (size before relaxing)
 .debug_str     0x0010d7bc      0x323 Src\main.o
                             0x105f80 (size before relaxing)
 .debug_str     0x0010dadf       0x1b Src\stm32f4xx_hal_msp.o
                              0xffe5b (size before relaxing)
 .debug_str     0x0010dafa       0x61 Src\stm32f4xx_hal_timebase_TIM.o
                             0x1004d3 (size before relaxing)
 .debug_str     0x0010db5b       0x5a Src\stm32f4xx_it.o
                             0x105b70 (size before relaxing)
 .debug_str     0x0010dbb5       0x5a Src\system_stm32f4xx.o
                              0xffa68 (size before relaxing)
 .debug_str     0x0010dc0f       0x1c Src\tim.o
                              0xfff51 (size before relaxing)
 .debug_str     0x0010dc2b       0x25 Src\usart.o
                              0xfff12 (size before relaxing)
 .debug_str     0x0010dc50       0x3f Src\usb_otg.o
                             0x1004d4 (size before relaxing)

.comment        0x00000000       0x7c
 .comment       0x00000000       0x7c Drivers\STM32F4xx_HAL_Driver\Src\stm32f4xx_hal.o
                                 0x7d (size before relaxing)
 .comment       0x0000007c       0x7d Drivers\STM32F4xx_HAL_Driver\Src\stm32f4xx_hal_cortex.o
 .comment       0x0000007c       0x7d Drivers\STM32F4xx_HAL_Driver\Src\stm32f4xx_hal_crc.o
 .comment       0x0000007c       0x7d Drivers\STM32F4xx_HAL_Driver\Src\stm32f4xx_hal_dma2d.o
 .comment       0x0000007c       0x7d Drivers\STM32F4xx_HAL_Driver\Src\stm32f4xx_hal_dsi.o
 .comment       0x0000007c       0x7d Drivers\STM32F4xx_HAL_Driver\Src\stm32f4xx_hal_gpio.o
 .comment       0x0000007c       0x7d Drivers\STM32F4xx_HAL_Driver\Src\stm32f4xx_hal_hcd.o
 .comment       0x0000007c       0x7d Drivers\STM32F4xx_HAL_Driver\Src\stm32f4xx_hal_ltdc.o
 .comment       0x0000007c       0x7d Drivers\STM32F4xx_HAL_Driver\Src\stm32f4xx_hal_pwr_ex.o
 .comment       0x0000007c       0x7d Drivers\STM32F4xx_HAL_Driver\Src\stm32f4xx_hal_rcc.o
 .comment       0x0000007c       0x7d Drivers\STM32F4xx_HAL_Driver\Src\stm32f4xx_hal_rcc_ex.o
 .comment       0x0000007c       0x7d Drivers\STM32F4xx_HAL_Driver\Src\stm32f4xx_hal_tim.o
 .comment       0x0000007c       0x7d Drivers\STM32F4xx_HAL_Driver\Src\stm32f4xx_hal_tim_ex.o
 .comment       0x0000007c       0x7d Drivers\STM32F4xx_HAL_Driver\Src\stm32f4xx_hal_uart.o
 .comment       0x0000007c       0x7d Drivers\STM32F4xx_HAL_Driver\Src\stm32f4xx_ll_usb.o
 .comment       0x0000007c       0x7d Middlewares\Third_Party\FreeRTOS\Source\CMSIS_RTOS\cmsis_os.o
 .comment       0x0000007c       0x7d Middlewares\Third_Party\FreeRTOS\Source\list.o
 .comment       0x0000007c       0x7d Middlewares\Third_Party\FreeRTOS\Source\portable\GCC\ARM_CM4F\port.o
 .comment       0x0000007c       0x7d Middlewares\Third_Party\FreeRTOS\Source\portable\MemMang\heap_4.o
 .comment       0x0000007c       0x7d Middlewares\Third_Party\FreeRTOS\Source\tasks.o
 .comment       0x0000007c       0x7d Src\crc.o
 .comment       0x0000007c       0x7d Src\dma2d.o
 .comment       0x0000007c       0x7d Src\dsihost.o
 .comment       0x0000007c       0x7d Src\freertos.o
 .comment       0x0000007c       0x7d Src\gpio.o
 .comment       0x0000007c       0x7d Src\ltdc.o
 .comment       0x0000007c       0x7d Src\main.o
 .comment       0x0000007c       0x7d Src\stm32f4xx_hal_msp.o
 .comment       0x0000007c       0x7d Src\stm32f4xx_hal_timebase_TIM.o
 .comment       0x0000007c       0x7d Src\stm32f4xx_it.o
 .comment       0x0000007c       0x7d Src\system_stm32f4xx.o
 .comment       0x0000007c       0x7d Src\tim.o
 .comment       0x0000007c       0x7d Src\usart.o
 .comment       0x0000007c       0x7d Src\usb_otg.o

.debug_frame    0x00000000     0x4278
 .debug_frame   0x00000000      0x1ec Drivers\STM32F4xx_HAL_Driver\Src\stm32f4xx_hal.o
 .debug_frame   0x000001ec      0x19c Drivers\STM32F4xx_HAL_Driver\Src\stm32f4xx_hal_cortex.o
 .debug_frame   0x00000388       0xb0 Drivers\STM32F4xx_HAL_Driver\Src\stm32f4xx_hal_crc.o
 .debug_frame   0x00000438      0x340 Drivers\STM32F4xx_HAL_Driver\Src\stm32f4xx_hal_dma2d.o
 .debug_frame   0x00000778      0x484 Drivers\STM32F4xx_HAL_Driver\Src\stm32f4xx_hal_dsi.o
 .debug_frame   0x00000bfc       0xfc Drivers\STM32F4xx_HAL_Driver\Src\stm32f4xx_hal_gpio.o
 .debug_frame   0x00000cf8      0x278 Drivers\STM32F4xx_HAL_Driver\Src\stm32f4xx_hal_hcd.o
 .debug_frame   0x00000f70      0x448 Drivers\STM32F4xx_HAL_Driver\Src\stm32f4xx_hal_ltdc.o
 .debug_frame   0x000013b8      0x114 Drivers\STM32F4xx_HAL_Driver\Src\stm32f4xx_hal_pwr_ex.o
 .debug_frame   0x000014cc      0x178 Drivers\STM32F4xx_HAL_Driver\Src\stm32f4xx_hal_rcc.o
 .debug_frame   0x00001644      0x128 Drivers\STM32F4xx_HAL_Driver\Src\stm32f4xx_hal_rcc_ex.o
 .debug_frame   0x0000176c      0xa90 Drivers\STM32F4xx_HAL_Driver\Src\stm32f4xx_hal_tim.o
 .debug_frame   0x000021fc      0x3dc Drivers\STM32F4xx_HAL_Driver\Src\stm32f4xx_hal_tim_ex.o
 .debug_frame   0x000025d8      0x508 Drivers\STM32F4xx_HAL_Driver\Src\stm32f4xx_hal_uart.o
 .debug_frame   0x00002ae0      0x49c Drivers\STM32F4xx_HAL_Driver\Src\stm32f4xx_ll_usb.o
 .debug_frame   0x00002f7c      0x5a8 Middlewares\Third_Party\FreeRTOS\Source\CMSIS_RTOS\cmsis_os.o
 .debug_frame   0x00003524       0x6c Middlewares\Third_Party\FreeRTOS\Source\list.o
 .debug_frame   0x00003590       0xfc Middlewares\Third_Party\FreeRTOS\Source\portable\GCC\ARM_CM4F\port.o
 .debug_frame   0x0000368c       0xac Middlewares\Third_Party\FreeRTOS\Source\portable\MemMang\heap_4.o
 .debug_frame   0x00003738      0x53c Middlewares\Third_Party\FreeRTOS\Source\tasks.o
 .debug_frame   0x00003c74       0x50 Src\crc.o
 .debug_frame   0x00003cc4       0x5c Src\dma2d.o
 .debug_frame   0x00003d20       0x68 Src\dsihost.o
 .debug_frame   0x00003d88       0xac Src\freertos.o
 .debug_frame   0x00003e34       0x40 Src\gpio.o
 .debug_frame   0x00003e74       0x64 Src\ltdc.o
 .debug_frame   0x00003ed8       0x80 Src\main.o
 .debug_frame   0x00003f58       0x28 Src\stm32f4xx_hal_msp.o
 .debug_frame   0x00003f80       0x50 Src\stm32f4xx_hal_timebase_TIM.o
 .debug_frame   0x00003fd0       0x88 Src\stm32f4xx_it.o
 .debug_frame   0x00004058       0x30 Src\system_stm32f4xx.o
 .debug_frame   0x00004088       0x58 Src\tim.o
 .debug_frame   0x000040e0       0x88 Src\usart.o
 .debug_frame   0x00004168       0x64 Src\usb_otg.o
 .debug_frame   0x000041cc       0x2c e:/program files/stmicroelectronics/true_studio/truestudio for stm32 9.0.1/armtools/bin/../lib/gcc/arm-atollic-eabi/6.3.1/../../../../arm-atollic-eabi/lib/armv7e-m/fpu\libc_nano.a(lib_a-init.o)
 .debug_frame   0x000041f8       0x20 e:/program files/stmicroelectronics/true_studio/truestudio for stm32 9.0.1/armtools/bin/../lib/gcc/arm-atollic-eabi/6.3.1/../../../../arm-atollic-eabi/lib/armv7e-m/fpu\libc_nano.a(lib_a-memset.o)
 .debug_frame   0x00004218       0x2c e:/program files/stmicroelectronics/true_studio/truestudio for stm32 9.0.1/armtools/bin/../lib/gcc/arm-atollic-eabi/6.3.1/armv7e-m/fpu\libgcc.a(_aeabi_uldivmod.o)
 .debug_frame   0x00004244       0x34 e:/program files/stmicroelectronics/true_studio/truestudio for stm32 9.0.1/armtools/bin/../lib/gcc/arm-atollic-eabi/6.3.1/armv7e-m/fpu\libgcc.a(_udivmoddi4.o)
