Archive member included to satisfy reference by file (symbol)

c:/program files (x86)/atollic/truestudio for stm32 9.2.0/armtools/bin/../lib/gcc/arm-atollic-eabi/6.3.1/../../../../arm-atollic-eabi/lib/armv7e-m/fpu\libc_nano.a(lib_a-init.o)
                              startup\startup_stm32f469xx.o (__libc_init_array)
c:/program files (x86)/atollic/truestudio for stm32 9.2.0/armtools/bin/../lib/gcc/arm-atollic-eabi/6.3.1/../../../../arm-atollic-eabi/lib/armv7e-m/fpu\libc_nano.a(lib_a-memcpy-stub.o)
                              Middlewares\Third_Party\FreeRTOS\Source\queue.o (memcpy)
c:/program files (x86)/atollic/truestudio for stm32 9.2.0/armtools/bin/../lib/gcc/arm-atollic-eabi/6.3.1/../../../../arm-atollic-eabi/lib/armv7e-m/fpu\libc_nano.a(lib_a-memset.o)
                              Middlewares\Third_Party\FreeRTOS\Source\CMSIS_RTOS\cmsis_os.o (memset)
c:/program files (x86)/atollic/truestudio for stm32 9.2.0/armtools/bin/../lib/gcc/arm-atollic-eabi/6.3.1/../../../../arm-atollic-eabi/lib/armv7e-m/fpu\libc_nano.a(lib_a-sprintf.o)
                              Middlewares\Third_Party\FreeRTOS\Source\tasks.o (sprintf)
c:/program files (x86)/atollic/truestudio for stm32 9.2.0/armtools/bin/../lib/gcc/arm-atollic-eabi/6.3.1/../../../../arm-atollic-eabi/lib/armv7e-m/fpu\libc_nano.a(lib_a-strcpy.o)
                              Middlewares\Third_Party\FreeRTOS\Source\tasks.o (strcpy)
c:/program files (x86)/atollic/truestudio for stm32 9.2.0/armtools/bin/../lib/gcc/arm-atollic-eabi/6.3.1/../../../../arm-atollic-eabi/lib/armv7e-m/fpu\libc_nano.a(lib_a-strlen.o)
                              Middlewares\Third_Party\FreeRTOS\Source\tasks.o (strlen)
c:/program files (x86)/atollic/truestudio for stm32 9.2.0/armtools/bin/../lib/gcc/arm-atollic-eabi/6.3.1/../../../../arm-atollic-eabi/lib/armv7e-m/fpu\libc_nano.a(lib_a-impure.o)
                              c:/program files (x86)/atollic/truestudio for stm32 9.2.0/armtools/bin/../lib/gcc/arm-atollic-eabi/6.3.1/../../../../arm-atollic-eabi/lib/armv7e-m/fpu\libc_nano.a(lib_a-sprintf.o) (_impure_ptr)
c:/program files (x86)/atollic/truestudio for stm32 9.2.0/armtools/bin/../lib/gcc/arm-atollic-eabi/6.3.1/../../../../arm-atollic-eabi/lib/armv7e-m/fpu\libc_nano.a(lib_a-nano-svfprintf.o)
                              c:/program files (x86)/atollic/truestudio for stm32 9.2.0/armtools/bin/../lib/gcc/arm-atollic-eabi/6.3.1/../../../../arm-atollic-eabi/lib/armv7e-m/fpu\libc_nano.a(lib_a-sprintf.o) (_svfprintf_r)
c:/program files (x86)/atollic/truestudio for stm32 9.2.0/armtools/bin/../lib/gcc/arm-atollic-eabi/6.3.1/../../../../arm-atollic-eabi/lib/armv7e-m/fpu\libc_nano.a(lib_a-nano-vfprintf_i.o)
                              c:/program files (x86)/atollic/truestudio for stm32 9.2.0/armtools/bin/../lib/gcc/arm-atollic-eabi/6.3.1/../../../../arm-atollic-eabi/lib/armv7e-m/fpu\libc_nano.a(lib_a-nano-svfprintf.o) (_printf_i)
c:/program files (x86)/atollic/truestudio for stm32 9.2.0/armtools/bin/../lib/gcc/arm-atollic-eabi/6.3.1/../../../../arm-atollic-eabi/lib/armv7e-m/fpu\libc_nano.a(lib_a-memchr.o)
                              c:/program files (x86)/atollic/truestudio for stm32 9.2.0/armtools/bin/../lib/gcc/arm-atollic-eabi/6.3.1/../../../../arm-atollic-eabi/lib/armv7e-m/fpu\libc_nano.a(lib_a-nano-svfprintf.o) (memchr)
c:/program files (x86)/atollic/truestudio for stm32 9.2.0/armtools/bin/../lib/gcc/arm-atollic-eabi/6.3.1/../../../../arm-atollic-eabi/lib/armv7e-m/fpu\libc_nano.a(lib_a-memmove.o)
                              c:/program files (x86)/atollic/truestudio for stm32 9.2.0/armtools/bin/../lib/gcc/arm-atollic-eabi/6.3.1/../../../../arm-atollic-eabi/lib/armv7e-m/fpu\libc_nano.a(lib_a-nano-svfprintf.o) (memmove)
c:/program files (x86)/atollic/truestudio for stm32 9.2.0/armtools/bin/../lib/gcc/arm-atollic-eabi/6.3.1/../../../../arm-atollic-eabi/lib/armv7e-m/fpu\libc_nano.a(lib_a-nano-freer.o)
                              c:/program files (x86)/atollic/truestudio for stm32 9.2.0/armtools/bin/../lib/gcc/arm-atollic-eabi/6.3.1/../../../../arm-atollic-eabi/lib/armv7e-m/fpu\libc_nano.a(lib_a-nano-svfprintf.o) (_free_r)
c:/program files (x86)/atollic/truestudio for stm32 9.2.0/armtools/bin/../lib/gcc/arm-atollic-eabi/6.3.1/../../../../arm-atollic-eabi/lib/armv7e-m/fpu\libc_nano.a(lib_a-nano-mallocr.o)
                              c:/program files (x86)/atollic/truestudio for stm32 9.2.0/armtools/bin/../lib/gcc/arm-atollic-eabi/6.3.1/../../../../arm-atollic-eabi/lib/armv7e-m/fpu\libc_nano.a(lib_a-nano-svfprintf.o) (_malloc_r)
c:/program files (x86)/atollic/truestudio for stm32 9.2.0/armtools/bin/../lib/gcc/arm-atollic-eabi/6.3.1/../../../../arm-atollic-eabi/lib/armv7e-m/fpu\libc_nano.a(lib_a-nano-reallocr.o)
                              c:/program files (x86)/atollic/truestudio for stm32 9.2.0/armtools/bin/../lib/gcc/arm-atollic-eabi/6.3.1/../../../../arm-atollic-eabi/lib/armv7e-m/fpu\libc_nano.a(lib_a-nano-svfprintf.o) (_realloc_r)
[...]
Memory Configuration

Name             Origin             Length             Attributes
RAM              0x20000000         0x00050000         xrw
CCMRAM           0x10000000         0x00010000         rw
FLASH            0x08000000         0x00200000         xr
*default*        0x00000000         0xffffffff

Linker script and memory map

LOAD c:/program files (x86)/atollic/truestudio for stm32 9.2.0/armtools/bin/../lib/gcc/arm-atollic-eabi/6.3.1/armv7e-m/fpu/crti.o
LOAD c:/program files (x86)/atollic/truestudio for stm32 9.2.0/armtools/bin/../lib/gcc/arm-atollic-eabi/6.3.1/armv7e-m/fpu/crtbegin.o
LOAD Drivers\STM32F4xx_HAL_Driver\Src\stm32f4xx_hal.o
LOAD Drivers\STM32F4xx_HAL_Driver\Src\stm32f4xx_hal_can.o
LOAD Drivers\STM32F4xx_HAL_Driver\Src\stm32f4xx_hal_cortex.o
LOAD Drivers\STM32F4xx_HAL_Driver\Src\stm32f4xx_hal_crc.o
LOAD Drivers\STM32F4xx_HAL_Driver\Src\stm32f4xx_hal_dma.o
LOAD Drivers\STM32F4xx_HAL_Driver\Src\stm32f4xx_hal_dma2d.o
LOAD Drivers\STM32F4xx_HAL_Driver\Src\stm32f4xx_hal_dma_ex.o
LOAD Drivers\STM32F4xx_HAL_Driver\Src\stm32f4xx_hal_dsi.o
LOAD Drivers\STM32F4xx_HAL_Driver\Src\stm32f4xx_hal_flash.o
LOAD Drivers\STM32F4xx_HAL_Driver\Src\stm32f4xx_hal_flash_ex.o
LOAD Drivers\STM32F4xx_HAL_Driver\Src\stm32f4xx_hal_flash_ramfunc.o
LOAD Drivers\STM32F4xx_HAL_Driver\Src\stm32f4xx_hal_gpio.o
LOAD Drivers\STM32F4xx_HAL_Driver\Src\stm32f4xx_hal_i2c.o
LOAD Drivers\STM32F4xx_HAL_Driver\Src\stm32f4xx_hal_i2c_ex.o
LOAD Drivers\STM32F4xx_HAL_Driver\Src\stm32f4xx_hal_ltdc.o
LOAD Drivers\STM32F4xx_HAL_Driver\Src\stm32f4xx_hal_ltdc_ex.o
LOAD Drivers\STM32F4xx_HAL_Driver\Src\stm32f4xx_hal_pwr.o
LOAD Drivers\STM32F4xx_HAL_Driver\Src\stm32f4xx_hal_pwr_ex.o
LOAD Drivers\STM32F4xx_HAL_Driver\Src\stm32f4xx_hal_qspi.o
LOAD Drivers\STM32F4xx_HAL_Driver\Src\stm32f4xx_hal_rcc.o
LOAD Drivers\STM32F4xx_HAL_Driver\Src\stm32f4xx_hal_rcc_ex.o
LOAD Drivers\STM32F4xx_HAL_Driver\Src\stm32f4xx_hal_sd.o
LOAD Drivers\STM32F4xx_HAL_Driver\Src\stm32f4xx_hal_sdram.o
LOAD Drivers\STM32F4xx_HAL_Driver\Src\stm32f4xx_hal_spdifrx.o
LOAD Drivers\STM32F4xx_HAL_Driver\Src\stm32f4xx_hal_spi.o
LOAD Drivers\STM32F4xx_HAL_Driver\Src\stm32f4xx_hal_sram.o
LOAD Drivers\STM32F4xx_HAL_Driver\Src\stm32f4xx_hal_tim.o
LOAD Drivers\STM32F4xx_HAL_Driver\Src\stm32f4xx_hal_tim_ex.o
LOAD Drivers\STM32F4xx_HAL_Driver\Src\stm32f4xx_hal_uart.o
LOAD Drivers\STM32F4xx_HAL_Driver\Src\stm32f4xx_ll_fmc.o
LOAD Drivers\STM32F4xx_HAL_Driver\Src\stm32f4xx_ll_sdmmc.o
LOAD Middlewares\Third_Party\FatFs\src\diskio.o
LOAD Middlewares\Third_Party\FatFs\src\ff.o
LOAD Middlewares\Third_Party\FatFs\src\ff_gen_drv.o
LOAD Middlewares\Third_Party\FatFs\src\option\syscall.o
LOAD Middlewares\Third_Party\FreeRTOS\Source\CMSIS_RTOS\cmsis_os.o
LOAD Middlewares\Third_Party\FreeRTOS\Source\croutine.o
LOAD Middlewares\Third_Party\FreeRTOS\Source\event_groups.o
LOAD Middlewares\Third_Party\FreeRTOS\Source\list.o
LOAD Middlewares\Third_Party\FreeRTOS\Source\portable\GCC\ARM_CM4F\port.o
LOAD Middlewares\Third_Party\FreeRTOS\Source\portable\MemMang\heap_4.o
LOAD Middlewares\Third_Party\FreeRTOS\Source\queue.o
LOAD Middlewares\Third_Party\FreeRTOS\Source\tasks.o
LOAD Middlewares\Third_Party\FreeRTOS\Source\timers.o
LOAD Src\OLED\oled.o
LOAD Src\W5500\dhcp.o
LOAD Src\W5500\socket.o
LOAD Src\W5500\utility.o
LOAD Src\W5500\w5500.o
LOAD Src\W5500\w5500_conf.o
LOAD Src\W5500\w5500_spi_driver.o
LOAD Src\blink.o
LOAD Src\bsp_driver_sd.o
LOAD Src\fatfs.o
LOAD Src\fatfs_platform.o
LOAD Src\freertos.o
LOAD Src\i2c.o
LOAD Src\main.o
LOAD Src\sd_diskio.o
LOAD Src\stm32f4xx_hal_msp.o
LOAD Src\stm32f4xx_hal_timebase_tim.o
LOAD Src\stm32f4xx_it.o
LOAD Src\system_stm32f4xx.o
LOAD Src\timer.o
LOAD Src\usart.o
LOAD Src\usr_task.o
LOAD startup\startup_stm32f469xx.o
                0x00001000                malloc_getpagesize_P = 0x1000
START GROUP
LOAD c:/program files (x86)/atollic/truestudio for stm32 9.2.0/armtools/bin/../lib/gcc/arm-atollic-eabi/6.3.1/../../../../arm-atollic-eabi/lib/armv7e-m/fpu\libc_nano.a
LOAD c:/program files (x86)/atollic/truestudio for stm32 9.2.0/armtools/bin/../lib/gcc/arm-atollic-eabi/6.3.1/../../../../arm-atollic-eabi/lib/armv7e-m/fpu\libm.a
END GROUP
START GROUP
LOAD c:/program files (x86)/atollic/truestudio for stm32 9.2.0/armtools/bin/../lib/gcc/arm-atollic-eabi/6.3.1/armv7e-m/fpu\libgcc.a
LOAD c:/program files (x86)/atollic/truestudio for stm32 9.2.0/armtools/bin/../lib/gcc/arm-atollic-eabi/6.3.1/../../../../arm-atollic-eabi/lib/armv7e-m/fpu\libc_nano.a
END GROUP
START GROUP
LOAD c:/program files (x86)/atollic/truestudio for stm32 9.2.0/armtools/bin/../lib/gcc/arm-atollic-eabi/6.3.1/armv7e-m/fpu\libgcc.a
LOAD c:/program files (x86)/atollic/truestudio for stm32 9.2.0/armtools/bin/../lib/gcc/arm-atollic-eabi/6.3.1/../../../../arm-atollic-eabi/lib/armv7e-m/fpu\libc_nano.a
LOAD c:/program files (x86)/atollic/truestudio for stm32 9.2.0/armtools/bin/../lib/gcc/arm-atollic-eabi/6.3.1/../../../../arm-atollic-eabi/lib/armv7e-m/fpu\libnosys.a
END GROUP
START GROUP
LOAD c:/program files (x86)/atollic/truestudio for stm32 9.2.0/armtools/bin/../lib/gcc/arm-atollic-eabi/6.3.1/armv7e-m/fpu\libgcc.a
LOAD c:/program files (x86)/atollic/truestudio for stm32 9.2.0/armtools/bin/../lib/gcc/arm-atollic-eabi/6.3.1/../../../../arm-atollic-eabi/lib/armv7e-m/fpu\libc_nano.a
LOAD c:/program files (x86)/atollic/truestudio for stm32 9.2.0/armtools/bin/../lib/gcc/arm-atollic-eabi/6.3.1/../../../../arm-atollic-eabi/lib/armv7e-m/fpu\libnosys.a
END GROUP
LOAD c:/program files (x86)/atollic/truestudio for stm32 9.2.0/armtools/bin/../lib/gcc/arm-atollic-eabi/6.3.1/armv7e-m/fpu/crtend.o
LOAD c:/program files (x86)/atollic/truestudio for stm32 9.2.0/armtools/bin/../lib/gcc/arm-atollic-eabi/6.3.1/armv7e-m/fpu/crtn.o
                0x20050000                _estack = 0x20050000
                0x00000200                _Min_Heap_Size = 0x200
                0x00000400                _Min_Stack_Size = 0x400

.isr_vector     0x08000000      0x1b4
                0x08000000                . = ALIGN (0x4)
 *(.isr_vector)
 .isr_vector    0x08000000      0x1b4 startup\startup_stm32f469xx.o
                0x08000000                g_pfnVectors
                0x080001b4                . = ALIGN (0x4)

.text           0x080001c0     0xbb08
                0x080001c0                . = ALIGN (0x4)
 *(.text)
 .text          0x080001c0       0x40 c:/program files (x86)/atollic/truestudio for stm32 9.2.0/armtools/bin/../lib/gcc/arm-atollic-eabi/6.3.1/armv7e-m/fpu/crtbegin.o
 .text          0x08000200       0x10 c:/program files (x86)/atollic/truestudio for stm32 9.2.0/armtools/bin/../lib/gcc/arm-atollic-eabi/6.3.1/../../../../arm-atollic-eabi/lib/armv7e-m/fpu\libc_nano.a(lib_a-strlen.o)
                0x08000200                strlen
 .text          0x08000210       0xa0 c:/program files (x86)/atollic/truestudio for stm32 9.2.0/armtools/bin/../lib/gcc/arm-atollic-eabi/6.3.1/../../../../arm-atollic-eabi/lib/armv7e-m/fpu\libc_nano.a(lib_a-memchr.o)
                0x08000210                memchr
 .text          0x080002b0       0x30 c:/program files (x86)/atollic/truestudio for stm32 9.2.0/armtools/bin/../lib/gcc/arm-atollic-eabi/6.3.1/armv7e-m/fpu\libgcc.a(_aeabi_uldivmod.o)
                0x080002b0                __aeabi_uldivmod
 .text          0x080002e0      0x2dc c:/program files (x86)/atollic/truestudio for stm32 9.2.0/armtools/bin/../lib/gcc/arm-atollic-eabi/6.3.1/armv7e-m/fpu\libgcc.a(_udivmoddi4.o)
                0x080002e0                __udivmoddi4
 .text          0x080005bc        0x4 c:/program files (x86)/atollic/truestudio for stm32 9.2.0/armtools/bin/../lib/gcc/arm-atollic-eabi/6.3.1/armv7e-m/fpu\libgcc.a(_dvmd_tls.o)
                0x080005bc                __aeabi_idiv0
                0x080005bc                __aeabi_ldiv0
 *(.text*)
 .text.HAL_Init
                0x080005c0       0x44 Drivers\STM32F4xx_HAL_Driver\Src\stm32f4xx_hal.o
                0x080005c0                HAL_Init
 .text.HAL_IncTick
                0x08000604       0x28 Drivers\STM32F4xx_HAL_Driver\Src\stm32f4xx_hal.o
                0x08000604                HAL_IncTick
 .text.HAL_GetTick
                0x0800062c       0x18 Drivers\STM32F4xx_HAL_Driver\Src\stm32f4xx_hal.o
                0x0800062c                HAL_GetTick
 .text.HAL_Delay
                0x08000644       0x44 Drivers\STM32F4xx_HAL_Driver\Src\stm32f4xx_hal.o
                0x08000644                HAL_Delay
 .text.NVIC_SetPriorityGrouping
                0x08000688       0x48 Drivers\STM32F4xx_HAL_Driver\Src\stm32f4xx_hal_cortex.o
 .text.NVIC_GetPriorityGrouping
                0x080006d0       0x1c Drivers\STM32F4xx_HAL_Driver\Src\stm32f4xx_hal_cortex.o
 .text.NVIC_EnableIRQ
                0x080006ec       0x34 Drivers\STM32F4xx_HAL_Driver\Src\stm32f4xx_hal_cortex.o
 .text.NVIC_SetPriority
                0x08000720       0x54 Drivers\STM32F4xx_HAL_Driver\Src\stm32f4xx_hal_cortex.o
 .text.NVIC_EncodePriority
                0x08000774       0x62 Drivers\STM32F4xx_HAL_Driver\Src\stm32f4xx_hal_cortex.o
 .text.HAL_NVIC_SetPriorityGrouping
                0x080007d6       0x16 Drivers\STM32F4xx_HAL_Driver\Src\stm32f4xx_hal_cortex.o
                0x080007d6                HAL_NVIC_SetPriorityGrouping
 .text.HAL_NVIC_SetPriority
                0x080007ec       0x38 Drivers\STM32F4xx_HAL_Driver\Src\stm32f4xx_hal_cortex.o
                0x080007ec                HAL_NVIC_SetPriority
 .text.HAL_NVIC_EnableIRQ
                0x08000824       0x1c Drivers\STM32F4xx_HAL_Driver\Src\stm32f4xx_hal_cortex.o
                0x08000824                HAL_NVIC_EnableIRQ
 .text.HAL_CRC_Init
                0x08000840       0x3e Drivers\STM32F4xx_HAL_Driver\Src\stm32f4xx_hal_crc.o
                0x08000840                HAL_CRC_Init
 *fill*         0x0800087e        0x2 
 .text.HAL_DMA_Init
                0x08000880      0x15c Drivers\STM32F4xx_HAL_Driver\Src\stm32f4xx_hal_dma.o
                0x08000880                HAL_DMA_Init
 .text.HAL_DMA_Start_IT
                0x080009dc       0xc0 Drivers\STM32F4xx_HAL_Driver\Src\stm32f4xx_hal_dma.o
                0x080009dc                HAL_DMA_Start_IT
 .text.HAL_DMA_IRQHandler
                0x08000a9c      0x314 Drivers\STM32F4xx_HAL_Driver\Src\stm32f4xx_hal_dma.o
                0x08000a9c                HAL_DMA_IRQHandler
 .text.DMA_SetConfig
                0x08000db0       0x5c Drivers\STM32F4xx_HAL_Driver\Src\stm32f4xx_hal_dma.o
 .text.DMA_CalcBaseAndBitshift
                0x08000e0c       0x6c Drivers\STM32F4xx_HAL_Driver\Src\stm32f4xx_hal_dma.o
 .text.DMA_CheckFifoParam
                0x08000e78       0xf4 Drivers\STM32F4xx_HAL_Driver\Src\stm32f4xx_hal_dma.o
 .text.HAL_DMA2D_Init
                0x08000f6c       0x92 Drivers\STM32F4xx_HAL_Driver\Src\stm32f4xx_hal_dma2d.o
                0x08000f6c                HAL_DMA2D_Init
 .text.HAL_DMA2D_IRQHandler
                0x08000ffe      0x1f8 Drivers\STM32F4xx_HAL_Driver\Src\stm32f4xx_hal_dma2d.o
                0x08000ffe                HAL_DMA2D_IRQHandler
 .text.HAL_DMA2D_LineEventCallback
                0x080011f6       0x14 Drivers\STM32F4xx_HAL_Driver\Src\stm32f4xx_hal_dma2d.o
                0x080011f6                HAL_DMA2D_LineEventCallback
 .text.HAL_DMA2D_CLUTLoadingCpltCallback
                0x0800120a       0x14 Drivers\STM32F4xx_HAL_Driver\Src\stm32f4xx_hal_dma2d.o
                0x0800120a                HAL_DMA2D_CLUTLoadingCpltCallback
 *fill*         0x0800121e        0x2 
 .text.HAL_DMA2D_ConfigLayer
                0x08001220      0x124 Drivers\STM32F4xx_HAL_Driver\Src\stm32f4xx_hal_dma2d.o
                0x08001220                HAL_DMA2D_ConfigLayer
 .text.HAL_DSI_Init
                0x08001344      0x230 Drivers\STM32F4xx_HAL_Driver\Src\stm32f4xx_hal_dsi.o
                0x08001344                HAL_DSI_Init
 .text.HAL_DSI_ConfigErrorMonitor
                0x08001574      0x17a Drivers\STM32F4xx_HAL_Driver\Src\stm32f4xx_hal_dsi.o
                0x08001574                HAL_DSI_ConfigErrorMonitor
 .text.HAL_DSI_IRQHandler
                0x080016ee      0x192 Drivers\STM32F4xx_HAL_Driver\Src\stm32f4xx_hal_dsi.o
                0x080016ee                HAL_DSI_IRQHandler
 .text.HAL_DSI_TearingEffectCallback
                0x08001880       0x14 Drivers\STM32F4xx_HAL_Driver\Src\stm32f4xx_hal_dsi.o
                0x08001880                HAL_DSI_TearingEffectCallback
 .text.HAL_DSI_EndOfRefreshCallback
                0x08001894       0x14 Drivers\STM32F4xx_HAL_Driver\Src\stm32f4xx_hal_dsi.o
                0x08001894                HAL_DSI_EndOfRefreshCallback
 .text.HAL_DSI_ErrorCallback
                0x080018a8       0x14 Drivers\STM32F4xx_HAL_Driver\Src\stm32f4xx_hal_dsi.o
                0x080018a8                HAL_DSI_ErrorCallback
 .text.HAL_DSI_SetGenericVCID
                0x080018bc       0x50 Drivers\STM32F4xx_HAL_Driver\Src\stm32f4xx_hal_dsi.o
                0x080018bc                HAL_DSI_SetGenericVCID
 .text.HAL_DSI_ConfigAdaptedCommandMode
                0x0800190c      0x1ae Drivers\STM32F4xx_HAL_Driver\Src\stm32f4xx_hal_dsi.o
                0x0800190c                HAL_DSI_ConfigAdaptedCommandMode
 *fill*         0x08001aba        0x2 
 .text.HAL_DSI_ConfigCommand
                0x08001abc       0xbc Drivers\STM32F4xx_HAL_Driver\Src\stm32f4xx_hal_dsi.o
                0x08001abc                HAL_DSI_ConfigCommand
 .text.HAL_DSI_ConfigFlowControl
                0x08001b78       0x50 Drivers\STM32F4xx_HAL_Driver\Src\stm32f4xx_hal_dsi.o
                0x08001b78                HAL_DSI_ConfigFlowControl
 .text.HAL_DSI_ConfigPhyTimer
                0x08001bc8       0xd4 Drivers\STM32F4xx_HAL_Driver\Src\stm32f4xx_hal_dsi.o
                0x08001bc8                HAL_DSI_ConfigPhyTimer
 .text.HAL_DSI_ConfigHostTimeouts
                0x08001c9c      0x18c Drivers\STM32F4xx_HAL_Driver\Src\stm32f4xx_hal_dsi.o
                0x08001c9c                HAL_DSI_ConfigHostTimeouts
 .text.HAL_DSI_SetLowPowerRXFilter
                0x08001e28       0x5a Drivers\STM32F4xx_HAL_Driver\Src\stm32f4xx_hal_dsi.o
                0x08001e28                HAL_DSI_SetLowPowerRXFilter
 *fill*         0x08001e82        0x2 
 .text.HAL_GPIO_Init
                0x08001e84      0x354 Drivers\STM32F4xx_HAL_Driver\Src\stm32f4xx_hal_gpio.o
                0x08001e84                HAL_GPIO_Init
 .text.HAL_GPIO_ReadPin
                0x080021d8       0x30 Drivers\STM32F4xx_HAL_Driver\Src\stm32f4xx_hal_gpio.o
                0x080021d8                HAL_GPIO_ReadPin
 .text.HAL_GPIO_WritePin
                0x08002208       0x32 Drivers\STM32F4xx_HAL_Driver\Src\stm32f4xx_hal_gpio.o
                0x08002208                HAL_GPIO_WritePin
 *fill*         0x0800223a        0x2 
 .text.HAL_I2C_Init
                0x0800223c      0x1c0 Drivers\STM32F4xx_HAL_Driver\Src\stm32f4xx_hal_i2c.o
                0x0800223c                HAL_I2C_Init
 .text.HAL_LTDC_Init
                0x080023fc      0x1a8 Drivers\STM32F4xx_HAL_Driver\Src\stm32f4xx_hal_ltdc.o
                0x080023fc                HAL_LTDC_Init
 .text.HAL_LTDC_IRQHandler
                0x080025a4      0x148 Drivers\STM32F4xx_HAL_Driver\Src\stm32f4xx_hal_ltdc.o
                0x080025a4                HAL_LTDC_IRQHandler
 .text.HAL_LTDC_ErrorCallback
                0x080026ec       0x14 Drivers\STM32F4xx_HAL_Driver\Src\stm32f4xx_hal_ltdc.o
                0x080026ec                HAL_LTDC_ErrorCallback
 .text.HAL_LTDC_LineEventCallback
                0x08002700       0x14 Drivers\STM32F4xx_HAL_Driver\Src\stm32f4xx_hal_ltdc.o
                0x08002700                HAL_LTDC_LineEventCallback
 .text.HAL_LTDC_ReloadEventCallback
                0x08002714       0x14 Drivers\STM32F4xx_HAL_Driver\Src\stm32f4xx_hal_ltdc.o
                0x08002714                HAL_LTDC_ReloadEventCallback
 .text.HAL_LTDC_ConfigLayer
                0x08002728       0x7c Drivers\STM32F4xx_HAL_Driver\Src\stm32f4xx_hal_ltdc.o
                0x08002728                HAL_LTDC_ConfigLayer
 .text.LTDC_SetConfig
                0x080027a4      0x34e Drivers\STM32F4xx_HAL_Driver\Src\stm32f4xx_hal_ltdc.o
 *fill*         0x08002af2        0x2 
 .text.HAL_PWREx_EnableOverDrive
                0x08002af4       0xa0 Drivers\STM32F4xx_HAL_Driver\Src\stm32f4xx_hal_pwr_ex.o
                0x08002af4                HAL_PWREx_EnableOverDrive
 .text.HAL_QSPI_Init
                0x08002b94      0x114 Drivers\STM32F4xx_HAL_Driver\Src\stm32f4xx_hal_qspi.o
                0x08002b94                HAL_QSPI_Init
 .text.HAL_QSPI_SetTimeout
                0x08002ca8       0x1c Drivers\STM32F4xx_HAL_Driver\Src\stm32f4xx_hal_qspi.o
                0x08002ca8                HAL_QSPI_SetTimeout
 .text.QSPI_WaitFlagStateUntilTimeout
                0x08002cc4       0x6e Drivers\STM32F4xx_HAL_Driver\Src\stm32f4xx_hal_qspi.o
 *fill*         0x08002d32        0x2 
 .text.HAL_RCC_ClockConfig
                0x08002d34      0x1c4 Drivers\STM32F4xx_HAL_Driver\Src\stm32f4xx_hal_rcc.o
                0x08002d34                HAL_RCC_ClockConfig
 .text.HAL_RCC_GetSysClockFreq
                0x08002ef8      0x1b0 Drivers\STM32F4xx_HAL_Driver\Src\stm32f4xx_hal_rcc.o
                0x08002ef8                HAL_RCC_GetSysClockFreq
 .text.HAL_RCC_GetHCLKFreq
                0x080030a8       0x18 Drivers\STM32F4xx_HAL_Driver\Src\stm32f4xx_hal_rcc.o
                0x080030a8                HAL_RCC_GetHCLKFreq
 .text.HAL_RCC_GetPCLK1Freq
                0x080030c0       0x28 Drivers\STM32F4xx_HAL_Driver\Src\stm32f4xx_hal_rcc.o
                0x080030c0                HAL_RCC_GetPCLK1Freq
 .text.HAL_RCC_GetPCLK2Freq
                0x080030e8       0x28 Drivers\STM32F4xx_HAL_Driver\Src\stm32f4xx_hal_rcc.o
                0x080030e8                HAL_RCC_GetPCLK2Freq
 .text.HAL_RCC_GetClockConfig
                0x08003110       0x64 Drivers\STM32F4xx_HAL_Driver\Src\stm32f4xx_hal_rcc.o
                0x08003110                HAL_RCC_GetClockConfig
 .text.HAL_RCCEx_PeriphCLKConfig
                0x08003174      0x47c Drivers\STM32F4xx_HAL_Driver\Src\stm32f4xx_hal_rcc_ex.o
                0x08003174                HAL_RCCEx_PeriphCLKConfig
 .text.HAL_RCC_OscConfig
                0x080035f0      0x484 Drivers\STM32F4xx_HAL_Driver\Src\stm32f4xx_hal_rcc_ex.o
                0x080035f0                HAL_RCC_OscConfig
 .text.HAL_SD_Init
                0x08003a74       0x56 Drivers\STM32F4xx_HAL_Driver\Src\stm32f4xx_hal_sd.o
                0x08003a74                HAL_SD_Init
 *fill*         0x08003aca        0x2 
 .text.HAL_SD_InitCard
                0x08003acc       0xb8 Drivers\STM32F4xx_HAL_Driver\Src\stm32f4xx_hal_sd.o
                0x08003acc                HAL_SD_InitCard
 .text.HAL_SD_ReadBlocks_DMA
                0x08003b84      0x194 Drivers\STM32F4xx_HAL_Driver\Src\stm32f4xx_hal_sd.o
                0x08003b84                HAL_SD_ReadBlocks_DMA
 .text.HAL_SD_WriteBlocks_DMA
                0x08003d18      0x194 Drivers\STM32F4xx_HAL_Driver\Src\stm32f4xx_hal_sd.o
                0x08003d18                HAL_SD_WriteBlocks_DMA
 .text.HAL_SD_ErrorCallback
                0x08003eac       0x14 Drivers\STM32F4xx_HAL_Driver\Src\stm32f4xx_hal_sd.o
                0x08003eac                HAL_SD_ErrorCallback
 .text.HAL_SD_GetCardCSD
                0x08003ec0      0x456 Drivers\STM32F4xx_HAL_Driver\Src\stm32f4xx_hal_sd.o
                0x08003ec0                HAL_SD_GetCardCSD
 .text.HAL_SD_GetCardInfo
                0x08004316       0x58 Drivers\STM32F4xx_HAL_Driver\Src\stm32f4xx_hal_sd.o
                0x08004316                HAL_SD_GetCardInfo
 .text.HAL_SD_ConfigWideBusOperation
                0x0800436e       0xf8 Drivers\STM32F4xx_HAL_Driver\Src\stm32f4xx_hal_sd.o
                0x0800436e                HAL_SD_ConfigWideBusOperation
 .text.HAL_SD_GetCardState
                0x08004466       0x4a Drivers\STM32F4xx_HAL_Driver\Src\stm32f4xx_hal_sd.o
                0x08004466                HAL_SD_GetCardState
 .text.SD_DMATransmitCplt
                0x080044b0       0x2a Drivers\STM32F4xx_HAL_Driver\Src\stm32f4xx_hal_sd.o
 .text.SD_DMAReceiveCplt
                0x080044da       0x6e Drivers\STM32F4xx_HAL_Driver\Src\stm32f4xx_hal_sd.o
 .text.SD_DMAError
                0x08004548       0x8a Drivers\STM32F4xx_HAL_Driver\Src\stm32f4xx_hal_sd.o
 .text.SD_InitCard
                0x080045d2      0x192 Drivers\STM32F4xx_HAL_Driver\Src\stm32f4xx_hal_sd.o
 .text.SD_PowerON
                0x08004764      0x150 Drivers\STM32F4xx_HAL_Driver\Src\stm32f4xx_hal_sd.o
 .text.SD_SendStatus
                0x080048b4       0x54 Drivers\STM32F4xx_HAL_Driver\Src\stm32f4xx_hal_sd.o
 .text.SD_WideBus_Enable
                0x08004908       0x9a Drivers\STM32F4xx_HAL_Driver\Src\stm32f4xx_hal_sd.o
 .text.SD_WideBus_Disable
                0x080049a2       0x9a Drivers\STM32F4xx_HAL_Driver\Src\stm32f4xx_hal_sd.o
 .text.SD_FindSCR
                0x08004a3c      0x190 Drivers\STM32F4xx_HAL_Driver\Src\stm32f4xx_hal_sd.o
 .text.HAL_SDRAM_Init
                0x08004bcc       0x68 Drivers\STM32F4xx_HAL_Driver\Src\stm32f4xx_hal_sdram.o
                0x08004bcc                HAL_SDRAM_Init
 .text.HAL_TIM_Base_Init
                0x08004c34       0x56 Drivers\STM32F4xx_HAL_Driver\Src\stm32f4xx_hal_tim.o
                0x08004c34                HAL_TIM_Base_Init
 .text.HAL_TIM_Base_Start_IT
                0x08004c8a       0x36 Drivers\STM32F4xx_HAL_Driver\Src\stm32f4xx_hal_tim.o
                0x08004c8a                HAL_TIM_Base_Start_IT
 .text.HAL_TIM_IRQHandler
                0x08004cc0      0x210 Drivers\STM32F4xx_HAL_Driver\Src\stm32f4xx_hal_tim.o
                0x08004cc0                HAL_TIM_IRQHandler
 .text.HAL_TIM_ConfigClockSource
                0x08004ed0      0x1b6 Drivers\STM32F4xx_HAL_Driver\Src\stm32f4xx_hal_tim.o
                0x08004ed0                HAL_TIM_ConfigClockSource
 .text.HAL_TIM_OC_DelayElapsedCallback
                0x08005086       0x14 Drivers\STM32F4xx_HAL_Driver\Src\stm32f4xx_hal_tim.o
                0x08005086                HAL_TIM_OC_DelayElapsedCallback
 .text.HAL_TIM_IC_CaptureCallback
                0x0800509a       0x14 Drivers\STM32F4xx_HAL_Driver\Src\stm32f4xx_hal_tim.o
                0x0800509a                HAL_TIM_IC_CaptureCallback
 .text.HAL_TIM_PWM_PulseFinishedCallback
                0x080050ae       0x14 Drivers\STM32F4xx_HAL_Driver\Src\stm32f4xx_hal_tim.o
                0x080050ae                HAL_TIM_PWM_PulseFinishedCallback
 .text.HAL_TIM_TriggerCallback
                0x080050c2       0x14 Drivers\STM32F4xx_HAL_Driver\Src\stm32f4xx_hal_tim.o
                0x080050c2                HAL_TIM_TriggerCallback
 *fill*         0x080050d6        0x2 
 .text.TIM_Base_SetConfig
                0x080050d8      0x154 Drivers\STM32F4xx_HAL_Driver\Src\stm32f4xx_hal_tim.o
                0x080050d8                TIM_Base_SetConfig
 .text.TIM_TI1_ConfigInputStage
                0x0800522c       0x66 Drivers\STM32F4xx_HAL_Driver\Src\stm32f4xx_hal_tim.o
 .text.TIM_TI2_ConfigInputStage
                0x08005292       0x68 Drivers\STM32F4xx_HAL_Driver\Src\stm32f4xx_hal_tim.o
 .text.TIM_ITRx_SetConfig
                0x080052fa       0x40 Drivers\STM32F4xx_HAL_Driver\Src\stm32f4xx_hal_tim.o
 .text.TIM_ETR_SetConfig
                0x0800533a       0x44 Drivers\STM32F4xx_HAL_Driver\Src\stm32f4xx_hal_tim.o
 .text.HAL_TIMEx_MasterConfigSynchronization
                0x0800537e       0x8a Drivers\STM32F4xx_HAL_Driver\Src\stm32f4xx_hal_tim_ex.o
                0x0800537e                HAL_TIMEx_MasterConfigSynchronization
 .text.HAL_TIMEx_CommutationCallback
                0x08005408       0x14 Drivers\STM32F4xx_HAL_Driver\Src\stm32f4xx_hal_tim_ex.o
                0x08005408                HAL_TIMEx_CommutationCallback
 .text.HAL_TIMEx_BreakCallback
                0x0800541c       0x14 Drivers\STM32F4xx_HAL_Driver\Src\stm32f4xx_hal_tim_ex.o
                0x0800541c                HAL_TIMEx_BreakCallback
 .text.HAL_UART_Init
                0x08005430       0x9a Drivers\STM32F4xx_HAL_Driver\Src\stm32f4xx_hal_uart.o
                0x08005430                HAL_UART_Init
 .text.HAL_UART_Transmit
                0x080054ca      0x130 Drivers\STM32F4xx_HAL_Driver\Src\stm32f4xx_hal_uart.o
                0x080054ca                HAL_UART_Transmit
 .text.UART_WaitOnFlagUntilTimeout
                0x080055fa       0x94 Drivers\STM32F4xx_HAL_Driver\Src\stm32f4xx_hal_uart.o
 *fill*         0x0800568e        0x2 
 .text.UART_SetConfig
                0x08005690      0x438 Drivers\STM32F4xx_HAL_Driver\Src\stm32f4xx_hal_uart.o
 .text.FMC_SDRAM_Init
                0x08005ac8       0xe6 Drivers\STM32F4xx_HAL_Driver\Src\stm32f4xx_ll_fmc.o
                0x08005ac8                FMC_SDRAM_Init
 .text.FMC_SDRAM_Timing_Init
                0x08005bae       0xfe Drivers\STM32F4xx_HAL_Driver\Src\stm32f4xx_ll_fmc.o
                0x08005bae                FMC_SDRAM_Timing_Init
 .text.SDIO_Init
                0x08005cac       0x56 Drivers\STM32F4xx_HAL_Driver\Src\stm32f4xx_ll_sdmmc.o
                0x08005cac                SDIO_Init
 .text.SDIO_ReadFIFO
                0x08005d02       0x1a Drivers\STM32F4xx_HAL_Driver\Src\stm32f4xx_ll_sdmmc.o
                0x08005d02                SDIO_ReadFIFO
 .text.SDIO_PowerState_ON
                0x08005d1c       0x1c Drivers\STM32F4xx_HAL_Driver\Src\stm32f4xx_ll_sdmmc.o
                0x08005d1c                SDIO_PowerState_ON
 .text.SDIO_GetPowerState
                0x08005d38       0x1c Drivers\STM32F4xx_HAL_Driver\Src\stm32f4xx_ll_sdmmc.o
                0x08005d38                SDIO_GetPowerState
 .text.SDIO_SendCommand
                0x08005d54       0x54 Drivers\STM32F4xx_HAL_Driver\Src\stm32f4xx_ll_sdmmc.o
                0x08005d54                SDIO_SendCommand
 .text.SDIO_GetCommandResponse
                0x08005da8       0x1a Drivers\STM32F4xx_HAL_Driver\Src\stm32f4xx_ll_sdmmc.o
                0x08005da8                SDIO_GetCommandResponse
 .text.SDIO_GetResponse
                0x08005dc2       0x2a Drivers\STM32F4xx_HAL_Driver\Src\stm32f4xx_ll_sdmmc.o
                0x08005dc2                SDIO_GetResponse
 .text.SDIO_ConfigData
                0x08005dec       0x58 Drivers\STM32F4xx_HAL_Driver\Src\stm32f4xx_ll_sdmmc.o
                0x08005dec                SDIO_ConfigData
 .text.SDMMC_CmdBlockLength
                0x08005e44       0x48 Drivers\STM32F4xx_HAL_Driver\Src\stm32f4xx_ll_sdmmc.o
                0x08005e44                SDMMC_CmdBlockLength
 .text.SDMMC_CmdReadSingleBlock
                0x08005e8c       0x48 Drivers\STM32F4xx_HAL_Driver\Src\stm32f4xx_ll_sdmmc.o
                0x08005e8c                SDMMC_CmdReadSingleBlock
 .text.SDMMC_CmdReadMultiBlock
                0x08005ed4       0x48 Drivers\STM32F4xx_HAL_Driver\Src\stm32f4xx_ll_sdmmc.o
                0x08005ed4                SDMMC_CmdReadMultiBlock
 .text.SDMMC_CmdWriteSingleBlock
                0x08005f1c       0x48 Drivers\STM32F4xx_HAL_Driver\Src\stm32f4xx_ll_sdmmc.o
                0x08005f1c                SDMMC_CmdWriteSingleBlock
 .text.SDMMC_CmdWriteMultiBlock
                0x08005f64       0x48 Drivers\STM32F4xx_HAL_Driver\Src\stm32f4xx_ll_sdmmc.o
                0x08005f64                SDMMC_CmdWriteMultiBlock
 .text.SDMMC_CmdStopTransfer
                0x08005fac       0x48 Drivers\STM32F4xx_HAL_Driver\Src\stm32f4xx_ll_sdmmc.o
                0x08005fac                SDMMC_CmdStopTransfer
 .text.SDMMC_CmdSelDesel
                0x08005ff4       0x4a Drivers\STM32F4xx_HAL_Driver\Src\stm32f4xx_ll_sdmmc.o
                0x08005ff4                SDMMC_CmdSelDesel
 .text.SDMMC_CmdGoIdleState
                0x0800603e       0x40 Drivers\STM32F4xx_HAL_Driver\Src\stm32f4xx_ll_sdmmc.o
                0x0800603e                SDMMC_CmdGoIdleState
 .text.SDMMC_CmdOperCond
                0x0800607e       0x42 Drivers\STM32F4xx_HAL_Driver\Src\stm32f4xx_ll_sdmmc.o
                0x0800607e                SDMMC_CmdOperCond
 .text.SDMMC_CmdAppCommand
                0x080060c0       0x48 Drivers\STM32F4xx_HAL_Driver\Src\stm32f4xx_ll_sdmmc.o
                0x080060c0                SDMMC_CmdAppCommand
 .text.SDMMC_CmdAppOperCommand
                0x08006108       0x4a Drivers\STM32F4xx_HAL_Driver\Src\stm32f4xx_ll_sdmmc.o
                0x08006108                SDMMC_CmdAppOperCommand
 .text.SDMMC_CmdBusWidth
                0x08006152       0x48 Drivers\STM32F4xx_HAL_Driver\Src\stm32f4xx_ll_sdmmc.o
                0x08006152                SDMMC_CmdBusWidth
 .text.SDMMC_CmdSendSCR
                0x0800619a       0x46 Drivers\STM32F4xx_HAL_Driver\Src\stm32f4xx_ll_sdmmc.o
                0x0800619a                SDMMC_CmdSendSCR
 .text.SDMMC_CmdSendCID
                0x080061e0       0x40 Drivers\STM32F4xx_HAL_Driver\Src\stm32f4xx_ll_sdmmc.o
                0x080061e0                SDMMC_CmdSendCID
 .text.SDMMC_CmdSendCSD
                0x08006220       0x42 Drivers\STM32F4xx_HAL_Driver\Src\stm32f4xx_ll_sdmmc.o
                0x08006220                SDMMC_CmdSendCSD
 .text.SDMMC_CmdSetRelAdd
                0x08006262       0x46 Drivers\STM32F4xx_HAL_Driver\Src\stm32f4xx_ll_sdmmc.o
                0x08006262                SDMMC_CmdSetRelAdd
 .text.SDMMC_CmdSendStatus
                0x080062a8       0x48 Drivers\STM32F4xx_HAL_Driver\Src\stm32f4xx_ll_sdmmc.o
                0x080062a8                SDMMC_CmdSendStatus
 .text.SDMMC_GetCmdError
                0x080062f0       0x54 Drivers\STM32F4xx_HAL_Driver\Src\stm32f4xx_ll_sdmmc.o
 .text.SDMMC_GetCmdResp1
                0x08006344      0x1cc Drivers\STM32F4xx_HAL_Driver\Src\stm32f4xx_ll_sdmmc.o
 .text.SDMMC_GetCmdResp2
                0x08006510       0x80 Drivers\STM32F4xx_HAL_Driver\Src\stm32f4xx_ll_sdmmc.o
 .text.SDMMC_GetCmdResp3
                0x08006590       0x68 Drivers\STM32F4xx_HAL_Driver\Src\stm32f4xx_ll_sdmmc.o
 .text.SDMMC_GetCmdResp6
                0x080065f8       0xdc Drivers\STM32F4xx_HAL_Driver\Src\stm32f4xx_ll_sdmmc.o
 .text.SDMMC_GetCmdResp7
                0x080066d4       0x74 Drivers\STM32F4xx_HAL_Driver\Src\stm32f4xx_ll_sdmmc.o
 .text.FATFS_LinkDriverEx
                0x08006748       0x98 Middlewares\Third_Party\FatFs\src\ff_gen_drv.o
                0x08006748                FATFS_LinkDriverEx
 .text.FATFS_LinkDriver
                0x080067e0       0x1e Middlewares\Third_Party\FatFs\src\ff_gen_drv.o
                0x080067e0                FATFS_LinkDriver
 .text.makeFreeRtosPriority
                0x080067fe       0x30 Middlewares\Third_Party\FreeRTOS\Source\CMSIS_RTOS\cmsis_os.o
 .text.inHandlerMode
                0x0800682e       0x24 Middlewares\Third_Party\FreeRTOS\Source\CMSIS_RTOS\cmsis_os.o
 .text.osKernelStart
                0x08006852        0xe Middlewares\Third_Party\FreeRTOS\Source\CMSIS_RTOS\cmsis_os.o
                0x08006852                osKernelStart
 .text.osKernelRunning
                0x08006860       0x18 Middlewares\Third_Party\FreeRTOS\Source\CMSIS_RTOS\cmsis_os.o
                0x08006860                osKernelRunning
 .text.osKernelSysTick
                0x08006878       0x20 Middlewares\Third_Party\FreeRTOS\Source\CMSIS_RTOS\cmsis_os.o
                0x08006878                osKernelSysTick
 .text.osThreadCreate
                0x08006898       0x4e Middlewares\Third_Party\FreeRTOS\Source\CMSIS_RTOS\cmsis_os.o
                0x08006898                osThreadCreate
 *fill*         0x080068e6        0x2 
 .text.osThreadYield
                0x080068e8       0x24 Middlewares\Third_Party\FreeRTOS\Source\CMSIS_RTOS\cmsis_os.o
                0x080068e8                osThreadYield
 .text.osDelay  0x0800690c       0x28 Middlewares\Third_Party\FreeRTOS\Source\CMSIS_RTOS\cmsis_os.o
                0x0800690c                osDelay
 .text.osMessageCreate
                0x08006934       0x24 Middlewares\Third_Party\FreeRTOS\Source\CMSIS_RTOS\cmsis_os.o
                0x08006934                osMessageCreate
 .text.osMessagePut
                0x08006958       0x80 Middlewares\Third_Party\FreeRTOS\Source\CMSIS_RTOS\cmsis_os.o
                0x08006958                osMessagePut
 .text.osMessageGet
                0x080069d8       0xe8 Middlewares\Third_Party\FreeRTOS\Source\CMSIS_RTOS\cmsis_os.o
                0x080069d8                osMessageGet
 .text.osThreadSuspendAll
                0x08006ac0        0xe Middlewares\Third_Party\FreeRTOS\Source\CMSIS_RTOS\cmsis_os.o
                0x08006ac0                osThreadSuspendAll
 .text.osThreadResumeAll
                0x08006ace       0x18 Middlewares\Third_Party\FreeRTOS\Source\CMSIS_RTOS\cmsis_os.o
                0x08006ace                osThreadResumeAll
 .text.osThreadList
                0x08006ae6       0x18 Middlewares\Third_Party\FreeRTOS\Source\CMSIS_RTOS\cmsis_os.o
                0x08006ae6                osThreadList
 .text.vListInitialise
                0x08006afe       0x40 Middlewares\Third_Party\FreeRTOS\Source\list.o
                0x08006afe                vListInitialise
 .text.vListInitialiseItem
                0x08006b3e       0x1a Middlewares\Third_Party\FreeRTOS\Source\list.o
                0x08006b3e                vListInitialiseItem
 .text.vListInsertEnd
                0x08006b58       0x48 Middlewares\Third_Party\FreeRTOS\Source\list.o
                0x08006b58                vListInsertEnd
 .text.vListInsert
                0x08006ba0       0x74 Middlewares\Third_Party\FreeRTOS\Source\list.o
                0x08006ba0                vListInsert
 .text.uxListRemove
                0x08006c14       0x54 Middlewares\Third_Party\FreeRTOS\Source\list.o
                0x08006c14                uxListRemove
 .text.pxPortInitialiseStack
                0x08006c68       0x68 Middlewares\Third_Party\FreeRTOS\Source\portable\GCC\ARM_CM4F\port.o
                0x08006c68                pxPortInitialiseStack
 .text.prvTaskExitError
                0x08006cd0       0x3c Middlewares\Third_Party\FreeRTOS\Source\portable\GCC\ARM_CM4F\port.o
 *fill*         0x08006d0c        0x4 
 .text.SVC_Handler
                0x08006d10       0x28 Middlewares\Third_Party\FreeRTOS\Source\portable\GCC\ARM_CM4F\port.o
                0x08006d10                SVC_Handler
 .text.prvPortStartFirstTask
                0x08006d38       0x20 Middlewares\Third_Party\FreeRTOS\Source\portable\GCC\ARM_CM4F\port.o
 .text.xPortStartScheduler
                0x08006d58      0x118 Middlewares\Third_Party\FreeRTOS\Source\portable\GCC\ARM_CM4F\port.o
                0x08006d58                xPortStartScheduler
 .text.vPortEnterCritical
                0x08006e70       0x5c Middlewares\Third_Party\FreeRTOS\Source\portable\GCC\ARM_CM4F\port.o
                0x08006e70                vPortEnterCritical
 .text.vPortExitCritical
                0x08006ecc       0x50 Middlewares\Third_Party\FreeRTOS\Source\portable\GCC\ARM_CM4F\port.o
                0x08006ecc                vPortExitCritical
 *fill*         0x08006f1c        0x4 
 .text.PendSV_Handler
                0x08006f20       0x68 Middlewares\Third_Party\FreeRTOS\Source\portable\GCC\ARM_CM4F\port.o
                0x08006f20                PendSV_Handler
 .text.SysTick_Handler
                0x08006f88       0x40 Middlewares\Third_Party\FreeRTOS\Source\portable\GCC\ARM_CM4F\port.o
                0x08006f88                SysTick_Handler
 .text.vPortSuppressTicksAndSleep
                0x08006fc8      0x1a0 Middlewares\Third_Party\FreeRTOS\Source\portable\GCC\ARM_CM4F\port.o
                0x08006fc8                vPortSuppressTicksAndSleep
 .text.vPortSetupTimerInterrupt
                0x08007168       0x78 Middlewares\Third_Party\FreeRTOS\Source\portable\GCC\ARM_CM4F\port.o
                0x08007168                vPortSetupTimerInterrupt
 .text.vPortEnableVFP
                0x080071e0       0x14 Middlewares\Third_Party\FreeRTOS\Source\portable\GCC\ARM_CM4F\port.o
 .text.vPortValidateInterruptPriority
                0x080071f4       0x7c Middlewares\Third_Party\FreeRTOS\Source\portable\GCC\ARM_CM4F\port.o
                0x080071f4                vPortValidateInterruptPriority
 .text.pvPortMalloc
                0x08007270      0x18c Middlewares\Third_Party\FreeRTOS\Source\portable\MemMang\heap_4.o
                0x08007270                pvPortMalloc
 .text.vPortFree
                0x080073fc       0xb0 Middlewares\Third_Party\FreeRTOS\Source\portable\MemMang\heap_4.o
                0x080073fc                vPortFree
 .text.prvHeapInit
                0x080074ac       0xc4 Middlewares\Third_Party\FreeRTOS\Source\portable\MemMang\heap_4.o
 .text.prvInsertBlockIntoFreeList
                0x08007570       0xb4 Middlewares\Third_Party\FreeRTOS\Source\portable\MemMang\heap_4.o
 .text.xQueueGenericReset
                0x08007624       0xb4 Middlewares\Third_Party\FreeRTOS\Source\queue.o
                0x08007624                xQueueGenericReset
 .text.xQueueGenericCreate
                0x080076d8       0x72 Middlewares\Third_Party\FreeRTOS\Source\queue.o
                0x080076d8                xQueueGenericCreate
 .text.prvInitialiseNewQueue
                0x0800774a       0x46 Middlewares\Third_Party\FreeRTOS\Source\queue.o
 .text.xQueueGenericSend
                0x08007790      0x1c8 Middlewares\Third_Party\FreeRTOS\Source\queue.o
                0x08007790                xQueueGenericSend
 .text.xQueueGenericSendFromISR
                0x08007958      0x128 Middlewares\Third_Party\FreeRTOS\Source\queue.o
                0x08007958                xQueueGenericSendFromISR
 .text.xQueueGenericReceive
                0x08007a80      0x1fc Middlewares\Third_Party\FreeRTOS\Source\queue.o
                0x08007a80                xQueueGenericReceive
 .text.xQueueReceiveFromISR
                0x08007c7c       0xfa Middlewares\Third_Party\FreeRTOS\Source\queue.o
                0x08007c7c                xQueueReceiveFromISR
 .text.prvCopyDataToQueue
                0x08007d76       0xd4 Middlewares\Third_Party\FreeRTOS\Source\queue.o
 .text.prvCopyDataFromQueue
                0x08007e4a       0x4c Middlewares\Third_Party\FreeRTOS\Source\queue.o
 .text.prvUnlockQueue
                0x08007e96       0xa4 Middlewares\Third_Party\FreeRTOS\Source\queue.o
 .text.prvIsQueueEmpty
                0x08007f3a       0x2c Middlewares\Third_Party\FreeRTOS\Source\queue.o
 .text.prvIsQueueFull
                0x08007f66       0x30 Middlewares\Third_Party\FreeRTOS\Source\queue.o
 .text.xTaskCreate
                0x08007f96       0x82 Middlewares\Third_Party\FreeRTOS\Source\tasks.o
                0x08007f96                xTaskCreate
 .text.prvInitialiseNewTask
                0x08008018      0x11e Middlewares\Third_Party\FreeRTOS\Source\tasks.o
 *fill*         0x08008136        0x2 
 .text.prvAddNewTaskToReadyList
                0x08008138       0xc0 Middlewares\Third_Party\FreeRTOS\Source\tasks.o
 .text.vTaskDelay
                0x080081f8       0x6c Middlewares\Third_Party\FreeRTOS\Source\tasks.o
                0x080081f8                vTaskDelay
 .text.eTaskGetState
                0x08008264       0xb0 Middlewares\Third_Party\FreeRTOS\Source\tasks.o
                0x08008264                eTaskGetState
 .text.vTaskStartScheduler
                0x08008314       0x8c Middlewares\Third_Party\FreeRTOS\Source\tasks.o
                0x08008314                vTaskStartScheduler
 .text.vTaskSuspendAll
                0x080083a0       0x1c Middlewares\Third_Party\FreeRTOS\Source\tasks.o
                0x080083a0                vTaskSuspendAll
 .text.prvGetExpectedIdleTime
                0x080083bc       0x78 Middlewares\Third_Party\FreeRTOS\Source\tasks.o
 .text.xTaskResumeAll
                0x08008434      0x11c Middlewares\Third_Party\FreeRTOS\Source\tasks.o
                0x08008434                xTaskResumeAll
 .text.xTaskGetTickCount
                0x08008550       0x24 Middlewares\Third_Party\FreeRTOS\Source\tasks.o
                0x08008550                xTaskGetTickCount
 .text.xTaskGetTickCountFromISR
                0x08008574       0x44 Middlewares\Third_Party\FreeRTOS\Source\tasks.o
                0x08008574                xTaskGetTickCountFromISR
 .text.uxTaskGetSystemState
                0x080085b8      0x11c Middlewares\Third_Party\FreeRTOS\Source\tasks.o
                0x080085b8                uxTaskGetSystemState
 .text.vTaskStepTick
                0x080086d4       0x58 Middlewares\Third_Party\FreeRTOS\Source\tasks.o
                0x080086d4                vTaskStepTick
 .text.xTaskIncrementTick
                0x0800872c      0x138 Middlewares\Third_Party\FreeRTOS\Source\tasks.o
                0x0800872c                xTaskIncrementTick
 .text.vTaskSwitchContext
                0x08008864      0x100 Middlewares\Third_Party\FreeRTOS\Source\tasks.o
                0x08008864                vTaskSwitchContext
 .text.vTaskPlaceOnEventList
                0x08008964       0x4c Middlewares\Third_Party\FreeRTOS\Source\tasks.o
                0x08008964                vTaskPlaceOnEventList
 .text.xTaskRemoveFromEventList
                0x080089b0       0xc8 Middlewares\Third_Party\FreeRTOS\Source\tasks.o
                0x080089b0                xTaskRemoveFromEventList
 .text.vTaskSetTimeOutState
                0x08008a78       0x48 Middlewares\Third_Party\FreeRTOS\Source\tasks.o
                0x08008a78                vTaskSetTimeOutState
 .text.xTaskCheckForTimeOut
                0x08008ac0       0xe4 Middlewares\Third_Party\FreeRTOS\Source\tasks.o
                0x08008ac0                xTaskCheckForTimeOut
 .text.vTaskMissedYield
                0x08008ba4       0x18 Middlewares\Third_Party\FreeRTOS\Source\tasks.o
                0x08008ba4                vTaskMissedYield
 .text.prvIdleTask
                0x08008bbc       0x80 Middlewares\Third_Party\FreeRTOS\Source\tasks.o
 .text.eTaskConfirmSleepModeStatus
                0x08008c3c       0x5c Middlewares\Third_Party\FreeRTOS\Source\tasks.o
                0x08008c3c                eTaskConfirmSleepModeStatus
 .text.prvInitialiseTaskLists
                0x08008c98       0x80 Middlewares\Third_Party\FreeRTOS\Source\tasks.o
 .text.prvCheckTasksWaitingTermination
                0x08008d18       0x78 Middlewares\Third_Party\FreeRTOS\Source\tasks.o
 .text.vTaskGetInfo
                0x08008d90       0xbc Middlewares\Third_Party\FreeRTOS\Source\tasks.o
                0x08008d90                vTaskGetInfo
 .text.prvListTasksWithinSingleList
                0x08008e4c       0xa4 Middlewares\Third_Party\FreeRTOS\Source\tasks.o
 .text.prvTaskCheckFreeStackSpace
                0x08008ef0       0x38 Middlewares\Third_Party\FreeRTOS\Source\tasks.o
 .text.prvDeleteTCB
                0x08008f28       0x20 Middlewares\Third_Party\FreeRTOS\Source\tasks.o
 .text.prvResetNextTaskUnblockTime
                0x08008f48       0x4c Middlewares\Third_Party\FreeRTOS\Source\tasks.o
 .text.xTaskGetSchedulerState
                0x08008f94       0x3c Middlewares\Third_Party\FreeRTOS\Source\tasks.o
                0x08008f94                xTaskGetSchedulerState
 .text.vTaskPriorityInherit
                0x08008fd0       0xf4 Middlewares\Third_Party\FreeRTOS\Source\tasks.o
                0x08008fd0                vTaskPriorityInherit
 .text.xTaskPriorityDisinherit
                0x080090c4      0x10c Middlewares\Third_Party\FreeRTOS\Source\tasks.o
                0x080090c4                xTaskPriorityDisinherit
 .text.prvWriteNameToBuffer
                0x080091d0       0x4a Middlewares\Third_Party\FreeRTOS\Source\tasks.o
 *fill*         0x0800921a        0x2 
 .text.vTaskList
                0x0800921c      0x12c Middlewares\Third_Party\FreeRTOS\Source\tasks.o
                0x0800921c                vTaskList
 .text.pvTaskIncrementMutexHeldCount
                0x08009348       0x28 Middlewares\Third_Party\FreeRTOS\Source\tasks.o
                0x08009348                pvTaskIncrementMutexHeldCount
 .text.prvAddCurrentTaskToDelayedList
                0x08009370       0xdc Middlewares\Third_Party\FreeRTOS\Source\tasks.o
 .text.blink_init
                0x0800944c      0x138 Src\blink.o
                0x0800944c                blink_init
 .text.gpiox_on_off
                0x08009584       0x7c Src\blink.o
                0x08009584                gpiox_on_off
 .text.BSP_SD_Init
                0x08009600       0x4c Src\bsp_driver_sd.o
                0x08009600                BSP_SD_Init
 .text.BSP_SD_ReadBlocks_DMA
                0x0800964c       0x34 Src\bsp_driver_sd.o
                0x0800964c                BSP_SD_ReadBlocks_DMA
 .text.BSP_SD_WriteBlocks_DMA
                0x08009680       0x34 Src\bsp_driver_sd.o
                0x08009680                BSP_SD_WriteBlocks_DMA
 .text.BSP_SD_GetCardState
                0x080096b4       0x20 Src\bsp_driver_sd.o
                0x080096b4                BSP_SD_GetCardState
 .text.BSP_SD_GetCardInfo
                0x080096d4       0x1c Src\bsp_driver_sd.o
                0x080096d4                BSP_SD_GetCardInfo
 .text.HAL_SD_RxCpltCallback
                0x080096f0       0x14 Src\bsp_driver_sd.o
                0x080096f0                HAL_SD_RxCpltCallback
 .text.BSP_SD_IsDetected
                0x08009704       0x24 Src\bsp_driver_sd.o
                0x08009704                BSP_SD_IsDetected
 .text.MX_FATFS_Init
                0x08009728       0x24 Src\fatfs.o
                0x08009728                MX_FATFS_Init
 .text.BSP_PlatformIsDetected
                0x0800974c       0x2c Src\fatfs_platform.o
                0x0800974c                BSP_PlatformIsDetected
 .text.vApplicationIdleHook
                0x08009778        0xe Src\freertos.o
                0x08009778                vApplicationIdleHook
 .text.vApplicationStackOverflowHook
                0x08009786       0x16 Src\freertos.o
                0x08009786                vApplicationStackOverflowHook
 .text.vApplicationMallocFailedHook
                0x0800979c        0xe Src\freertos.o
                0x0800979c                vApplicationMallocFailedHook
 .text.PreSleepProcessing
                0x080097aa       0x14 Src\freertos.o
                0x080097aa                PreSleepProcessing
 .text.PostSleepProcessing
                0x080097be       0x14 Src\freertos.o
                0x080097be                PostSleepProcessing
 *fill*         0x080097d2        0x2 
 .text.MX_I2C1_Init
                0x080097d4       0x60 Src\i2c.o
                0x080097d4                MX_I2C1_Init
 .text.HAL_I2C_MspInit
                0x08009834      0x1c8 Src\i2c.o
                0x08009834                HAL_I2C_MspInit
 .text.main     0x080099fc       0x60 Src\main.o
                0x080099fc                main
 .text.SystemClock_Config
                0x08009a5c      0x130 Src\main.o
                0x08009a5c                SystemClock_Config
 .text.MX_CRC_Init
                0x08009b8c       0x28 Src\main.o
 .text.MX_DMA2D_Init
                0x08009bb4       0x64 Src\main.o
 .text.MX_DSIHOST_DSI_Init
                0x08009c18      0x200 Src\main.o
 .text.MX_LTDC_Init
                0x08009e18       0xfc Src\main.o
 .text.MX_QUADSPI_Init
                0x08009f14       0x58 Src\main.o
 .text.MX_SDIO_SD_Init
                0x08009f6c       0x40 Src\main.o
 .text.MX_TIM1_Init
                0x08009fac       0x98 Src\main.o
 .text.MX_DMA_Init
                0x0800a044       0x40 Src\main.o
 .text.MX_FMC_Init
                0x0800a084       0x90 Src\main.o
 .text.MX_GPIO_Init
                0x0800a114      0x200 Src\main.o
 .text.HAL_TIM_PeriodElapsedCallback
                0x0800a314       0x24 Src\main.o
                0x0800a314                HAL_TIM_PeriodElapsedCallback
 .text.Error_Handler
                0x0800a338        0xe Src\main.o
                0x0800a338                Error_Handler
 *fill*         0x0800a346        0x2 
 .text.SD_CheckStatus
                0x0800a348       0x3c Src\sd_diskio.o
 .text.SD_initialize
                0x0800a384       0x78 Src\sd_diskio.o
                0x0800a384                SD_initialize
 .text.SD_status
                0x0800a3fc       0x1c Src\sd_diskio.o
                0x0800a3fc                SD_status
 .text.SD_read  0x0800a418       0x84 Src\sd_diskio.o
                0x0800a418                SD_read
 .text.SD_write
                0x0800a49c       0x84 Src\sd_diskio.o
                0x0800a49c                SD_write
 .text.SD_ioctl
                0x0800a520       0xb0 Src\sd_diskio.o
                0x0800a520                SD_ioctl
 .text.BSP_SD_ReadCpltCallback
                0x0800a5d0       0x1c Src\sd_diskio.o
                0x0800a5d0                BSP_SD_ReadCpltCallback
 .text.HAL_MspInit
                0x0800a5ec       0x50 Src\stm32f4xx_hal_msp.o
                0x0800a5ec                HAL_MspInit
 .text.HAL_CRC_MspInit
                0x0800a63c       0x44 Src\stm32f4xx_hal_msp.o
                0x0800a63c                HAL_CRC_MspInit
 .text.HAL_DMA2D_MspInit
                0x0800a680       0x50 Src\stm32f4xx_hal_msp.o
                0x0800a680                HAL_DMA2D_MspInit
 .text.HAL_DSI_MspInit
                0x0800a6d0       0xa0 Src\stm32f4xx_hal_msp.o
                0x0800a6d0                HAL_DSI_MspInit
 .text.HAL_LTDC_MspInit
                0x0800a770       0x50 Src\stm32f4xx_hal_msp.o
                0x0800a770                HAL_LTDC_MspInit
 .text.HAL_QSPI_MspInit
                0x0800a7c0       0xf4 Src\stm32f4xx_hal_msp.o
                0x0800a7c0                HAL_QSPI_MspInit
 .text.HAL_SD_MspInit
                0x0800a8b4      0x150 Src\stm32f4xx_hal_msp.o
                0x0800a8b4                HAL_SD_MspInit
 .text.HAL_TIM_Base_MspInit
                0x0800aa04       0x44 Src\stm32f4xx_hal_msp.o
                0x0800aa04                HAL_TIM_Base_MspInit
 .text.HAL_FMC_MspInit
                0x0800aa48      0x140 Src\stm32f4xx_hal_msp.o
 .text.HAL_SDRAM_MspInit
                0x0800ab88       0x14 Src\stm32f4xx_hal_msp.o
                0x0800ab88                HAL_SDRAM_MspInit
 .text.HAL_InitTick
                0x0800ab9c       0xb4 Src\stm32f4xx_hal_timebase_tim.o
                0x0800ab9c                HAL_InitTick
 .text.NMI_Handler
                0x0800ac50        0xe Src\stm32f4xx_it.o
                0x0800ac50                NMI_Handler
 .text.HardFault_Handler
                0x0800ac5e        0x6 Src\stm32f4xx_it.o
                0x0800ac5e                HardFault_Handler
 .text.MemManage_Handler
                0x0800ac64        0x6 Src\stm32f4xx_it.o
                0x0800ac64                MemManage_Handler
 .text.BusFault_Handler
                0x0800ac6a        0x6 Src\stm32f4xx_it.o
                0x0800ac6a                BusFault_Handler
 .text.UsageFault_Handler
                0x0800ac70        0x6 Src\stm32f4xx_it.o
                0x0800ac70                UsageFault_Handler
 .text.DebugMon_Handler
                0x0800ac76        0xe Src\stm32f4xx_it.o
                0x0800ac76                DebugMon_Handler
 .text.TIM6_DAC_IRQHandler
                0x0800ac84       0x14 Src\stm32f4xx_it.o
                0x0800ac84                TIM6_DAC_IRQHandler
 .text.DMA2_Stream6_IRQHandler
                0x0800ac98       0x14 Src\stm32f4xx_it.o
                0x0800ac98                DMA2_Stream6_IRQHandler
 .text.LTDC_IRQHandler
                0x0800acac       0x14 Src\stm32f4xx_it.o
                0x0800acac                LTDC_IRQHandler
 .text.DMA2D_IRQHandler
                0x0800acc0       0x14 Src\stm32f4xx_it.o
                0x0800acc0                DMA2D_IRQHandler
 .text.DSI_IRQHandler
                0x0800acd4       0x14 Src\stm32f4xx_it.o
                0x0800acd4                DSI_IRQHandler
 .text.DMA2_Stream0_IRQHandler
                0x0800ace8       0x14 Src\stm32f4xx_it.o
                0x0800ace8                DMA2_Stream0_IRQHandler
 .text.DMA2_Stream3_IRQHandler
                0x0800acfc       0x14 Src\stm32f4xx_it.o
                0x0800acfc                DMA2_Stream3_IRQHandler
 .text.SystemInit
                0x0800ad10       0x6c Src\system_stm32f4xx.o
                0x0800ad10                SystemInit
 .text.MX_USARTx_Init
                0x0800ad7c       0xe4 Src\usart.o
                0x0800ad7c                MX_USARTx_Init
 .text.HAL_UART_MspInit
                0x0800ae60      0x100 Src\usart.o
                0x0800ae60                HAL_UART_MspInit
 .text.uasrtx_send_string
                0x0800af60       0x84 Src\usart.o
                0x0800af60                uasrtx_send_string
 .text.Usr_TaskCreate
                0x0800afe4      0x108 Src\usr_task.o
                0x0800afe4                Usr_TaskCreate
 .text.StartDefaultTask
                0x0800b0ec       0x50 Src\usr_task.o
                0x0800b0ec                StartDefaultTask
 .text.LED_Blink_Entry
                0x0800b13c       0x8a Src\usr_task.o
                0x0800b13c                LED_Blink_Entry
 *fill*         0x0800b1c6        0x2 
 .text.BLE_Task_Entry
                0x0800b1c8       0x5c Src\usr_task.o
                0x0800b1c8                BLE_Task_Entry
 .text.USART_Task_Entry
                0x0800b224       0xf0 Src\usr_task.o
                0x0800b224                USART_Task_Entry
 .text.Display_Task_Entry
                0x0800b314       0x40 Src\usr_task.o
                0x0800b314                Display_Task_Entry
 .text.W5500_Task_Entry
                0x0800b354       0x48 Src\usr_task.o
                0x0800b354                W5500_Task_Entry
 .text.Reset_Handler
                0x0800b39c       0x50 startup\startup_stm32f469xx.o
                0x0800b39c                Reset_Handler
 .text.Default_Handler
                0x0800b3ec        0x2 startup\startup_stm32f469xx.o
                0x0800b3ec                RTC_Alarm_IRQHandler
                0x0800b3ec                HASH_RNG_IRQHandler
                0x0800b3ec                EXTI2_IRQHandler
                0x0800b3ec                TIM8_CC_IRQHandler
                0x0800b3ec                UART8_IRQHandler
                0x0800b3ec                SPI4_IRQHandler
                0x0800b3ec                TIM1_CC_IRQHandler
                0x0800b3ec                DMA2_Stream5_IRQHandler
                0x0800b3ec                DMA1_Stream5_IRQHandler
                0x0800b3ec                PVD_IRQHandler
                0x0800b3ec                SDIO_IRQHandler
                0x0800b3ec                TAMP_STAMP_IRQHandler
                0x0800b3ec                CAN2_RX1_IRQHandler
                0x0800b3ec                EXTI3_IRQHandler
                0x0800b3ec                TIM8_TRG_COM_TIM14_IRQHandler
                0x0800b3ec                TIM1_UP_TIM10_IRQHandler
                0x0800b3ec                TIM8_UP_TIM13_IRQHandler
                0x0800b3ec                I2C3_ER_IRQHandler
                0x0800b3ec                EXTI0_IRQHandler
                0x0800b3ec                I2C2_EV_IRQHandler
                0x0800b3ec                DMA1_Stream2_IRQHandler
                0x0800b3ec                CAN1_RX0_IRQHandler
                0x0800b3ec                FPU_IRQHandler
                0x0800b3ec                OTG_HS_WKUP_IRQHandler
                0x0800b3ec                LTDC_ER_IRQHandler
                0x0800b3ec                CAN2_SCE_IRQHandler
                0x0800b3ec                DMA2_Stream2_IRQHandler
                0x0800b3ec                SPI1_IRQHandler
                0x0800b3ec                TIM1_BRK_TIM9_IRQHandler
                0x0800b3ec                DCMI_IRQHandler
                0x0800b3ec                CAN2_RX0_IRQHandler
                0x0800b3ec                USART6_IRQHandler
                0x0800b3ec                USART3_IRQHandler
                0x0800b3ec                CAN1_RX1_IRQHandler
                0x0800b3ec                UART5_IRQHandler
                0x0800b3ec                TIM4_IRQHandler
                0x0800b3ec                QUADSPI_IRQHandler
                0x0800b3ec                I2C1_EV_IRQHandler
                0x0800b3ec                DMA1_Stream6_IRQHandler
                0x0800b3ec                DMA1_Stream1_IRQHandler
                0x0800b3ec                UART4_IRQHandler
                0x0800b3ec                TIM3_IRQHandler
                0x0800b3ec                RCC_IRQHandler
                0x0800b3ec                TIM8_BRK_TIM12_IRQHandler
                0x0800b3ec                Default_Handler
                0x0800b3ec                EXTI15_10_IRQHandler
                0x0800b3ec                ADC_IRQHandler
                0x0800b3ec                DMA1_Stream7_IRQHandler
                0x0800b3ec                SPI5_IRQHandler
                0x0800b3ec                TIM7_IRQHandler
                0x0800b3ec                CAN2_TX_IRQHandler
                0x0800b3ec                TIM5_IRQHandler
                0x0800b3ec                DMA2_Stream7_IRQHandler
                0x0800b3ec                I2C3_EV_IRQHandler
                0x0800b3ec                EXTI9_5_IRQHandler
                0x0800b3ec                RTC_WKUP_IRQHandler
                0x0800b3ec                ETH_WKUP_IRQHandler
                0x0800b3ec                SPI2_IRQHandler
                0x0800b3ec                OTG_HS_EP1_IN_IRQHandler
                0x0800b3ec                DMA1_Stream0_IRQHandler
                0x0800b3ec                CAN1_TX_IRQHandler
                0x0800b3ec                EXTI4_IRQHandler
                0x0800b3ec                ETH_IRQHandler
                0x0800b3ec                OTG_HS_EP1_OUT_IRQHandler
                0x0800b3ec                WWDG_IRQHandler
                0x0800b3ec                SPI6_IRQHandler
                0x0800b3ec                TIM2_IRQHandler
                0x0800b3ec                OTG_FS_WKUP_IRQHandler
                0x0800b3ec                TIM1_TRG_COM_TIM11_IRQHandler
                0x0800b3ec                OTG_HS_IRQHandler
                0x0800b3ec                EXTI1_IRQHandler
                0x0800b3ec                UART7_IRQHandler
                0x0800b3ec                USART2_IRQHandler
                0x0800b3ec                I2C2_ER_IRQHandler
                0x0800b3ec                DMA2_Stream1_IRQHandler
                0x0800b3ec                CAN1_SCE_IRQHandler
                0x0800b3ec                FLASH_IRQHandler
                0x0800b3ec                DMA2_Stream4_IRQHandler
                0x0800b3ec                USART1_IRQHandler
                0x0800b3ec                OTG_FS_IRQHandler
                0x0800b3ec                SPI3_IRQHandler
                0x0800b3ec                DMA1_Stream4_IRQHandler
                0x0800b3ec                I2C1_ER_IRQHandler
                0x0800b3ec                FMC_IRQHandler
                0x0800b3ec                SAI1_IRQHandler
                0x0800b3ec                DMA1_Stream3_IRQHandler
 *fill*         0x0800b3ee        0x2 
 .text.__libc_init_array
                0x0800b3f0       0x48 c:/program files (x86)/atollic/truestudio for stm32 9.2.0/armtools/bin/../lib/gcc/arm-atollic-eabi/6.3.1/../../../../arm-atollic-eabi/lib/armv7e-m/fpu\libc_nano.a(lib_a-init.o)
                0x0800b3f0                __libc_init_array
 .text.memcpy   0x0800b438       0x16 c:/program files (x86)/atollic/truestudio for stm32 9.2.0/armtools/bin/../lib/gcc/arm-atollic-eabi/6.3.1/../../../../arm-atollic-eabi/lib/armv7e-m/fpu\libc_nano.a(lib_a-memcpy-stub.o)
                0x0800b438                memcpy
 .text.memset   0x0800b44e       0x10 c:/program files (x86)/atollic/truestudio for stm32 9.2.0/armtools/bin/../lib/gcc/arm-atollic-eabi/6.3.1/../../../../arm-atollic-eabi/lib/armv7e-m/fpu\libc_nano.a(lib_a-memset.o)
                0x0800b44e                memset
 *fill*         0x0800b45e        0x2 
 .text.sprintf  0x0800b460       0x48 c:/program files (x86)/atollic/truestudio for stm32 9.2.0/armtools/bin/../lib/gcc/arm-atollic-eabi/6.3.1/../../../../arm-atollic-eabi/lib/armv7e-m/fpu\libc_nano.a(lib_a-sprintf.o)
                0x0800b460                siprintf
                0x0800b460                sprintf
 .text.strcpy   0x0800b4a8       0x10 c:/program files (x86)/atollic/truestudio for stm32 9.2.0/armtools/bin/../lib/gcc/arm-atollic-eabi/6.3.1/../../../../arm-atollic-eabi/lib/armv7e-m/fpu\libc_nano.a(lib_a-strcpy.o)
                0x0800b4a8                strcpy
 .text.__ssputs_r
                0x0800b4b8       0xb6 c:/program files (x86)/atollic/truestudio for stm32 9.2.0/armtools/bin/../lib/gcc/arm-atollic-eabi/6.3.1/../../../../arm-atollic-eabi/lib/armv7e-m/fpu\libc_nano.a(lib_a-nano-svfprintf.o)
                0x0800b4b8                __ssputs_r
 *fill*         0x0800b56e        0x2 
 .text._svfprintf_r
                0x0800b570      0x1e8 c:/program files (x86)/atollic/truestudio for stm32 9.2.0/armtools/bin/../lib/gcc/arm-atollic-eabi/6.3.1/../../../../arm-atollic-eabi/lib/armv7e-m/fpu\libc_nano.a(lib_a-nano-svfprintf.o)
                0x0800b570                _svfiprintf_r
                0x0800b570                _svfprintf_r
 .text._printf_common
                0x0800b758       0xec c:/program files (x86)/atollic/truestudio for stm32 9.2.0/armtools/bin/../lib/gcc/arm-atollic-eabi/6.3.1/../../../../arm-atollic-eabi/lib/armv7e-m/fpu\libc_nano.a(lib_a-nano-vfprintf_i.o)
                0x0800b758                _printf_common
 .text._printf_i
                0x0800b844      0x240 c:/program files (x86)/atollic/truestudio for stm32 9.2.0/armtools/bin/../lib/gcc/arm-atollic-eabi/6.3.1/../../../../arm-atollic-eabi/lib/armv7e-m/fpu\libc_nano.a(lib_a-nano-vfprintf_i.o)
                0x0800b844                _printf_i
 .text.memmove  0x0800ba84       0x34 c:/program files (x86)/atollic/truestudio for stm32 9.2.0/armtools/bin/../lib/gcc/arm-atollic-eabi/6.3.1/../../../../arm-atollic-eabi/lib/armv7e-m/fpu\libc_nano.a(lib_a-memmove.o)
                0x0800ba84                memmove
 .text._free_r  0x0800bab8       0x9c c:/program files (x86)/atollic/truestudio for stm32 9.2.0/armtools/bin/../lib/gcc/arm-atollic-eabi/6.3.1/../../../../arm-atollic-eabi/lib/armv7e-m/fpu\libc_nano.a(lib_a-nano-freer.o)
                0x0800bab8                _free_r
 .text._malloc_r
                0x0800bb54       0xbc c:/program files (x86)/atollic/truestudio for stm32 9.2.0/armtools/bin/../lib/gcc/arm-atollic-eabi/6.3.1/../../../../arm-atollic-eabi/lib/armv7e-m/fpu\libc_nano.a(lib_a-nano-mallocr.o)
                0x0800bb54                _malloc_r
 .text._realloc_r
                0x0800bc10       0x4c c:/program files (x86)/atollic/truestudio for stm32 9.2.0/armtools/bin/../lib/gcc/arm-atollic-eabi/6.3.1/../../../../arm-atollic-eabi/lib/armv7e-m/fpu\libc_nano.a(lib_a-nano-reallocr.o)
                0x0800bc10                _realloc_r
 .text._sbrk_r  0x0800bc5c       0x20 c:/program files (x86)/atollic/truestudio for stm32 9.2.0/armtools/bin/../lib/gcc/arm-atollic-eabi/6.3.1/../../../../arm-atollic-eabi/lib/armv7e-m/fpu\libc_nano.a(lib_a-sbrkr.o)
                0x0800bc5c                _sbrk_r
 .text.__malloc_lock
                0x0800bc7c        0x2 c:/program files (x86)/atollic/truestudio for stm32 9.2.0/armtools/bin/../lib/gcc/arm-atollic-eabi/6.3.1/../../../../arm-atollic-eabi/lib/armv7e-m/fpu\libc_nano.a(lib_a-mlock.o)
                0x0800bc7c                __malloc_lock
 .text.__malloc_unlock
                0x0800bc7e        0x2 c:/program files (x86)/atollic/truestudio for stm32 9.2.0/armtools/bin/../lib/gcc/arm-atollic-eabi/6.3.1/../../../../arm-atollic-eabi/lib/armv7e-m/fpu\libc_nano.a(lib_a-mlock.o)
                0x0800bc7e                __malloc_unlock
 .text._malloc_usable_size_r
                0x0800bc80       0x12 c:/program files (x86)/atollic/truestudio for stm32 9.2.0/armtools/bin/../lib/gcc/arm-atollic-eabi/6.3.1/../../../../arm-atollic-eabi/lib/armv7e-m/fpu\libc_nano.a(lib_a-nano-msizer.o)
                0x0800bc80                _malloc_usable_size_r
 *fill*         0x0800bc92        0x2 
 .text._sbrk    0x0800bc94       0x1c c:/program files (x86)/atollic/truestudio for stm32 9.2.0/armtools/bin/../lib/gcc/arm-atollic-eabi/6.3.1/../../../../arm-atollic-eabi/lib/armv7e-m/fpu\libnosys.a(sbrk.o)
                0x0800bc94                _sbrk
 *(.glue_7)
 .glue_7        0x0800bcb0        0x0 linker stubs
 *(.glue_7t)
 .glue_7t       0x0800bcb0        0x0 linker stubs
 *(.eh_frame)
 .eh_frame      0x0800bcb0        0x0 c:/program files (x86)/atollic/truestudio for stm32 9.2.0/armtools/bin/../lib/gcc/arm-atollic-eabi/6.3.1/armv7e-m/fpu/crtbegin.o
 *(.init)
 .init          0x0800bcb0        0x4 c:/program files (x86)/atollic/truestudio for stm32 9.2.0/armtools/bin/../lib/gcc/arm-atollic-eabi/6.3.1/armv7e-m/fpu/crti.o
                0x0800bcb0                _init
 .init          0x0800bcb4        0x8 c:/program files (x86)/atollic/truestudio for stm32 9.2.0/armtools/bin/../lib/gcc/arm-atollic-eabi/6.3.1/armv7e-m/fpu/crtn.o
 *(.fini)
 .fini          0x0800bcbc        0x4 c:/program files (x86)/atollic/truestudio for stm32 9.2.0/armtools/bin/../lib/gcc/arm-atollic-eabi/6.3.1/armv7e-m/fpu/crti.o
                0x0800bcbc                _fini
 .fini          0x0800bcc0        0x8 c:/program files (x86)/atollic/truestudio for stm32 9.2.0/armtools/bin/../lib/gcc/arm-atollic-eabi/6.3.1/armv7e-m/fpu/crtn.o
                0x0800bcc8                . = ALIGN (0x4)
                0x0800bcc8                _etext = .

.vfp11_veneer   0x0800bcc8        0x0
 .vfp11_veneer  0x0800bcc8        0x0 linker stubs

.v4_bx          0x0800bcc8        0x0
 .v4_bx         0x0800bcc8        0x0 linker stubs

.iplt           0x0800bcc8        0x0
 .iplt          0x0800bcc8        0x0 c:/program files (x86)/atollic/truestudio for stm32 9.2.0/armtools/bin/../lib/gcc/arm-atollic-eabi/6.3.1/armv7e-m/fpu/crtbegin.o

.rodata         0x0800bcc8      0x1f8
                0x0800bcc8                . = ALIGN (0x4)
 *(.rodata)
 .rodata        0x0800bcc8       0x17 Middlewares\Third_Party\FreeRTOS\Source\tasks.o
 *fill*         0x0800bcdf        0x1 
 .rodata        0x0800bce0        0x8 Src\sd_diskio.o
 .rodata        0x0800bce8       0x29 Src\usart.o
 *fill*         0x0800bd11        0x3 
 .rodata        0x0800bd14      0x144 Src\usr_task.o
 *(.rodata*)
 .rodata.flagBitshiftOffset.10705
                0x0800be58        0x8 Drivers\STM32F4xx_HAL_Driver\Src\stm32f4xx_hal_dma.o
 .rodata.SD_Driver
                0x0800be60       0x14 Src\sd_diskio.o
                0x0800be60                SD_Driver
 .rodata.AHBPrescTable
                0x0800be74       0x10 Src\system_stm32f4xx.o
                0x0800be74                AHBPrescTable
 .rodata.APBPrescTable
                0x0800be84        0x8 Src\system_stm32f4xx.o
                0x0800be84                APBPrescTable
 .rodata._svfprintf_r.str1.1
                0x0800be8c       0x11 c:/program files (x86)/atollic/truestudio for stm32 9.2.0/armtools/bin/../lib/gcc/arm-atollic-eabi/6.3.1/../../../../arm-atollic-eabi/lib/armv7e-m/fpu\libc_nano.a(lib_a-nano-svfprintf.o)
 .rodata._printf_i.str1.1
                0x0800be9d       0x22 c:/program files (x86)/atollic/truestudio for stm32 9.2.0/armtools/bin/../lib/gcc/arm-atollic-eabi/6.3.1/../../../../arm-atollic-eabi/lib/armv7e-m/fpu\libc_nano.a(lib_a-nano-vfprintf_i.o)
                0x0800bec0                . = ALIGN (0x4)
 *fill*         0x0800bebf        0x1 

.ARM.extab
 *(.ARM.extab* .gnu.linkonce.armextab.*)

.ARM            0x0800bec0        0x8
                0x0800bec0                __exidx_start = .
 *(.ARM.exidx*)
 .ARM.exidx     0x0800bec0        0x8 c:/program files (x86)/atollic/truestudio for stm32 9.2.0/armtools/bin/../lib/gcc/arm-atollic-eabi/6.3.1/armv7e-m/fpu\libgcc.a(_udivmoddi4.o)
                0x0800bec8                __exidx_end = .

.rel.dyn        0x0800bec8        0x0
 .rel.iplt      0x0800bec8        0x0 c:/program files (x86)/atollic/truestudio for stm32 9.2.0/armtools/bin/../lib/gcc/arm-atollic-eabi/6.3.1/armv7e-m/fpu/crtbegin.o

.preinit_array  0x0800bec8        0x0
                0x0800bec8                PROVIDE (__preinit_array_start, .)
 *(.preinit_array*)
                0x0800bec8                PROVIDE (__preinit_array_end, .)

.init_array     0x0800bec8        0x4
                0x0800bec8                PROVIDE (__init_array_start, .)
 *(SORT(.init_array.*))
 *(.init_array*)
 .init_array    0x0800bec8        0x4 c:/program files (x86)/atollic/truestudio for stm32 9.2.0/armtools/bin/../lib/gcc/arm-atollic-eabi/6.3.1/armv7e-m/fpu/crtbegin.o
                0x0800becc                PROVIDE (__init_array_end, .)

.fini_array     0x0800becc        0x4
                [!provide]                PROVIDE (__fini_array_start, .)
 *(SORT(.fini_array.*))
 *(.fini_array*)
 .fini_array    0x0800becc        0x4 c:/program files (x86)/atollic/truestudio for stm32 9.2.0/armtools/bin/../lib/gcc/arm-atollic-eabi/6.3.1/armv7e-m/fpu/crtbegin.o
                [!provide]                PROVIDE (__fini_array_end, .)
                0x0800bed0                _sidata = LOADADDR (.data)

.data           0x20000000       0x74 load address 0x0800bed0
                0x20000000                . = ALIGN (0x4)
                0x20000000                _sdata = .
 *(.data)
 *(.data*)
 .data.uwTickFreq
                0x20000000        0x1 Drivers\STM32F4xx_HAL_Driver\Src\stm32f4xx_hal.o
                0x20000000                uwTickFreq
 *fill*         0x20000001        0x3 
 .data.uxCriticalNesting
                0x20000004        0x4 Middlewares\Third_Party\FreeRTOS\Source\portable\GCC\ARM_CM4F\port.o
 .data.Stat     0x20000008        0x1 Src\sd_diskio.o
 *fill*         0x20000009        0x3 
 .data.SystemCoreClock
                0x2000000c        0x4 Src\system_stm32f4xx.o
                0x2000000c                SystemCoreClock
 .data._impure_ptr
                0x20000010        0x4 c:/program files (x86)/atollic/truestudio for stm32 9.2.0/armtools/bin/../lib/gcc/arm-atollic-eabi/6.3.1/../../../../arm-atollic-eabi/lib/armv7e-m/fpu\libc_nano.a(lib_a-impure.o)
                0x20000010                _impure_ptr
 .data.impure_data
                0x20000014       0x60 c:/program files (x86)/atollic/truestudio for stm32 9.2.0/armtools/bin/../lib/gcc/arm-atollic-eabi/6.3.1/../../../../arm-atollic-eabi/lib/armv7e-m/fpu\libc_nano.a(lib_a-impure.o)
                0x20000074                . = ALIGN (0x4)
                0x20000074                _edata = .
                0x0800bf44                _siccmram = LOADADDR (.ccmram)

.igot.plt       0x20000074        0x0 load address 0x0800bf44
 .igot.plt      0x20000074        0x0 c:/program files (x86)/atollic/truestudio for stm32 9.2.0/armtools/bin/../lib/gcc/arm-atollic-eabi/6.3.1/armv7e-m/fpu/crtbegin.o

.ccmram         0x10000000        0x0 load address 0x0800bf44
                0x10000000                . = ALIGN (0x4)
                0x10000000                _sccmram = .
 *(.ccmram)
 *(.ccmram*)
                0x10000000                . = ALIGN (0x4)
                0x10000000                _eccmram = .
                0x10000000                . = ALIGN (0x4)

.bss            0x20000074    0x19c34
                0x20000074                _sbss = .
                0x20000074                __bss_start__ = _sbss
 *(.bss)
 .bss           0x20000074       0x1c c:/program files (x86)/atollic/truestudio for stm32 9.2.0/armtools/bin/../lib/gcc/arm-atollic-eabi/6.3.1/armv7e-m/fpu/crtbegin.o
 *(.bss*)
 .bss.disk      0x20000090        0xc Middlewares\Third_Party\FatFs\src\ff_gen_drv.o
                0x20000090                disk
 .bss.ulTimerCountsForOneTick
                0x2000009c        0x4 Middlewares\Third_Party\FreeRTOS\Source\portable\GCC\ARM_CM4F\port.o
 .bss.xMaximumPossibleSuppressedTicks
                0x200000a0        0x4 Middlewares\Third_Party\FreeRTOS\Source\portable\GCC\ARM_CM4F\port.o
 .bss.ulStoppedTimerCompensation
                0x200000a4        0x4 Middlewares\Third_Party\FreeRTOS\Source\portable\GCC\ARM_CM4F\port.o
 .bss.ucMaxSysCallPriority
                0x200000a8        0x1 Middlewares\Third_Party\FreeRTOS\Source\portable\GCC\ARM_CM4F\port.o
 *fill*         0x200000a9        0x3 
 .bss.ulMaxPRIGROUPValue
                0x200000ac        0x4 Middlewares\Third_Party\FreeRTOS\Source\portable\GCC\ARM_CM4F\port.o
 .bss.ucHeap    0x200000b0    0x19000 Middlewares\Third_Party\FreeRTOS\Source\portable\MemMang\heap_4.o
 .bss.xStart    0x200190b0        0x8 Middlewares\Third_Party\FreeRTOS\Source\portable\MemMang\heap_4.o
 .bss.pxEnd     0x200190b8        0x4 Middlewares\Third_Party\FreeRTOS\Source\portable\MemMang\heap_4.o
 .bss.xFreeBytesRemaining
                0x200190bc        0x4 Middlewares\Third_Party\FreeRTOS\Source\portable\MemMang\heap_4.o
 .bss.xMinimumEverFreeBytesRemaining
                0x200190c0        0x4 Middlewares\Third_Party\FreeRTOS\Source\portable\MemMang\heap_4.o
 .bss.xBlockAllocatedBit
                0x200190c4        0x4 Middlewares\Third_Party\FreeRTOS\Source\portable\MemMang\heap_4.o
 .bss.pxCurrentTCB
                0x200190c8        0x4 Middlewares\Third_Party\FreeRTOS\Source\tasks.o
                0x200190c8                pxCurrentTCB
 .bss.pxReadyTasksLists
                0x200190cc       0x8c Middlewares\Third_Party\FreeRTOS\Source\tasks.o
 .bss.xDelayedTaskList1
                0x20019158       0x14 Middlewares\Third_Party\FreeRTOS\Source\tasks.o
 .bss.xDelayedTaskList2
                0x2001916c       0x14 Middlewares\Third_Party\FreeRTOS\Source\tasks.o
 .bss.pxDelayedTaskList
                0x20019180        0x4 Middlewares\Third_Party\FreeRTOS\Source\tasks.o
 .bss.pxOverflowDelayedTaskList
                0x20019184        0x4 Middlewares\Third_Party\FreeRTOS\Source\tasks.o
 .bss.xPendingReadyList
                0x20019188       0x14 Middlewares\Third_Party\FreeRTOS\Source\tasks.o
 .bss.xTasksWaitingTermination
                0x2001919c       0x14 Middlewares\Third_Party\FreeRTOS\Source\tasks.o
 .bss.uxDeletedTasksWaitingCleanUp
                0x200191b0        0x4 Middlewares\Third_Party\FreeRTOS\Source\tasks.o
 .bss.xSuspendedTaskList
                0x200191b4       0x14 Middlewares\Third_Party\FreeRTOS\Source\tasks.o
 .bss.uxCurrentNumberOfTasks
                0x200191c8        0x4 Middlewares\Third_Party\FreeRTOS\Source\tasks.o
 .bss.xTickCount
                0x200191cc        0x2 Middlewares\Third_Party\FreeRTOS\Source\tasks.o
 *fill*         0x200191ce        0x2 
 .bss.uxTopReadyPriority
                0x200191d0        0x4 Middlewares\Third_Party\FreeRTOS\Source\tasks.o
 .bss.xSchedulerRunning
                0x200191d4        0x4 Middlewares\Third_Party\FreeRTOS\Source\tasks.o
 .bss.uxPendedTicks
                0x200191d8        0x4 Middlewares\Third_Party\FreeRTOS\Source\tasks.o
 .bss.xYieldPending
                0x200191dc        0x4 Middlewares\Third_Party\FreeRTOS\Source\tasks.o
 .bss.xNumOfOverflows
                0x200191e0        0x4 Middlewares\Third_Party\FreeRTOS\Source\tasks.o
 .bss.uxTaskNumber
                0x200191e4        0x4 Middlewares\Third_Party\FreeRTOS\Source\tasks.o
 .bss.xNextTaskUnblockTime
                0x200191e8        0x2 Middlewares\Third_Party\FreeRTOS\Source\tasks.o
 *fill*         0x200191ea        0x2 
 .bss.xIdleTaskHandle
                0x200191ec        0x4 Middlewares\Third_Party\FreeRTOS\Source\tasks.o
 .bss.uxSchedulerSuspended
                0x200191f0        0x4 Middlewares\Third_Party\FreeRTOS\Source\tasks.o
 .bss.SDQueueID
                0x200191f4        0x4 Src\sd_diskio.o
 .bss.FMC_Initialized
                0x200191f8        0x4 Src\stm32f4xx_hal_msp.o
 .bss.GPIO_InitStruct
                0x200191fc       0x14 Src\usart.o
                0x200191fc                GPIO_InitStruct
 .bss.default_loop.12163
                0x20019210        0x4 Src\usr_task.o
 .bss.ble_loop.12172
                0x20019214        0x4 Src\usr_task.o
 .bss.usart_loop.12177
                0x20019218        0x1 Src\usr_task.o
 *fill*         0x20019219        0x3 
 .bss.display_loop.12186
                0x2001921c        0x4 Src\usr_task.o
 .bss.w5500_loop.12191
                0x20019220        0x4 Src\usr_task.o
 .bss.__malloc_free_list
                0x20019224        0x4 c:/program files (x86)/atollic/truestudio for stm32 9.2.0/armtools/bin/../lib/gcc/arm-atollic-eabi/6.3.1/../../../../arm-atollic-eabi/lib/armv7e-m/fpu\libc_nano.a(lib_a-nano-mallocr.o)
                0x20019224                __malloc_free_list
 .bss.__malloc_sbrk_start
                0x20019228        0x4 c:/program files (x86)/atollic/truestudio for stm32 9.2.0/armtools/bin/../lib/gcc/arm-atollic-eabi/6.3.1/../../../../arm-atollic-eabi/lib/armv7e-m/fpu\libc_nano.a(lib_a-nano-mallocr.o)
                0x20019228                __malloc_sbrk_start
 .bss.heap_end.5239
                0x2001922c        0x4 c:/program files (x86)/atollic/truestudio for stm32 9.2.0/armtools/bin/../lib/gcc/arm-atollic-eabi/6.3.1/../../../../arm-atollic-eabi/lib/armv7e-m/fpu\libnosys.a(sbrk.o)
 *(COMMON)
 COMMON         0x20019230        0x4 Drivers\STM32F4xx_HAL_Driver\Src\stm32f4xx_hal.o
                0x20019230                uwTick
 COMMON         0x20019234       0xc4 Src\OLED\oled.o
                0x20019234                i2c1_info
                0x20019238                hdma_i2c1_tx
                0x20019298                hdma_i2c1_rx
 COMMON         0x200192f8      0x118 Src\W5500\w5500_spi_driver.o
                0x200192f8                hspi1
                0x20019350                hdma_spi1_rx
                0x200193b0                hdma_spi1_tx
 COMMON         0x20019410      0x46c Src\fatfs.o
                0x20019410                retSD
                0x20019414                SDPath
                0x20019418                SDFile
                0x20019648                SDFatFS
 COMMON         0x2001987c       0xa8 Src\i2c.o
                0x2001987c                hi2c1
                0x200198d0                hi2c2
 COMMON         0x20019924      0x2c4 Src\main.o
                0x20019924                defaultTaskHandle
                0x20019928                LED_BlinkHandle
                0x2001992c                hcrc
                0x20019934                BLE_TaskHandle
                0x20019938                hdsi
                0x20019954                Display_Handle
                0x20019958                hltdc
                0x20019a00                W5500_Handle
                0x20019a04                hdma_sdio_tx
                0x20019a64                USART_TaskHandle
                0x20019a68                htim1
                0x20019aa4                hsd
                0x20019b28                hdma2d
                0x20019b68                hsdram1
                0x20019b9c                hqspi
 COMMON         0x20019be8       0x3c Src\stm32f4xx_hal_timebase_tim.o
                0x20019be8                htim6
 COMMON         0x20019c24       0x80 Src\usart.o
                0x20019c24                huart3
                0x20019c64                huart6
 COMMON         0x20019ca4        0x4 c:/program files (x86)/atollic/truestudio for stm32 9.2.0/armtools/bin/../lib/gcc/arm-atollic-eabi/6.3.1/../../../../arm-atollic-eabi/lib/armv7e-m/fpu\libc_nano.a(lib_a-reent.o)
                0x20019ca4                errno
                0x20019ca8                . = ALIGN (0x4)
                0x20019ca8                _ebss = .
                0x20019ca8                __bss_end__ = _ebss

._user_heap_stack
                0x20019ca8      0x600
                0x20019ca8                . = ALIGN (0x4)
                0x20019ca8                PROVIDE (end, .)
                [!provide]                PROVIDE (_end, .)
                0x20019ea8                . = (. + _Min_Heap_Size)
 *fill*         0x20019ca8      0x200 
                0x2001a2a8                . = (. + _Min_Stack_Size)
 *fill*         0x20019ea8      0x400 
                0x2001a2a8                . = ALIGN (0x4)

/DISCARD/
 libc.a(*)
 libm.a(*)
 libgcc.a(*)

.ARM.attributes
                0x00000000       0x30
 *(.ARM.attributes)
 .ARM.attributes
                0x00000000       0x22 c:/program files (x86)/atollic/truestudio for stm32 9.2.0/armtools/bin/../lib/gcc/arm-atollic-eabi/6.3.1/armv7e-m/fpu/crti.o
 .ARM.attributes
                0x00000022       0x34 c:/program files (x86)/atollic/truestudio for stm32 9.2.0/armtools/bin/../lib/gcc/arm-atollic-eabi/6.3.1/armv7e-m/fpu/crtbegin.o
 .ARM.attributes
                0x00000056       0x39 Drivers\STM32F4xx_HAL_Driver\Src\stm32f4xx_hal.o
 .ARM.attributes
                0x0000008f       0x39 Drivers\STM32F4xx_HAL_Driver\Src\stm32f4xx_hal_cortex.o
 .ARM.attributes
                0x000000c8       0x39 Drivers\STM32F4xx_HAL_Driver\Src\stm32f4xx_hal_crc.o
 .ARM.attributes
                0x00000101       0x39 Drivers\STM32F4xx_HAL_Driver\Src\stm32f4xx_hal_dma.o
 .ARM.attributes
                0x0000013a       0x39 Drivers\STM32F4xx_HAL_Driver\Src\stm32f4xx_hal_dma2d.o
 .ARM.attributes
                0x00000173       0x39 Drivers\STM32F4xx_HAL_Driver\Src\stm32f4xx_hal_dsi.o
 .ARM.attributes
                0x000001ac       0x39 Drivers\STM32F4xx_HAL_Driver\Src\stm32f4xx_hal_gpio.o
 .ARM.attributes
                0x000001e5       0x39 Drivers\STM32F4xx_HAL_Driver\Src\stm32f4xx_hal_i2c.o
 .ARM.attributes
                0x0000021e       0x39 Drivers\STM32F4xx_HAL_Driver\Src\stm32f4xx_hal_ltdc.o
 .ARM.attributes
                0x00000257       0x39 Drivers\STM32F4xx_HAL_Driver\Src\stm32f4xx_hal_pwr_ex.o
 .ARM.attributes
                0x00000290       0x39 Drivers\STM32F4xx_HAL_Driver\Src\stm32f4xx_hal_qspi.o
 .ARM.attributes
                0x000002c9       0x39 Drivers\STM32F4xx_HAL_Driver\Src\stm32f4xx_hal_rcc.o
 .ARM.attributes
                0x00000302       0x39 Drivers\STM32F4xx_HAL_Driver\Src\stm32f4xx_hal_rcc_ex.o
 .ARM.attributes
                0x0000033b       0x39 Drivers\STM32F4xx_HAL_Driver\Src\stm32f4xx_hal_sd.o
 .ARM.attributes
                0x00000374       0x39 Drivers\STM32F4xx_HAL_Driver\Src\stm32f4xx_hal_sdram.o
 .ARM.attributes
                0x000003ad       0x39 Drivers\STM32F4xx_HAL_Driver\Src\stm32f4xx_hal_tim.o
 .ARM.attributes
                0x000003e6       0x39 Drivers\STM32F4xx_HAL_Driver\Src\stm32f4xx_hal_tim_ex.o
 .ARM.attributes
                0x0000041f       0x39 Drivers\STM32F4xx_HAL_Driver\Src\stm32f4xx_hal_uart.o
 .ARM.attributes
                0x00000458       0x39 Drivers\STM32F4xx_HAL_Driver\Src\stm32f4xx_ll_fmc.o
 .ARM.attributes
                0x00000491       0x39 Drivers\STM32F4xx_HAL_Driver\Src\stm32f4xx_ll_sdmmc.o
 .ARM.attributes
                0x000004ca       0x39 Middlewares\Third_Party\FatFs\src\ff_gen_drv.o
 .ARM.attributes
                0x00000503       0x39 Middlewares\Third_Party\FreeRTOS\Source\CMSIS_RTOS\cmsis_os.o
 .ARM.attributes
                0x0000053c       0x39 Middlewares\Third_Party\FreeRTOS\Source\list.o
 .ARM.attributes
                0x00000575       0x39 Middlewares\Third_Party\FreeRTOS\Source\portable\GCC\ARM_CM4F\port.o
 .ARM.attributes
                0x000005ae       0x39 Middlewares\Third_Party\FreeRTOS\Source\portable\MemMang\heap_4.o
 .ARM.attributes
                0x000005e7       0x39 Middlewares\Third_Party\FreeRTOS\Source\queue.o
 .ARM.attributes
                0x00000620       0x39 Middlewares\Third_Party\FreeRTOS\Source\tasks.o
 .ARM.attributes
                0x00000659       0x39 Src\OLED\oled.o
 .ARM.attributes
                0x00000692       0x39 Src\W5500\w5500_spi_driver.o
 .ARM.attributes
                0x000006cb       0x39 Src\blink.o
 .ARM.attributes
                0x00000704       0x39 Src\bsp_driver_sd.o
 .ARM.attributes
                0x0000073d       0x39 Src\fatfs.o
 .ARM.attributes
                0x00000776       0x39 Src\fatfs_platform.o
 .ARM.attributes
                0x000007af       0x39 Src\freertos.o
 .ARM.attributes
                0x000007e8       0x39 Src\i2c.o
 .ARM.attributes
                0x00000821       0x39 Src\main.o
 .ARM.attributes
                0x0000085a       0x39 Src\sd_diskio.o
 .ARM.attributes
                0x00000893       0x39 Src\stm32f4xx_hal_msp.o
 .ARM.attributes
                0x000008cc       0x39 Src\stm32f4xx_hal_timebase_tim.o
 .ARM.attributes
                0x00000905       0x39 Src\stm32f4xx_it.o
 .ARM.attributes
                0x0000093e       0x39 Src\system_stm32f4xx.o
 .ARM.attributes
                0x00000977       0x39 Src\usart.o
 .ARM.attributes
                0x000009b0       0x39 Src\usr_task.o
 .ARM.attributes
                0x000009e9       0x21 startup\startup_stm32f469xx.o
 .ARM.attributes
                0x00000a0a       0x34 c:/program files (x86)/atollic/truestudio for stm32 9.2.0/armtools/bin/../lib/gcc/arm-atollic-eabi/6.3.1/../../../../arm-atollic-eabi/lib/armv7e-m/fpu\libc_nano.a(lib_a-init.o)
 .ARM.attributes
                0x00000a3e       0x34 c:/program files (x86)/atollic/truestudio for stm32 9.2.0/armtools/bin/../lib/gcc/arm-atollic-eabi/6.3.1/../../../../arm-atollic-eabi/lib/armv7e-m/fpu\libc_nano.a(lib_a-memcpy-stub.o)
 .ARM.attributes
                0x00000a72       0x34 c:/program files (x86)/atollic/truestudio for stm32 9.2.0/armtools/bin/../lib/gcc/arm-atollic-eabi/6.3.1/../../../../arm-atollic-eabi/lib/armv7e-m/fpu\libc_nano.a(lib_a-memset.o)
 .ARM.attributes
                0x00000aa6       0x34 c:/program files (x86)/atollic/truestudio for stm32 9.2.0/armtools/bin/../lib/gcc/arm-atollic-eabi/6.3.1/../../../../arm-atollic-eabi/lib/armv7e-m/fpu\libc_nano.a(lib_a-sprintf.o)
 .ARM.attributes
                0x00000ada       0x34 c:/program files (x86)/atollic/truestudio for stm32 9.2.0/armtools/bin/../lib/gcc/arm-atollic-eabi/6.3.1/../../../../arm-atollic-eabi/lib/armv7e-m/fpu\libc_nano.a(lib_a-strcpy.o)
 .ARM.attributes
                0x00000b0e       0x1b c:/program files (x86)/atollic/truestudio for stm32 9.2.0/armtools/bin/../lib/gcc/arm-atollic-eabi/6.3.1/../../../../arm-atollic-eabi/lib/armv7e-m/fpu\libc_nano.a(lib_a-strlen.o)
 .ARM.attributes
                0x00000b29       0x34 c:/program files (x86)/atollic/truestudio for stm32 9.2.0/armtools/bin/../lib/gcc/arm-atollic-eabi/6.3.1/../../../../arm-atollic-eabi/lib/armv7e-m/fpu\libc_nano.a(lib_a-impure.o)
 .ARM.attributes
                0x00000b5d       0x34 c:/program files (x86)/atollic/truestudio for stm32 9.2.0/armtools/bin/../lib/gcc/arm-atollic-eabi/6.3.1/../../../../arm-atollic-eabi/lib/armv7e-m/fpu\libc_nano.a(lib_a-nano-svfprintf.o)
 .ARM.attributes
                0x00000b91       0x34 c:/program files (x86)/atollic/truestudio for stm32 9.2.0/armtools/bin/../lib/gcc/arm-atollic-eabi/6.3.1/../../../../arm-atollic-eabi/lib/armv7e-m/fpu\libc_nano.a(lib_a-nano-vfprintf_i.o)
 .ARM.attributes
                0x00000bc5       0x20 c:/program files (x86)/atollic/truestudio for stm32 9.2.0/armtools/bin/../lib/gcc/arm-atollic-eabi/6.3.1/../../../../arm-atollic-eabi/lib/armv7e-m/fpu\libc_nano.a(lib_a-memchr.o)
 .ARM.attributes
                0x00000be5       0x34 c:/program files (x86)/atollic/truestudio for stm32 9.2.0/armtools/bin/../lib/gcc/arm-atollic-eabi/6.3.1/../../../../arm-atollic-eabi/lib/armv7e-m/fpu\libc_nano.a(lib_a-memmove.o)
 .ARM.attributes
                0x00000c19       0x34 c:/program files (x86)/atollic/truestudio for stm32 9.2.0/armtools/bin/../lib/gcc/arm-atollic-eabi/6.3.1/../../../../arm-atollic-eabi/lib/armv7e-m/fpu\libc_nano.a(lib_a-nano-freer.o)
 .ARM.attributes
                0x00000c4d       0x34 c:/program files (x86)/atollic/truestudio for stm32 9.2.0/armtools/bin/../lib/gcc/arm-atollic-eabi/6.3.1/../../../../arm-atollic-eabi/lib/armv7e-m/fpu\libc_nano.a(lib_a-nano-mallocr.o)
 .ARM.attributes
                0x00000c81       0x34 c:/program files (x86)/atollic/truestudio for stm32 9.2.0/armtools/bin/../lib/gcc/arm-atollic-eabi/6.3.1/../../../../arm-atollic-eabi/lib/armv7e-m/fpu\libc_nano.a(lib_a-nano-reallocr.o)
 .ARM.attributes
                0x00000cb5       0x34 c:/program files (x86)/atollic/truestudio for stm32 9.2.0/armtools/bin/../lib/gcc/arm-atollic-eabi/6.3.1/../../../../arm-atollic-eabi/lib/armv7e-m/fpu\libc_nano.a(lib_a-sbrkr.o)
 .ARM.attributes
                0x00000ce9       0x34 c:/program files (x86)/atollic/truestudio for stm32 9.2.0/armtools/bin/../lib/gcc/arm-atollic-eabi/6.3.1/../../../../arm-atollic-eabi/lib/armv7e-m/fpu\libc_nano.a(lib_a-mlock.o)
 .ARM.attributes
                0x00000d1d       0x34 c:/program files (x86)/atollic/truestudio for stm32 9.2.0/armtools/bin/../lib/gcc/arm-atollic-eabi/6.3.1/../../../../arm-atollic-eabi/lib/armv7e-m/fpu\libc_nano.a(lib_a-nano-msizer.o)
 .ARM.attributes
                0x00000d51       0x34 c:/program files (x86)/atollic/truestudio for stm32 9.2.0/armtools/bin/../lib/gcc/arm-atollic-eabi/6.3.1/../../../../arm-atollic-eabi/lib/armv7e-m/fpu\libc_nano.a(lib_a-reent.o)
 .ARM.attributes
                0x00000d85       0x22 c:/program files (x86)/atollic/truestudio for stm32 9.2.0/armtools/bin/../lib/gcc/arm-atollic-eabi/6.3.1/armv7e-m/fpu\libgcc.a(_aeabi_uldivmod.o)
 .ARM.attributes
                0x00000da7       0x34 c:/program files (x86)/atollic/truestudio for stm32 9.2.0/armtools/bin/../lib/gcc/arm-atollic-eabi/6.3.1/armv7e-m/fpu\libgcc.a(_udivmoddi4.o)
 .ARM.attributes
                0x00000ddb       0x22 c:/program files (x86)/atollic/truestudio for stm32 9.2.0/armtools/bin/../lib/gcc/arm-atollic-eabi/6.3.1/armv7e-m/fpu\libgcc.a(_dvmd_tls.o)
 .ARM.attributes
                0x00000dfd       0x34 c:/program files (x86)/atollic/truestudio for stm32 9.2.0/armtools/bin/../lib/gcc/arm-atollic-eabi/6.3.1/../../../../arm-atollic-eabi/lib/armv7e-m/fpu\libnosys.a(sbrk.o)
 .ARM.attributes
                0x00000e31       0x22 c:/program files (x86)/atollic/truestudio for stm32 9.2.0/armtools/bin/../lib/gcc/arm-atollic-eabi/6.3.1/armv7e-m/fpu/crtn.o
OUTPUT(F4_FreeRTOS.elf elf32-littlearm)

.debug_info     0x00000000    0x3af02
 .debug_info    0x00000000     0x119e Drivers\STM32F4xx_HAL_Driver\Src\stm32f4xx_hal.o
 .debug_info    0x0000119e     0x1624 Drivers\STM32F4xx_HAL_Driver\Src\stm32f4xx_hal_cortex.o
 .debug_info    0x000027c2      0xbe4 Drivers\STM32F4xx_HAL_Driver\Src\stm32f4xx_hal_crc.o
 .debug_info    0x000033a6     0x1123 Drivers\STM32F4xx_HAL_Driver\Src\stm32f4xx_hal_dma.o
 .debug_info    0x000044c9     0x1669 Drivers\STM32F4xx_HAL_Driver\Src\stm32f4xx_hal_dma2d.o
 .debug_info    0x00005b32     0x2116 Drivers\STM32F4xx_HAL_Driver\Src\stm32f4xx_hal_dsi.o
 .debug_info    0x00007c48      0xf90 Drivers\STM32F4xx_HAL_Driver\Src\stm32f4xx_hal_gpio.o
 .debug_info    0x00008bd8     0x2891 Drivers\STM32F4xx_HAL_Driver\Src\stm32f4xx_hal_i2c.o
 .debug_info    0x0000b469     0x18db Drivers\STM32F4xx_HAL_Driver\Src\stm32f4xx_hal_ltdc.o
 .debug_info    0x0000cd44      0xf65 Drivers\STM32F4xx_HAL_Driver\Src\stm32f4xx_hal_pwr_ex.o
 .debug_info    0x0000dca9     0x19dc Drivers\STM32F4xx_HAL_Driver\Src\stm32f4xx_hal_qspi.o
 .debug_info    0x0000f685     0x10dc Drivers\STM32F4xx_HAL_Driver\Src\stm32f4xx_hal_rcc.o
 .debug_info    0x00010761     0x1068 Drivers\STM32F4xx_HAL_Driver\Src\stm32f4xx_hal_rcc_ex.o
 .debug_info    0x000117c9     0x1f9b Drivers\STM32F4xx_HAL_Driver\Src\stm32f4xx_hal_sd.o
 .debug_info    0x00013764     0x1456 Drivers\STM32F4xx_HAL_Driver\Src\stm32f4xx_hal_sdram.o
 .debug_info    0x00014bba     0x29f8 Drivers\STM32F4xx_HAL_Driver\Src\stm32f4xx_hal_tim.o
 .debug_info    0x000175b2     0x17d2 Drivers\STM32F4xx_HAL_Driver\Src\stm32f4xx_hal_tim_ex.o
 .debug_info    0x00018d84     0x19dd Drivers\STM32F4xx_HAL_Driver\Src\stm32f4xx_hal_uart.o
 .debug_info    0x0001a761     0x1487 Drivers\STM32F4xx_HAL_Driver\Src\stm32f4xx_ll_fmc.o
 .debug_info    0x0001bbe8     0x187e Drivers\STM32F4xx_HAL_Driver\Src\stm32f4xx_ll_sdmmc.o
 .debug_info    0x0001d466      0xc1f Middlewares\Third_Party\FatFs\src\ff_gen_drv.o
 .debug_info    0x0001e085     0x1c22 Middlewares\Third_Party\FreeRTOS\Source\CMSIS_RTOS\cmsis_os.o
 .debug_info    0x0001fca7      0xad9 Middlewares\Third_Party\FreeRTOS\Source\list.o
 .debug_info    0x00020780      0x5fd Middlewares\Third_Party\FreeRTOS\Source\portable\GCC\ARM_CM4F\port.o
 .debug_info    0x00020d7d      0xc05 Middlewares\Third_Party\FreeRTOS\Source\portable\MemMang\heap_4.o
 .debug_info    0x00021982     0x1bd9 Middlewares\Third_Party\FreeRTOS\Source\queue.o
 .debug_info    0x0002355b     0x2a7c Middlewares\Third_Party\FreeRTOS\Source\tasks.o
 .debug_info    0x00025fd7     0x1119 Src\OLED\oled.o
 .debug_info    0x000270f0     0x1479 Src\W5500\w5500_spi_driver.o
 .debug_info    0x00028569      0xd87 Src\blink.o
 .debug_info    0x000292f0     0x128d Src\bsp_driver_sd.o
 .debug_info    0x0002a57d      0xd5f Src\fatfs.o
 .debug_info    0x0002b2dc      0xa27 Src\fatfs_platform.o
 .debug_info    0x0002bd03      0x9e2 Src\freertos.o