Archive member included to satisfy reference by file (symbol)

c:/program files (x86)/atollic/truestudio for stm32 9.3.0/armtools/bin/../lib/gcc/arm-atollic-eabi/6.3.1/../../../../arm-atollic-eabi/lib/armv7e-m/fpu\libc_nano.a(lib_a-init.o)
                              startup\startup_stm32f469xx.o (__libc_init_array)
c:/program files (x86)/atollic/truestudio for stm32 9.3.0/armtools/bin/../lib/gcc/arm-atollic-eabi/6.3.1/../../../../arm-atollic-eabi/lib/armv7e-m/fpu\libc_nano.a(lib_a-malloc.o)
                              Src\oled.o (malloc)
c:/program files (x86)/atollic/truestudio for stm32 9.3.0/armtools/bin/../lib/gcc/arm-atollic-eabi/6.3.1/../../../../arm-atollic-eabi/lib/armv7e-m/fpu\libc_nano.a(lib_a-memcpy-stub.o)
                              Middlewares\Third_Party\FreeRTOS\Source\queue.o (memcpy)
c:/program files (x86)/atollic/truestudio for stm32 9.3.0/armtools/bin/../lib/gcc/arm-atollic-eabi/6.3.1/../../../../arm-atollic-eabi/lib/armv7e-m/fpu\libc_nano.a(lib_a-memset.o)
                              Middlewares\Third_Party\FreeRTOS\Source\tasks.o (memset)
c:/program files (x86)/atollic/truestudio for stm32 9.3.0/armtools/bin/../lib/gcc/arm-atollic-eabi/6.3.1/../../../../arm-atollic-eabi/lib/armv7e-m/fpu\libc_nano.a(lib_a-nano-freer.o)
                              c:/program files (x86)/atollic/truestudio for stm32 9.3.0/armtools/bin/../lib/gcc/arm-atollic-eabi/6.3.1/../../../../arm-atollic-eabi/lib/armv7e-m/fpu\libc_nano.a(lib_a-malloc.o) (_free_r)
c:/program files (x86)/atollic/truestudio for stm32 9.3.0/armtools/bin/../lib/gcc/arm-atollic-eabi/6.3.1/../../../../arm-atollic-eabi/lib/armv7e-m/fpu\libc_nano.a(lib_a-nano-mallocr.o)
                              c:/program files (x86)/atollic/truestudio for stm32 9.3.0/armtools/bin/../lib/gcc/arm-atollic-eabi/6.3.1/../../../../arm-atollic-eabi/lib/armv7e-m/fpu\libc_nano.a(lib_a-malloc.o) (_malloc_r)
c:/program files (x86)/atollic/truestudio for stm32 9.3.0/armtools/bin/../lib/gcc/arm-atollic-eabi/6.3.1/../../../../arm-atollic-eabi/lib/armv7e-m/fpu\libc_nano.a(lib_a-sbrkr.o)
                              c:/program files (x86)/atollic/truestudio for stm32 9.3.0/armtools/bin/../lib/gcc/arm-atollic-eabi/6.3.1/../../../../arm-atollic-eabi/lib/armv7e-m/fpu\libc_nano.a(lib_a-nano-mallocr.o) (_sbrk_r)
c:/program files (x86)/atollic/truestudio for stm32 9.3.0/armtools/bin/../lib/gcc/arm-atollic-eabi/6.3.1/../../../../arm-atollic-eabi/lib/armv7e-m/fpu\libc_nano.a(lib_a-sprintf.o)
                              Middlewares\Third_Party\FreeRTOS\Source\tasks.o (sprintf)
c:/program files (x86)/atollic/truestudio for stm32 9.3.0/armtools/bin/../lib/gcc/arm-atollic-eabi/6.3.1/../../../../arm-atollic-eabi/lib/armv7e-m/fpu\libc_nano.a(lib_a-strcpy.o)
                              Middlewares\Third_Party\FreeRTOS\Source\tasks.o (strcpy)
c:/program files (x86)/atollic/truestudio for stm32 9.3.0/armtools/bin/../lib/gcc/arm-atollic-eabi/6.3.1/../../../../arm-atollic-eabi/lib/armv7e-m/fpu\libc_nano.a(lib_a-strlen.o)
                              Middlewares\Third_Party\FreeRTOS\Source\tasks.o (strlen)
c:/program files (x86)/atollic/truestudio for stm32 9.3.0/armtools/bin/../lib/gcc/arm-atollic-eabi/6.3.1/../../../../arm-atollic-eabi/lib/armv7e-m/fpu\libc_nano.a(lib_a-impure.o)
                              c:/program files (x86)/atollic/truestudio for stm32 9.3.0/armtools/bin/../lib/gcc/arm-atollic-eabi/6.3.1/../../../../arm-atollic-eabi/lib/armv7e-m/fpu\libc_nano.a(lib_a-malloc.o) (_impure_ptr)
c:/program files (x86)/atollic/truestudio for stm32 9.3.0/armtools/bin/../lib/gcc/arm-atollic-eabi/6.3.1/../../../../arm-atollic-eabi/lib/armv7e-m/fpu\libc_nano.a(lib_a-mlock.o)
                              c:/program files (x86)/atollic/truestudio for stm32 9.3.0/armtools/bin/../lib/gcc/arm-atollic-eabi/6.3.1/../../../../arm-atollic-eabi/lib/armv7e-m/fpu\libc_nano.a(lib_a-nano-freer.o) (__malloc_lock)
c:/program files (x86)/atollic/truestudio for stm32 9.3.0/armtools/bin/../lib/gcc/arm-atollic-eabi/6.3.1/../../../../arm-atollic-eabi/lib/armv7e-m/fpu\libc_nano.a(lib_a-nano-svfprintf.o)
                              c:/program files (x86)/atollic/truestudio for stm32 9.3.0/armtools/bin/../lib/gcc/arm-atollic-eabi/6.3.1/../../../../arm-atollic-eabi/lib/armv7e-m/fpu\libc_nano.a(lib_a-sprintf.o) (_svfprintf_r)
c:/program files (x86)/atollic/truestudio for stm32 9.3.0/armtools/bin/../lib/gcc/arm-atollic-eabi/6.3.1/../../../../arm-atollic-eabi/lib/armv7e-m/fpu\libc_nano.a(lib_a-nano-vfprintf_i.o)
                              c:/program files (x86)/atollic/truestudio for stm32 9.3.0/armtools/bin/../lib/gcc/arm-atollic-eabi/6.3.1/../../../../arm-atollic-eabi/lib/armv7e-m/fpu\libc_nano.a(lib_a-nano-svfprintf.o) (_printf_i)
c:/program files (x86)/atollic/truestudio for stm32 9.3.0/armtools/bin/../lib/gcc/arm-atollic-eabi/6.3.1/../../../../arm-atollic-eabi/lib/armv7e-m/fpu\libc_nano.a(lib_a-reent.o)
[...]
Memory Configuration

Name             Origin             Length             Attributes
RAM              0x20000000         0x00050000         xrw
CCMRAM           0x10000000         0x00010000         rw
FLASH            0x08000000         0x00200000         xr
*default*        0x00000000         0xffffffff

Linker script and memory map

LOAD c:/program files (x86)/atollic/truestudio for stm32 9.3.0/armtools/bin/../lib/gcc/arm-atollic-eabi/6.3.1/armv7e-m/fpu/crti.o
LOAD c:/program files (x86)/atollic/truestudio for stm32 9.3.0/armtools/bin/../lib/gcc/arm-atollic-eabi/6.3.1/armv7e-m/fpu/crtbegin.o
LOAD Drivers\STM32F4xx_HAL_Driver\Src\stm32f4xx_hal.o
LOAD Drivers\STM32F4xx_HAL_Driver\Src\stm32f4xx_hal_can.o
LOAD Drivers\STM32F4xx_HAL_Driver\Src\stm32f4xx_hal_cortex.o
LOAD Drivers\STM32F4xx_HAL_Driver\Src\stm32f4xx_hal_crc.o
LOAD Drivers\STM32F4xx_HAL_Driver\Src\stm32f4xx_hal_dma.o
LOAD Drivers\STM32F4xx_HAL_Driver\Src\stm32f4xx_hal_dma2d.o
LOAD Drivers\STM32F4xx_HAL_Driver\Src\stm32f4xx_hal_dma_ex.o
LOAD Drivers\STM32F4xx_HAL_Driver\Src\stm32f4xx_hal_dsi.o
LOAD Drivers\STM32F4xx_HAL_Driver\Src\stm32f4xx_hal_flash.o
LOAD Drivers\STM32F4xx_HAL_Driver\Src\stm32f4xx_hal_flash_ex.o
LOAD Drivers\STM32F4xx_HAL_Driver\Src\stm32f4xx_hal_flash_ramfunc.o
LOAD Drivers\STM32F4xx_HAL_Driver\Src\stm32f4xx_hal_gpio.o
LOAD Drivers\STM32F4xx_HAL_Driver\Src\stm32f4xx_hal_i2c.o
LOAD Drivers\STM32F4xx_HAL_Driver\Src\stm32f4xx_hal_i2c_ex.o
LOAD Drivers\STM32F4xx_HAL_Driver\Src\stm32f4xx_hal_ltdc.o
LOAD Drivers\STM32F4xx_HAL_Driver\Src\stm32f4xx_hal_ltdc_ex.o
LOAD Drivers\STM32F4xx_HAL_Driver\Src\stm32f4xx_hal_pwr.o
LOAD Drivers\STM32F4xx_HAL_Driver\Src\stm32f4xx_hal_pwr_ex.o
LOAD Drivers\STM32F4xx_HAL_Driver\Src\stm32f4xx_hal_qspi.o
LOAD Drivers\STM32F4xx_HAL_Driver\Src\stm32f4xx_hal_rcc.o
LOAD Drivers\STM32F4xx_HAL_Driver\Src\stm32f4xx_hal_rcc_ex.o
LOAD Drivers\STM32F4xx_HAL_Driver\Src\stm32f4xx_hal_sd.o
LOAD Drivers\STM32F4xx_HAL_Driver\Src\stm32f4xx_hal_sdram.o
LOAD Drivers\STM32F4xx_HAL_Driver\Src\stm32f4xx_hal_spdifrx.o
LOAD Drivers\STM32F4xx_HAL_Driver\Src\stm32f4xx_hal_spi.o
LOAD Drivers\STM32F4xx_HAL_Driver\Src\stm32f4xx_hal_sram.o
LOAD Drivers\STM32F4xx_HAL_Driver\Src\stm32f4xx_hal_tim.o
LOAD Drivers\STM32F4xx_HAL_Driver\Src\stm32f4xx_hal_tim_ex.o
LOAD Drivers\STM32F4xx_HAL_Driver\Src\stm32f4xx_hal_uart.o
LOAD Drivers\STM32F4xx_HAL_Driver\Src\stm32f4xx_ll_fmc.o
LOAD Drivers\STM32F4xx_HAL_Driver\Src\stm32f4xx_ll_sdmmc.o
LOAD Middlewares\Third_Party\FatFs\src\diskio.o
LOAD Middlewares\Third_Party\FatFs\src\ff.o
LOAD Middlewares\Third_Party\FatFs\src\ff_gen_drv.o
LOAD Middlewares\Third_Party\FatFs\src\option\syscall.o
LOAD Middlewares\Third_Party\FreeRTOS\Source\CMSIS_RTOS\cmsis_os.o
LOAD Middlewares\Third_Party\FreeRTOS\Source\croutine.o
LOAD Middlewares\Third_Party\FreeRTOS\Source\event_groups.o
LOAD Middlewares\Third_Party\FreeRTOS\Source\list.o
LOAD Middlewares\Third_Party\FreeRTOS\Source\portable\GCC\ARM_CM4F\port.o
LOAD Middlewares\Third_Party\FreeRTOS\Source\portable\MemMang\heap_4.o
LOAD Middlewares\Third_Party\FreeRTOS\Source\queue.o
LOAD Middlewares\Third_Party\FreeRTOS\Source\tasks.o
LOAD Middlewares\Third_Party\FreeRTOS\Source\timers.o
LOAD Src\blink.o
LOAD Src\bsp_driver_sd.o
LOAD Src\fatfs.o
LOAD Src\fatfs_platform.o
LOAD Src\freertos.o
LOAD Src\i2c.o
LOAD Src\main.o
LOAD Src\oled.o
LOAD Src\sd_diskio.o
LOAD Src\stm32f4xx_hal_msp.o
LOAD Src\stm32f4xx_hal_timebase_tim.o
LOAD Src\stm32f4xx_it.o
LOAD Src\system_stm32f4xx.o
LOAD Src\timer.o
LOAD Src\usart.o
LOAD Src\usr_task.o
LOAD Src\w5500_driver.o
LOAD startup\startup_stm32f469xx.o
                0x00000080                malloc_getpagesize_P = 0x80
START GROUP
LOAD c:/program files (x86)/atollic/truestudio for stm32 9.3.0/armtools/bin/../lib/gcc/arm-atollic-eabi/6.3.1/../../../../arm-atollic-eabi/lib/armv7e-m/fpu\libc_nano.a
LOAD c:/program files (x86)/atollic/truestudio for stm32 9.3.0/armtools/bin/../lib/gcc/arm-atollic-eabi/6.3.1/../../../../arm-atollic-eabi/lib/armv7e-m/fpu\libm.a
END GROUP
START GROUP
LOAD c:/program files (x86)/atollic/truestudio for stm32 9.3.0/armtools/bin/../lib/gcc/arm-atollic-eabi/6.3.1/armv7e-m/fpu\libgcc.a
LOAD c:/program files (x86)/atollic/truestudio for stm32 9.3.0/armtools/bin/../lib/gcc/arm-atollic-eabi/6.3.1/../../../../arm-atollic-eabi/lib/armv7e-m/fpu\libc_nano.a
END GROUP
START GROUP
LOAD c:/program files (x86)/atollic/truestudio for stm32 9.3.0/armtools/bin/../lib/gcc/arm-atollic-eabi/6.3.1/armv7e-m/fpu\libgcc.a
LOAD c:/program files (x86)/atollic/truestudio for stm32 9.3.0/armtools/bin/../lib/gcc/arm-atollic-eabi/6.3.1/../../../../arm-atollic-eabi/lib/armv7e-m/fpu\libc_nano.a
LOAD c:/program files (x86)/atollic/truestudio for stm32 9.3.0/armtools/bin/../lib/gcc/arm-atollic-eabi/6.3.1/../../../../arm-atollic-eabi/lib/armv7e-m/fpu\libnosys.a
END GROUP
START GROUP
LOAD c:/program files (x86)/atollic/truestudio for stm32 9.3.0/armtools/bin/../lib/gcc/arm-atollic-eabi/6.3.1/armv7e-m/fpu\libgcc.a
LOAD c:/program files (x86)/atollic/truestudio for stm32 9.3.0/armtools/bin/../lib/gcc/arm-atollic-eabi/6.3.1/../../../../arm-atollic-eabi/lib/armv7e-m/fpu\libc_nano.a
LOAD c:/program files (x86)/atollic/truestudio for stm32 9.3.0/armtools/bin/../lib/gcc/arm-atollic-eabi/6.3.1/../../../../arm-atollic-eabi/lib/armv7e-m/fpu\libnosys.a
END GROUP
LOAD c:/program files (x86)/atollic/truestudio for stm32 9.3.0/armtools/bin/../lib/gcc/arm-atollic-eabi/6.3.1/armv7e-m/fpu/crtend.o
LOAD c:/program files (x86)/atollic/truestudio for stm32 9.3.0/armtools/bin/../lib/gcc/arm-atollic-eabi/6.3.1/armv7e-m/fpu/crtn.o
                0x20050000                _estack = 0x20050000
                0x00000200                _Min_Heap_Size = 0x200
                0x00000400                _Min_Stack_Size = 0x400

.isr_vector     0x08000000      0x1b4
                0x08000000                . = ALIGN (0x4)
 *(.isr_vector)
 .isr_vector    0x08000000      0x1b4 startup\startup_stm32f469xx.o
                0x08000000                g_pfnVectors
                0x080001b4                . = ALIGN (0x4)

.text           0x080001c0     0x7448
                0x080001c0                . = ALIGN (0x4)
 *(.text)
 .text          0x080001c0       0x40 c:/program files (x86)/atollic/truestudio for stm32 9.3.0/armtools/bin/../lib/gcc/arm-atollic-eabi/6.3.1/armv7e-m/fpu/crtbegin.o
 .text          0x08000200       0x10 c:/program files (x86)/atollic/truestudio for stm32 9.3.0/armtools/bin/../lib/gcc/arm-atollic-eabi/6.3.1/../../../../arm-atollic-eabi/lib/armv7e-m/fpu\libc_nano.a(lib_a-strlen.o)
                0x08000200                strlen
 .text          0x08000210       0xa0 c:/program files (x86)/atollic/truestudio for stm32 9.3.0/armtools/bin/../lib/gcc/arm-atollic-eabi/6.3.1/../../../../arm-atollic-eabi/lib/armv7e-m/fpu\libc_nano.a(lib_a-memchr.o)
                0x08000210                memchr
 .text          0x080002b0       0x30 c:/program files (x86)/atollic/truestudio for stm32 9.3.0/armtools/bin/../lib/gcc/arm-atollic-eabi/6.3.1/armv7e-m/fpu\libgcc.a(_aeabi_uldivmod.o)
                0x080002b0                __aeabi_uldivmod
 .text          0x080002e0      0x2dc c:/program files (x86)/atollic/truestudio for stm32 9.3.0/armtools/bin/../lib/gcc/arm-atollic-eabi/6.3.1/armv7e-m/fpu\libgcc.a(_udivmoddi4.o)
                0x080002e0                __udivmoddi4
 .text          0x080005bc        0x4 c:/program files (x86)/atollic/truestudio for stm32 9.3.0/armtools/bin/../lib/gcc/arm-atollic-eabi/6.3.1/armv7e-m/fpu\libgcc.a(_dvmd_tls.o)
                0x080005bc                __aeabi_idiv0
                0x080005bc                __aeabi_ldiv0
 *(.text*)
 .text.HAL_Init
                0x080005c0       0x34 Drivers\STM32F4xx_HAL_Driver\Src\stm32f4xx_hal.o
                0x080005c0                HAL_Init
 .text.HAL_IncTick
                0x080005f4       0x18 Drivers\STM32F4xx_HAL_Driver\Src\stm32f4xx_hal.o
                0x080005f4                HAL_IncTick
 .text.HAL_GetTick
                0x0800060c        0xc Drivers\STM32F4xx_HAL_Driver\Src\stm32f4xx_hal.o
                0x0800060c                HAL_GetTick
 .text.HAL_Delay
                0x08000618       0x28 Drivers\STM32F4xx_HAL_Driver\Src\stm32f4xx_hal.o
                0x08000618                HAL_Delay
 .text.HAL_NVIC_SetPriorityGrouping
                0x08000640       0x24 Drivers\STM32F4xx_HAL_Driver\Src\stm32f4xx_hal_cortex.o
                0x08000640                HAL_NVIC_SetPriorityGrouping
 .text.HAL_NVIC_SetPriority
                0x08000664       0x68 Drivers\STM32F4xx_HAL_Driver\Src\stm32f4xx_hal_cortex.o
                0x08000664                HAL_NVIC_SetPriority
 .text.HAL_NVIC_EnableIRQ
                0x080006cc       0x18 Drivers\STM32F4xx_HAL_Driver\Src\stm32f4xx_hal_cortex.o
                0x080006cc                HAL_NVIC_EnableIRQ
 .text.HAL_CRC_Init
                0x080006e4       0x24 Drivers\STM32F4xx_HAL_Driver\Src\stm32f4xx_hal_crc.o
                0x080006e4                HAL_CRC_Init
 .text.DMA_CalcBaseAndBitshift
                0x08000708       0x2c Drivers\STM32F4xx_HAL_Driver\Src\stm32f4xx_hal_dma.o
 .text.HAL_DMA_Init
                0x08000734       0xfc Drivers\STM32F4xx_HAL_Driver\Src\stm32f4xx_hal_dma.o
                0x08000734                HAL_DMA_Init
 .text.HAL_DMA_Start_IT
                0x08000830       0x7c Drivers\STM32F4xx_HAL_Driver\Src\stm32f4xx_hal_dma.o
                0x08000830                HAL_DMA_Start_IT
 .text.HAL_DMA_IRQHandler
                0x080008ac      0x174 Drivers\STM32F4xx_HAL_Driver\Src\stm32f4xx_hal_dma.o
                0x080008ac                HAL_DMA_IRQHandler
 .text.HAL_DMA2D_Init
                0x08000a20       0x58 Drivers\STM32F4xx_HAL_Driver\Src\stm32f4xx_hal_dma2d.o
                0x08000a20                HAL_DMA2D_Init
 .text.HAL_DMA2D_LineEventCallback
                0x08000a78        0x2 Drivers\STM32F4xx_HAL_Driver\Src\stm32f4xx_hal_dma2d.o
                0x08000a78                HAL_DMA2D_LineEventCallback
 .text.HAL_DMA2D_CLUTLoadingCpltCallback
                0x08000a7a        0x2 Drivers\STM32F4xx_HAL_Driver\Src\stm32f4xx_hal_dma2d.o
                0x08000a7a                HAL_DMA2D_CLUTLoadingCpltCallback
 .text.HAL_DMA2D_IRQHandler
                0x08000a7c      0x114 Drivers\STM32F4xx_HAL_Driver\Src\stm32f4xx_hal_dma2d.o
                0x08000a7c                HAL_DMA2D_IRQHandler
 .text.HAL_DMA2D_ConfigLayer
                0x08000b90       0xa8 Drivers\STM32F4xx_HAL_Driver\Src\stm32f4xx_hal_dma2d.o
                0x08000b90                HAL_DMA2D_ConfigLayer
 .text.HAL_DSI_ConfigErrorMonitor
                0x08000c38       0xca Drivers\STM32F4xx_HAL_Driver\Src\stm32f4xx_hal_dsi.o
                0x08000c38                HAL_DSI_ConfigErrorMonitor
 *fill*         0x08000d02        0x2 
 .text.HAL_DSI_Init
                0x08000d04      0x15c Drivers\STM32F4xx_HAL_Driver\Src\stm32f4xx_hal_dsi.o
                0x08000d04                HAL_DSI_Init
 .text.HAL_DSI_TearingEffectCallback
                0x08000e60        0x2 Drivers\STM32F4xx_HAL_Driver\Src\stm32f4xx_hal_dsi.o
                0x08000e60                HAL_DSI_TearingEffectCallback
 .text.HAL_DSI_EndOfRefreshCallback
                0x08000e62        0x2 Drivers\STM32F4xx_HAL_Driver\Src\stm32f4xx_hal_dsi.o
                0x08000e62                HAL_DSI_EndOfRefreshCallback
 .text.HAL_DSI_ErrorCallback
                0x08000e64        0x2 Drivers\STM32F4xx_HAL_Driver\Src\stm32f4xx_hal_dsi.o
                0x08000e64                HAL_DSI_ErrorCallback
 .text.HAL_DSI_IRQHandler
                0x08000e66       0xe4 Drivers\STM32F4xx_HAL_Driver\Src\stm32f4xx_hal_dsi.o
                0x08000e66                HAL_DSI_IRQHandler
 .text.HAL_DSI_SetGenericVCID
                0x08000f4a       0x22 Drivers\STM32F4xx_HAL_Driver\Src\stm32f4xx_hal_dsi.o
                0x08000f4a                HAL_DSI_SetGenericVCID
 .text.HAL_DSI_ConfigAdaptedCommandMode
                0x08000f6c       0xe2 Drivers\STM32F4xx_HAL_Driver\Src\stm32f4xx_hal_dsi.o
                0x08000f6c                HAL_DSI_ConfigAdaptedCommandMode
 *fill*         0x0800104e        0x2 
 .text.HAL_DSI_ConfigCommand
                0x08001050       0x68 Drivers\STM32F4xx_HAL_Driver\Src\stm32f4xx_hal_dsi.o
                0x08001050                HAL_DSI_ConfigCommand
 .text.HAL_DSI_ConfigFlowControl
                0x080010b8       0x22 Drivers\STM32F4xx_HAL_Driver\Src\stm32f4xx_hal_dsi.o
                0x080010b8                HAL_DSI_ConfigFlowControl
 .text.HAL_DSI_ConfigPhyTimer
                0x080010da       0x78 Drivers\STM32F4xx_HAL_Driver\Src\stm32f4xx_hal_dsi.o
                0x080010da                HAL_DSI_ConfigPhyTimer
 *fill*         0x08001152        0x2 
 .text.HAL_DSI_ConfigHostTimeouts
                0x08001154       0xcc Drivers\STM32F4xx_HAL_Driver\Src\stm32f4xx_hal_dsi.o
                0x08001154                HAL_DSI_ConfigHostTimeouts
 .text.HAL_DSI_SetLowPowerRXFilter
                0x08001220       0x2c Drivers\STM32F4xx_HAL_Driver\Src\stm32f4xx_hal_dsi.o
                0x08001220                HAL_DSI_SetLowPowerRXFilter
 .text.HAL_GPIO_Init
                0x0800124c      0x1d8 Drivers\STM32F4xx_HAL_Driver\Src\stm32f4xx_hal_gpio.o
                0x0800124c                HAL_GPIO_Init
 .text.HAL_GPIO_ReadPin
                0x08001424        0xc Drivers\STM32F4xx_HAL_Driver\Src\stm32f4xx_hal_gpio.o
                0x08001424                HAL_GPIO_ReadPin
 .text.HAL_GPIO_WritePin
                0x08001430        0xa Drivers\STM32F4xx_HAL_Driver\Src\stm32f4xx_hal_gpio.o
                0x08001430                HAL_GPIO_WritePin
 .text.I2C_IsAcknowledgeFailed
                0x0800143a       0x2a Drivers\STM32F4xx_HAL_Driver\Src\stm32f4xx_hal_i2c.o
 .text.I2C_WaitOnMasterAddressFlagUntilTimeout
                0x08001464       0x80 Drivers\STM32F4xx_HAL_Driver\Src\stm32f4xx_hal_i2c.o
 .text.I2C_WaitOnFlagUntilTimeout
                0x080014e4       0x5c Drivers\STM32F4xx_HAL_Driver\Src\stm32f4xx_hal_i2c.o
 .text.I2C_WaitOnTXEFlagUntilTimeout
                0x08001540       0x4c Drivers\STM32F4xx_HAL_Driver\Src\stm32f4xx_hal_i2c.o
 .text.I2C_WaitOnBTFFlagUntilTimeout
                0x0800158c       0x4c Drivers\STM32F4xx_HAL_Driver\Src\stm32f4xx_hal_i2c.o
 .text.HAL_I2C_Init
                0x080015d8       0xdc Drivers\STM32F4xx_HAL_Driver\Src\stm32f4xx_hal_i2c.o
                0x080015d8                HAL_I2C_Init
 .text.HAL_I2C_Master_Transmit
                0x080016b4      0x1ac Drivers\STM32F4xx_HAL_Driver\Src\stm32f4xx_hal_i2c.o
                0x080016b4                HAL_I2C_Master_Transmit
 .text.LTDC_SetConfig
                0x08001860      0x10c Drivers\STM32F4xx_HAL_Driver\Src\stm32f4xx_hal_ltdc.o
 .text.HAL_LTDC_Init
                0x0800196c       0xd8 Drivers\STM32F4xx_HAL_Driver\Src\stm32f4xx_hal_ltdc.o
                0x0800196c                HAL_LTDC_Init
 .text.HAL_LTDC_ErrorCallback
                0x08001a44        0x2 Drivers\STM32F4xx_HAL_Driver\Src\stm32f4xx_hal_ltdc.o
                0x08001a44                HAL_LTDC_ErrorCallback
 .text.HAL_LTDC_LineEventCallback
                0x08001a46        0x2 Drivers\STM32F4xx_HAL_Driver\Src\stm32f4xx_hal_ltdc.o
                0x08001a46                HAL_LTDC_LineEventCallback
 .text.HAL_LTDC_ReloadEventCallback
                0x08001a48        0x2 Drivers\STM32F4xx_HAL_Driver\Src\stm32f4xx_hal_ltdc.o
                0x08001a48                HAL_LTDC_ReloadEventCallback
 .text.HAL_LTDC_IRQHandler
                0x08001a4a       0xba Drivers\STM32F4xx_HAL_Driver\Src\stm32f4xx_hal_ltdc.o
                0x08001a4a                HAL_LTDC_IRQHandler
 .text.HAL_LTDC_ConfigLayer
                0x08001b04       0x52 Drivers\STM32F4xx_HAL_Driver\Src\stm32f4xx_hal_ltdc.o
                0x08001b04                HAL_LTDC_ConfigLayer
 *fill*         0x08001b56        0x2 
 .text.HAL_PWREx_EnableOverDrive
                0x08001b58       0x78 Drivers\STM32F4xx_HAL_Driver\Src\stm32f4xx_hal_pwr_ex.o
                0x08001b58                HAL_PWREx_EnableOverDrive
 .text.QSPI_WaitFlagStateUntilTimeout
                0x08001bd0       0x4c Drivers\STM32F4xx_HAL_Driver\Src\stm32f4xx_hal_qspi.o
 .text.HAL_QSPI_Init
                0x08001c1c       0xb8 Drivers\STM32F4xx_HAL_Driver\Src\stm32f4xx_hal_qspi.o
                0x08001c1c                HAL_QSPI_Init
 .text.HAL_RCC_GetSysClockFreq
                0x08001cd4       0x5c Drivers\STM32F4xx_HAL_Driver\Src\stm32f4xx_hal_rcc.o
                0x08001cd4                HAL_RCC_GetSysClockFreq
 .text.HAL_RCC_ClockConfig
                0x08001d30      0x134 Drivers\STM32F4xx_HAL_Driver\Src\stm32f4xx_hal_rcc.o
                0x08001d30                HAL_RCC_ClockConfig
 .text.HAL_RCC_GetPCLK1Freq
                0x08001e64       0x20 Drivers\STM32F4xx_HAL_Driver\Src\stm32f4xx_hal_rcc.o
                0x08001e64                HAL_RCC_GetPCLK1Freq
 .text.HAL_RCC_GetPCLK2Freq
                0x08001e84       0x20 Drivers\STM32F4xx_HAL_Driver\Src\stm32f4xx_hal_rcc.o
                0x08001e84                HAL_RCC_GetPCLK2Freq
 .text.HAL_RCC_GetClockConfig
                0x08001ea4       0x3c Drivers\STM32F4xx_HAL_Driver\Src\stm32f4xx_hal_rcc.o
                0x08001ea4                HAL_RCC_GetClockConfig
 .text.HAL_RCCEx_PeriphCLKConfig
                0x08001ee0      0x2c4 Drivers\STM32F4xx_HAL_Driver\Src\stm32f4xx_hal_rcc_ex.o
                0x08001ee0                HAL_RCCEx_PeriphCLKConfig
 .text.HAL_RCC_OscConfig
                0x080021a4      0x308 Drivers\STM32F4xx_HAL_Driver\Src\stm32f4xx_hal_rcc_ex.o
                0x080021a4                HAL_RCC_OscConfig
 .text.SD_DMATransmitCplt
                0x080024ac        0xe Drivers\STM32F4xx_HAL_Driver\Src\stm32f4xx_hal_sd.o
 .text.SD_FindSCR
                0x080024ba       0xca Drivers\STM32F4xx_HAL_Driver\Src\stm32f4xx_hal_sd.o
 .text.HAL_SD_ReadBlocks_DMA
                0x08002584      0x10c Drivers\STM32F4xx_HAL_Driver\Src\stm32f4xx_hal_sd.o
                0x08002584                HAL_SD_ReadBlocks_DMA
 .text.HAL_SD_WriteBlocks_DMA
                0x08002690      0x100 Drivers\STM32F4xx_HAL_Driver\Src\stm32f4xx_hal_sd.o
                0x08002690                HAL_SD_WriteBlocks_DMA
 .text.HAL_SD_ErrorCallback
                0x08002790        0x2 Drivers\STM32F4xx_HAL_Driver\Src\stm32f4xx_hal_sd.o
                0x08002790                HAL_SD_ErrorCallback
 .text.SD_DMAReceiveCplt
                0x08002792       0x3c Drivers\STM32F4xx_HAL_Driver\Src\stm32f4xx_hal_sd.o
 .text.HAL_SD_GetCardCSD
                0x080027ce      0x1be Drivers\STM32F4xx_HAL_Driver\Src\stm32f4xx_hal_sd.o
                0x080027ce                HAL_SD_GetCardCSD
 .text.HAL_SD_InitCard
                0x0800298c      0x1dc Drivers\STM32F4xx_HAL_Driver\Src\stm32f4xx_hal_sd.o
                0x0800298c                HAL_SD_InitCard
 .text.HAL_SD_Init
                0x08002b68       0x34 Drivers\STM32F4xx_HAL_Driver\Src\stm32f4xx_hal_sd.o
                0x08002b68                HAL_SD_Init
 .text.HAL_SD_GetCardInfo
                0x08002b9c       0x24 Drivers\STM32F4xx_HAL_Driver\Src\stm32f4xx_hal_sd.o
                0x08002b9c                HAL_SD_GetCardInfo
 .text.HAL_SD_ConfigWideBusOperation
                0x08002bc0      0x108 Drivers\STM32F4xx_HAL_Driver\Src\stm32f4xx_hal_sd.o
                0x08002bc0                HAL_SD_ConfigWideBusOperation
 .text.HAL_SD_GetCardState
                0x08002cc8       0x28 Drivers\STM32F4xx_HAL_Driver\Src\stm32f4xx_hal_sd.o
                0x08002cc8                HAL_SD_GetCardState
 .text.SD_DMAError
                0x08002cf0       0x54 Drivers\STM32F4xx_HAL_Driver\Src\stm32f4xx_hal_sd.o
 .text.HAL_SDRAM_Init
                0x08002d44       0x40 Drivers\STM32F4xx_HAL_Driver\Src\stm32f4xx_hal_sdram.o
                0x08002d44                HAL_SDRAM_Init
 .text.HAL_TIM_Base_Start_IT
                0x08002d84       0x16 Drivers\STM32F4xx_HAL_Driver\Src\stm32f4xx_hal_tim.o
                0x08002d84                HAL_TIM_Base_Start_IT
 .text.HAL_TIM_ConfigClockSource
                0x08002d9a      0x172 Drivers\STM32F4xx_HAL_Driver\Src\stm32f4xx_hal_tim.o
                0x08002d9a                HAL_TIM_ConfigClockSource
 .text.HAL_TIM_OC_DelayElapsedCallback
                0x08002f0c        0x2 Drivers\STM32F4xx_HAL_Driver\Src\stm32f4xx_hal_tim.o
                0x08002f0c                HAL_TIM_OC_DelayElapsedCallback
 .text.HAL_TIM_IC_CaptureCallback
                0x08002f0e        0x2 Drivers\STM32F4xx_HAL_Driver\Src\stm32f4xx_hal_tim.o
                0x08002f0e                HAL_TIM_IC_CaptureCallback
 .text.HAL_TIM_PWM_PulseFinishedCallback
                0x08002f10        0x2 Drivers\STM32F4xx_HAL_Driver\Src\stm32f4xx_hal_tim.o
                0x08002f10                HAL_TIM_PWM_PulseFinishedCallback
 .text.HAL_TIM_TriggerCallback
                0x08002f12        0x2 Drivers\STM32F4xx_HAL_Driver\Src\stm32f4xx_hal_tim.o
                0x08002f12                HAL_TIM_TriggerCallback
 .text.HAL_TIM_IRQHandler
                0x08002f14      0x144 Drivers\STM32F4xx_HAL_Driver\Src\stm32f4xx_hal_tim.o
                0x08002f14                HAL_TIM_IRQHandler
 .text.TIM_Base_SetConfig
                0x08003058       0xc8 Drivers\STM32F4xx_HAL_Driver\Src\stm32f4xx_hal_tim.o
                0x08003058                TIM_Base_SetConfig
 .text.HAL_TIM_Base_Init
                0x08003120       0x34 Drivers\STM32F4xx_HAL_Driver\Src\stm32f4xx_hal_tim.o
                0x08003120                HAL_TIM_Base_Init
 .text.HAL_TIMEx_MasterConfigSynchronization
                0x08003154       0x44 Drivers\STM32F4xx_HAL_Driver\Src\stm32f4xx_hal_tim_ex.o
                0x08003154                HAL_TIMEx_MasterConfigSynchronization
 .text.HAL_TIMEx_CommutationCallback
                0x08003198        0x2 Drivers\STM32F4xx_HAL_Driver\Src\stm32f4xx_hal_tim_ex.o
                0x08003198                HAL_TIMEx_CommutationCallback
 .text.HAL_TIMEx_BreakCallback
                0x0800319a        0x2 Drivers\STM32F4xx_HAL_Driver\Src\stm32f4xx_hal_tim_ex.o
                0x0800319a                HAL_TIMEx_BreakCallback
 .text.UART_SetConfig
                0x0800319c      0x234 Drivers\STM32F4xx_HAL_Driver\Src\stm32f4xx_hal_uart.o
 .text.UART_WaitOnFlagUntilTimeout.constprop.3
                0x080033d0       0x50 Drivers\STM32F4xx_HAL_Driver\Src\stm32f4xx_hal_uart.o
 .text.HAL_UART_Init
                0x08003420       0x5c Drivers\STM32F4xx_HAL_Driver\Src\stm32f4xx_hal_uart.o
                0x08003420                HAL_UART_Init
 .text.HAL_UART_Transmit
                0x0800347c       0xba Drivers\STM32F4xx_HAL_Driver\Src\stm32f4xx_hal_uart.o
                0x0800347c                HAL_UART_Transmit
 .text.FMC_SDRAM_Init
                0x08003536       0x7e Drivers\STM32F4xx_HAL_Driver\Src\stm32f4xx_ll_fmc.o
                0x08003536                FMC_SDRAM_Init
 .text.FMC_SDRAM_Timing_Init
                0x080035b4       0x90 Drivers\STM32F4xx_HAL_Driver\Src\stm32f4xx_ll_fmc.o
                0x080035b4                FMC_SDRAM_Timing_Init
 .text.SDMMC_GetCmdResp2
                0x08003644       0x4c Drivers\STM32F4xx_HAL_Driver\Src\stm32f4xx_ll_sdmmc.o
 .text.SDMMC_GetCmdResp3
                0x08003690       0x40 Drivers\STM32F4xx_HAL_Driver\Src\stm32f4xx_ll_sdmmc.o
 .text.SDIO_Init
                0x080036d0       0x38 Drivers\STM32F4xx_HAL_Driver\Src\stm32f4xx_ll_sdmmc.o
                0x080036d0                SDIO_Init
 .text.SDIO_ReadFIFO
                0x08003708        0x6 Drivers\STM32F4xx_HAL_Driver\Src\stm32f4xx_ll_sdmmc.o
                0x08003708                SDIO_ReadFIFO
 .text.SDIO_PowerState_ON
                0x0800370e        0x8 Drivers\STM32F4xx_HAL_Driver\Src\stm32f4xx_ll_sdmmc.o
                0x0800370e                SDIO_PowerState_ON
 .text.SDIO_GetPowerState
                0x08003716        0x8 Drivers\STM32F4xx_HAL_Driver\Src\stm32f4xx_ll_sdmmc.o
                0x08003716                SDIO_GetPowerState
 .text.SDIO_SendCommand
                0x0800371e       0x26 Drivers\STM32F4xx_HAL_Driver\Src\stm32f4xx_ll_sdmmc.o
                0x0800371e                SDIO_SendCommand
 .text.SDIO_GetResponse
                0x08003744       0x14 Drivers\STM32F4xx_HAL_Driver\Src\stm32f4xx_ll_sdmmc.o
                0x08003744                SDIO_GetResponse
 .text.SDMMC_GetCmdResp1
                0x08003758      0x120 Drivers\STM32F4xx_HAL_Driver\Src\stm32f4xx_ll_sdmmc.o
 .text.SDIO_ConfigData
                0x08003878       0x26 Drivers\STM32F4xx_HAL_Driver\Src\stm32f4xx_ll_sdmmc.o
                0x08003878                SDIO_ConfigData
 .text.SDMMC_CmdBlockLength
                0x0800389e       0x30 Drivers\STM32F4xx_HAL_Driver\Src\stm32f4xx_ll_sdmmc.o
                0x0800389e                SDMMC_CmdBlockLength
 .text.SDMMC_CmdReadSingleBlock
                0x080038ce       0x30 Drivers\STM32F4xx_HAL_Driver\Src\stm32f4xx_ll_sdmmc.o
                0x080038ce                SDMMC_CmdReadSingleBlock
 .text.SDMMC_CmdReadMultiBlock
                0x080038fe       0x30 Drivers\STM32F4xx_HAL_Driver\Src\stm32f4xx_ll_sdmmc.o
                0x080038fe                SDMMC_CmdReadMultiBlock
 .text.SDMMC_CmdWriteSingleBlock
                0x0800392e       0x30 Drivers\STM32F4xx_HAL_Driver\Src\stm32f4xx_ll_sdmmc.o
                0x0800392e                SDMMC_CmdWriteSingleBlock
 .text.SDMMC_CmdWriteMultiBlock
                0x0800395e       0x30 Drivers\STM32F4xx_HAL_Driver\Src\stm32f4xx_ll_sdmmc.o
                0x0800395e                SDMMC_CmdWriteMultiBlock
 *fill*         0x0800398e        0x2 
 .text.SDMMC_CmdStopTransfer
                0x08003990       0x34 Drivers\STM32F4xx_HAL_Driver\Src\stm32f4xx_ll_sdmmc.o
                0x08003990                SDMMC_CmdStopTransfer
 .text.SDMMC_CmdSelDesel
                0x080039c4       0x30 Drivers\STM32F4xx_HAL_Driver\Src\stm32f4xx_ll_sdmmc.o
                0x080039c4                SDMMC_CmdSelDesel
 .text.SDMMC_CmdGoIdleState
                0x080039f4       0x50 Drivers\STM32F4xx_HAL_Driver\Src\stm32f4xx_ll_sdmmc.o
                0x080039f4                SDMMC_CmdGoIdleState
 .text.SDMMC_CmdOperCond
                0x08003a44       0x70 Drivers\STM32F4xx_HAL_Driver\Src\stm32f4xx_ll_sdmmc.o
                0x08003a44                SDMMC_CmdOperCond
 .text.SDMMC_CmdAppCommand
                0x08003ab4       0x30 Drivers\STM32F4xx_HAL_Driver\Src\stm32f4xx_ll_sdmmc.o
                0x08003ab4                SDMMC_CmdAppCommand
 .text.SDMMC_CmdAppOperCommand
                0x08003ae4       0x32 Drivers\STM32F4xx_HAL_Driver\Src\stm32f4xx_ll_sdmmc.o
                0x08003ae4                SDMMC_CmdAppOperCommand
 .text.SDMMC_CmdSendSCR
                0x08003b16       0x30 Drivers\STM32F4xx_HAL_Driver\Src\stm32f4xx_ll_sdmmc.o
                0x08003b16                SDMMC_CmdSendSCR
 .text.SDMMC_CmdSendCID
                0x08003b46       0x2a Drivers\STM32F4xx_HAL_Driver\Src\stm32f4xx_ll_sdmmc.o
                0x08003b46                SDMMC_CmdSendCID
 .text.SDMMC_CmdSendCSD
                0x08003b70       0x2a Drivers\STM32F4xx_HAL_Driver\Src\stm32f4xx_ll_sdmmc.o
                0x08003b70                SDMMC_CmdSendCSD
 *fill*         0x08003b9a        0x2 
 .text.SDMMC_CmdSetRelAdd
                0x08003b9c       0xa8 Drivers\STM32F4xx_HAL_Driver\Src\stm32f4xx_ll_sdmmc.o
                0x08003b9c                SDMMC_CmdSetRelAdd
 .text.SDMMC_CmdSendStatus
                0x08003c44       0x30 Drivers\STM32F4xx_HAL_Driver\Src\stm32f4xx_ll_sdmmc.o
                0x08003c44                SDMMC_CmdSendStatus
 .text.SDMMC_CmdSwitch
                0x08003c74       0x30 Drivers\STM32F4xx_HAL_Driver\Src\stm32f4xx_ll_sdmmc.o
                0x08003c74                SDMMC_CmdSwitch
 .text.SDMMC_CmdBusWidth
                0x08003ca4        0x4 Drivers\STM32F4xx_HAL_Driver\Src\stm32f4xx_ll_sdmmc.o
                0x08003ca4                SDMMC_CmdBusWidth
 .text.FATFS_LinkDriverEx
                0x08003ca8       0x44 Middlewares\Third_Party\FatFs\src\ff_gen_drv.o
                0x08003ca8                FATFS_LinkDriverEx
 .text.FATFS_LinkDriver
                0x08003cec        0x6 Middlewares\Third_Party\FatFs\src\ff_gen_drv.o
                0x08003cec                FATFS_LinkDriver
 .text.osKernelStart
                0x08003cf2        0xa Middlewares\Third_Party\FreeRTOS\Source\CMSIS_RTOS\cmsis_os.o
                0x08003cf2                osKernelStart
 .text.osKernelRunning
                0x08003cfc       0x10 Middlewares\Third_Party\FreeRTOS\Source\CMSIS_RTOS\cmsis_os.o
                0x08003cfc                osKernelRunning
 .text.osKernelSysTick
                0x08003d0c        0xe Middlewares\Third_Party\FreeRTOS\Source\CMSIS_RTOS\cmsis_os.o
                0x08003d0c                osKernelSysTick
 .text.osThreadCreate
                0x08003d1a       0x30 Middlewares\Third_Party\FreeRTOS\Source\CMSIS_RTOS\cmsis_os.o
                0x08003d1a                osThreadCreate
 *fill*         0x08003d4a        0x2 
 .text.osThreadYield
                0x08003d4c       0x18 Middlewares\Third_Party\FreeRTOS\Source\CMSIS_RTOS\cmsis_os.o
                0x08003d4c                osThreadYield
 .text.osDelay  0x08003d64       0x10 Middlewares\Third_Party\FreeRTOS\Source\CMSIS_RTOS\cmsis_os.o
                0x08003d64                osDelay
 .text.osMessageCreate
                0x08003d74        0x8 Middlewares\Third_Party\FreeRTOS\Source\CMSIS_RTOS\cmsis_os.o
                0x08003d74                osMessageCreate
 .text.osMessagePut
                0x08003d7c       0x50 Middlewares\Third_Party\FreeRTOS\Source\CMSIS_RTOS\cmsis_os.o
                0x08003d7c                osMessagePut
 .text.osMessageGet
                0x08003dcc       0x74 Middlewares\Third_Party\FreeRTOS\Source\CMSIS_RTOS\cmsis_os.o
                0x08003dcc                osMessageGet
 .text.osThreadSuspendAll
                0x08003e40        0xa Middlewares\Third_Party\FreeRTOS\Source\CMSIS_RTOS\cmsis_os.o
                0x08003e40                osThreadSuspendAll
 .text.osThreadResumeAll
                0x08003e4a       0x10 Middlewares\Third_Party\FreeRTOS\Source\CMSIS_RTOS\cmsis_os.o
                0x08003e4a                osThreadResumeAll
 .text.osThreadList
                0x08003e5a        0xa Middlewares\Third_Party\FreeRTOS\Source\CMSIS_RTOS\cmsis_os.o
                0x08003e5a                osThreadList
 .text.vListInitialise
                0x08003e64       0x16 Middlewares\Third_Party\FreeRTOS\Source\list.o
                0x08003e64                vListInitialise
 .text.vListInitialiseItem
                0x08003e7a        0x6 Middlewares\Third_Party\FreeRTOS\Source\list.o
                0x08003e7a                vListInitialiseItem
 .text.vListInsertEnd
                0x08003e80       0x18 Middlewares\Third_Party\FreeRTOS\Source\list.o
                0x08003e80                vListInsertEnd
 .text.vListInsert
                0x08003e98       0x2e Middlewares\Third_Party\FreeRTOS\Source\list.o
                0x08003e98                vListInsert
 .text.uxListRemove
                0x08003ec6       0x20 Middlewares\Third_Party\FreeRTOS\Source\list.o
                0x08003ec6                uxListRemove
 *fill*         0x08003ee6        0x2 
 .text.prvTaskExitError
                0x08003ee8       0x30 Middlewares\Third_Party\FreeRTOS\Source\portable\GCC\ARM_CM4F\port.o
 .text.prvPortStartFirstTask
                0x08003f18       0x20 Middlewares\Third_Party\FreeRTOS\Source\portable\GCC\ARM_CM4F\port.o
 .text.vPortEnableVFP
                0x08003f38       0x14 Middlewares\Third_Party\FreeRTOS\Source\portable\GCC\ARM_CM4F\port.o
 .text.pxPortInitialiseStack
                0x08003f4c       0x2c Middlewares\Third_Party\FreeRTOS\Source\portable\GCC\ARM_CM4F\port.o
                0x08003f4c                pxPortInitialiseStack
 *fill*         0x08003f78        0x8 
 .text.SVC_Handler
                0x08003f80       0x24 Middlewares\Third_Party\FreeRTOS\Source\portable\GCC\ARM_CM4F\port.o
                0x08003f80                SVC_Handler
 .text.vPortEnterCritical
                0x08003fa4       0x44 Middlewares\Third_Party\FreeRTOS\Source\portable\GCC\ARM_CM4F\port.o
                0x08003fa4                vPortEnterCritical
 .text.vPortExitCritical
                0x08003fe8       0x28 Middlewares\Third_Party\FreeRTOS\Source\portable\GCC\ARM_CM4F\port.o
                0x08003fe8                vPortExitCritical
 .text.PendSV_Handler
                0x08004010       0x64 Middlewares\Third_Party\FreeRTOS\Source\portable\GCC\ARM_CM4F\port.o
                0x08004010                PendSV_Handler
 .text.SysTick_Handler
                0x08004074       0x2c Middlewares\Third_Party\FreeRTOS\Source\portable\GCC\ARM_CM4F\port.o
                0x08004074                SysTick_Handler
 .text.vPortSuppressTicksAndSleep
                0x080040a0      0x118 Middlewares\Third_Party\FreeRTOS\Source\portable\GCC\ARM_CM4F\port.o
                0x080040a0                vPortSuppressTicksAndSleep
 .text.vPortSetupTimerInterrupt
                0x080041b8       0x50 Middlewares\Third_Party\FreeRTOS\Source\portable\GCC\ARM_CM4F\port.o
                0x080041b8                vPortSetupTimerInterrupt
 .text.xPortStartScheduler
                0x08004208       0xec Middlewares\Third_Party\FreeRTOS\Source\portable\GCC\ARM_CM4F\port.o
                0x08004208                xPortStartScheduler
 .text.vPortValidateInterruptPriority
                0x080042f4       0x5c Middlewares\Third_Party\FreeRTOS\Source\portable\GCC\ARM_CM4F\port.o
                0x080042f4                vPortValidateInterruptPriority
 .text.unlikely.prvInsertBlockIntoFreeList
                0x08004350       0x48 Middlewares\Third_Party\FreeRTOS\Source\portable\MemMang\heap_4.o
 .text.pvPortMalloc
                0x08004398      0x124 Middlewares\Third_Party\FreeRTOS\Source\portable\MemMang\heap_4.o
                0x08004398                pvPortMalloc
 .text.vPortFree
                0x080044bc       0x70 Middlewares\Third_Party\FreeRTOS\Source\portable\MemMang\heap_4.o
                0x080044bc                vPortFree
 .text.unlikely.prvCopyDataToQueue
                0x0800452c       0x66 Middlewares\Third_Party\FreeRTOS\Source\queue.o
 .text.unlikely.prvCopyDataFromQueue
                0x08004592       0x2a Middlewares\Third_Party\FreeRTOS\Source\queue.o
 .text.prvUnlockQueue
                0x080045bc       0x70 Middlewares\Third_Party\FreeRTOS\Source\queue.o
 .text.xQueueGenericReset
                0x0800462c       0x68 Middlewares\Third_Party\FreeRTOS\Source\queue.o
                0x0800462c                xQueueGenericReset
 .text.xQueueGenericCreate
                0x08004694       0x48 Middlewares\Third_Party\FreeRTOS\Source\queue.o
                0x08004694                xQueueGenericCreate
 .text.xQueueGenericSend
                0x080046dc      0x154 Middlewares\Third_Party\FreeRTOS\Source\queue.o
                0x080046dc                xQueueGenericSend
 .text.xQueueGenericSendFromISR
                0x08004830       0xc4 Middlewares\Third_Party\FreeRTOS\Source\queue.o
                0x08004830                xQueueGenericSendFromISR
 .text.xQueueGenericReceive
                0x080048f4      0x178 Middlewares\Third_Party\FreeRTOS\Source\queue.o
                0x080048f4                xQueueGenericReceive
 .text.xQueueReceiveFromISR
                0x08004a6c       0xa0 Middlewares\Third_Party\FreeRTOS\Source\queue.o
                0x08004a6c                xQueueReceiveFromISR
 .text.prvAddCurrentTaskToDelayedList
                0x08004b0c       0x94 Middlewares\Third_Party\FreeRTOS\Source\tasks.o
 .text.prvGetExpectedIdleTime
                0x08004ba0       0x3c Middlewares\Third_Party\FreeRTOS\Source\tasks.o
 .text.prvResetNextTaskUnblockTime
                0x08004bdc       0x24 Middlewares\Third_Party\FreeRTOS\Source\tasks.o
 .text.vTaskSetTimeOutState.part.6
                0x08004c00       0x12 Middlewares\Third_Party\FreeRTOS\Source\tasks.o
 *fill*         0x08004c12        0x2 
 .text.xTaskCreate
                0x08004c14      0x19c Middlewares\Third_Party\FreeRTOS\Source\tasks.o
                0x08004c14                xTaskCreate
 .text.eTaskGetState
                0x08004db0       0x70 Middlewares\Third_Party\FreeRTOS\Source\tasks.o
                0x08004db0                eTaskGetState
 .text.vTaskStartScheduler
                0x08004e20       0x78 Middlewares\Third_Party\FreeRTOS\Source\tasks.o
                0x08004e20                vTaskStartScheduler
 .text.vTaskSuspendAll
                0x08004e98       0x10 Middlewares\Third_Party\FreeRTOS\Source\tasks.o
                0x08004e98                vTaskSuspendAll
 .text.xTaskGetTickCount
                0x08004ea8        0xc Middlewares\Third_Party\FreeRTOS\Source\tasks.o
                0x08004ea8                xTaskGetTickCount
 .text.xTaskGetTickCountFromISR
                0x08004eb4       0x10 Middlewares\Third_Party\FreeRTOS\Source\tasks.o
                0x08004eb4                xTaskGetTickCountFromISR
 .text.vTaskStepTick
                0x08004ec4       0x30 Middlewares\Third_Party\FreeRTOS\Source\tasks.o
                0x08004ec4                vTaskStepTick
 .text.xTaskIncrementTick
                0x08004ef4       0xd8 Middlewares\Third_Party\FreeRTOS\Source\tasks.o
                0x08004ef4                xTaskIncrementTick
 .text.xTaskResumeAll
                0x08004fcc       0xd0 Middlewares\Third_Party\FreeRTOS\Source\tasks.o
                0x08004fcc                xTaskResumeAll
 .text.vTaskDelay
                0x0800509c       0x48 Middlewares\Third_Party\FreeRTOS\Source\tasks.o
                0x0800509c                vTaskDelay
 .text.prvIdleTask
                0x080050e4       0xb0 Middlewares\Third_Party\FreeRTOS\Source\tasks.o
 .text.vTaskSwitchContext
                0x08005194       0xa4 Middlewares\Third_Party\FreeRTOS\Source\tasks.o
                0x08005194                vTaskSwitchContext
 .text.vTaskPlaceOnEventList
                0x08005238       0x34 Middlewares\Third_Party\FreeRTOS\Source\tasks.o
                0x08005238                vTaskPlaceOnEventList
 .text.xTaskRemoveFromEventList
                0x0800526c       0x88 Middlewares\Third_Party\FreeRTOS\Source\tasks.o
                0x0800526c                xTaskRemoveFromEventList
 .text.vTaskSetTimeOutState
                0x080052f4       0x20 Middlewares\Third_Party\FreeRTOS\Source\tasks.o
                0x080052f4                vTaskSetTimeOutState
 .text.xTaskCheckForTimeOut
                0x08005314       0x8c Middlewares\Third_Party\FreeRTOS\Source\tasks.o
                0x08005314                xTaskCheckForTimeOut
 .text.vTaskMissedYield
                0x080053a0        0xc Middlewares\Third_Party\FreeRTOS\Source\tasks.o
                0x080053a0                vTaskMissedYield
 .text.eTaskConfirmSleepModeStatus
                0x080053ac       0x34 Middlewares\Third_Party\FreeRTOS\Source\tasks.o
                0x080053ac                eTaskConfirmSleepModeStatus
 .text.vTaskGetInfo
                0x080053e0       0x80 Middlewares\Third_Party\FreeRTOS\Source\tasks.o
                0x080053e0                vTaskGetInfo
 .text.prvListTasksWithinSingleList
                0x08005460       0x5a Middlewares\Third_Party\FreeRTOS\Source\tasks.o
 *fill*         0x080054ba        0x2 
 .text.uxTaskGetSystemState
                0x080054bc       0xa4 Middlewares\Third_Party\FreeRTOS\Source\tasks.o
                0x080054bc                uxTaskGetSystemState
 .text.xTaskGetSchedulerState
                0x08005560       0x20 Middlewares\Third_Party\FreeRTOS\Source\tasks.o
                0x08005560                xTaskGetSchedulerState
 .text.vTaskPriorityInherit
                0x08005580       0x8c Middlewares\Third_Party\FreeRTOS\Source\tasks.o
                0x08005580                vTaskPriorityInherit
 .text.xTaskPriorityDisinherit
                0x0800560c       0xa0 Middlewares\Third_Party\FreeRTOS\Source\tasks.o
                0x0800560c                xTaskPriorityDisinherit
 .text.vTaskList
                0x080056ac       0xcc Middlewares\Third_Party\FreeRTOS\Source\tasks.o
                0x080056ac                vTaskList
 .text.pvTaskIncrementMutexHeldCount
                0x08005778       0x18 Middlewares\Third_Party\FreeRTOS\Source\tasks.o
                0x08005778                pvTaskIncrementMutexHeldCount
 .text.blink_init
                0x08005790       0xec Src\blink.o
                0x08005790                blink_init
 .text.gpiox_on_off
                0x0800587c       0x40 Src\blink.o
                0x0800587c                gpiox_on_off
 .text.BSP_SD_ReadBlocks_DMA
                0x080058bc       0x1c Src\bsp_driver_sd.o
                0x080058bc                BSP_SD_ReadBlocks_DMA
 .text.BSP_SD_WriteBlocks_DMA
                0x080058d8       0x1c Src\bsp_driver_sd.o
                0x080058d8                BSP_SD_WriteBlocks_DMA
 .text.BSP_SD_GetCardState
                0x080058f4       0x14 Src\bsp_driver_sd.o
                0x080058f4                BSP_SD_GetCardState
 .text.BSP_SD_GetCardInfo
                0x08005908        0xc Src\bsp_driver_sd.o
                0x08005908                BSP_SD_GetCardInfo
 .text.HAL_SD_RxCpltCallback
                0x08005914        0x8 Src\bsp_driver_sd.o
                0x08005914                HAL_SD_RxCpltCallback
 .text.BSP_SD_IsDetected
                0x0800591c       0x1c Src\bsp_driver_sd.o
                0x0800591c                BSP_SD_IsDetected
 .text.BSP_SD_Init
                0x08005938       0x2c Src\bsp_driver_sd.o
                0x08005938                BSP_SD_Init
 .text.MX_FATFS_Init
                0x08005964       0x1c Src\fatfs.o
                0x08005964                MX_FATFS_Init
 .text.BSP_PlatformIsDetected
                0x08005980       0x18 Src\fatfs_platform.o
                0x08005980                BSP_PlatformIsDetected
 .text.vApplicationIdleHook
                0x08005998        0x2 Src\freertos.o
                0x08005998                vApplicationIdleHook
 .text.vApplicationStackOverflowHook
                0x0800599a        0x2 Src\freertos.o
                0x0800599a                vApplicationStackOverflowHook
 .text.vApplicationMallocFailedHook
                0x0800599c        0x2 Src\freertos.o
                0x0800599c                vApplicationMallocFailedHook
 .text.PreSleepProcessing
                0x0800599e        0x2 Src\freertos.o
                0x0800599e                PreSleepProcessing
 .text.PostSleepProcessing
                0x080059a0        0x2 Src\freertos.o
                0x080059a0                PostSleepProcessing
 *fill*         0x080059a2        0x2 
 .text.MX_I2C1_Init
                0x080059a4       0x3c Src\i2c.o
                0x080059a4                MX_I2C1_Init
 .text.HAL_I2C_MspInit
                0x080059e0      0x144 Src\i2c.o
                0x080059e0                HAL_I2C_MspInit
 .text.SystemClock_Config
                0x08005b24       0xc4 Src\main.o
                0x08005b24                SystemClock_Config
 .text.startup.main
                0x08005be8      0x4a8 Src\main.o
                0x08005be8                main
 .text.HAL_TIM_PeriodElapsedCallback
                0x08006090       0x14 Src\main.o
                0x08006090                HAL_TIM_PeriodElapsedCallback
 .text.Error_Handler
                0x080060a4        0x2 Src\main.o
                0x080060a4                Error_Handler
 *fill*         0x080060a6        0x2 
 .text.oled_write_cmd
                0x080060a8       0x38 Src\oled.o
                0x080060a8                oled_write_cmd
 .text.oled_init
                0x080060e0       0xc8 Src\oled.o
                0x080060e0                oled_init
 .text.oled_power_on
                0x080061a8        0x4 Src\oled.o
                0x080061a8                oled_power_on
 .text.SD_CheckStatus.isra.0
                0x080061ac       0x20 Src\sd_diskio.o
 .text.SD_initialize
                0x080061cc       0x48 Src\sd_diskio.o
                0x080061cc                SD_initialize
 .text.SD_status
                0x08006214        0x4 Src\sd_diskio.o
                0x08006214                SD_status
 .text.SD_write.part.2
                0x08006218       0x22 Src\sd_diskio.o
 *fill*         0x0800623a        0x2 
 .text.SD_read  0x0800623c       0x40 Src\sd_diskio.o
                0x0800623c                SD_read
 .text.SD_write
                0x0800627c       0x40 Src\sd_diskio.o
                0x0800627c                SD_write
 .text.SD_ioctl
                0x080062bc       0x50 Src\sd_diskio.o
                0x080062bc                SD_ioctl
 .text.BSP_SD_ReadCpltCallback
                0x0800630c       0x14 Src\sd_diskio.o
                0x0800630c                BSP_SD_ReadCpltCallback
 .text.HAL_MspInit
                0x08006320       0x38 Src\stm32f4xx_hal_msp.o
                0x08006320                HAL_MspInit
 .text.HAL_CRC_MspInit
                0x08006358       0x30 Src\stm32f4xx_hal_msp.o
                0x08006358                HAL_CRC_MspInit
 .text.HAL_DMA2D_MspInit
                0x08006388       0x3c Src\stm32f4xx_hal_msp.o
                0x08006388                HAL_DMA2D_MspInit
 .text.HAL_DSI_MspInit
                0x080063c4       0x7c Src\stm32f4xx_hal_msp.o
                0x080063c4                HAL_DSI_MspInit
 .text.HAL_LTDC_MspInit
                0x08006440       0x3c Src\stm32f4xx_hal_msp.o
                0x08006440                HAL_LTDC_MspInit
 .text.HAL_QSPI_MspInit
                0x0800647c       0xb4 Src\stm32f4xx_hal_msp.o
                0x0800647c                HAL_QSPI_MspInit
 .text.HAL_SD_MspInit
                0x08006530       0xfc Src\stm32f4xx_hal_msp.o
                0x08006530                HAL_SD_MspInit
 .text.HAL_TIM_Base_MspInit
                0x0800662c       0x30 Src\stm32f4xx_hal_msp.o
                0x0800662c                HAL_TIM_Base_MspInit
 .text.HAL_SDRAM_MspInit
                0x0800665c       0xf4 Src\stm32f4xx_hal_msp.o
                0x0800665c                HAL_SDRAM_MspInit
 .text.HAL_InitTick
                0x08006750       0x7c Src\stm32f4xx_hal_timebase_tim.o
                0x08006750                HAL_InitTick
 .text.NMI_Handler
                0x080067cc        0x2 Src\stm32f4xx_it.o
                0x080067cc                NMI_Handler
 .text.HardFault_Handler
                0x080067ce        0x2 Src\stm32f4xx_it.o
                0x080067ce                HardFault_Handler
 .text.MemManage_Handler
                0x080067d0        0x2 Src\stm32f4xx_it.o
                0x080067d0                MemManage_Handler
 .text.BusFault_Handler
                0x080067d2        0x2 Src\stm32f4xx_it.o
                0x080067d2                BusFault_Handler
 .text.UsageFault_Handler
                0x080067d4        0x2 Src\stm32f4xx_it.o
                0x080067d4                UsageFault_Handler
 .text.DebugMon_Handler
                0x080067d6        0x2 Src\stm32f4xx_it.o
                0x080067d6                DebugMon_Handler
 .text.TIM6_DAC_IRQHandler
                0x080067d8        0xc Src\stm32f4xx_it.o
                0x080067d8                TIM6_DAC_IRQHandler
 .text.DMA2_Stream6_IRQHandler
                0x080067e4        0xc Src\stm32f4xx_it.o
                0x080067e4                DMA2_Stream6_IRQHandler
 .text.LTDC_IRQHandler
                0x080067f0        0xc Src\stm32f4xx_it.o
                0x080067f0                LTDC_IRQHandler
 .text.DMA2D_IRQHandler
                0x080067fc        0xc Src\stm32f4xx_it.o
                0x080067fc                DMA2D_IRQHandler
 .text.DSI_IRQHandler
                0x08006808        0xc Src\stm32f4xx_it.o
                0x08006808                DSI_IRQHandler
 .text.DMA2_Stream0_IRQHandler
                0x08006814        0xc Src\stm32f4xx_it.o
                0x08006814                DMA2_Stream0_IRQHandler
 .text.DMA2_Stream3_IRQHandler
                0x08006820        0xc Src\stm32f4xx_it.o
                0x08006820                DMA2_Stream3_IRQHandler
 .text.SystemInit
                0x0800682c       0x4c Src\system_stm32f4xx.o
                0x0800682c                SystemInit
 .text.MX_USARTx_Init
                0x08006878       0x78 Src\usart.o
                0x08006878                MX_USARTx_Init
 .text.HAL_UART_MspInit
                0x080068f0       0xbc Src\usart.o
                0x080068f0                HAL_UART_MspInit
 .text.uasrtx_send_string
                0x080069ac       0x5c Src\usart.o
                0x080069ac                uasrtx_send_string
 .text.StartDefaultTask
                0x08006a08       0x34 Src\usr_task.o
                0x08006a08                StartDefaultTask
 .text.BLE_Task_Entry
                0x08006a3c       0x50 Src\usr_task.o
                0x08006a3c                BLE_Task_Entry
 .text.LED_Blink_Entry
                0x08006a8c       0x84 Src\usr_task.o
                0x08006a8c                LED_Blink_Entry
 .text.W5500_Task_Entry
                0x08006b10       0x2c Src\usr_task.o
                0x08006b10                W5500_Task_Entry
 .text.USART_Task_Entry
                0x08006b3c       0xb8 Src\usr_task.o
                0x08006b3c                USART_Task_Entry
 .text.Display_Task_Entry
                0x08006bf4       0x18 Src\usr_task.o
                0x08006bf4                Display_Task_Entry
 .text.Usr_TaskCreate
                0x08006c0c       0xc0 Src\usr_task.o
                0x08006c0c                Usr_TaskCreate
 .text.Reset_Handler
                0x08006ccc       0x50 startup\startup_stm32f469xx.o
                0x08006ccc                Reset_Handler
 .text.Default_Handler
                0x08006d1c        0x2 startup\startup_stm32f469xx.o
                0x08006d1c                RTC_Alarm_IRQHandler
                0x08006d1c                HASH_RNG_IRQHandler
                0x08006d1c                EXTI2_IRQHandler
                0x08006d1c                TIM8_CC_IRQHandler
                0x08006d1c                UART8_IRQHandler
                0x08006d1c                SPI4_IRQHandler
                0x08006d1c                TIM1_CC_IRQHandler
                0x08006d1c                DMA2_Stream5_IRQHandler
                0x08006d1c                DMA1_Stream5_IRQHandler
                0x08006d1c                PVD_IRQHandler
                0x08006d1c                SDIO_IRQHandler
                0x08006d1c                TAMP_STAMP_IRQHandler
                0x08006d1c                CAN2_RX1_IRQHandler
                0x08006d1c                EXTI3_IRQHandler
                0x08006d1c                TIM8_TRG_COM_TIM14_IRQHandler
                0x08006d1c                TIM1_UP_TIM10_IRQHandler
                0x08006d1c                TIM8_UP_TIM13_IRQHandler
                0x08006d1c                I2C3_ER_IRQHandler
                0x08006d1c                EXTI0_IRQHandler
                0x08006d1c                I2C2_EV_IRQHandler
                0x08006d1c                DMA1_Stream2_IRQHandler
                0x08006d1c                CAN1_RX0_IRQHandler
                0x08006d1c                FPU_IRQHandler
                0x08006d1c                OTG_HS_WKUP_IRQHandler
                0x08006d1c                LTDC_ER_IRQHandler
                0x08006d1c                CAN2_SCE_IRQHandler
                0x08006d1c                DMA2_Stream2_IRQHandler
                0x08006d1c                SPI1_IRQHandler
                0x08006d1c                TIM1_BRK_TIM9_IRQHandler
                0x08006d1c                DCMI_IRQHandler
                0x08006d1c                CAN2_RX0_IRQHandler
                0x08006d1c                USART6_IRQHandler
                0x08006d1c                USART3_IRQHandler
                0x08006d1c                CAN1_RX1_IRQHandler
                0x08006d1c                UART5_IRQHandler
                0x08006d1c                TIM4_IRQHandler
                0x08006d1c                QUADSPI_IRQHandler
                0x08006d1c                I2C1_EV_IRQHandler
                0x08006d1c                DMA1_Stream6_IRQHandler
                0x08006d1c                DMA1_Stream1_IRQHandler
                0x08006d1c                UART4_IRQHandler
                0x08006d1c                TIM3_IRQHandler
                0x08006d1c                RCC_IRQHandler
                0x08006d1c                TIM8_BRK_TIM12_IRQHandler
                0x08006d1c                Default_Handler
                0x08006d1c                EXTI15_10_IRQHandler
                0x08006d1c                ADC_IRQHandler
                0x08006d1c                DMA1_Stream7_IRQHandler
                0x08006d1c                SPI5_IRQHandler
                0x08006d1c                TIM7_IRQHandler
                0x08006d1c                CAN2_TX_IRQHandler
                0x08006d1c                TIM5_IRQHandler
                0x08006d1c                DMA2_Stream7_IRQHandler
                0x08006d1c                I2C3_EV_IRQHandler
                0x08006d1c                EXTI9_5_IRQHandler
                0x08006d1c                RTC_WKUP_IRQHandler
                0x08006d1c                ETH_WKUP_IRQHandler
                0x08006d1c                SPI2_IRQHandler
                0x08006d1c                OTG_HS_EP1_IN_IRQHandler
                0x08006d1c                DMA1_Stream0_IRQHandler
                0x08006d1c                CAN1_TX_IRQHandler
                0x08006d1c                EXTI4_IRQHandler
                0x08006d1c                ETH_IRQHandler
                0x08006d1c                OTG_HS_EP1_OUT_IRQHandler
                0x08006d1c                WWDG_IRQHandler
                0x08006d1c                SPI6_IRQHandler
                0x08006d1c                TIM2_IRQHandler
                0x08006d1c                OTG_FS_WKUP_IRQHandler
                0x08006d1c                TIM1_TRG_COM_TIM11_IRQHandler
                0x08006d1c                OTG_HS_IRQHandler
                0x08006d1c                EXTI1_IRQHandler
                0x08006d1c                UART7_IRQHandler
                0x08006d1c                USART2_IRQHandler
                0x08006d1c                I2C2_ER_IRQHandler
                0x08006d1c                DMA2_Stream1_IRQHandler
                0x08006d1c                CAN1_SCE_IRQHandler
                0x08006d1c                FLASH_IRQHandler
                0x08006d1c                DMA2_Stream4_IRQHandler
                0x08006d1c                USART1_IRQHandler
                0x08006d1c                OTG_FS_IRQHandler
                0x08006d1c                SPI3_IRQHandler
                0x08006d1c                DMA1_Stream4_IRQHandler
                0x08006d1c                I2C1_ER_IRQHandler
                0x08006d1c                FMC_IRQHandler
                0x08006d1c                SAI1_IRQHandler
                0x08006d1c                DMA1_Stream3_IRQHandler
 *fill*         0x08006d1e        0x2 
 .text.__libc_init_array
                0x08006d20       0x48 c:/program files (x86)/atollic/truestudio for stm32 9.3.0/armtools/bin/../lib/gcc/arm-atollic-eabi/6.3.1/../../../../arm-atollic-eabi/lib/armv7e-m/fpu\libc_nano.a(lib_a-init.o)
                0x08006d20                __libc_init_array
 .text.malloc   0x08006d68       0x10 c:/program files (x86)/atollic/truestudio for stm32 9.3.0/armtools/bin/../lib/gcc/arm-atollic-eabi/6.3.1/../../../../arm-atollic-eabi/lib/armv7e-m/fpu\libc_nano.a(lib_a-malloc.o)
                0x08006d68                malloc
 .text.memcpy   0x08006d78       0x16 c:/program files (x86)/atollic/truestudio for stm32 9.3.0/armtools/bin/../lib/gcc/arm-atollic-eabi/6.3.1/../../../../arm-atollic-eabi/lib/armv7e-m/fpu\libc_nano.a(lib_a-memcpy-stub.o)
                0x08006d78                memcpy
 .text.memset   0x08006d8e       0x10 c:/program files (x86)/atollic/truestudio for stm32 9.3.0/armtools/bin/../lib/gcc/arm-atollic-eabi/6.3.1/../../../../arm-atollic-eabi/lib/armv7e-m/fpu\libc_nano.a(lib_a-memset.o)
                0x08006d8e                memset
 *fill*         0x08006d9e        0x2 
 .text._free_r  0x08006da0       0x9c c:/program files (x86)/atollic/truestudio for stm32 9.3.0/armtools/bin/../lib/gcc/arm-atollic-eabi/6.3.1/../../../../arm-atollic-eabi/lib/armv7e-m/fpu\libc_nano.a(lib_a-nano-freer.o)
                0x08006da0                _free_r
 .text._malloc_r
                0x08006e3c       0xbc c:/program files (x86)/atollic/truestudio for stm32 9.3.0/armtools/bin/../lib/gcc/arm-atollic-eabi/6.3.1/../../../../arm-atollic-eabi/lib/armv7e-m/fpu\libc_nano.a(lib_a-nano-mallocr.o)
                0x08006e3c                _malloc_r
 .text._sbrk_r  0x08006ef8       0x20 c:/program files (x86)/atollic/truestudio for stm32 9.3.0/armtools/bin/../lib/gcc/arm-atollic-eabi/6.3.1/../../../../arm-atollic-eabi/lib/armv7e-m/fpu\libc_nano.a(lib_a-sbrkr.o)
                0x08006ef8                _sbrk_r
 .text.sprintf  0x08006f18       0x48 c:/program files (x86)/atollic/truestudio for stm32 9.3.0/armtools/bin/../lib/gcc/arm-atollic-eabi/6.3.1/../../../../arm-atollic-eabi/lib/armv7e-m/fpu\libc_nano.a(lib_a-sprintf.o)
                0x08006f18                siprintf
                0x08006f18                sprintf
 .text.strcpy   0x08006f60       0x10 c:/program files (x86)/atollic/truestudio for stm32 9.3.0/armtools/bin/../lib/gcc/arm-atollic-eabi/6.3.1/../../../../arm-atollic-eabi/lib/armv7e-m/fpu\libc_nano.a(lib_a-strcpy.o)
                0x08006f60                strcpy
 .text.__malloc_lock
                0x08006f70        0x2 c:/program files (x86)/atollic/truestudio for stm32 9.3.0/armtools/bin/../lib/gcc/arm-atollic-eabi/6.3.1/../../../../arm-atollic-eabi/lib/armv7e-m/fpu\libc_nano.a(lib_a-mlock.o)
                0x08006f70                __malloc_lock
 .text.__malloc_unlock
                0x08006f72        0x2 c:/program files (x86)/atollic/truestudio for stm32 9.3.0/armtools/bin/../lib/gcc/arm-atollic-eabi/6.3.1/../../../../arm-atollic-eabi/lib/armv7e-m/fpu\libc_nano.a(lib_a-mlock.o)
                0x08006f72                __malloc_unlock
 .text.__ssputs_r
                0x08006f74       0xb6 c:/program files (x86)/atollic/truestudio for stm32 9.3.0/armtools/bin/../lib/gcc/arm-atollic-eabi/6.3.1/../../../../arm-atollic-eabi/lib/armv7e-m/fpu\libc_nano.a(lib_a-nano-svfprintf.o)
                0x08006f74                __ssputs_r
 *fill*         0x0800702a        0x2 
 .text._svfprintf_r
                0x0800702c      0x1e8 c:/program files (x86)/atollic/truestudio for stm32 9.3.0/armtools/bin/../lib/gcc/arm-atollic-eabi/6.3.1/../../../../arm-atollic-eabi/lib/armv7e-m/fpu\libc_nano.a(lib_a-nano-svfprintf.o)
                0x0800702c                _svfiprintf_r
                0x0800702c                _svfprintf_r
 .text._printf_common
                0x08007214       0xec c:/program files (x86)/atollic/truestudio for stm32 9.3.0/armtools/bin/../lib/gcc/arm-atollic-eabi/6.3.1/../../../../arm-atollic-eabi/lib/armv7e-m/fpu\libc_nano.a(lib_a-nano-vfprintf_i.o)
                0x08007214                _printf_common
 .text._printf_i
                0x08007300      0x240 c:/program files (x86)/atollic/truestudio for stm32 9.3.0/armtools/bin/../lib/gcc/arm-atollic-eabi/6.3.1/../../../../arm-atollic-eabi/lib/armv7e-m/fpu\libc_nano.a(lib_a-nano-vfprintf_i.o)
                0x08007300                _printf_i
 .text.memmove  0x08007540       0x34 c:/program files (x86)/atollic/truestudio for stm32 9.3.0/armtools/bin/../lib/gcc/arm-atollic-eabi/6.3.1/../../../../arm-atollic-eabi/lib/armv7e-m/fpu\libc_nano.a(lib_a-memmove.o)
                0x08007540                memmove
 .text._realloc_r
                0x08007574       0x4c c:/program files (x86)/atollic/truestudio for stm32 9.3.0/armtools/bin/../lib/gcc/arm-atollic-eabi/6.3.1/../../../../arm-atollic-eabi/lib/armv7e-m/fpu\libc_nano.a(lib_a-nano-reallocr.o)
                0x08007574                _realloc_r
 .text._malloc_usable_size_r
                0x080075c0       0x12 c:/program files (x86)/atollic/truestudio for stm32 9.3.0/armtools/bin/../lib/gcc/arm-atollic-eabi/6.3.1/../../../../arm-atollic-eabi/lib/armv7e-m/fpu\libc_nano.a(lib_a-nano-msizer.o)
                0x080075c0                _malloc_usable_size_r
 *fill*         0x080075d2        0x2 
 .text._sbrk    0x080075d4       0x1c c:/program files (x86)/atollic/truestudio for stm32 9.3.0/armtools/bin/../lib/gcc/arm-atollic-eabi/6.3.1/../../../../arm-atollic-eabi/lib/armv7e-m/fpu\libnosys.a(sbrk.o)
                0x080075d4                _sbrk
 *(.glue_7)
 .glue_7        0x080075f0        0x0 linker stubs
 *(.glue_7t)
 .glue_7t       0x080075f0        0x0 linker stubs
 *(.eh_frame)
 .eh_frame      0x080075f0        0x0 c:/program files (x86)/atollic/truestudio for stm32 9.3.0/armtools/bin/../lib/gcc/arm-atollic-eabi/6.3.1/armv7e-m/fpu/crtbegin.o
 *(.init)
 .init          0x080075f0        0x4 c:/program files (x86)/atollic/truestudio for stm32 9.3.0/armtools/bin/../lib/gcc/arm-atollic-eabi/6.3.1/armv7e-m/fpu/crti.o
                0x080075f0                _init
 .init          0x080075f4        0x8 c:/program files (x86)/atollic/truestudio for stm32 9.3.0/armtools/bin/../lib/gcc/arm-atollic-eabi/6.3.1/armv7e-m/fpu/crtn.o
 *(.fini)
 .fini          0x080075fc        0x4 c:/program files (x86)/atollic/truestudio for stm32 9.3.0/armtools/bin/../lib/gcc/arm-atollic-eabi/6.3.1/armv7e-m/fpu/crti.o
                0x080075fc                _fini
 .fini          0x08007600        0x8 c:/program files (x86)/atollic/truestudio for stm32 9.3.0/armtools/bin/../lib/gcc/arm-atollic-eabi/6.3.1/armv7e-m/fpu/crtn.o
                0x08007608                . = ALIGN (0x4)
                0x08007608                _etext = .

.vfp11_veneer   0x08007608        0x0
 .vfp11_veneer  0x08007608        0x0 linker stubs

.v4_bx          0x08007608        0x0
 .v4_bx         0x08007608        0x0 linker stubs

.iplt           0x08007608        0x0
 .iplt          0x08007608        0x0 c:/program files (x86)/atollic/truestudio for stm32 9.3.0/armtools/bin/../lib/gcc/arm-atollic-eabi/6.3.1/armv7e-m/fpu/crtbegin.o

.rodata         0x08007608      0x1ec
                0x08007608                . = ALIGN (0x4)
 *(.rodata)
 .rodata        0x08007608        0x8 Src\sd_diskio.o
 .rodata        0x08007610       0xf8 Src\usr_task.o
 *(.rodata*)
 .rodata.flagBitshiftOffset.10705
                0x08007708        0x8 Drivers\STM32F4xx_HAL_Driver\Src\stm32f4xx_hal_dma.o
 .rodata.CSWTCH.237
                0x08007710        0x4 Middlewares\Third_Party\FreeRTOS\Source\tasks.o
 .rodata.vTaskList.str1.1
                0x08007714        0xf Middlewares\Third_Party\FreeRTOS\Source\tasks.o
 .rodata.vTaskStartScheduler.str1.1
                0x08007723        0x5 Middlewares\Third_Party\FreeRTOS\Source\tasks.o
 .rodata.SD_Driver
                0x08007728       0x14 Src\sd_diskio.o
                0x08007728                SD_Driver
 .rodata.AHBPrescTable
                0x0800773c       0x10 Src\system_stm32f4xx.o
                0x0800773c                AHBPrescTable
 .rodata.APBPrescTable
                0x0800774c        0x8 Src\system_stm32f4xx.o
                0x0800774c                APBPrescTable
 .rodata.MX_USARTx_Init.str1.1
                0x08007754       0x29 Src\usart.o
 .rodata.str1.1
                0x0800777d       0x42 Src\usr_task.o
 .rodata._svfprintf_r.str1.1
                0x080077bf       0x11 c:/program files (x86)/atollic/truestudio for stm32 9.3.0/armtools/bin/../lib/gcc/arm-atollic-eabi/6.3.1/../../../../arm-atollic-eabi/lib/armv7e-m/fpu\libc_nano.a(lib_a-nano-svfprintf.o)
 .rodata._printf_i.str1.1
                0x080077d0       0x22 c:/program files (x86)/atollic/truestudio for stm32 9.3.0/armtools/bin/../lib/gcc/arm-atollic-eabi/6.3.1/../../../../arm-atollic-eabi/lib/armv7e-m/fpu\libc_nano.a(lib_a-nano-vfprintf_i.o)
                0x080077f4                . = ALIGN (0x4)
 *fill*         0x080077f2        0x2 

.ARM.extab
 *(.ARM.extab* .gnu.linkonce.armextab.*)

.ARM            0x080077f4        0x8
                0x080077f4                __exidx_start = .
 *(.ARM.exidx*)
 .ARM.exidx     0x080077f4        0x8 c:/program files (x86)/atollic/truestudio for stm32 9.3.0/armtools/bin/../lib/gcc/arm-atollic-eabi/6.3.1/armv7e-m/fpu\libgcc.a(_udivmoddi4.o)
                0x080077fc                __exidx_end = .

.rel.dyn        0x080077fc        0x0
 .rel.iplt      0x080077fc        0x0 c:/program files (x86)/atollic/truestudio for stm32 9.3.0/armtools/bin/../lib/gcc/arm-atollic-eabi/6.3.1/armv7e-m/fpu/crtbegin.o

.preinit_array  0x080077fc        0x0
                0x080077fc                PROVIDE (__preinit_array_start, .)
 *(.preinit_array*)
                0x080077fc                PROVIDE (__preinit_array_end, .)

.init_array     0x080077fc        0x4
                0x080077fc                PROVIDE (__init_array_start, .)
 *(SORT(.init_array.*))
 *(.init_array*)
 .init_array    0x080077fc        0x4 c:/program files (x86)/atollic/truestudio for stm32 9.3.0/armtools/bin/../lib/gcc/arm-atollic-eabi/6.3.1/armv7e-m/fpu/crtbegin.o
                0x08007800                PROVIDE (__init_array_end, .)

.fini_array     0x08007800        0x4
                [!provide]                PROVIDE (__fini_array_start, .)
 *(SORT(.fini_array.*))
 *(.fini_array*)
 .fini_array    0x08007800        0x4 c:/program files (x86)/atollic/truestudio for stm32 9.3.0/armtools/bin/../lib/gcc/arm-atollic-eabi/6.3.1/armv7e-m/fpu/crtbegin.o
                [!provide]                PROVIDE (__fini_array_end, .)
                0x08007804                _sidata = LOADADDR (.data)

.data           0x20000000       0x74 load address 0x08007804
                0x20000000                . = ALIGN (0x4)
                0x20000000                _sdata = .
 *(.data)
 *(.data*)
 .data.uwTickFreq
                0x20000000        0x1 Drivers\STM32F4xx_HAL_Driver\Src\stm32f4xx_hal.o
                0x20000000                uwTickFreq
 *fill*         0x20000001        0x3 
 .data.uxCriticalNesting
                0x20000004        0x4 Middlewares\Third_Party\FreeRTOS\Source\portable\GCC\ARM_CM4F\port.o
 .data.Stat     0x20000008        0x1 Src\sd_diskio.o
 *fill*         0x20000009        0x3 
 .data.SystemCoreClock
                0x2000000c        0x4 Src\system_stm32f4xx.o
                0x2000000c                SystemCoreClock
 .data._impure_ptr
                0x20000010        0x4 c:/program files (x86)/atollic/truestudio for stm32 9.3.0/armtools/bin/../lib/gcc/arm-atollic-eabi/6.3.1/../../../../arm-atollic-eabi/lib/armv7e-m/fpu\libc_nano.a(lib_a-impure.o)
                0x20000010                _impure_ptr
 .data.impure_data
                0x20000014       0x60 c:/program files (x86)/atollic/truestudio for stm32 9.3.0/armtools/bin/../lib/gcc/arm-atollic-eabi/6.3.1/../../../../arm-atollic-eabi/lib/armv7e-m/fpu\libc_nano.a(lib_a-impure.o)
                0x20000074                . = ALIGN (0x4)
                0x20000074                _edata = .
                0x08007878                _siccmram = LOADADDR (.ccmram)

.igot.plt       0x20000074        0x0 load address 0x08007878
 .igot.plt      0x20000074        0x0 c:/program files (x86)/atollic/truestudio for stm32 9.3.0/armtools/bin/../lib/gcc/arm-atollic-eabi/6.3.1/armv7e-m/fpu/crtbegin.o

.ccmram         0x10000000        0x0 load address 0x08007878
                0x10000000                . = ALIGN (0x4)
                0x10000000                _sccmram = .
 *(.ccmram)
 *(.ccmram*)
                0x10000000                . = ALIGN (0x4)
                0x10000000                _eccmram = .
                0x10000000                . = ALIGN (0x4)

.bss            0x20000074    0x19c30
                0x20000074                _sbss = .
                0x20000074                __bss_start__ = _sbss
 *(.bss)
 .bss           0x20000074       0x1c c:/program files (x86)/atollic/truestudio for stm32 9.3.0/armtools/bin/../lib/gcc/arm-atollic-eabi/6.3.1/armv7e-m/fpu/crtbegin.o
 *(.bss*)
 .bss.disk      0x20000090        0xc Middlewares\Third_Party\FatFs\src\ff_gen_drv.o
                0x20000090                disk
 .bss.ucMaxSysCallPriority
                0x2000009c        0x1 Middlewares\Third_Party\FreeRTOS\Source\portable\GCC\ARM_CM4F\port.o
 *fill*         0x2000009d        0x3 
 .bss.ulMaxPRIGROUPValue
                0x200000a0        0x4 Middlewares\Third_Party\FreeRTOS\Source\portable\GCC\ARM_CM4F\port.o
 .bss.ulStoppedTimerCompensation
                0x200000a4        0x4 Middlewares\Third_Party\FreeRTOS\Source\portable\GCC\ARM_CM4F\port.o
 .bss.ulTimerCountsForOneTick
                0x200000a8        0x4 Middlewares\Third_Party\FreeRTOS\Source\portable\GCC\ARM_CM4F\port.o
 .bss.xMaximumPossibleSuppressedTicks
                0x200000ac        0x4 Middlewares\Third_Party\FreeRTOS\Source\portable\GCC\ARM_CM4F\port.o
 .bss.pxEnd     0x200000b0        0x4 Middlewares\Third_Party\FreeRTOS\Source\portable\MemMang\heap_4.o
 .bss.ucHeap    0x200000b4    0x19000 Middlewares\Third_Party\FreeRTOS\Source\portable\MemMang\heap_4.o
 .bss.xBlockAllocatedBit
                0x200190b4        0x4 Middlewares\Third_Party\FreeRTOS\Source\portable\MemMang\heap_4.o
 .bss.xFreeBytesRemaining
                0x200190b8        0x4 Middlewares\Third_Party\FreeRTOS\Source\portable\MemMang\heap_4.o
 .bss.xMinimumEverFreeBytesRemaining
                0x200190bc        0x4 Middlewares\Third_Party\FreeRTOS\Source\portable\MemMang\heap_4.o
 .bss.xStart    0x200190c0        0x8 Middlewares\Third_Party\FreeRTOS\Source\portable\MemMang\heap_4.o
 .bss.pxCurrentTCB
                0x200190c8        0x4 Middlewares\Third_Party\FreeRTOS\Source\tasks.o
                0x200190c8                pxCurrentTCB
 .bss.pxDelayedTaskList
                0x200190cc        0x4 Middlewares\Third_Party\FreeRTOS\Source\tasks.o
 .bss.pxOverflowDelayedTaskList
                0x200190d0        0x4 Middlewares\Third_Party\FreeRTOS\Source\tasks.o
 .bss.pxReadyTasksLists
                0x200190d4       0x8c Middlewares\Third_Party\FreeRTOS\Source\tasks.o
 .bss.uxCurrentNumberOfTasks
                0x20019160        0x4 Middlewares\Third_Party\FreeRTOS\Source\tasks.o
 .bss.uxDeletedTasksWaitingCleanUp
                0x20019164        0x4 Middlewares\Third_Party\FreeRTOS\Source\tasks.o
 .bss.uxPendedTicks
                0x20019168        0x4 Middlewares\Third_Party\FreeRTOS\Source\tasks.o
 .bss.uxSchedulerSuspended
                0x2001916c        0x4 Middlewares\Third_Party\FreeRTOS\Source\tasks.o
 .bss.uxTaskNumber
                0x20019170        0x4 Middlewares\Third_Party\FreeRTOS\Source\tasks.o
 .bss.uxTopReadyPriority
                0x20019174        0x4 Middlewares\Third_Party\FreeRTOS\Source\tasks.o
 .bss.xDelayedTaskList1
                0x20019178       0x14 Middlewares\Third_Party\FreeRTOS\Source\tasks.o
 .bss.xDelayedTaskList2
                0x2001918c       0x14 Middlewares\Third_Party\FreeRTOS\Source\tasks.o
 .bss.xIdleTaskHandle
                0x200191a0        0x4 Middlewares\Third_Party\FreeRTOS\Source\tasks.o
 .bss.xNextTaskUnblockTime
                0x200191a4        0x4 Middlewares\Third_Party\FreeRTOS\Source\tasks.o
 .bss.xNumOfOverflows
                0x200191a8        0x4 Middlewares\Third_Party\FreeRTOS\Source\tasks.o
 .bss.xPendingReadyList
                0x200191ac       0x14 Middlewares\Third_Party\FreeRTOS\Source\tasks.o
 .bss.xSchedulerRunning
                0x200191c0        0x4 Middlewares\Third_Party\FreeRTOS\Source\tasks.o
 .bss.xSuspendedTaskList
                0x200191c4       0x14 Middlewares\Third_Party\FreeRTOS\Source\tasks.o
 .bss.xTasksWaitingTermination
                0x200191d8       0x14 Middlewares\Third_Party\FreeRTOS\Source\tasks.o
 .bss.xTickCount
                0x200191ec        0x4 Middlewares\Third_Party\FreeRTOS\Source\tasks.o
 .bss.xYieldPending
                0x200191f0        0x4 Middlewares\Third_Party\FreeRTOS\Source\tasks.o
 .bss.SDQueueID
                0x200191f4        0x4 Src\sd_diskio.o
 .bss.FMC_Initialized
                0x200191f8        0x4 Src\stm32f4xx_hal_msp.o
 .bss.GPIO_InitStruct
                0x200191fc       0x14 Src\usart.o
                0x200191fc                GPIO_InitStruct
 .bss.ble_loop.12172
                0x20019210        0x4 Src\usr_task.o
 .bss.default_loop.12163
                0x20019214        0x4 Src\usr_task.o
 .bss.usart_loop.12177
                0x20019218        0x1 Src\usr_task.o
 *fill*         0x20019219        0x3 
 .bss.w5500_loop.12191
                0x2001921c        0x4 Src\usr_task.o
 .bss.__malloc_free_list
                0x20019220        0x4 c:/program files (x86)/atollic/truestudio for stm32 9.3.0/armtools/bin/../lib/gcc/arm-atollic-eabi/6.3.1/../../../../arm-atollic-eabi/lib/armv7e-m/fpu\libc_nano.a(lib_a-nano-mallocr.o)
                0x20019220                __malloc_free_list
 .bss.__malloc_sbrk_start
                0x20019224        0x4 c:/program files (x86)/atollic/truestudio for stm32 9.3.0/armtools/bin/../lib/gcc/arm-atollic-eabi/6.3.1/../../../../arm-atollic-eabi/lib/armv7e-m/fpu\libc_nano.a(lib_a-nano-mallocr.o)
                0x20019224                __malloc_sbrk_start
 .bss.heap_end.5239
                0x20019228        0x4 c:/program files (x86)/atollic/truestudio for stm32 9.3.0/armtools/bin/../lib/gcc/arm-atollic-eabi/6.3.1/../../../../arm-atollic-eabi/lib/armv7e-m/fpu\libnosys.a(sbrk.o)
 *(COMMON)
 COMMON         0x2001922c        0x4 Drivers\STM32F4xx_HAL_Driver\Src\stm32f4xx_hal.o
                0x2001922c                uwTick
 COMMON         0x20019230      0x46c Src\fatfs.o
                0x20019230                retSD
                0x20019231                SDPath
                0x20019238                SDFile
                0x20019468                SDFatFS
 COMMON         0x2001969c      0x168 Src\i2c.o
                0x2001969c                hdma_i2c1_tx
                0x200196fc                hi2c1
                0x20019750                hi2c2
                0x200197a4                hdma_i2c1_rx
 COMMON         0x20019804      0x2c4 Src\main.o
                0x20019804                defaultTaskHandle
                0x20019808                LED_BlinkHandle
                0x2001980c                hcrc
                0x20019814                BLE_TaskHandle
                0x20019818                hdsi
                0x20019834                Display_Handle
                0x20019838                hltdc
                0x200198e0                W5500_Handle
                0x200198e4                hdma_sdio_tx
                0x20019944                USART_TaskHandle
                0x20019948                htim1
                0x20019984                hsd
                0x20019a08                hdma2d
                0x20019a48                hsdram1
                0x20019a7c                hqspi
 COMMON         0x20019ac8        0x4 Src\oled.o
                0x20019ac8                i2c1_info
 COMMON         0x20019acc       0x3c Src\stm32f4xx_hal_timebase_tim.o
                0x20019acc                htim6
 COMMON         0x20019b08       0x80 Src\usart.o
                0x20019b08                huart3
                0x20019b48                huart6
 COMMON         0x20019b88      0x118 Src\w5500_driver.o
                0x20019b88                hspi1
                0x20019be0                hdma_spi1_rx
                0x20019c40                hdma_spi1_tx
 COMMON         0x20019ca0        0x4 c:/program files (x86)/atollic/truestudio for stm32 9.3.0/armtools/bin/../lib/gcc/arm-atollic-eabi/6.3.1/../../../../arm-atollic-eabi/lib/armv7e-m/fpu\libc_nano.a(lib_a-reent.o)
                0x20019ca0                errno
                0x20019ca4                . = ALIGN (0x4)
                0x20019ca4                _ebss = .
                0x20019ca4                __bss_end__ = _ebss

._user_heap_stack
                0x20019ca4      0x600
                0x20019ca4                . = ALIGN (0x4)
                0x20019ca4                PROVIDE (end, .)
                [!provide]                PROVIDE (_end, .)
                0x20019ea4                . = (. + _Min_Heap_Size)
 *fill*         0x20019ca4      0x200 
                0x2001a2a4                . = (. + _Min_Stack_Size)
 *fill*         0x20019ea4      0x400 
                0x2001a2a4                . = ALIGN (0x4)

/DISCARD/
 libc.a(*)
 libm.a(*)
 libgcc.a(*)

.ARM.attributes
                0x00000000       0x30
 *(.ARM.attributes)
 .ARM.attributes
                0x00000000       0x22 c:/program files (x86)/atollic/truestudio for stm32 9.3.0/armtools/bin/../lib/gcc/arm-atollic-eabi/6.3.1/armv7e-m/fpu/crti.o
 .ARM.attributes
                0x00000022       0x34 c:/program files (x86)/atollic/truestudio for stm32 9.3.0/armtools/bin/../lib/gcc/arm-atollic-eabi/6.3.1/armv7e-m/fpu/crtbegin.o
 .ARM.attributes
                0x00000056       0x39 Drivers\STM32F4xx_HAL_Driver\Src\stm32f4xx_hal.o
 .ARM.attributes
                0x0000008f       0x39 Drivers\STM32F4xx_HAL_Driver\Src\stm32f4xx_hal_cortex.o
 .ARM.attributes
                0x000000c8       0x39 Drivers\STM32F4xx_HAL_Driver\Src\stm32f4xx_hal_crc.o
 .ARM.attributes
                0x00000101       0x39 Drivers\STM32F4xx_HAL_Driver\Src\stm32f4xx_hal_dma.o
 .ARM.attributes
                0x0000013a       0x39 Drivers\STM32F4xx_HAL_Driver\Src\stm32f4xx_hal_dma2d.o
 .ARM.attributes
                0x00000173       0x39 Drivers\STM32F4xx_HAL_Driver\Src\stm32f4xx_hal_dsi.o
 .ARM.attributes
                0x000001ac       0x39 Drivers\STM32F4xx_HAL_Driver\Src\stm32f4xx_hal_gpio.o
 .ARM.attributes
                0x000001e5       0x39 Drivers\STM32F4xx_HAL_Driver\Src\stm32f4xx_hal_i2c.o
 .ARM.attributes
                0x0000021e       0x39 Drivers\STM32F4xx_HAL_Driver\Src\stm32f4xx_hal_ltdc.o
 .ARM.attributes
                0x00000257       0x39 Drivers\STM32F4xx_HAL_Driver\Src\stm32f4xx_hal_pwr_ex.o
 .ARM.attributes
                0x00000290       0x39 Drivers\STM32F4xx_HAL_Driver\Src\stm32f4xx_hal_qspi.o
 .ARM.attributes
                0x000002c9       0x39 Drivers\STM32F4xx_HAL_Driver\Src\stm32f4xx_hal_rcc.o
 .ARM.attributes
                0x00000302       0x39 Drivers\STM32F4xx_HAL_Driver\Src\stm32f4xx_hal_rcc_ex.o
 .ARM.attributes
                0x0000033b       0x39 Drivers\STM32F4xx_HAL_Driver\Src\stm32f4xx_hal_sd.o
 .ARM.attributes
                0x00000374       0x39 Drivers\STM32F4xx_HAL_Driver\Src\stm32f4xx_hal_sdram.o
 .ARM.attributes
                0x000003ad       0x39 Drivers\STM32F4xx_HAL_Driver\Src\stm32f4xx_hal_tim.o
 .ARM.attributes
                0x000003e6       0x39 Drivers\STM32F4xx_HAL_Driver\Src\stm32f4xx_hal_tim_ex.o
 .ARM.attributes
                0x0000041f       0x39 Drivers\STM32F4xx_HAL_Driver\Src\stm32f4xx_hal_uart.o
 .ARM.attributes
                0x00000458       0x39 Drivers\STM32F4xx_HAL_Driver\Src\stm32f4xx_ll_fmc.o
 .ARM.attributes
                0x00000491       0x39 Drivers\STM32F4xx_HAL_Driver\Src\stm32f4xx_ll_sdmmc.o
 .ARM.attributes
                0x000004ca       0x39 Middlewares\Third_Party\FatFs\src\ff_gen_drv.o
 .ARM.attributes
                0x00000503       0x39 Middlewares\Third_Party\FreeRTOS\Source\CMSIS_RTOS\cmsis_os.o
 .ARM.attributes
                0x0000053c       0x39 Middlewares\Third_Party\FreeRTOS\Source\list.o
 .ARM.attributes
                0x00000575       0x39 Middlewares\Third_Party\FreeRTOS\Source\portable\GCC\ARM_CM4F\port.o
 .ARM.attributes
                0x000005ae       0x39 Middlewares\Third_Party\FreeRTOS\Source\portable\MemMang\heap_4.o
 .ARM.attributes
                0x000005e7       0x39 Middlewares\Third_Party\FreeRTOS\Source\queue.o
 .ARM.attributes
                0x00000620       0x39 Middlewares\Third_Party\FreeRTOS\Source\tasks.o
 .ARM.attributes
                0x00000659       0x39 Src\blink.o
 .ARM.attributes
                0x00000692       0x39 Src\bsp_driver_sd.o
 .ARM.attributes
                0x000006cb       0x39 Src\fatfs.o
 .ARM.attributes
                0x00000704       0x39 Src\fatfs_platform.o
 .ARM.attributes
                0x0000073d       0x39 Src\freertos.o
 .ARM.attributes
                0x00000776       0x39 Src\i2c.o
 .ARM.attributes
                0x000007af       0x39 Src\main.o
 .ARM.attributes
                0x000007e8       0x39 Src\oled.o
 .ARM.attributes
                0x00000821       0x39 Src\sd_diskio.o
 .ARM.attributes
                0x0000085a       0x39 Src\stm32f4xx_hal_msp.o
 .ARM.attributes
                0x00000893       0x39 Src\stm32f4xx_hal_timebase_tim.o
 .ARM.attributes
                0x000008cc       0x39 Src\stm32f4xx_it.o
 .ARM.attributes
                0x00000905       0x39 Src\system_stm32f4xx.o
 .ARM.attributes
                0x0000093e       0x39 Src\usart.o
 .ARM.attributes
                0x00000977       0x39 Src\usr_task.o
 .ARM.attributes
                0x000009b0       0x39 Src\w5500_driver.o
 .ARM.attributes
                0x000009e9       0x21 startup\startup_stm32f469xx.o
 .ARM.attributes
                0x00000a0a       0x34 c:/program files (x86)/atollic/truestudio for stm32 9.3.0/armtools/bin/../lib/gcc/arm-atollic-eabi/6.3.1/../../../../arm-atollic-eabi/lib/armv7e-m/fpu\libc_nano.a(lib_a-init.o)
 .ARM.attributes
                0x00000a3e       0x34 c:/program files (x86)/atollic/truestudio for stm32 9.3.0/armtools/bin/../lib/gcc/arm-atollic-eabi/6.3.1/../../../../arm-atollic-eabi/lib/armv7e-m/fpu\libc_nano.a(lib_a-malloc.o)
 .ARM.attributes
                0x00000a72       0x34 c:/program files (x86)/atollic/truestudio for stm32 9.3.0/armtools/bin/../lib/gcc/arm-atollic-eabi/6.3.1/../../../../arm-atollic-eabi/lib/armv7e-m/fpu\libc_nano.a(lib_a-memcpy-stub.o)
 .ARM.attributes
                0x00000aa6       0x34 c:/program files (x86)/atollic/truestudio for stm32 9.3.0/armtools/bin/../lib/gcc/arm-atollic-eabi/6.3.1/../../../../arm-atollic-eabi/lib/armv7e-m/fpu\libc_nano.a(lib_a-memset.o)
 .ARM.attributes
                0x00000ada       0x34 c:/program files (x86)/atollic/truestudio for stm32 9.3.0/armtools/bin/../lib/gcc/arm-atollic-eabi/6.3.1/../../../../arm-atollic-eabi/lib/armv7e-m/fpu\libc_nano.a(lib_a-nano-freer.o)
 .ARM.attributes
                0x00000b0e       0x34 c:/program files (x86)/atollic/truestudio for stm32 9.3.0/armtools/bin/../lib/gcc/arm-atollic-eabi/6.3.1/../../../../arm-atollic-eabi/lib/armv7e-m/fpu\libc_nano.a(lib_a-nano-mallocr.o)
 .ARM.attributes
                0x00000b42       0x34 c:/program files (x86)/atollic/truestudio for stm32 9.3.0/armtools/bin/../lib/gcc/arm-atollic-eabi/6.3.1/../../../../arm-atollic-eabi/lib/armv7e-m/fpu\libc_nano.a(lib_a-sbrkr.o)
 .ARM.attributes
                0x00000b76       0x34 c:/program files (x86)/atollic/truestudio for stm32 9.3.0/armtools/bin/../lib/gcc/arm-atollic-eabi/6.3.1/../../../../arm-atollic-eabi/lib/armv7e-m/fpu\libc_nano.a(lib_a-sprintf.o)
 .ARM.attributes
                0x00000baa       0x34 c:/program files (x86)/atollic/truestudio for stm32 9.3.0/armtools/bin/../lib/gcc/arm-atollic-eabi/6.3.1/../../../../arm-atollic-eabi/lib/armv7e-m/fpu\libc_nano.a(lib_a-strcpy.o)
 .ARM.attributes
                0x00000bde       0x1b c:/program files (x86)/atollic/truestudio for stm32 9.3.0/armtools/bin/../lib/gcc/arm-atollic-eabi/6.3.1/../../../../arm-atollic-eabi/lib/armv7e-m/fpu\libc_nano.a(lib_a-strlen.o)
 .ARM.attributes
                0x00000bf9       0x34 c:/program files (x86)/atollic/truestudio for stm32 9.3.0/armtools/bin/../lib/gcc/arm-atollic-eabi/6.3.1/../../../../arm-atollic-eabi/lib/armv7e-m/fpu\libc_nano.a(lib_a-impure.o)
 .ARM.attributes
                0x00000c2d       0x34 c:/program files (x86)/atollic/truestudio for stm32 9.3.0/armtools/bin/../lib/gcc/arm-atollic-eabi/6.3.1/../../../../arm-atollic-eabi/lib/armv7e-m/fpu\libc_nano.a(lib_a-mlock.o)
 .ARM.attributes
                0x00000c61       0x34 c:/program files (x86)/atollic/truestudio for stm32 9.3.0/armtools/bin/../lib/gcc/arm-atollic-eabi/6.3.1/../../../../arm-atollic-eabi/lib/armv7e-m/fpu\libc_nano.a(lib_a-nano-svfprintf.o)
 .ARM.attributes
                0x00000c95       0x34 c:/program files (x86)/atollic/truestudio for stm32 9.3.0/armtools/bin/../lib/gcc/arm-atollic-eabi/6.3.1/../../../../arm-atollic-eabi/lib/armv7e-m/fpu\libc_nano.a(lib_a-nano-vfprintf_i.o)
 .ARM.attributes
                0x00000cc9       0x34 c:/program files (x86)/atollic/truestudio for stm32 9.3.0/armtools/bin/../lib/gcc/arm-atollic-eabi/6.3.1/../../../../arm-atollic-eabi/lib/armv7e-m/fpu\libc_nano.a(lib_a-reent.o)
 .ARM.attributes
                0x00000cfd       0x20 c:/program files (x86)/atollic/truestudio for stm32 9.3.0/armtools/bin/../lib/gcc/arm-atollic-eabi/6.3.1/../../../../arm-atollic-eabi/lib/armv7e-m/fpu\libc_nano.a(lib_a-memchr.o)
 .ARM.attributes
                0x00000d1d       0x34 c:/program files (x86)/atollic/truestudio for stm32 9.3.0/armtools/bin/../lib/gcc/arm-atollic-eabi/6.3.1/../../../../arm-atollic-eabi/lib/armv7e-m/fpu\libc_nano.a(lib_a-memmove.o)
 .ARM.attributes
                0x00000d51       0x34 c:/program files (x86)/atollic/truestudio for stm32 9.3.0/armtools/bin/../lib/gcc/arm-atollic-eabi/6.3.1/../../../../arm-atollic-eabi/lib/armv7e-m/fpu\libc_nano.a(lib_a-nano-reallocr.o)
 .ARM.attributes
                0x00000d85       0x34 c:/program files (x86)/atollic/truestudio for stm32 9.3.0/armtools/bin/../lib/gcc/arm-atollic-eabi/6.3.1/../../../../arm-atollic-eabi/lib/armv7e-m/fpu\libc_nano.a(lib_a-nano-msizer.o)
 .ARM.attributes
                0x00000db9       0x22 c:/program files (x86)/atollic/truestudio for stm32 9.3.0/armtools/bin/../lib/gcc/arm-atollic-eabi/6.3.1/armv7e-m/fpu\libgcc.a(_aeabi_uldivmod.o)
 .ARM.attributes
                0x00000ddb       0x34 c:/program files (x86)/atollic/truestudio for stm32 9.3.0/armtools/bin/../lib/gcc/arm-atollic-eabi/6.3.1/armv7e-m/fpu\libgcc.a(_udivmoddi4.o)
 .ARM.attributes
                0x00000e0f       0x22 c:/program files (x86)/atollic/truestudio for stm32 9.3.0/armtools/bin/../lib/gcc/arm-atollic-eabi/6.3.1/armv7e-m/fpu\libgcc.a(_dvmd_tls.o)
 .ARM.attributes
                0x00000e31       0x34 c:/program files (x86)/atollic/truestudio for stm32 9.3.0/armtools/bin/../lib/gcc/arm-atollic-eabi/6.3.1/../../../../arm-atollic-eabi/lib/armv7e-m/fpu\libnosys.a(sbrk.o)
 .ARM.attributes
                0x00000e65       0x22 c:/program files (x86)/atollic/truestudio for stm32 9.3.0/armtools/bin/../lib/gcc/arm-atollic-eabi/6.3.1/armv7e-m/fpu/crtn.o
OUTPUT(F4_FreeRTOS.elf elf32-littlearm)

.debug_info     0x00000000    0x4436b
 .debug_info    0x00000000     0x126c Drivers\STM32F4xx_HAL_Driver\Src\stm32f4xx_hal.o
 .debug_info    0x0000126c     0x1786 Drivers\STM32F4xx_HAL_Driver\Src\stm32f4xx_hal_cortex.o
 .debug_info    0x000029f2      0xc11 Drivers\STM32F4xx_HAL_Driver\Src\stm32f4xx_hal_crc.o
 .debug_info    0x00003603     0x125c Drivers\STM32F4xx_HAL_Driver\Src\stm32f4xx_hal_dma.o
 .debug_info    0x0000485f     0x1901 Drivers\STM32F4xx_HAL_Driver\Src\stm32f4xx_hal_dma2d.o
 .debug_info    0x00006160     0x24eb Drivers\STM32F4xx_HAL_Driver\Src\stm32f4xx_hal_dsi.o
 .debug_info    0x0000864b      0xfa2 Drivers\STM32F4xx_HAL_Driver\Src\stm32f4xx_hal_gpio.o
 .debug_info    0x000095ed     0x3799 Drivers\STM32F4xx_HAL_Driver\Src\stm32f4xx_hal_i2c.o
 .debug_info    0x0000cd86     0x1b26 Drivers\STM32F4xx_HAL_Driver\Src\stm32f4xx_hal_ltdc.o
 .debug_info    0x0000e8ac     0x1015 Drivers\STM32F4xx_HAL_Driver\Src\stm32f4xx_hal_pwr_ex.o
 .debug_info    0x0000f8c1     0x1edd Drivers\STM32F4xx_HAL_Driver\Src\stm32f4xx_hal_qspi.o
 .debug_info    0x0001179e     0x128f Drivers\STM32F4xx_HAL_Driver\Src\stm32f4xx_hal_rcc.o
 .debug_info    0x00012a2d     0x12c2 Drivers\STM32F4xx_HAL_Driver\Src\stm32f4xx_hal_rcc_ex.o
 .debug_info    0x00013cef     0x2aa1 Drivers\STM32F4xx_HAL_Driver\Src\stm32f4xx_hal_sd.o
 .debug_info    0x00016790     0x15af Drivers\STM32F4xx_HAL_Driver\Src\stm32f4xx_hal_sdram.o
 .debug_info    0x00017d3f     0x3ba2 Drivers\STM32F4xx_HAL_Driver\Src\stm32f4xx_hal_tim.o
 .debug_info    0x0001b8e1     0x19a5 Drivers\STM32F4xx_HAL_Driver\Src\stm32f4xx_hal_tim_ex.o
 .debug_info    0x0001d286     0x1ea3 Drivers\STM32F4xx_HAL_Driver\Src\stm32f4xx_hal_uart.o
 .debug_info    0x0001f129     0x14dd Drivers\STM32F4xx_HAL_Driver\Src\stm32f4xx_ll_fmc.o
 .debug_info    0x00020606     0x1ee5 Drivers\STM32F4xx_HAL_Driver\Src\stm32f4xx_ll_sdmmc.o
 .debug_info    0x000224eb      0xcff Middlewares\Third_Party\FatFs\src\ff_gen_drv.o
 .debug_info    0x000231ea     0x271c Middlewares\Third_Party\FreeRTOS\Source\CMSIS_RTOS\cmsis_os.o
 .debug_info    0x00025906      0xac0 Middlewares\Third_Party\FreeRTOS\Source\list.o
 .debug_info    0x000263c6      0x695 Middlewares\Third_Party\FreeRTOS\Source\portable\GCC\ARM_CM4F\port.o
 .debug_info    0x00026a5b      0xcd2 Middlewares\Third_Party\FreeRTOS\Source\portable\MemMang\heap_4.o
 .debug_info    0x0002772d     0x225f Middlewares\Third_Party\FreeRTOS\Source\queue.o
 .debug_info    0x0002998c     0x37d2 Middlewares\Third_Party\FreeRTOS\Source\tasks.o
 .debug_info    0x0002d15e      0xfb1 Src\blink.o
 .debug_info    0x0002e10f     0x1455 Src\bsp_driver_sd.o
 .debug_info    0x0002f564      0xd82 Src\fatfs.o
 .debug_info    0x000302e6      0xa4f Src\fatfs_platform.o
 .debug_info    0x00030d35      0x9da Src\freertos.o
 .debug_info    0x0003170f     0x13e6 Src\i2c.o
 .debug_info    0x00032af5     0x4195 Src\main.o
 .debug_info    0x00036c8a     0x156a Src\oled.o
 .debug_info    0x000381f4     0x11fe Src\sd_diskio.o
 .debug_info    0x000393f2     0x2fab Src\stm32f4xx_hal_msp.o
 .debug_info    0x0003c39d     0x1402 Src\stm32f4xx_hal_timebase_tim.o
 .debug_info    0x0003d79f     0x1e13 Src\stm32f4xx_it.o
 .debug_info    0x0003f5b2      0xd36 Src\system_stm32f4xx.o
 .debug_info    0x000402e8     0x1339 Src\usart.o
 .debug_info    0x00041621     0x1614 Src\usr_task.o
 .debug_info    0x00042c35     0x16d6 Src\w5500_driver.o
 .debug_info    0x0004430b       0x60 startup\startup_stm32f469xx.o

.debug_abbrev   0x00000000     0x7f25
 .debug_abbrev  0x00000000      0x308 Drivers\STM32F4xx_HAL_Driver\Src\stm32f4xx_hal.o
 .debug_abbrev  0x00000308      0x399 Drivers\STM32F4xx_HAL_Driver\Src\stm32f4xx_hal_cortex.o
 .debug_abbrev  0x000006a1      0x25a Drivers\STM32F4xx_HAL_Driver\Src\stm32f4xx_hal_crc.o
 .debug_abbrev  0x000008fb      0x34a Drivers\STM32F4xx_HAL_Driver\Src\stm32f4xx_hal_dma.o
 .debug_abbrev  0x00000c45      0x368 Drivers\STM32F4xx_HAL_Driver\Src\stm32f4xx_hal_dma2d.o
 .debug_abbrev  0x00000fad      0x3b5 Drivers\STM32F4xx_HAL_Driver\Src\stm32f4xx_hal_dsi.o
 .debug_abbrev  0x00001362      0x268 Drivers\STM32F4xx_HAL_Driver\Src\stm32f4xx_hal_gpio.o
 .debug_abbrev  0x000015ca      0x3b4 Drivers\STM32F4xx_HAL_Driver\Src\stm32f4xx_hal_i2c.o
 .debug_abbrev  0x0000197e      0x2ed Drivers\STM32F4xx_HAL_Driver\Src\stm32f4xx_hal_ltdc.o
 .debug_abbrev  0x00001c6b      0x2a9 Drivers\STM32F4xx_HAL_Driver\Src\stm32f4xx_hal_pwr_ex.o
 .debug_abbrev  0x00001f14      0x39b Drivers\STM32F4xx_HAL_Driver\Src\stm32f4xx_hal_qspi.o
 .debug_abbrev  0x000022af      0x353 Drivers\STM32F4xx_HAL_Driver\Src\stm32f4xx_hal_rcc.o
 .debug_abbrev  0x00002602      0x230 Drivers\STM32F4xx_HAL_Driver\Src\stm32f4xx_hal_rcc_ex.o
 .debug_abbrev  0x00002832      0x3bc Drivers\STM32F4xx_HAL_Driver\Src\stm32f4xx_hal_sd.o
 .debug_abbrev  0x00002bee      0x2da Drivers\STM32F4xx_HAL_Driver\Src\stm32f4xx_hal_sdram.o
 .debug_abbrev  0x00002ec8      0x3ac Drivers\STM32F4xx_HAL_Driver\Src\stm32f4xx_hal_tim.o
 .debug_abbrev  0x00003274      0x300 Drivers\STM32F4xx_HAL_Driver\Src\stm32f4xx_hal_tim_ex.o
 .debug_abbrev  0x00003574      0x397 Drivers\STM32F4xx_HAL_Driver\Src\stm32f4xx_hal_uart.o
 .debug_abbrev  0x0000390b      0x24b Drivers\STM32F4xx_HAL_Driver\Src\stm32f4xx_ll_fmc.o
 .debug_abbrev  0x00003b56      0x345 Drivers\STM32F4xx_HAL_Driver\Src\stm32f4xx_ll_sdmmc.o
 .debug_abbrev  0x00003e9b      0x2a5 Middlewares\Third_Party\FatFs\src\ff_gen_drv.o
 .debug_abbrev  0x00004140      0x456 Middlewares\Third_Party\FreeRTOS\Source\CMSIS_RTOS\cmsis_os.o
 .debug_abbrev  0x00004596      0x1e3 Middlewares\Third_Party\FreeRTOS\Source\list.o
 .debug_abbrev  0x00004779      0x290 Middlewares\Third_Party\FreeRTOS\Source\portable\GCC\ARM_CM4F\port.o
 .debug_abbrev  0x00004a09      0x330 Middlewares\Third_Party\FreeRTOS\Source\portable\MemMang\heap_4.o
 .debug_abbrev  0x00004d39      0x3b6 Middlewares\Third_Party\FreeRTOS\Source\queue.o
 .debug_abbrev  0x000050ef      0x4c3 Middlewares\Third_Party\FreeRTOS\Source\tasks.o
 .debug_abbrev  0x000055b2      0x254 Src\blink.o
 .debug_abbrev  0x00005806      0x31e Src\bsp_driver_sd.o
 .debug_abbrev  0x00005b24      0x204 Src\fatfs.o
 .debug_abbrev  0x00005d28      0x1d8 Src\fatfs_platform.o
 .debug_abbrev  0x00005f00      0x203 Src\freertos.o
 .debug_abbrev  0x00006103      0x269 Src\i2c.o
 .debug_abbrev  0x0000636c      0x3cc Src\main.o
 .debug_abbrev  0x00006738      0x31a Src\oled.o
 .debug_abbrev  0x00006a52      0x393 Src\sd_diskio.o
 .debug_abbrev  0x00006de5      0x34d Src\stm32f4xx_hal_msp.o
 .debug_abbrev  0x00007132      0x258 Src\stm32f4xx_hal_timebase_tim.o
 .debug_abbrev  0x0000738a      0x25a Src\stm32f4xx_it.o
 .debug_abbrev  0x000075e4      0x1ca Src\system_stm32f4xx.o
 .debug_abbrev  0x000077ae      0x284 Src\usart.o
 .debug_abbrev  0x00007a32      0x26a Src\usr_task.o
 .debug_abbrev  0x00007c9c      0x277 Src\w5500_driver.o
 .debug_abbrev  0x00007f13       0x12 startup\startup_stm32f469xx.o

.debug_loc      0x00000000    0x178e6
 .debug_loc     0x00000000      0x11b Drivers\STM32F4xx_HAL_Driver\Src\stm32f4xx_hal.o
 .debug_loc     0x0000011b      0x4fb Drivers\STM32F4xx_HAL_Driver\Src\stm32f4xx_hal_cortex.o
 .debug_loc     0x00000616      0x1ed Drivers\STM32F4xx_HAL_Driver\Src\stm32f4xx_hal_crc.o
 .debug_loc     0x00000803      0x727 Drivers\STM32F4xx_HAL_Driver\Src\stm32f4xx_hal_dma.o
 .debug_loc     0x00000f2a     0x105a Drivers\STM32F4xx_HAL_Driver\Src\stm32f4xx_hal_dma2d.o
 .debug_loc     0x00001f84     0x1d70 Drivers\STM32F4xx_HAL_Driver\Src\stm32f4xx_hal_dsi.o