Archive member included to satisfy reference by file (symbol)

c:/program files (x86)/atollic/truestudio for stm32 9.2.0/armtools/bin/../lib/gcc/arm-atollic-eabi/6.3.1/../../../../arm-atollic-eabi/lib/armv7e-m/fpu\libc_nano.a(lib_a-init.o)
                              startup\startup_stm32f469xx.o (__libc_init_array)
c:/program files (x86)/atollic/truestudio for stm32 9.2.0/armtools/bin/../lib/gcc/arm-atollic-eabi/6.3.1/../../../../arm-atollic-eabi/lib/armv7e-m/fpu\libc_nano.a(lib_a-malloc.o)
                              Src\BLE_AT\ble_data_handler.o (malloc)
c:/program files (x86)/atollic/truestudio for stm32 9.2.0/armtools/bin/../lib/gcc/arm-atollic-eabi/6.3.1/../../../../arm-atollic-eabi/lib/armv7e-m/fpu\libc_nano.a(lib_a-memcpy-stub.o)
                              Middlewares\Third_Party\FreeRTOS\Source\queue.o (memcpy)
c:/program files (x86)/atollic/truestudio for stm32 9.2.0/armtools/bin/../lib/gcc/arm-atollic-eabi/6.3.1/../../../../arm-atollic-eabi/lib/armv7e-m/fpu\libc_nano.a(lib_a-memset.o)
                              Middlewares\Third_Party\FreeRTOS\Source\CMSIS_RTOS\cmsis_os.o (memset)
c:/program files (x86)/atollic/truestudio for stm32 9.2.0/armtools/bin/../lib/gcc/arm-atollic-eabi/6.3.1/../../../../arm-atollic-eabi/lib/armv7e-m/fpu\libc_nano.a(lib_a-nano-freer.o)
                              c:/program files (x86)/atollic/truestudio for stm32 9.2.0/armtools/bin/../lib/gcc/arm-atollic-eabi/6.3.1/../../../../arm-atollic-eabi/lib/armv7e-m/fpu\libc_nano.a(lib_a-malloc.o) (_free_r)
c:/program files (x86)/atollic/truestudio for stm32 9.2.0/armtools/bin/../lib/gcc/arm-atollic-eabi/6.3.1/../../../../arm-atollic-eabi/lib/armv7e-m/fpu\libc_nano.a(lib_a-nano-mallocr.o)
                              c:/program files (x86)/atollic/truestudio for stm32 9.2.0/armtools/bin/../lib/gcc/arm-atollic-eabi/6.3.1/../../../../arm-atollic-eabi/lib/armv7e-m/fpu\libc_nano.a(lib_a-malloc.o) (_malloc_r)
c:/program files (x86)/atollic/truestudio for stm32 9.2.0/armtools/bin/../lib/gcc/arm-atollic-eabi/6.3.1/../../../../arm-atollic-eabi/lib/armv7e-m/fpu\libc_nano.a(lib_a-sbrkr.o)
                              c:/program files (x86)/atollic/truestudio for stm32 9.2.0/armtools/bin/../lib/gcc/arm-atollic-eabi/6.3.1/../../../../arm-atollic-eabi/lib/armv7e-m/fpu\libc_nano.a(lib_a-nano-mallocr.o) (_sbrk_r)
c:/program files (x86)/atollic/truestudio for stm32 9.2.0/armtools/bin/../lib/gcc/arm-atollic-eabi/6.3.1/../../../../arm-atollic-eabi/lib/armv7e-m/fpu\libc_nano.a(lib_a-sprintf.o)
                              Middlewares\Third_Party\FreeRTOS\Source\tasks.o (sprintf)
c:/program files (x86)/atollic/truestudio for stm32 9.2.0/armtools/bin/../lib/gcc/arm-atollic-eabi/6.3.1/../../../../arm-atollic-eabi/lib/armv7e-m/fpu\libc_nano.a(lib_a-strcpy.o)
                              Middlewares\Third_Party\FreeRTOS\Source\tasks.o (strcpy)
c:/program files (x86)/atollic/truestudio for stm32 9.2.0/armtools/bin/../lib/gcc/arm-atollic-eabi/6.3.1/../../../../arm-atollic-eabi/lib/armv7e-m/fpu\libc_nano.a(lib_a-strlen.o)
                              Middlewares\Third_Party\FreeRTOS\Source\tasks.o (strlen)
c:/program files (x86)/atollic/truestudio for stm32 9.2.0/armtools/bin/../lib/gcc/arm-atollic-eabi/6.3.1/../../../../arm-atollic-eabi/lib/armv7e-m/fpu\libc_nano.a(lib_a-impure.o)
                              c:/program files (x86)/atollic/truestudio for stm32 9.2.0/armtools/bin/../lib/gcc/arm-atollic-eabi/6.3.1/../../../../arm-atollic-eabi/lib/armv7e-m/fpu\libc_nano.a(lib_a-malloc.o) (_impure_ptr)
c:/program files (x86)/atollic/truestudio for stm32 9.2.0/armtools/bin/../lib/gcc/arm-atollic-eabi/6.3.1/../../../../arm-atollic-eabi/lib/armv7e-m/fpu\libc_nano.a(lib_a-mlock.o)
                              c:/program files (x86)/atollic/truestudio for stm32 9.2.0/armtools/bin/../lib/gcc/arm-atollic-eabi/6.3.1/../../../../arm-atollic-eabi/lib/armv7e-m/fpu\libc_nano.a(lib_a-nano-freer.o) (__malloc_lock)
c:/program files (x86)/atollic/truestudio for stm32 9.2.0/armtools/bin/../lib/gcc/arm-atollic-eabi/6.3.1/../../../../arm-atollic-eabi/lib/armv7e-m/fpu\libc_nano.a(lib_a-nano-svfprintf.o)
                              c:/program files (x86)/atollic/truestudio for stm32 9.2.0/armtools/bin/../lib/gcc/arm-atollic-eabi/6.3.1/../../../../arm-atollic-eabi/lib/armv7e-m/fpu\libc_nano.a(lib_a-sprintf.o) (_svfprintf_r)
c:/program files (x86)/atollic/truestudio for stm32 9.2.0/armtools/bin/../lib/gcc/arm-atollic-eabi/6.3.1/../../../../arm-atollic-eabi/lib/armv7e-m/fpu\libc_nano.a(lib_a-nano-vfprintf_i.o)
                              c:/program files (x86)/atollic/truestudio for stm32 9.2.0/armtools/bin/../lib/gcc/arm-atollic-eabi/6.3.1/../../../../arm-atollic-eabi/lib/armv7e-m/fpu\libc_nano.a(lib_a-nano-svfprintf.o) (_printf_i)
c:/program files (x86)/atollic/truestudio for stm32 9.2.0/armtools/bin/../lib/gcc/arm-atollic-eabi/6.3.1/../../../../arm-atollic-eabi/lib/armv7e-m/fpu\libc_nano.a(lib_a-reent.o)
[...]
Memory Configuration

Name             Origin             Length             Attributes
RAM              0x20000000         0x00050000         xrw
CCMRAM           0x10000000         0x00010000         rw
FLASH            0x08000000         0x00200000         xr
*default*        0x00000000         0xffffffff

Linker script and memory map

LOAD c:/program files (x86)/atollic/truestudio for stm32 9.2.0/armtools/bin/../lib/gcc/arm-atollic-eabi/6.3.1/armv7e-m/fpu/crti.o
LOAD c:/program files (x86)/atollic/truestudio for stm32 9.2.0/armtools/bin/../lib/gcc/arm-atollic-eabi/6.3.1/armv7e-m/fpu/crtbegin.o
LOAD Drivers\STM32F4xx_HAL_Driver\Src\stm32f4xx_hal.o
LOAD Drivers\STM32F4xx_HAL_Driver\Src\stm32f4xx_hal_can.o
LOAD Drivers\STM32F4xx_HAL_Driver\Src\stm32f4xx_hal_cortex.o
LOAD Drivers\STM32F4xx_HAL_Driver\Src\stm32f4xx_hal_crc.o
LOAD Drivers\STM32F4xx_HAL_Driver\Src\stm32f4xx_hal_dma.o
LOAD Drivers\STM32F4xx_HAL_Driver\Src\stm32f4xx_hal_dma2d.o
LOAD Drivers\STM32F4xx_HAL_Driver\Src\stm32f4xx_hal_dma_ex.o
LOAD Drivers\STM32F4xx_HAL_Driver\Src\stm32f4xx_hal_dsi.o
LOAD Drivers\STM32F4xx_HAL_Driver\Src\stm32f4xx_hal_flash.o
LOAD Drivers\STM32F4xx_HAL_Driver\Src\stm32f4xx_hal_flash_ex.o
LOAD Drivers\STM32F4xx_HAL_Driver\Src\stm32f4xx_hal_flash_ramfunc.o
LOAD Drivers\STM32F4xx_HAL_Driver\Src\stm32f4xx_hal_gpio.o
LOAD Drivers\STM32F4xx_HAL_Driver\Src\stm32f4xx_hal_i2c.o
LOAD Drivers\STM32F4xx_HAL_Driver\Src\stm32f4xx_hal_i2c_ex.o
LOAD Drivers\STM32F4xx_HAL_Driver\Src\stm32f4xx_hal_ltdc.o
LOAD Drivers\STM32F4xx_HAL_Driver\Src\stm32f4xx_hal_ltdc_ex.o
LOAD Drivers\STM32F4xx_HAL_Driver\Src\stm32f4xx_hal_pwr.o
LOAD Drivers\STM32F4xx_HAL_Driver\Src\stm32f4xx_hal_pwr_ex.o
LOAD Drivers\STM32F4xx_HAL_Driver\Src\stm32f4xx_hal_qspi.o
LOAD Drivers\STM32F4xx_HAL_Driver\Src\stm32f4xx_hal_rcc.o
LOAD Drivers\STM32F4xx_HAL_Driver\Src\stm32f4xx_hal_rcc_ex.o
LOAD Drivers\STM32F4xx_HAL_Driver\Src\stm32f4xx_hal_sd.o
LOAD Drivers\STM32F4xx_HAL_Driver\Src\stm32f4xx_hal_sdram.o
LOAD Drivers\STM32F4xx_HAL_Driver\Src\stm32f4xx_hal_spdifrx.o
LOAD Drivers\STM32F4xx_HAL_Driver\Src\stm32f4xx_hal_spi.o
LOAD Drivers\STM32F4xx_HAL_Driver\Src\stm32f4xx_hal_sram.o
LOAD Drivers\STM32F4xx_HAL_Driver\Src\stm32f4xx_hal_tim.o
LOAD Drivers\STM32F4xx_HAL_Driver\Src\stm32f4xx_hal_tim_ex.o
LOAD Drivers\STM32F4xx_HAL_Driver\Src\stm32f4xx_hal_uart.o
LOAD Drivers\STM32F4xx_HAL_Driver\Src\stm32f4xx_ll_fmc.o
LOAD Drivers\STM32F4xx_HAL_Driver\Src\stm32f4xx_ll_sdmmc.o
LOAD Middlewares\Third_Party\FatFs\src\diskio.o
LOAD Middlewares\Third_Party\FatFs\src\ff.o
LOAD Middlewares\Third_Party\FatFs\src\ff_gen_drv.o
LOAD Middlewares\Third_Party\FatFs\src\option\syscall.o
LOAD Middlewares\Third_Party\FreeRTOS\Source\CMSIS_RTOS\cmsis_os.o
LOAD Middlewares\Third_Party\FreeRTOS\Source\croutine.o
LOAD Middlewares\Third_Party\FreeRTOS\Source\event_groups.o
LOAD Middlewares\Third_Party\FreeRTOS\Source\list.o
LOAD Middlewares\Third_Party\FreeRTOS\Source\portable\GCC\ARM_CM4F\port.o
LOAD Middlewares\Third_Party\FreeRTOS\Source\portable\MemMang\heap_4.o
LOAD Middlewares\Third_Party\FreeRTOS\Source\queue.o
LOAD Middlewares\Third_Party\FreeRTOS\Source\tasks.o
LOAD Middlewares\Third_Party\FreeRTOS\Source\timers.o
LOAD Src\BLE_AT\ble_data_handler.o
LOAD Src\OLED\oled.o
LOAD Src\W5500\dhcp.o
LOAD Src\W5500\socket.o
LOAD Src\W5500\utility.o
LOAD Src\W5500\w5500.o
LOAD Src\W5500\w5500_conf.o
LOAD Src\W5500\w5500_spi_driver.o
LOAD Src\blink.o
LOAD Src\bsp_driver_sd.o
LOAD Src\fatfs.o
LOAD Src\fatfs_platform.o
LOAD Src\freertos.o
LOAD Src\i2c.o
LOAD Src\main.o
LOAD Src\sd_diskio.o
LOAD Src\stm32f4xx_hal_msp.o
LOAD Src\stm32f4xx_hal_timebase_tim.o
LOAD Src\stm32f4xx_it.o
LOAD Src\system_stm32f4xx.o
LOAD Src\timer.o
LOAD Src\usart.o
LOAD Src\usr_task.o
LOAD startup\startup_stm32f469xx.o
                0x00001000                malloc_getpagesize_P = 0x1000
START GROUP
LOAD c:/program files (x86)/atollic/truestudio for stm32 9.2.0/armtools/bin/../lib/gcc/arm-atollic-eabi/6.3.1/../../../../arm-atollic-eabi/lib/armv7e-m/fpu\libc_nano.a
LOAD c:/program files (x86)/atollic/truestudio for stm32 9.2.0/armtools/bin/../lib/gcc/arm-atollic-eabi/6.3.1/../../../../arm-atollic-eabi/lib/armv7e-m/fpu\libm.a
END GROUP
START GROUP
LOAD c:/program files (x86)/atollic/truestudio for stm32 9.2.0/armtools/bin/../lib/gcc/arm-atollic-eabi/6.3.1/armv7e-m/fpu\libgcc.a
LOAD c:/program files (x86)/atollic/truestudio for stm32 9.2.0/armtools/bin/../lib/gcc/arm-atollic-eabi/6.3.1/../../../../arm-atollic-eabi/lib/armv7e-m/fpu\libc_nano.a
END GROUP
START GROUP
LOAD c:/program files (x86)/atollic/truestudio for stm32 9.2.0/armtools/bin/../lib/gcc/arm-atollic-eabi/6.3.1/armv7e-m/fpu\libgcc.a
LOAD c:/program files (x86)/atollic/truestudio for stm32 9.2.0/armtools/bin/../lib/gcc/arm-atollic-eabi/6.3.1/../../../../arm-atollic-eabi/lib/armv7e-m/fpu\libc_nano.a
LOAD c:/program files (x86)/atollic/truestudio for stm32 9.2.0/armtools/bin/../lib/gcc/arm-atollic-eabi/6.3.1/../../../../arm-atollic-eabi/lib/armv7e-m/fpu\libnosys.a
END GROUP
START GROUP
LOAD c:/program files (x86)/atollic/truestudio for stm32 9.2.0/armtools/bin/../lib/gcc/arm-atollic-eabi/6.3.1/armv7e-m/fpu\libgcc.a
LOAD c:/program files (x86)/atollic/truestudio for stm32 9.2.0/armtools/bin/../lib/gcc/arm-atollic-eabi/6.3.1/../../../../arm-atollic-eabi/lib/armv7e-m/fpu\libc_nano.a
LOAD c:/program files (x86)/atollic/truestudio for stm32 9.2.0/armtools/bin/../lib/gcc/arm-atollic-eabi/6.3.1/../../../../arm-atollic-eabi/lib/armv7e-m/fpu\libnosys.a
END GROUP
LOAD c:/program files (x86)/atollic/truestudio for stm32 9.2.0/armtools/bin/../lib/gcc/arm-atollic-eabi/6.3.1/armv7e-m/fpu/crtend.o
LOAD c:/program files (x86)/atollic/truestudio for stm32 9.2.0/armtools/bin/../lib/gcc/arm-atollic-eabi/6.3.1/armv7e-m/fpu/crtn.o
                0x20050000                _estack = 0x20050000
                0x00000200                _Min_Heap_Size = 0x200
                0x00000400                _Min_Stack_Size = 0x400

.isr_vector     0x08000000      0x1b4
                0x08000000                . = ALIGN (0x4)
 *(.isr_vector)
 .isr_vector    0x08000000      0x1b4 startup\startup_stm32f469xx.o
                0x08000000                g_pfnVectors
                0x080001b4                . = ALIGN (0x4)

.text           0x080001c0     0xa4c0
                0x080001c0                . = ALIGN (0x4)
 *(.text)
 .text          0x080001c0       0x40 c:/program files (x86)/atollic/truestudio for stm32 9.2.0/armtools/bin/../lib/gcc/arm-atollic-eabi/6.3.1/armv7e-m/fpu/crtbegin.o
 .text          0x08000200       0x10 c:/program files (x86)/atollic/truestudio for stm32 9.2.0/armtools/bin/../lib/gcc/arm-atollic-eabi/6.3.1/../../../../arm-atollic-eabi/lib/armv7e-m/fpu\libc_nano.a(lib_a-strlen.o)
                0x08000200                strlen
 .text          0x08000210       0xa0 c:/program files (x86)/atollic/truestudio for stm32 9.2.0/armtools/bin/../lib/gcc/arm-atollic-eabi/6.3.1/../../../../arm-atollic-eabi/lib/armv7e-m/fpu\libc_nano.a(lib_a-memchr.o)
                0x08000210                memchr
 .text          0x080002b0       0x30 c:/program files (x86)/atollic/truestudio for stm32 9.2.0/armtools/bin/../lib/gcc/arm-atollic-eabi/6.3.1/armv7e-m/fpu\libgcc.a(_aeabi_uldivmod.o)
                0x080002b0                __aeabi_uldivmod
 .text          0x080002e0      0x2dc c:/program files (x86)/atollic/truestudio for stm32 9.2.0/armtools/bin/../lib/gcc/arm-atollic-eabi/6.3.1/armv7e-m/fpu\libgcc.a(_udivmoddi4.o)
                0x080002e0                __udivmoddi4
 .text          0x080005bc        0x4 c:/program files (x86)/atollic/truestudio for stm32 9.2.0/armtools/bin/../lib/gcc/arm-atollic-eabi/6.3.1/armv7e-m/fpu\libgcc.a(_dvmd_tls.o)
                0x080005bc                __aeabi_idiv0
                0x080005bc                __aeabi_ldiv0
 *(.text*)
 .text.HAL_Init
                0x080005c0       0x44 Drivers\STM32F4xx_HAL_Driver\Src\stm32f4xx_hal.o
                0x080005c0                HAL_Init
 .text.HAL_IncTick
                0x08000604       0x28 Drivers\STM32F4xx_HAL_Driver\Src\stm32f4xx_hal.o
                0x08000604                HAL_IncTick
 .text.HAL_GetTick
                0x0800062c       0x18 Drivers\STM32F4xx_HAL_Driver\Src\stm32f4xx_hal.o
                0x0800062c                HAL_GetTick
 .text.HAL_Delay
                0x08000644       0x44 Drivers\STM32F4xx_HAL_Driver\Src\stm32f4xx_hal.o
                0x08000644                HAL_Delay
 .text.NVIC_SetPriorityGrouping
                0x08000688       0x48 Drivers\STM32F4xx_HAL_Driver\Src\stm32f4xx_hal_cortex.o
 .text.NVIC_GetPriorityGrouping
                0x080006d0       0x1c Drivers\STM32F4xx_HAL_Driver\Src\stm32f4xx_hal_cortex.o
 .text.NVIC_EnableIRQ
                0x080006ec       0x34 Drivers\STM32F4xx_HAL_Driver\Src\stm32f4xx_hal_cortex.o
 .text.NVIC_SetPriority
                0x08000720       0x54 Drivers\STM32F4xx_HAL_Driver\Src\stm32f4xx_hal_cortex.o
 .text.NVIC_EncodePriority
                0x08000774       0x62 Drivers\STM32F4xx_HAL_Driver\Src\stm32f4xx_hal_cortex.o
 .text.HAL_NVIC_SetPriorityGrouping
                0x080007d6       0x16 Drivers\STM32F4xx_HAL_Driver\Src\stm32f4xx_hal_cortex.o
                0x080007d6                HAL_NVIC_SetPriorityGrouping
 .text.HAL_NVIC_SetPriority
                0x080007ec       0x38 Drivers\STM32F4xx_HAL_Driver\Src\stm32f4xx_hal_cortex.o
                0x080007ec                HAL_NVIC_SetPriority
 .text.HAL_NVIC_EnableIRQ
                0x08000824       0x1c Drivers\STM32F4xx_HAL_Driver\Src\stm32f4xx_hal_cortex.o
                0x08000824                HAL_NVIC_EnableIRQ
 .text.HAL_CRC_Init
                0x08000840       0x3e Drivers\STM32F4xx_HAL_Driver\Src\stm32f4xx_hal_crc.o
                0x08000840                HAL_CRC_Init
 *fill*         0x0800087e        0x2 
 .text.HAL_DMA_Init
                0x08000880      0x15c Drivers\STM32F4xx_HAL_Driver\Src\stm32f4xx_hal_dma.o
                0x08000880                HAL_DMA_Init
 .text.HAL_DMA_Start_IT
                0x080009dc       0xc0 Drivers\STM32F4xx_HAL_Driver\Src\stm32f4xx_hal_dma.o
                0x080009dc                HAL_DMA_Start_IT
 .text.HAL_DMA_IRQHandler
                0x08000a9c      0x314 Drivers\STM32F4xx_HAL_Driver\Src\stm32f4xx_hal_dma.o
                0x08000a9c                HAL_DMA_IRQHandler
 .text.DMA_SetConfig
                0x08000db0       0x5c Drivers\STM32F4xx_HAL_Driver\Src\stm32f4xx_hal_dma.o
 .text.DMA_CalcBaseAndBitshift
                0x08000e0c       0x6c Drivers\STM32F4xx_HAL_Driver\Src\stm32f4xx_hal_dma.o
 .text.DMA_CheckFifoParam
                0x08000e78       0xf4 Drivers\STM32F4xx_HAL_Driver\Src\stm32f4xx_hal_dma.o
 .text.HAL_DMA2D_Init
                0x08000f6c       0x92 Drivers\STM32F4xx_HAL_Driver\Src\stm32f4xx_hal_dma2d.o
                0x08000f6c                HAL_DMA2D_Init
 .text.HAL_DMA2D_IRQHandler
                0x08000ffe      0x1f8 Drivers\STM32F4xx_HAL_Driver\Src\stm32f4xx_hal_dma2d.o
                0x08000ffe                HAL_DMA2D_IRQHandler
 .text.HAL_DMA2D_LineEventCallback
                0x080011f6       0x14 Drivers\STM32F4xx_HAL_Driver\Src\stm32f4xx_hal_dma2d.o
                0x080011f6                HAL_DMA2D_LineEventCallback
 .text.HAL_DMA2D_CLUTLoadingCpltCallback
                0x0800120a       0x14 Drivers\STM32F4xx_HAL_Driver\Src\stm32f4xx_hal_dma2d.o
                0x0800120a                HAL_DMA2D_CLUTLoadingCpltCallback
 *fill*         0x0800121e        0x2 
 .text.HAL_DMA2D_ConfigLayer
                0x08001220      0x124 Drivers\STM32F4xx_HAL_Driver\Src\stm32f4xx_hal_dma2d.o
                0x08001220                HAL_DMA2D_ConfigLayer
 .text.HAL_GPIO_Init
                0x08001344      0x354 Drivers\STM32F4xx_HAL_Driver\Src\stm32f4xx_hal_gpio.o
                0x08001344                HAL_GPIO_Init
 .text.HAL_GPIO_ReadPin
                0x08001698       0x30 Drivers\STM32F4xx_HAL_Driver\Src\stm32f4xx_hal_gpio.o
                0x08001698                HAL_GPIO_ReadPin
 .text.HAL_GPIO_WritePin
                0x080016c8       0x32 Drivers\STM32F4xx_HAL_Driver\Src\stm32f4xx_hal_gpio.o
                0x080016c8                HAL_GPIO_WritePin
 *fill*         0x080016fa        0x2 
 .text.HAL_I2C_Init
                0x080016fc      0x1c0 Drivers\STM32F4xx_HAL_Driver\Src\stm32f4xx_hal_i2c.o
                0x080016fc                HAL_I2C_Init
 .text.HAL_PWREx_EnableOverDrive
                0x080018bc       0xa0 Drivers\STM32F4xx_HAL_Driver\Src\stm32f4xx_hal_pwr_ex.o
                0x080018bc                HAL_PWREx_EnableOverDrive
 .text.HAL_QSPI_Init
                0x0800195c      0x114 Drivers\STM32F4xx_HAL_Driver\Src\stm32f4xx_hal_qspi.o
                0x0800195c                HAL_QSPI_Init
 .text.HAL_QSPI_SetTimeout
                0x08001a70       0x1c Drivers\STM32F4xx_HAL_Driver\Src\stm32f4xx_hal_qspi.o
                0x08001a70                HAL_QSPI_SetTimeout
 .text.QSPI_WaitFlagStateUntilTimeout
                0x08001a8c       0x6e Drivers\STM32F4xx_HAL_Driver\Src\stm32f4xx_hal_qspi.o
 *fill*         0x08001afa        0x2 
 .text.HAL_RCC_ClockConfig
                0x08001afc      0x1c4 Drivers\STM32F4xx_HAL_Driver\Src\stm32f4xx_hal_rcc.o
                0x08001afc                HAL_RCC_ClockConfig
 .text.HAL_RCC_GetSysClockFreq
                0x08001cc0      0x1b0 Drivers\STM32F4xx_HAL_Driver\Src\stm32f4xx_hal_rcc.o
                0x08001cc0                HAL_RCC_GetSysClockFreq
 .text.HAL_RCC_GetHCLKFreq
                0x08001e70       0x18 Drivers\STM32F4xx_HAL_Driver\Src\stm32f4xx_hal_rcc.o
                0x08001e70                HAL_RCC_GetHCLKFreq
 .text.HAL_RCC_GetPCLK1Freq
                0x08001e88       0x28 Drivers\STM32F4xx_HAL_Driver\Src\stm32f4xx_hal_rcc.o
                0x08001e88                HAL_RCC_GetPCLK1Freq
 .text.HAL_RCC_GetPCLK2Freq
                0x08001eb0       0x28 Drivers\STM32F4xx_HAL_Driver\Src\stm32f4xx_hal_rcc.o
                0x08001eb0                HAL_RCC_GetPCLK2Freq
 .text.HAL_RCC_GetClockConfig
                0x08001ed8       0x64 Drivers\STM32F4xx_HAL_Driver\Src\stm32f4xx_hal_rcc.o
                0x08001ed8                HAL_RCC_GetClockConfig
 .text.HAL_RCCEx_PeriphCLKConfig
                0x08001f3c      0x47c Drivers\STM32F4xx_HAL_Driver\Src\stm32f4xx_hal_rcc_ex.o
                0x08001f3c                HAL_RCCEx_PeriphCLKConfig
 .text.HAL_RCC_OscConfig
                0x080023b8      0x484 Drivers\STM32F4xx_HAL_Driver\Src\stm32f4xx_hal_rcc_ex.o
                0x080023b8                HAL_RCC_OscConfig
 .text.HAL_SD_Init
                0x0800283c       0x56 Drivers\STM32F4xx_HAL_Driver\Src\stm32f4xx_hal_sd.o
                0x0800283c                HAL_SD_Init
 *fill*         0x08002892        0x2 
 .text.HAL_SD_InitCard
                0x08002894       0xb8 Drivers\STM32F4xx_HAL_Driver\Src\stm32f4xx_hal_sd.o
                0x08002894                HAL_SD_InitCard
 .text.HAL_SD_ReadBlocks_DMA
                0x0800294c      0x194 Drivers\STM32F4xx_HAL_Driver\Src\stm32f4xx_hal_sd.o
                0x0800294c                HAL_SD_ReadBlocks_DMA
 .text.HAL_SD_WriteBlocks_DMA
                0x08002ae0      0x194 Drivers\STM32F4xx_HAL_Driver\Src\stm32f4xx_hal_sd.o
                0x08002ae0                HAL_SD_WriteBlocks_DMA
 .text.HAL_SD_ErrorCallback
                0x08002c74       0x14 Drivers\STM32F4xx_HAL_Driver\Src\stm32f4xx_hal_sd.o
                0x08002c74                HAL_SD_ErrorCallback
 .text.HAL_SD_GetCardCSD
                0x08002c88      0x456 Drivers\STM32F4xx_HAL_Driver\Src\stm32f4xx_hal_sd.o
                0x08002c88                HAL_SD_GetCardCSD
 .text.HAL_SD_GetCardInfo
                0x080030de       0x58 Drivers\STM32F4xx_HAL_Driver\Src\stm32f4xx_hal_sd.o
                0x080030de                HAL_SD_GetCardInfo
 .text.HAL_SD_ConfigWideBusOperation
                0x08003136       0xf8 Drivers\STM32F4xx_HAL_Driver\Src\stm32f4xx_hal_sd.o
                0x08003136                HAL_SD_ConfigWideBusOperation
 .text.HAL_SD_GetCardState
                0x0800322e       0x4a Drivers\STM32F4xx_HAL_Driver\Src\stm32f4xx_hal_sd.o
                0x0800322e                HAL_SD_GetCardState
 .text.SD_DMATransmitCplt
                0x08003278       0x2a Drivers\STM32F4xx_HAL_Driver\Src\stm32f4xx_hal_sd.o
 .text.SD_DMAReceiveCplt
                0x080032a2       0x6e Drivers\STM32F4xx_HAL_Driver\Src\stm32f4xx_hal_sd.o
 .text.SD_DMAError
                0x08003310       0x8a Drivers\STM32F4xx_HAL_Driver\Src\stm32f4xx_hal_sd.o
 .text.SD_InitCard
                0x0800339a      0x192 Drivers\STM32F4xx_HAL_Driver\Src\stm32f4xx_hal_sd.o
 .text.SD_PowerON
                0x0800352c      0x150 Drivers\STM32F4xx_HAL_Driver\Src\stm32f4xx_hal_sd.o
 .text.SD_SendStatus
                0x0800367c       0x54 Drivers\STM32F4xx_HAL_Driver\Src\stm32f4xx_hal_sd.o
 .text.SD_WideBus_Enable
                0x080036d0       0x9a Drivers\STM32F4xx_HAL_Driver\Src\stm32f4xx_hal_sd.o
 .text.SD_WideBus_Disable
                0x0800376a       0x9a Drivers\STM32F4xx_HAL_Driver\Src\stm32f4xx_hal_sd.o
 .text.SD_FindSCR
                0x08003804      0x190 Drivers\STM32F4xx_HAL_Driver\Src\stm32f4xx_hal_sd.o
 .text.HAL_SDRAM_Init
                0x08003994       0x68 Drivers\STM32F4xx_HAL_Driver\Src\stm32f4xx_hal_sdram.o
                0x08003994                HAL_SDRAM_Init
 .text.HAL_TIM_Base_Init
                0x080039fc       0x56 Drivers\STM32F4xx_HAL_Driver\Src\stm32f4xx_hal_tim.o
                0x080039fc                HAL_TIM_Base_Init
 .text.HAL_TIM_Base_Start_IT
                0x08003a52       0x36 Drivers\STM32F4xx_HAL_Driver\Src\stm32f4xx_hal_tim.o
                0x08003a52                HAL_TIM_Base_Start_IT
 .text.HAL_TIM_IRQHandler
                0x08003a88      0x210 Drivers\STM32F4xx_HAL_Driver\Src\stm32f4xx_hal_tim.o
                0x08003a88                HAL_TIM_IRQHandler
 .text.HAL_TIM_ConfigClockSource
                0x08003c98      0x1b6 Drivers\STM32F4xx_HAL_Driver\Src\stm32f4xx_hal_tim.o
                0x08003c98                HAL_TIM_ConfigClockSource
 .text.HAL_TIM_OC_DelayElapsedCallback
                0x08003e4e       0x14 Drivers\STM32F4xx_HAL_Driver\Src\stm32f4xx_hal_tim.o
                0x08003e4e                HAL_TIM_OC_DelayElapsedCallback
 .text.HAL_TIM_IC_CaptureCallback
                0x08003e62       0x14 Drivers\STM32F4xx_HAL_Driver\Src\stm32f4xx_hal_tim.o
                0x08003e62                HAL_TIM_IC_CaptureCallback
 .text.HAL_TIM_PWM_PulseFinishedCallback
                0x08003e76       0x14 Drivers\STM32F4xx_HAL_Driver\Src\stm32f4xx_hal_tim.o
                0x08003e76                HAL_TIM_PWM_PulseFinishedCallback
 .text.HAL_TIM_TriggerCallback
                0x08003e8a       0x14 Drivers\STM32F4xx_HAL_Driver\Src\stm32f4xx_hal_tim.o
                0x08003e8a                HAL_TIM_TriggerCallback
 *fill*         0x08003e9e        0x2 
 .text.TIM_Base_SetConfig
                0x08003ea0      0x154 Drivers\STM32F4xx_HAL_Driver\Src\stm32f4xx_hal_tim.o
                0x08003ea0                TIM_Base_SetConfig
 .text.TIM_TI1_ConfigInputStage
                0x08003ff4       0x66 Drivers\STM32F4xx_HAL_Driver\Src\stm32f4xx_hal_tim.o
 .text.TIM_TI2_ConfigInputStage
                0x0800405a       0x68 Drivers\STM32F4xx_HAL_Driver\Src\stm32f4xx_hal_tim.o
 .text.TIM_ITRx_SetConfig
                0x080040c2       0x40 Drivers\STM32F4xx_HAL_Driver\Src\stm32f4xx_hal_tim.o
 .text.TIM_ETR_SetConfig
                0x08004102       0x44 Drivers\STM32F4xx_HAL_Driver\Src\stm32f4xx_hal_tim.o
 .text.HAL_TIMEx_MasterConfigSynchronization
                0x08004146       0x8a Drivers\STM32F4xx_HAL_Driver\Src\stm32f4xx_hal_tim_ex.o
                0x08004146                HAL_TIMEx_MasterConfigSynchronization
 .text.HAL_TIMEx_CommutationCallback
                0x080041d0       0x14 Drivers\STM32F4xx_HAL_Driver\Src\stm32f4xx_hal_tim_ex.o
                0x080041d0                HAL_TIMEx_CommutationCallback
 .text.HAL_TIMEx_BreakCallback
                0x080041e4       0x14 Drivers\STM32F4xx_HAL_Driver\Src\stm32f4xx_hal_tim_ex.o
                0x080041e4                HAL_TIMEx_BreakCallback
 .text.HAL_UART_Init
                0x080041f8       0x9a Drivers\STM32F4xx_HAL_Driver\Src\stm32f4xx_hal_uart.o
                0x080041f8                HAL_UART_Init
 .text.HAL_UART_Transmit
                0x08004292      0x130 Drivers\STM32F4xx_HAL_Driver\Src\stm32f4xx_hal_uart.o
                0x08004292                HAL_UART_Transmit
 .text.UART_WaitOnFlagUntilTimeout
                0x080043c2       0x94 Drivers\STM32F4xx_HAL_Driver\Src\stm32f4xx_hal_uart.o
 *fill*         0x08004456        0x2 
 .text.UART_SetConfig
                0x08004458      0x438 Drivers\STM32F4xx_HAL_Driver\Src\stm32f4xx_hal_uart.o
 .text.FMC_SDRAM_Init
                0x08004890       0xe6 Drivers\STM32F4xx_HAL_Driver\Src\stm32f4xx_ll_fmc.o
                0x08004890                FMC_SDRAM_Init
 .text.FMC_SDRAM_Timing_Init
                0x08004976       0xfe Drivers\STM32F4xx_HAL_Driver\Src\stm32f4xx_ll_fmc.o
                0x08004976                FMC_SDRAM_Timing_Init
 .text.SDIO_Init
                0x08004a74       0x56 Drivers\STM32F4xx_HAL_Driver\Src\stm32f4xx_ll_sdmmc.o
                0x08004a74                SDIO_Init
 .text.SDIO_ReadFIFO
                0x08004aca       0x1a Drivers\STM32F4xx_HAL_Driver\Src\stm32f4xx_ll_sdmmc.o
                0x08004aca                SDIO_ReadFIFO
 .text.SDIO_PowerState_ON
                0x08004ae4       0x1c Drivers\STM32F4xx_HAL_Driver\Src\stm32f4xx_ll_sdmmc.o
                0x08004ae4                SDIO_PowerState_ON
 .text.SDIO_GetPowerState
                0x08004b00       0x1c Drivers\STM32F4xx_HAL_Driver\Src\stm32f4xx_ll_sdmmc.o
                0x08004b00                SDIO_GetPowerState
 .text.SDIO_SendCommand
                0x08004b1c       0x54 Drivers\STM32F4xx_HAL_Driver\Src\stm32f4xx_ll_sdmmc.o
                0x08004b1c                SDIO_SendCommand
 .text.SDIO_GetCommandResponse
                0x08004b70       0x1a Drivers\STM32F4xx_HAL_Driver\Src\stm32f4xx_ll_sdmmc.o
                0x08004b70                SDIO_GetCommandResponse
 .text.SDIO_GetResponse
                0x08004b8a       0x2a Drivers\STM32F4xx_HAL_Driver\Src\stm32f4xx_ll_sdmmc.o
                0x08004b8a                SDIO_GetResponse
 .text.SDIO_ConfigData
                0x08004bb4       0x58 Drivers\STM32F4xx_HAL_Driver\Src\stm32f4xx_ll_sdmmc.o
                0x08004bb4                SDIO_ConfigData
 .text.SDMMC_CmdBlockLength
                0x08004c0c       0x48 Drivers\STM32F4xx_HAL_Driver\Src\stm32f4xx_ll_sdmmc.o
                0x08004c0c                SDMMC_CmdBlockLength
 .text.SDMMC_CmdReadSingleBlock
                0x08004c54       0x48 Drivers\STM32F4xx_HAL_Driver\Src\stm32f4xx_ll_sdmmc.o
                0x08004c54                SDMMC_CmdReadSingleBlock
 .text.SDMMC_CmdReadMultiBlock
                0x08004c9c       0x48 Drivers\STM32F4xx_HAL_Driver\Src\stm32f4xx_ll_sdmmc.o
                0x08004c9c                SDMMC_CmdReadMultiBlock
 .text.SDMMC_CmdWriteSingleBlock
                0x08004ce4       0x48 Drivers\STM32F4xx_HAL_Driver\Src\stm32f4xx_ll_sdmmc.o
                0x08004ce4                SDMMC_CmdWriteSingleBlock
 .text.SDMMC_CmdWriteMultiBlock
                0x08004d2c       0x48 Drivers\STM32F4xx_HAL_Driver\Src\stm32f4xx_ll_sdmmc.o
                0x08004d2c                SDMMC_CmdWriteMultiBlock
 .text.SDMMC_CmdStopTransfer
                0x08004d74       0x48 Drivers\STM32F4xx_HAL_Driver\Src\stm32f4xx_ll_sdmmc.o
                0x08004d74                SDMMC_CmdStopTransfer
 .text.SDMMC_CmdSelDesel
                0x08004dbc       0x4a Drivers\STM32F4xx_HAL_Driver\Src\stm32f4xx_ll_sdmmc.o
                0x08004dbc                SDMMC_CmdSelDesel
 .text.SDMMC_CmdGoIdleState
                0x08004e06       0x40 Drivers\STM32F4xx_HAL_Driver\Src\stm32f4xx_ll_sdmmc.o
                0x08004e06                SDMMC_CmdGoIdleState
 .text.SDMMC_CmdOperCond
                0x08004e46       0x42 Drivers\STM32F4xx_HAL_Driver\Src\stm32f4xx_ll_sdmmc.o
                0x08004e46                SDMMC_CmdOperCond
 .text.SDMMC_CmdAppCommand
                0x08004e88       0x48 Drivers\STM32F4xx_HAL_Driver\Src\stm32f4xx_ll_sdmmc.o
                0x08004e88                SDMMC_CmdAppCommand
 .text.SDMMC_CmdAppOperCommand
                0x08004ed0       0x4a Drivers\STM32F4xx_HAL_Driver\Src\stm32f4xx_ll_sdmmc.o
                0x08004ed0                SDMMC_CmdAppOperCommand
 .text.SDMMC_CmdBusWidth
                0x08004f1a       0x48 Drivers\STM32F4xx_HAL_Driver\Src\stm32f4xx_ll_sdmmc.o
                0x08004f1a                SDMMC_CmdBusWidth
 .text.SDMMC_CmdSendSCR
                0x08004f62       0x46 Drivers\STM32F4xx_HAL_Driver\Src\stm32f4xx_ll_sdmmc.o
                0x08004f62                SDMMC_CmdSendSCR
 .text.SDMMC_CmdSendCID
                0x08004fa8       0x40 Drivers\STM32F4xx_HAL_Driver\Src\stm32f4xx_ll_sdmmc.o
                0x08004fa8                SDMMC_CmdSendCID
 .text.SDMMC_CmdSendCSD
                0x08004fe8       0x42 Drivers\STM32F4xx_HAL_Driver\Src\stm32f4xx_ll_sdmmc.o
                0x08004fe8                SDMMC_CmdSendCSD
 .text.SDMMC_CmdSetRelAdd
                0x0800502a       0x46 Drivers\STM32F4xx_HAL_Driver\Src\stm32f4xx_ll_sdmmc.o
                0x0800502a                SDMMC_CmdSetRelAdd
 .text.SDMMC_CmdSendStatus
                0x08005070       0x48 Drivers\STM32F4xx_HAL_Driver\Src\stm32f4xx_ll_sdmmc.o
                0x08005070                SDMMC_CmdSendStatus
 .text.SDMMC_GetCmdError
                0x080050b8       0x54 Drivers\STM32F4xx_HAL_Driver\Src\stm32f4xx_ll_sdmmc.o
 .text.SDMMC_GetCmdResp1
                0x0800510c      0x1cc Drivers\STM32F4xx_HAL_Driver\Src\stm32f4xx_ll_sdmmc.o
 .text.SDMMC_GetCmdResp2
                0x080052d8       0x80 Drivers\STM32F4xx_HAL_Driver\Src\stm32f4xx_ll_sdmmc.o
 .text.SDMMC_GetCmdResp3
                0x08005358       0x68 Drivers\STM32F4xx_HAL_Driver\Src\stm32f4xx_ll_sdmmc.o
 .text.SDMMC_GetCmdResp6
                0x080053c0       0xdc Drivers\STM32F4xx_HAL_Driver\Src\stm32f4xx_ll_sdmmc.o
 .text.SDMMC_GetCmdResp7
                0x0800549c       0x74 Drivers\STM32F4xx_HAL_Driver\Src\stm32f4xx_ll_sdmmc.o
 .text.FATFS_LinkDriverEx
                0x08005510       0x98 Middlewares\Third_Party\FatFs\src\ff_gen_drv.o
                0x08005510                FATFS_LinkDriverEx
 .text.FATFS_LinkDriver
                0x080055a8       0x1e Middlewares\Third_Party\FatFs\src\ff_gen_drv.o
                0x080055a8                FATFS_LinkDriver
 .text.makeFreeRtosPriority
                0x080055c6       0x30 Middlewares\Third_Party\FreeRTOS\Source\CMSIS_RTOS\cmsis_os.o
 .text.inHandlerMode
                0x080055f6       0x24 Middlewares\Third_Party\FreeRTOS\Source\CMSIS_RTOS\cmsis_os.o
 .text.osKernelStart
                0x0800561a        0xe Middlewares\Third_Party\FreeRTOS\Source\CMSIS_RTOS\cmsis_os.o
                0x0800561a                osKernelStart
 .text.osKernelRunning
                0x08005628       0x18 Middlewares\Third_Party\FreeRTOS\Source\CMSIS_RTOS\cmsis_os.o
                0x08005628                osKernelRunning
 .text.osKernelSysTick
                0x08005640       0x20 Middlewares\Third_Party\FreeRTOS\Source\CMSIS_RTOS\cmsis_os.o
                0x08005640                osKernelSysTick
 .text.osThreadCreate
                0x08005660       0x4e Middlewares\Third_Party\FreeRTOS\Source\CMSIS_RTOS\cmsis_os.o
                0x08005660                osThreadCreate
 *fill*         0x080056ae        0x2 
 .text.osThreadYield
                0x080056b0       0x24 Middlewares\Third_Party\FreeRTOS\Source\CMSIS_RTOS\cmsis_os.o
                0x080056b0                osThreadYield
 .text.osDelay  0x080056d4       0x28 Middlewares\Third_Party\FreeRTOS\Source\CMSIS_RTOS\cmsis_os.o
                0x080056d4                osDelay
 .text.osMessageCreate
                0x080056fc       0x24 Middlewares\Third_Party\FreeRTOS\Source\CMSIS_RTOS\cmsis_os.o
                0x080056fc                osMessageCreate
 .text.osMessagePut
                0x08005720       0x80 Middlewares\Third_Party\FreeRTOS\Source\CMSIS_RTOS\cmsis_os.o
                0x08005720                osMessagePut
 .text.osMessageGet
                0x080057a0       0xe8 Middlewares\Third_Party\FreeRTOS\Source\CMSIS_RTOS\cmsis_os.o
                0x080057a0                osMessageGet
 .text.osThreadSuspendAll
                0x08005888        0xe Middlewares\Third_Party\FreeRTOS\Source\CMSIS_RTOS\cmsis_os.o
                0x08005888                osThreadSuspendAll
 .text.osThreadResumeAll
                0x08005896       0x18 Middlewares\Third_Party\FreeRTOS\Source\CMSIS_RTOS\cmsis_os.o
                0x08005896                osThreadResumeAll
 .text.osThreadList
                0x080058ae       0x18 Middlewares\Third_Party\FreeRTOS\Source\CMSIS_RTOS\cmsis_os.o
                0x080058ae                osThreadList
 .text.vListInitialise
                0x080058c6       0x40 Middlewares\Third_Party\FreeRTOS\Source\list.o
                0x080058c6                vListInitialise
 .text.vListInitialiseItem
                0x08005906       0x1a Middlewares\Third_Party\FreeRTOS\Source\list.o
                0x08005906                vListInitialiseItem
 .text.vListInsertEnd
                0x08005920       0x48 Middlewares\Third_Party\FreeRTOS\Source\list.o
                0x08005920                vListInsertEnd
 .text.vListInsert
                0x08005968       0x74 Middlewares\Third_Party\FreeRTOS\Source\list.o
                0x08005968                vListInsert
 .text.uxListRemove
                0x080059dc       0x54 Middlewares\Third_Party\FreeRTOS\Source\list.o
                0x080059dc                uxListRemove
 .text.pxPortInitialiseStack
                0x08005a30       0x68 Middlewares\Third_Party\FreeRTOS\Source\portable\GCC\ARM_CM4F\port.o
                0x08005a30                pxPortInitialiseStack
 .text.prvTaskExitError
                0x08005a98       0x3c Middlewares\Third_Party\FreeRTOS\Source\portable\GCC\ARM_CM4F\port.o
 *fill*         0x08005ad4        0xc 
 .text.SVC_Handler
                0x08005ae0       0x28 Middlewares\Third_Party\FreeRTOS\Source\portable\GCC\ARM_CM4F\port.o
                0x08005ae0                SVC_Handler
 .text.prvPortStartFirstTask
                0x08005b08       0x20 Middlewares\Third_Party\FreeRTOS\Source\portable\GCC\ARM_CM4F\port.o
 .text.xPortStartScheduler
                0x08005b28      0x118 Middlewares\Third_Party\FreeRTOS\Source\portable\GCC\ARM_CM4F\port.o
                0x08005b28                xPortStartScheduler
 .text.vPortEnterCritical
                0x08005c40       0x5c Middlewares\Third_Party\FreeRTOS\Source\portable\GCC\ARM_CM4F\port.o
                0x08005c40                vPortEnterCritical
 .text.vPortExitCritical
                0x08005c9c       0x50 Middlewares\Third_Party\FreeRTOS\Source\portable\GCC\ARM_CM4F\port.o
                0x08005c9c                vPortExitCritical
 *fill*         0x08005cec        0x4 
 .text.PendSV_Handler
                0x08005cf0       0x68 Middlewares\Third_Party\FreeRTOS\Source\portable\GCC\ARM_CM4F\port.o
                0x08005cf0                PendSV_Handler
 .text.SysTick_Handler
                0x08005d58       0x40 Middlewares\Third_Party\FreeRTOS\Source\portable\GCC\ARM_CM4F\port.o
                0x08005d58                SysTick_Handler
 .text.vPortSuppressTicksAndSleep
                0x08005d98      0x1a0 Middlewares\Third_Party\FreeRTOS\Source\portable\GCC\ARM_CM4F\port.o
                0x08005d98                vPortSuppressTicksAndSleep
 .text.vPortSetupTimerInterrupt
                0x08005f38       0x78 Middlewares\Third_Party\FreeRTOS\Source\portable\GCC\ARM_CM4F\port.o
                0x08005f38                vPortSetupTimerInterrupt
 .text.vPortEnableVFP
                0x08005fb0       0x14 Middlewares\Third_Party\FreeRTOS\Source\portable\GCC\ARM_CM4F\port.o
 .text.vPortValidateInterruptPriority
                0x08005fc4       0x7c Middlewares\Third_Party\FreeRTOS\Source\portable\GCC\ARM_CM4F\port.o
                0x08005fc4                vPortValidateInterruptPriority
 .text.pvPortMalloc
                0x08006040      0x18c Middlewares\Third_Party\FreeRTOS\Source\portable\MemMang\heap_4.o
                0x08006040                pvPortMalloc
 .text.vPortFree
                0x080061cc       0xb0 Middlewares\Third_Party\FreeRTOS\Source\portable\MemMang\heap_4.o
                0x080061cc                vPortFree
 .text.prvHeapInit
                0x0800627c       0xc4 Middlewares\Third_Party\FreeRTOS\Source\portable\MemMang\heap_4.o
 .text.prvInsertBlockIntoFreeList
                0x08006340       0xb4 Middlewares\Third_Party\FreeRTOS\Source\portable\MemMang\heap_4.o
 .text.xQueueGenericReset
                0x080063f4       0xb4 Middlewares\Third_Party\FreeRTOS\Source\queue.o
                0x080063f4                xQueueGenericReset
 .text.xQueueGenericCreate
                0x080064a8       0x72 Middlewares\Third_Party\FreeRTOS\Source\queue.o
                0x080064a8                xQueueGenericCreate
 .text.prvInitialiseNewQueue
                0x0800651a       0x46 Middlewares\Third_Party\FreeRTOS\Source\queue.o
 .text.xQueueGenericSend
                0x08006560      0x1c8 Middlewares\Third_Party\FreeRTOS\Source\queue.o
                0x08006560                xQueueGenericSend
 .text.xQueueGenericSendFromISR
                0x08006728      0x128 Middlewares\Third_Party\FreeRTOS\Source\queue.o
                0x08006728                xQueueGenericSendFromISR
 .text.xQueueGenericReceive
                0x08006850      0x1fc Middlewares\Third_Party\FreeRTOS\Source\queue.o
                0x08006850                xQueueGenericReceive
 .text.xQueueReceiveFromISR
                0x08006a4c       0xfa Middlewares\Third_Party\FreeRTOS\Source\queue.o
                0x08006a4c                xQueueReceiveFromISR
 .text.prvCopyDataToQueue
                0x08006b46       0xd4 Middlewares\Third_Party\FreeRTOS\Source\queue.o
 .text.prvCopyDataFromQueue
                0x08006c1a       0x4c Middlewares\Third_Party\FreeRTOS\Source\queue.o
 .text.prvUnlockQueue
                0x08006c66       0xa4 Middlewares\Third_Party\FreeRTOS\Source\queue.o
 .text.prvIsQueueEmpty
                0x08006d0a       0x2c Middlewares\Third_Party\FreeRTOS\Source\queue.o
 .text.prvIsQueueFull
                0x08006d36       0x30 Middlewares\Third_Party\FreeRTOS\Source\queue.o
 .text.xTaskCreate
                0x08006d66       0x82 Middlewares\Third_Party\FreeRTOS\Source\tasks.o
                0x08006d66                xTaskCreate
 .text.prvInitialiseNewTask
                0x08006de8      0x11e Middlewares\Third_Party\FreeRTOS\Source\tasks.o
 *fill*         0x08006f06        0x2 
 .text.prvAddNewTaskToReadyList
                0x08006f08       0xc0 Middlewares\Third_Party\FreeRTOS\Source\tasks.o
 .text.vTaskDelay
                0x08006fc8       0x6c Middlewares\Third_Party\FreeRTOS\Source\tasks.o
                0x08006fc8                vTaskDelay
 .text.eTaskGetState
                0x08007034       0xb0 Middlewares\Third_Party\FreeRTOS\Source\tasks.o
                0x08007034                eTaskGetState
 .text.vTaskStartScheduler
                0x080070e4       0x8c Middlewares\Third_Party\FreeRTOS\Source\tasks.o
                0x080070e4                vTaskStartScheduler
 .text.vTaskSuspendAll
                0x08007170       0x1c Middlewares\Third_Party\FreeRTOS\Source\tasks.o
                0x08007170                vTaskSuspendAll
 .text.prvGetExpectedIdleTime
                0x0800718c       0x78 Middlewares\Third_Party\FreeRTOS\Source\tasks.o
 .text.xTaskResumeAll
                0x08007204      0x11c Middlewares\Third_Party\FreeRTOS\Source\tasks.o
                0x08007204                xTaskResumeAll
 .text.xTaskGetTickCount
                0x08007320       0x24 Middlewares\Third_Party\FreeRTOS\Source\tasks.o
                0x08007320                xTaskGetTickCount
 .text.xTaskGetTickCountFromISR
                0x08007344       0x44 Middlewares\Third_Party\FreeRTOS\Source\tasks.o
                0x08007344                xTaskGetTickCountFromISR
 .text.uxTaskGetSystemState
                0x08007388      0x11c Middlewares\Third_Party\FreeRTOS\Source\tasks.o
                0x08007388                uxTaskGetSystemState
 .text.vTaskStepTick
                0x080074a4       0x58 Middlewares\Third_Party\FreeRTOS\Source\tasks.o
                0x080074a4                vTaskStepTick
 .text.xTaskIncrementTick
                0x080074fc      0x138 Middlewares\Third_Party\FreeRTOS\Source\tasks.o
                0x080074fc                xTaskIncrementTick
 .text.vTaskSwitchContext
                0x08007634      0x100 Middlewares\Third_Party\FreeRTOS\Source\tasks.o
                0x08007634                vTaskSwitchContext
 .text.vTaskPlaceOnEventList
                0x08007734       0x4c Middlewares\Third_Party\FreeRTOS\Source\tasks.o
                0x08007734                vTaskPlaceOnEventList
 .text.xTaskRemoveFromEventList
                0x08007780       0xc8 Middlewares\Third_Party\FreeRTOS\Source\tasks.o
                0x08007780                xTaskRemoveFromEventList
 .text.vTaskSetTimeOutState
                0x08007848       0x48 Middlewares\Third_Party\FreeRTOS\Source\tasks.o
                0x08007848                vTaskSetTimeOutState
 .text.xTaskCheckForTimeOut
                0x08007890       0xe4 Middlewares\Third_Party\FreeRTOS\Source\tasks.o
                0x08007890                xTaskCheckForTimeOut
 .text.vTaskMissedYield
                0x08007974       0x18 Middlewares\Third_Party\FreeRTOS\Source\tasks.o
                0x08007974                vTaskMissedYield
 .text.prvIdleTask
                0x0800798c       0x80 Middlewares\Third_Party\FreeRTOS\Source\tasks.o
 .text.eTaskConfirmSleepModeStatus
                0x08007a0c       0x5c Middlewares\Third_Party\FreeRTOS\Source\tasks.o
                0x08007a0c                eTaskConfirmSleepModeStatus
 .text.prvInitialiseTaskLists
                0x08007a68       0x80 Middlewares\Third_Party\FreeRTOS\Source\tasks.o
 .text.prvCheckTasksWaitingTermination
                0x08007ae8       0x78 Middlewares\Third_Party\FreeRTOS\Source\tasks.o
 .text.vTaskGetInfo
                0x08007b60       0xbc Middlewares\Third_Party\FreeRTOS\Source\tasks.o
                0x08007b60                vTaskGetInfo
 .text.prvListTasksWithinSingleList
                0x08007c1c       0xa4 Middlewares\Third_Party\FreeRTOS\Source\tasks.o
 .text.prvTaskCheckFreeStackSpace
                0x08007cc0       0x38 Middlewares\Third_Party\FreeRTOS\Source\tasks.o
 .text.prvDeleteTCB
                0x08007cf8       0x20 Middlewares\Third_Party\FreeRTOS\Source\tasks.o
 .text.prvResetNextTaskUnblockTime
                0x08007d18       0x4c Middlewares\Third_Party\FreeRTOS\Source\tasks.o
 .text.xTaskGetSchedulerState
                0x08007d64       0x3c Middlewares\Third_Party\FreeRTOS\Source\tasks.o
                0x08007d64                xTaskGetSchedulerState
 .text.vTaskPriorityInherit
                0x08007da0       0xf4 Middlewares\Third_Party\FreeRTOS\Source\tasks.o
                0x08007da0                vTaskPriorityInherit
 .text.xTaskPriorityDisinherit
                0x08007e94      0x10c Middlewares\Third_Party\FreeRTOS\Source\tasks.o
                0x08007e94                xTaskPriorityDisinherit
 .text.prvWriteNameToBuffer
                0x08007fa0       0x4a Middlewares\Third_Party\FreeRTOS\Source\tasks.o
 *fill*         0x08007fea        0x2 
 .text.vTaskList
                0x08007fec      0x12c Middlewares\Third_Party\FreeRTOS\Source\tasks.o
                0x08007fec                vTaskList
 .text.pvTaskIncrementMutexHeldCount
                0x08008118       0x28 Middlewares\Third_Party\FreeRTOS\Source\tasks.o
                0x08008118                pvTaskIncrementMutexHeldCount
 .text.prvAddCurrentTaskToDelayedList
                0x08008140       0xdc Middlewares\Third_Party\FreeRTOS\Source\tasks.o
 .text.blink_init
                0x0800821c      0x138 Src\blink.o
                0x0800821c                blink_init
 .text.gpiox_on_off
                0x08008354       0x7c Src\blink.o
                0x08008354                gpiox_on_off
 .text.BSP_SD_Init
                0x080083d0       0x4c Src\bsp_driver_sd.o
                0x080083d0                BSP_SD_Init
 .text.BSP_SD_ReadBlocks_DMA
                0x0800841c       0x34 Src\bsp_driver_sd.o
                0x0800841c                BSP_SD_ReadBlocks_DMA
 .text.BSP_SD_WriteBlocks_DMA
                0x08008450       0x34 Src\bsp_driver_sd.o
                0x08008450                BSP_SD_WriteBlocks_DMA
 .text.BSP_SD_GetCardState
                0x08008484       0x20 Src\bsp_driver_sd.o
                0x08008484                BSP_SD_GetCardState
 .text.BSP_SD_GetCardInfo
                0x080084a4       0x1c Src\bsp_driver_sd.o
                0x080084a4                BSP_SD_GetCardInfo
 .text.HAL_SD_RxCpltCallback
                0x080084c0       0x14 Src\bsp_driver_sd.o
                0x080084c0                HAL_SD_RxCpltCallback
 .text.BSP_SD_IsDetected
                0x080084d4       0x24 Src\bsp_driver_sd.o
                0x080084d4                BSP_SD_IsDetected
 .text.MX_FATFS_Init
                0x080084f8       0x24 Src\fatfs.o
                0x080084f8                MX_FATFS_Init
 .text.BSP_PlatformIsDetected
                0x0800851c       0x2c Src\fatfs_platform.o
                0x0800851c                BSP_PlatformIsDetected
 .text.vApplicationIdleHook
                0x08008548        0xe Src\freertos.o
                0x08008548                vApplicationIdleHook
 .text.vApplicationStackOverflowHook
                0x08008556       0x16 Src\freertos.o
                0x08008556                vApplicationStackOverflowHook
 .text.vApplicationMallocFailedHook
                0x0800856c        0xe Src\freertos.o
                0x0800856c                vApplicationMallocFailedHook
 .text.PreSleepProcessing
                0x0800857a       0x14 Src\freertos.o
                0x0800857a                PreSleepProcessing
 .text.PostSleepProcessing
                0x0800858e       0x14 Src\freertos.o
                0x0800858e                PostSleepProcessing
 *fill*         0x080085a2        0x2 
 .text.MX_I2C1_Init
                0x080085a4       0x60 Src\i2c.o
                0x080085a4                MX_I2C1_Init
 .text.HAL_I2C_MspInit
                0x08008604      0x1c8 Src\i2c.o
                0x08008604                HAL_I2C_MspInit
 .text.main     0x080087cc       0x5c Src\main.o
                0x080087cc                main
 .text.SystemClock_Config
                0x08008828      0x130 Src\main.o
                0x08008828                SystemClock_Config
 .text.MX_CRC_Init
                0x08008958       0x28 Src\main.o
 .text.MX_DMA2D_Init
                0x08008980       0x64 Src\main.o
 .text.MX_QUADSPI_Init
                0x080089e4       0x58 Src\main.o
 .text.MX_SDIO_SD_Init
                0x08008a3c       0x40 Src\main.o
 .text.MX_TIM1_Init
                0x08008a7c       0x98 Src\main.o
 .text.MX_DMA_Init
                0x08008b14       0x40 Src\main.o
 .text.MX_FMC_Init
                0x08008b54       0x90 Src\main.o
 .text.MX_GPIO_Init
                0x08008be4      0x200 Src\main.o
 .text.HAL_TIM_PeriodElapsedCallback
                0x08008de4       0x24 Src\main.o
                0x08008de4                HAL_TIM_PeriodElapsedCallback
 .text.Error_Handler
                0x08008e08        0xe Src\main.o
                0x08008e08                Error_Handler
 *fill*         0x08008e16        0x2 
 .text.SD_CheckStatus
                0x08008e18       0x3c Src\sd_diskio.o
 .text.SD_initialize
                0x08008e54       0x78 Src\sd_diskio.o
                0x08008e54                SD_initialize
 .text.SD_status
                0x08008ecc       0x1c Src\sd_diskio.o
                0x08008ecc                SD_status
 .text.SD_read  0x08008ee8       0x84 Src\sd_diskio.o
                0x08008ee8                SD_read
 .text.SD_write
                0x08008f6c       0x84 Src\sd_diskio.o
                0x08008f6c                SD_write
 .text.SD_ioctl
                0x08008ff0       0xb0 Src\sd_diskio.o
                0x08008ff0                SD_ioctl
 .text.BSP_SD_ReadCpltCallback
                0x080090a0       0x1c Src\sd_diskio.o
                0x080090a0                BSP_SD_ReadCpltCallback
 .text.HAL_MspInit
                0x080090bc       0x50 Src\stm32f4xx_hal_msp.o
                0x080090bc                HAL_MspInit
 .text.HAL_CRC_MspInit
                0x0800910c       0x44 Src\stm32f4xx_hal_msp.o
                0x0800910c                HAL_CRC_MspInit
 .text.HAL_DMA2D_MspInit
                0x08009150       0x50 Src\stm32f4xx_hal_msp.o
                0x08009150                HAL_DMA2D_MspInit
 .text.HAL_QSPI_MspInit
                0x080091a0       0xf4 Src\stm32f4xx_hal_msp.o
                0x080091a0                HAL_QSPI_MspInit
 .text.HAL_SD_MspInit
                0x08009294      0x150 Src\stm32f4xx_hal_msp.o
                0x08009294                HAL_SD_MspInit
 .text.HAL_TIM_Base_MspInit
                0x080093e4       0x44 Src\stm32f4xx_hal_msp.o
                0x080093e4                HAL_TIM_Base_MspInit
 .text.HAL_FMC_MspInit
                0x08009428      0x140 Src\stm32f4xx_hal_msp.o
 .text.HAL_SDRAM_MspInit
                0x08009568       0x14 Src\stm32f4xx_hal_msp.o
                0x08009568                HAL_SDRAM_MspInit
 .text.HAL_InitTick
                0x0800957c       0xb4 Src\stm32f4xx_hal_timebase_tim.o
                0x0800957c                HAL_InitTick
 .text.NMI_Handler
                0x08009630        0xe Src\stm32f4xx_it.o
                0x08009630                NMI_Handler
 .text.HardFault_Handler
                0x0800963e        0x6 Src\stm32f4xx_it.o
                0x0800963e                HardFault_Handler
 .text.MemManage_Handler
                0x08009644        0x6 Src\stm32f4xx_it.o
                0x08009644                MemManage_Handler
 .text.BusFault_Handler
                0x0800964a        0x6 Src\stm32f4xx_it.o
                0x0800964a                BusFault_Handler
 .text.UsageFault_Handler
                0x08009650        0x6 Src\stm32f4xx_it.o
                0x08009650                UsageFault_Handler
 .text.DebugMon_Handler
                0x08009656        0xe Src\stm32f4xx_it.o
                0x08009656                DebugMon_Handler
 .text.TIM6_DAC_IRQHandler
                0x08009664       0x14 Src\stm32f4xx_it.o
                0x08009664                TIM6_DAC_IRQHandler
 .text.DMA2_Stream6_IRQHandler
                0x08009678       0x14 Src\stm32f4xx_it.o
                0x08009678                DMA2_Stream6_IRQHandler
 .text.DMA2D_IRQHandler
                0x0800968c       0x14 Src\stm32f4xx_it.o
                0x0800968c                DMA2D_IRQHandler
 .text.DMA2_Stream0_IRQHandler
                0x080096a0       0x14 Src\stm32f4xx_it.o
                0x080096a0                DMA2_Stream0_IRQHandler
 .text.DMA2_Stream3_IRQHandler
                0x080096b4       0x14 Src\stm32f4xx_it.o
                0x080096b4                DMA2_Stream3_IRQHandler
 .text.SystemInit
                0x080096c8       0x6c Src\system_stm32f4xx.o
                0x080096c8                SystemInit
 .text.MX_USARTx_Init
                0x08009734       0xe4 Src\usart.o
                0x08009734                MX_USARTx_Init
 .text.HAL_UART_MspInit
                0x08009818      0x100 Src\usart.o
                0x08009818                HAL_UART_MspInit
 .text.uasrtx_send_string
                0x08009918       0x84 Src\usart.o
                0x08009918                uasrtx_send_string
 .text.Usr_TaskCreate
                0x0800999c      0x108 Src\usr_task.o
                0x0800999c                Usr_TaskCreate
 .text.StartDefaultTask
                0x08009aa4       0x50 Src\usr_task.o
                0x08009aa4                StartDefaultTask
 .text.LED_Blink_Entry
                0x08009af4       0x8a Src\usr_task.o
                0x08009af4                LED_Blink_Entry
 *fill*         0x08009b7e        0x2 
 .text.BLE_Task_Entry
                0x08009b80       0x5c Src\usr_task.o
                0x08009b80                BLE_Task_Entry
 .text.show_all_task
                0x08009bdc       0xf0 Src\usr_task.o
                0x08009bdc                show_all_task
 .text.Display_Task_Entry
                0x08009ccc       0x40 Src\usr_task.o
                0x08009ccc                Display_Task_Entry
 .text.W5500_Task_Entry
                0x08009d0c       0x48 Src\usr_task.o
                0x08009d0c                W5500_Task_Entry
 .text.Reset_Handler
                0x08009d54       0x50 startup\startup_stm32f469xx.o
                0x08009d54                Reset_Handler
 .text.Default_Handler
                0x08009da4        0x2 startup\startup_stm32f469xx.o
                0x08009da4                RTC_Alarm_IRQHandler
                0x08009da4                HASH_RNG_IRQHandler
                0x08009da4                EXTI2_IRQHandler
                0x08009da4                TIM8_CC_IRQHandler
                0x08009da4                UART8_IRQHandler
                0x08009da4                SPI4_IRQHandler
                0x08009da4                TIM1_CC_IRQHandler
                0x08009da4                DMA2_Stream5_IRQHandler
                0x08009da4                DMA1_Stream5_IRQHandler
                0x08009da4                PVD_IRQHandler
                0x08009da4                SDIO_IRQHandler
                0x08009da4                TAMP_STAMP_IRQHandler
                0x08009da4                CAN2_RX1_IRQHandler
                0x08009da4                EXTI3_IRQHandler
                0x08009da4                TIM8_TRG_COM_TIM14_IRQHandler
                0x08009da4                TIM1_UP_TIM10_IRQHandler
                0x08009da4                TIM8_UP_TIM13_IRQHandler
                0x08009da4                I2C3_ER_IRQHandler
                0x08009da4                EXTI0_IRQHandler
                0x08009da4                I2C2_EV_IRQHandler
                0x08009da4                DMA1_Stream2_IRQHandler
                0x08009da4                CAN1_RX0_IRQHandler
                0x08009da4                FPU_IRQHandler
                0x08009da4                OTG_HS_WKUP_IRQHandler
                0x08009da4                LTDC_ER_IRQHandler
                0x08009da4                CAN2_SCE_IRQHandler
                0x08009da4                DMA2_Stream2_IRQHandler
                0x08009da4                SPI1_IRQHandler
                0x08009da4                TIM1_BRK_TIM9_IRQHandler
                0x08009da4                DCMI_IRQHandler
                0x08009da4                CAN2_RX0_IRQHandler
                0x08009da4                USART6_IRQHandler
                0x08009da4                USART3_IRQHandler
                0x08009da4                CAN1_RX1_IRQHandler
                0x08009da4                UART5_IRQHandler
                0x08009da4                TIM4_IRQHandler
                0x08009da4                QUADSPI_IRQHandler
                0x08009da4                I2C1_EV_IRQHandler
                0x08009da4                DMA1_Stream6_IRQHandler
                0x08009da4                DMA1_Stream1_IRQHandler
                0x08009da4                UART4_IRQHandler
                0x08009da4                TIM3_IRQHandler
                0x08009da4                RCC_IRQHandler
                0x08009da4                TIM8_BRK_TIM12_IRQHandler
                0x08009da4                Default_Handler
                0x08009da4                EXTI15_10_IRQHandler
                0x08009da4                ADC_IRQHandler
                0x08009da4                DMA1_Stream7_IRQHandler
                0x08009da4                SPI5_IRQHandler
                0x08009da4                TIM7_IRQHandler
                0x08009da4                CAN2_TX_IRQHandler
                0x08009da4                TIM5_IRQHandler
                0x08009da4                DMA2_Stream7_IRQHandler
                0x08009da4                I2C3_EV_IRQHandler
                0x08009da4                EXTI9_5_IRQHandler
                0x08009da4                RTC_WKUP_IRQHandler
                0x08009da4                LTDC_IRQHandler
                0x08009da4                ETH_WKUP_IRQHandler
                0x08009da4                SPI2_IRQHandler
                0x08009da4                OTG_HS_EP1_IN_IRQHandler
                0x08009da4                DMA1_Stream0_IRQHandler
                0x08009da4                CAN1_TX_IRQHandler
                0x08009da4                EXTI4_IRQHandler
                0x08009da4                DSI_IRQHandler
                0x08009da4                ETH_IRQHandler
                0x08009da4                OTG_HS_EP1_OUT_IRQHandler
                0x08009da4                WWDG_IRQHandler
                0x08009da4                SPI6_IRQHandler
                0x08009da4                TIM2_IRQHandler
                0x08009da4                OTG_FS_WKUP_IRQHandler
                0x08009da4                TIM1_TRG_COM_TIM11_IRQHandler
                0x08009da4                OTG_HS_IRQHandler
                0x08009da4                EXTI1_IRQHandler
                0x08009da4                UART7_IRQHandler
                0x08009da4                USART2_IRQHandler
                0x08009da4                I2C2_ER_IRQHandler
                0x08009da4                DMA2_Stream1_IRQHandler
                0x08009da4                CAN1_SCE_IRQHandler
                0x08009da4                FLASH_IRQHandler
                0x08009da4                DMA2_Stream4_IRQHandler
                0x08009da4                USART1_IRQHandler
                0x08009da4                OTG_FS_IRQHandler
                0x08009da4                SPI3_IRQHandler
                0x08009da4                DMA1_Stream4_IRQHandler
                0x08009da4                I2C1_ER_IRQHandler
                0x08009da4                FMC_IRQHandler
                0x08009da4                SAI1_IRQHandler
                0x08009da4                DMA1_Stream3_IRQHandler
 *fill*         0x08009da6        0x2 
 .text.__libc_init_array
                0x08009da8       0x48 c:/program files (x86)/atollic/truestudio for stm32 9.2.0/armtools/bin/../lib/gcc/arm-atollic-eabi/6.3.1/../../../../arm-atollic-eabi/lib/armv7e-m/fpu\libc_nano.a(lib_a-init.o)
                0x08009da8                __libc_init_array
 .text.memcpy   0x08009df0       0x16 c:/program files (x86)/atollic/truestudio for stm32 9.2.0/armtools/bin/../lib/gcc/arm-atollic-eabi/6.3.1/../../../../arm-atollic-eabi/lib/armv7e-m/fpu\libc_nano.a(lib_a-memcpy-stub.o)
                0x08009df0                memcpy
 .text.memset   0x08009e06       0x10 c:/program files (x86)/atollic/truestudio for stm32 9.2.0/armtools/bin/../lib/gcc/arm-atollic-eabi/6.3.1/../../../../arm-atollic-eabi/lib/armv7e-m/fpu\libc_nano.a(lib_a-memset.o)
                0x08009e06                memset
 *fill*         0x08009e16        0x2 
 .text._free_r  0x08009e18       0x9c c:/program files (x86)/atollic/truestudio for stm32 9.2.0/armtools/bin/../lib/gcc/arm-atollic-eabi/6.3.1/../../../../arm-atollic-eabi/lib/armv7e-m/fpu\libc_nano.a(lib_a-nano-freer.o)
                0x08009e18                _free_r
 .text._malloc_r
                0x08009eb4       0xbc c:/program files (x86)/atollic/truestudio for stm32 9.2.0/armtools/bin/../lib/gcc/arm-atollic-eabi/6.3.1/../../../../arm-atollic-eabi/lib/armv7e-m/fpu\libc_nano.a(lib_a-nano-mallocr.o)
                0x08009eb4                _malloc_r
 .text._sbrk_r  0x08009f70       0x20 c:/program files (x86)/atollic/truestudio for stm32 9.2.0/armtools/bin/../lib/gcc/arm-atollic-eabi/6.3.1/../../../../arm-atollic-eabi/lib/armv7e-m/fpu\libc_nano.a(lib_a-sbrkr.o)
                0x08009f70                _sbrk_r
 .text.sprintf  0x08009f90       0x48 c:/program files (x86)/atollic/truestudio for stm32 9.2.0/armtools/bin/../lib/gcc/arm-atollic-eabi/6.3.1/../../../../arm-atollic-eabi/lib/armv7e-m/fpu\libc_nano.a(lib_a-sprintf.o)
                0x08009f90                siprintf
                0x08009f90                sprintf
 .text.strcpy   0x08009fd8       0x10 c:/program files (x86)/atollic/truestudio for stm32 9.2.0/armtools/bin/../lib/gcc/arm-atollic-eabi/6.3.1/../../../../arm-atollic-eabi/lib/armv7e-m/fpu\libc_nano.a(lib_a-strcpy.o)
                0x08009fd8                strcpy
 .text.__malloc_lock
                0x08009fe8        0x2 c:/program files (x86)/atollic/truestudio for stm32 9.2.0/armtools/bin/../lib/gcc/arm-atollic-eabi/6.3.1/../../../../arm-atollic-eabi/lib/armv7e-m/fpu\libc_nano.a(lib_a-mlock.o)
                0x08009fe8                __malloc_lock
 .text.__malloc_unlock
                0x08009fea        0x2 c:/program files (x86)/atollic/truestudio for stm32 9.2.0/armtools/bin/../lib/gcc/arm-atollic-eabi/6.3.1/../../../../arm-atollic-eabi/lib/armv7e-m/fpu\libc_nano.a(lib_a-mlock.o)
                0x08009fea                __malloc_unlock
 .text.__ssputs_r
                0x08009fec       0xb6 c:/program files (x86)/atollic/truestudio for stm32 9.2.0/armtools/bin/../lib/gcc/arm-atollic-eabi/6.3.1/../../../../arm-atollic-eabi/lib/armv7e-m/fpu\libc_nano.a(lib_a-nano-svfprintf.o)
                0x08009fec                __ssputs_r
 *fill*         0x0800a0a2        0x2 
 .text._svfprintf_r
                0x0800a0a4      0x1e8 c:/program files (x86)/atollic/truestudio for stm32 9.2.0/armtools/bin/../lib/gcc/arm-atollic-eabi/6.3.1/../../../../arm-atollic-eabi/lib/armv7e-m/fpu\libc_nano.a(lib_a-nano-svfprintf.o)
                0x0800a0a4                _svfiprintf_r
                0x0800a0a4                _svfprintf_r
 .text._printf_common
                0x0800a28c       0xec c:/program files (x86)/atollic/truestudio for stm32 9.2.0/armtools/bin/../lib/gcc/arm-atollic-eabi/6.3.1/../../../../arm-atollic-eabi/lib/armv7e-m/fpu\libc_nano.a(lib_a-nano-vfprintf_i.o)
                0x0800a28c                _printf_common
 .text._printf_i
                0x0800a378      0x240 c:/program files (x86)/atollic/truestudio for stm32 9.2.0/armtools/bin/../lib/gcc/arm-atollic-eabi/6.3.1/../../../../arm-atollic-eabi/lib/armv7e-m/fpu\libc_nano.a(lib_a-nano-vfprintf_i.o)
                0x0800a378                _printf_i
 .text.memmove  0x0800a5b8       0x34 c:/program files (x86)/atollic/truestudio for stm32 9.2.0/armtools/bin/../lib/gcc/arm-atollic-eabi/6.3.1/../../../../arm-atollic-eabi/lib/armv7e-m/fpu\libc_nano.a(lib_a-memmove.o)
                0x0800a5b8                memmove
 .text._realloc_r
                0x0800a5ec       0x4c c:/program files (x86)/atollic/truestudio for stm32 9.2.0/armtools/bin/../lib/gcc/arm-atollic-eabi/6.3.1/../../../../arm-atollic-eabi/lib/armv7e-m/fpu\libc_nano.a(lib_a-nano-reallocr.o)
                0x0800a5ec                _realloc_r
 .text._malloc_usable_size_r
                0x0800a638       0x12 c:/program files (x86)/atollic/truestudio for stm32 9.2.0/armtools/bin/../lib/gcc/arm-atollic-eabi/6.3.1/../../../../arm-atollic-eabi/lib/armv7e-m/fpu\libc_nano.a(lib_a-nano-msizer.o)
                0x0800a638                _malloc_usable_size_r
 *fill*         0x0800a64a        0x2 
 .text._sbrk    0x0800a64c       0x1c c:/program files (x86)/atollic/truestudio for stm32 9.2.0/armtools/bin/../lib/gcc/arm-atollic-eabi/6.3.1/../../../../arm-atollic-eabi/lib/armv7e-m/fpu\libnosys.a(sbrk.o)
                0x0800a64c                _sbrk
 *(.glue_7)
 .glue_7        0x0800a668        0x0 linker stubs
 *(.glue_7t)
 .glue_7t       0x0800a668        0x0 linker stubs
 *(.eh_frame)
 .eh_frame      0x0800a668        0x0 c:/program files (x86)/atollic/truestudio for stm32 9.2.0/armtools/bin/../lib/gcc/arm-atollic-eabi/6.3.1/armv7e-m/fpu/crtbegin.o
 *(.init)
 .init          0x0800a668        0x4 c:/program files (x86)/atollic/truestudio for stm32 9.2.0/armtools/bin/../lib/gcc/arm-atollic-eabi/6.3.1/armv7e-m/fpu/crti.o
                0x0800a668                _init
 .init          0x0800a66c        0x8 c:/program files (x86)/atollic/truestudio for stm32 9.2.0/armtools/bin/../lib/gcc/arm-atollic-eabi/6.3.1/armv7e-m/fpu/crtn.o
 *(.fini)
 .fini          0x0800a674        0x4 c:/program files (x86)/atollic/truestudio for stm32 9.2.0/armtools/bin/../lib/gcc/arm-atollic-eabi/6.3.1/armv7e-m/fpu/crti.o
                0x0800a674                _fini
 .fini          0x0800a678        0x8 c:/program files (x86)/atollic/truestudio for stm32 9.2.0/armtools/bin/../lib/gcc/arm-atollic-eabi/6.3.1/armv7e-m/fpu/crtn.o
                0x0800a680                . = ALIGN (0x4)
                0x0800a680                _etext = .

.vfp11_veneer   0x0800a680        0x0
 .vfp11_veneer  0x0800a680        0x0 linker stubs

.v4_bx          0x0800a680        0x0
 .v4_bx         0x0800a680        0x0 linker stubs

.iplt           0x0800a680        0x0
 .iplt          0x0800a680        0x0 c:/program files (x86)/atollic/truestudio for stm32 9.2.0/armtools/bin/../lib/gcc/arm-atollic-eabi/6.3.1/armv7e-m/fpu/crtbegin.o

.rodata         0x0800a680      0x1f8
                0x0800a680                . = ALIGN (0x4)
 *(.rodata)
 .rodata        0x0800a680       0x17 Middlewares\Third_Party\FreeRTOS\Source\tasks.o
 *fill*         0x0800a697        0x1 
 .rodata        0x0800a698        0x8 Src\sd_diskio.o
 .rodata        0x0800a6a0       0x29 Src\usart.o
 *fill*         0x0800a6c9        0x3 
 .rodata        0x0800a6cc      0x144 Src\usr_task.o
 *(.rodata*)
 .rodata.flagBitshiftOffset.10291
                0x0800a810        0x8 Drivers\STM32F4xx_HAL_Driver\Src\stm32f4xx_hal_dma.o
 .rodata.SD_Driver
                0x0800a818       0x14 Src\sd_diskio.o
                0x0800a818                SD_Driver
 .rodata.AHBPrescTable
                0x0800a82c       0x10 Src\system_stm32f4xx.o
                0x0800a82c                AHBPrescTable
 .rodata.APBPrescTable
                0x0800a83c        0x8 Src\system_stm32f4xx.o
                0x0800a83c                APBPrescTable
 .rodata._svfprintf_r.str1.1
                0x0800a844       0x11 c:/program files (x86)/atollic/truestudio for stm32 9.2.0/armtools/bin/../lib/gcc/arm-atollic-eabi/6.3.1/../../../../arm-atollic-eabi/lib/armv7e-m/fpu\libc_nano.a(lib_a-nano-svfprintf.o)
 .rodata._printf_i.str1.1
                0x0800a855       0x22 c:/program files (x86)/atollic/truestudio for stm32 9.2.0/armtools/bin/../lib/gcc/arm-atollic-eabi/6.3.1/../../../../arm-atollic-eabi/lib/armv7e-m/fpu\libc_nano.a(lib_a-nano-vfprintf_i.o)
                0x0800a878                . = ALIGN (0x4)
 *fill*         0x0800a877        0x1 

.ARM.extab
 *(.ARM.extab* .gnu.linkonce.armextab.*)

.ARM            0x0800a878        0x8
                0x0800a878                __exidx_start = .
 *(.ARM.exidx*)
 .ARM.exidx     0x0800a878        0x8 c:/program files (x86)/atollic/truestudio for stm32 9.2.0/armtools/bin/../lib/gcc/arm-atollic-eabi/6.3.1/armv7e-m/fpu\libgcc.a(_udivmoddi4.o)
                0x0800a880                __exidx_end = .

.rel.dyn        0x0800a880        0x0
 .rel.iplt      0x0800a880        0x0 c:/program files (x86)/atollic/truestudio for stm32 9.2.0/armtools/bin/../lib/gcc/arm-atollic-eabi/6.3.1/armv7e-m/fpu/crtbegin.o

.preinit_array  0x0800a880        0x0
                0x0800a880                PROVIDE (__preinit_array_start, .)
 *(.preinit_array*)
                0x0800a880                PROVIDE (__preinit_array_end, .)

.init_array     0x0800a880        0x4
                0x0800a880                PROVIDE (__init_array_start, .)
 *(SORT(.init_array.*))
 *(.init_array*)
 .init_array    0x0800a880        0x4 c:/program files (x86)/atollic/truestudio for stm32 9.2.0/armtools/bin/../lib/gcc/arm-atollic-eabi/6.3.1/armv7e-m/fpu/crtbegin.o
                0x0800a884                PROVIDE (__init_array_end, .)

.fini_array     0x0800a884        0x4
                [!provide]                PROVIDE (__fini_array_start, .)
 *(SORT(.fini_array.*))
 *(.fini_array*)
 .fini_array    0x0800a884        0x4 c:/program files (x86)/atollic/truestudio for stm32 9.2.0/armtools/bin/../lib/gcc/arm-atollic-eabi/6.3.1/armv7e-m/fpu/crtbegin.o
                [!provide]                PROVIDE (__fini_array_end, .)
                0x0800a888                _sidata = LOADADDR (.data)

.data           0x20000000       0x74 load address 0x0800a888
                0x20000000                . = ALIGN (0x4)
                0x20000000                _sdata = .
 *(.data)
 *(.data*)
 .data.uwTickFreq
                0x20000000        0x1 Drivers\STM32F4xx_HAL_Driver\Src\stm32f4xx_hal.o
                0x20000000                uwTickFreq
 *fill*         0x20000001        0x3 
 .data.uxCriticalNesting
                0x20000004        0x4 Middlewares\Third_Party\FreeRTOS\Source\portable\GCC\ARM_CM4F\port.o
 .data.Stat     0x20000008        0x1 Src\sd_diskio.o
 *fill*         0x20000009        0x3 
 .data.SystemCoreClock
                0x2000000c        0x4 Src\system_stm32f4xx.o
                0x2000000c                SystemCoreClock
 .data._impure_ptr
                0x20000010        0x4 c:/program files (x86)/atollic/truestudio for stm32 9.2.0/armtools/bin/../lib/gcc/arm-atollic-eabi/6.3.1/../../../../arm-atollic-eabi/lib/armv7e-m/fpu\libc_nano.a(lib_a-impure.o)
                0x20000010                _impure_ptr
 .data.impure_data
                0x20000014       0x60 c:/program files (x86)/atollic/truestudio for stm32 9.2.0/armtools/bin/../lib/gcc/arm-atollic-eabi/6.3.1/../../../../arm-atollic-eabi/lib/armv7e-m/fpu\libc_nano.a(lib_a-impure.o)
                0x20000074                . = ALIGN (0x4)
                0x20000074                _edata = .
                0x0800a8fc                _siccmram = LOADADDR (.ccmram)

.igot.plt       0x20000074        0x0 load address 0x0800a8fc
 .igot.plt      0x20000074        0x0 c:/program files (x86)/atollic/truestudio for stm32 9.2.0/armtools/bin/../lib/gcc/arm-atollic-eabi/6.3.1/armv7e-m/fpu/crtbegin.o

.ccmram         0x10000000        0x0 load address 0x0800a8fc
                0x10000000                . = ALIGN (0x4)
                0x10000000                _sccmram = .
 *(.ccmram)
 *(.ccmram*)
                0x10000000                . = ALIGN (0x4)
                0x10000000                _eccmram = .
                0x10000000                . = ALIGN (0x4)

.bss            0x20000074    0x19b70
                0x20000074                _sbss = .
                0x20000074                __bss_start__ = _sbss
 *(.bss)
 .bss           0x20000074       0x1c c:/program files (x86)/atollic/truestudio for stm32 9.2.0/armtools/bin/../lib/gcc/arm-atollic-eabi/6.3.1/armv7e-m/fpu/crtbegin.o
 *(.bss*)
 .bss.disk      0x20000090        0xc Middlewares\Third_Party\FatFs\src\ff_gen_drv.o
                0x20000090                disk
 .bss.ulTimerCountsForOneTick
                0x2000009c        0x4 Middlewares\Third_Party\FreeRTOS\Source\portable\GCC\ARM_CM4F\port.o
 .bss.xMaximumPossibleSuppressedTicks
                0x200000a0        0x4 Middlewares\Third_Party\FreeRTOS\Source\portable\GCC\ARM_CM4F\port.o
 .bss.ulStoppedTimerCompensation
                0x200000a4        0x4 Middlewares\Third_Party\FreeRTOS\Source\portable\GCC\ARM_CM4F\port.o
 .bss.ucMaxSysCallPriority
                0x200000a8        0x1 Middlewares\Third_Party\FreeRTOS\Source\portable\GCC\ARM_CM4F\port.o
 *fill*         0x200000a9        0x3 
 .bss.ulMaxPRIGROUPValue
                0x200000ac        0x4 Middlewares\Third_Party\FreeRTOS\Source\portable\GCC\ARM_CM4F\port.o
 .bss.ucHeap    0x200000b0    0x19000 Middlewares\Third_Party\FreeRTOS\Source\portable\MemMang\heap_4.o
 .bss.xStart    0x200190b0        0x8 Middlewares\Third_Party\FreeRTOS\Source\portable\MemMang\heap_4.o
 .bss.pxEnd     0x200190b8        0x4 Middlewares\Third_Party\FreeRTOS\Source\portable\MemMang\heap_4.o
 .bss.xFreeBytesRemaining
                0x200190bc        0x4 Middlewares\Third_Party\FreeRTOS\Source\portable\MemMang\heap_4.o
 .bss.xMinimumEverFreeBytesRemaining
                0x200190c0        0x4 Middlewares\Third_Party\FreeRTOS\Source\portable\MemMang\heap_4.o
 .bss.xBlockAllocatedBit
                0x200190c4        0x4 Middlewares\Third_Party\FreeRTOS\Source\portable\MemMang\heap_4.o
 .bss.pxCurrentTCB
                0x200190c8        0x4 Middlewares\Third_Party\FreeRTOS\Source\tasks.o
                0x200190c8                pxCurrentTCB
 .bss.pxReadyTasksLists
                0x200190cc       0x8c Middlewares\Third_Party\FreeRTOS\Source\tasks.o
 .bss.xDelayedTaskList1
                0x20019158       0x14 Middlewares\Third_Party\FreeRTOS\Source\tasks.o
 .bss.xDelayedTaskList2
                0x2001916c       0x14 Middlewares\Third_Party\FreeRTOS\Source\tasks.o
 .bss.pxDelayedTaskList
                0x20019180        0x4 Middlewares\Third_Party\FreeRTOS\Source\tasks.o
 .bss.pxOverflowDelayedTaskList
                0x20019184        0x4 Middlewares\Third_Party\FreeRTOS\Source\tasks.o
 .bss.xPendingReadyList
                0x20019188       0x14 Middlewares\Third_Party\FreeRTOS\Source\tasks.o
 .bss.xTasksWaitingTermination
                0x2001919c       0x14 Middlewares\Third_Party\FreeRTOS\Source\tasks.o
 .bss.uxDeletedTasksWaitingCleanUp
                0x200191b0        0x4 Middlewares\Third_Party\FreeRTOS\Source\tasks.o
 .bss.xSuspendedTaskList
                0x200191b4       0x14 Middlewares\Third_Party\FreeRTOS\Source\tasks.o
 .bss.uxCurrentNumberOfTasks
                0x200191c8        0x4 Middlewares\Third_Party\FreeRTOS\Source\tasks.o
 .bss.xTickCount
                0x200191cc        0x2 Middlewares\Third_Party\FreeRTOS\Source\tasks.o
 *fill*         0x200191ce        0x2 
 .bss.uxTopReadyPriority
                0x200191d0        0x4 Middlewares\Third_Party\FreeRTOS\Source\tasks.o
 .bss.xSchedulerRunning
                0x200191d4        0x4 Middlewares\Third_Party\FreeRTOS\Source\tasks.o
 .bss.uxPendedTicks
                0x200191d8        0x4 Middlewares\Third_Party\FreeRTOS\Source\tasks.o
 .bss.xYieldPending
                0x200191dc        0x4 Middlewares\Third_Party\FreeRTOS\Source\tasks.o
 .bss.xNumOfOverflows
                0x200191e0        0x4 Middlewares\Third_Party\FreeRTOS\Source\tasks.o
 .bss.uxTaskNumber
                0x200191e4        0x4 Middlewares\Third_Party\FreeRTOS\Source\tasks.o
 .bss.xNextTaskUnblockTime
                0x200191e8        0x2 Middlewares\Third_Party\FreeRTOS\Source\tasks.o
 *fill*         0x200191ea        0x2 
 .bss.xIdleTaskHandle
                0x200191ec        0x4 Middlewares\Third_Party\FreeRTOS\Source\tasks.o
 .bss.uxSchedulerSuspended
                0x200191f0        0x4 Middlewares\Third_Party\FreeRTOS\Source\tasks.o
 .bss.SDQueueID
                0x200191f4        0x4 Src\sd_diskio.o
 .bss.FMC_Initialized
                0x200191f8        0x4 Src\stm32f4xx_hal_msp.o
 .bss.GPIO_InitStruct
                0x200191fc       0x14 Src\usart.o
                0x200191fc                GPIO_InitStruct
 .bss.default_loop.11749
                0x20019210        0x4 Src\usr_task.o
 .bss.ble_loop.11758
                0x20019214        0x4 Src\usr_task.o
 .bss.usart_loop.11763
                0x20019218        0x1 Src\usr_task.o
 *fill*         0x20019219        0x3 
 .bss.display_loop.11772
                0x2001921c        0x4 Src\usr_task.o
 .bss.w5500_loop.11777
                0x20019220        0x4 Src\usr_task.o
 .bss.__malloc_free_list
                0x20019224        0x4 c:/program files (x86)/atollic/truestudio for stm32 9.2.0/armtools/bin/../lib/gcc/arm-atollic-eabi/6.3.1/../../../../arm-atollic-eabi/lib/armv7e-m/fpu\libc_nano.a(lib_a-nano-mallocr.o)
                0x20019224                __malloc_free_list
 .bss.__malloc_sbrk_start
                0x20019228        0x4 c:/program files (x86)/atollic/truestudio for stm32 9.2.0/armtools/bin/../lib/gcc/arm-atollic-eabi/6.3.1/../../../../arm-atollic-eabi/lib/armv7e-m/fpu\libc_nano.a(lib_a-nano-mallocr.o)
                0x20019228                __malloc_sbrk_start
 .bss.heap_end.5239
                0x2001922c        0x4 c:/program files (x86)/atollic/truestudio for stm32 9.2.0/armtools/bin/../lib/gcc/arm-atollic-eabi/6.3.1/../../../../arm-atollic-eabi/lib/armv7e-m/fpu\libnosys.a(sbrk.o)
 *(COMMON)
 COMMON         0x20019230        0x4 Drivers\STM32F4xx_HAL_Driver\Src\stm32f4xx_hal.o
                0x20019230                uwTick
 COMMON         0x20019234       0xc4 Src\OLED\oled.o
                0x20019234                i2c1_info
                0x20019238                hdma_i2c1_tx
                0x20019298                hdma_i2c1_rx
 COMMON         0x200192f8      0x118 Src\W5500\w5500_spi_driver.o
                0x200192f8                hspi1
                0x20019350                hdma_spi1_rx
                0x200193b0                hdma_spi1_tx
 COMMON         0x20019410      0x46c Src\fatfs.o
                0x20019410                retSD
                0x20019414                SDPath
                0x20019418                SDFile
                0x20019648                SDFatFS
 COMMON         0x2001987c       0xa8 Src\i2c.o
                0x2001987c                hi2c1
                0x200198d0                hi2c2
 COMMON         0x20019924      0x200 Src\main.o
                0x20019924                defaultTaskHandle
                0x20019928                LED_BlinkHandle
                0x2001992c                hcrc
                0x20019934                BLE_TaskHandle
                0x20019938                Display_Handle
                0x2001993c                W5500_Handle
                0x20019940                hdma_sdio_tx
                0x200199a0                htim1
                0x200199dc                hsd
                0x20019a60                hdma2d
                0x20019aa0                hsdram1
                0x20019ad4                show_all_task_TaskHandle
                0x20019ad8                hqspi
 COMMON         0x20019b24       0x3c Src\stm32f4xx_hal_timebase_tim.o
                0x20019b24                htim6
 COMMON         0x20019b60       0x80 Src\usart.o
                0x20019b60                huart3
                0x20019ba0                huart6
 COMMON         0x20019be0        0x4 c:/program files (x86)/atollic/truestudio for stm32 9.2.0/armtools/bin/../lib/gcc/arm-atollic-eabi/6.3.1/../../../../arm-atollic-eabi/lib/armv7e-m/fpu\libc_nano.a(lib_a-reent.o)
                0x20019be0                errno
                0x20019be4                . = ALIGN (0x4)
                0x20019be4                _ebss = .
                0x20019be4                __bss_end__ = _ebss

._user_heap_stack
                0x20019be4      0x600
                0x20019be4                . = ALIGN (0x4)
                0x20019be4                PROVIDE (end, .)
                [!provide]                PROVIDE (_end, .)
                0x20019de4                . = (. + _Min_Heap_Size)
 *fill*         0x20019be4      0x200 
                0x2001a1e4                . = (. + _Min_Stack_Size)
 *fill*         0x20019de4      0x400 
                0x2001a1e4                . = ALIGN (0x4)

/DISCARD/
 libc.a(*)
 libm.a(*)
 libgcc.a(*)

.ARM.attributes
                0x00000000       0x30
 *(.ARM.attributes)
 .ARM.attributes
                0x00000000       0x22 c:/program files (x86)/atollic/truestudio for stm32 9.2.0/armtools/bin/../lib/gcc/arm-atollic-eabi/6.3.1/armv7e-m/fpu/crti.o
 .ARM.attributes
                0x00000022       0x34 c:/program files (x86)/atollic/truestudio for stm32 9.2.0/armtools/bin/../lib/gcc/arm-atollic-eabi/6.3.1/armv7e-m/fpu/crtbegin.o
 .ARM.attributes
                0x00000056       0x39 Drivers\STM32F4xx_HAL_Driver\Src\stm32f4xx_hal.o
 .ARM.attributes
                0x0000008f       0x39 Drivers\STM32F4xx_HAL_Driver\Src\stm32f4xx_hal_cortex.o
 .ARM.attributes
                0x000000c8       0x39 Drivers\STM32F4xx_HAL_Driver\Src\stm32f4xx_hal_crc.o
 .ARM.attributes
                0x00000101       0x39 Drivers\STM32F4xx_HAL_Driver\Src\stm32f4xx_hal_dma.o
 .ARM.attributes
                0x0000013a       0x39 Drivers\STM32F4xx_HAL_Driver\Src\stm32f4xx_hal_dma2d.o
 .ARM.attributes
                0x00000173       0x39 Drivers\STM32F4xx_HAL_Driver\Src\stm32f4xx_hal_gpio.o
 .ARM.attributes
                0x000001ac       0x39 Drivers\STM32F4xx_HAL_Driver\Src\stm32f4xx_hal_i2c.o
 .ARM.attributes
                0x000001e5       0x39 Drivers\STM32F4xx_HAL_Driver\Src\stm32f4xx_hal_pwr_ex.o
 .ARM.attributes
                0x0000021e       0x39 Drivers\STM32F4xx_HAL_Driver\Src\stm32f4xx_hal_qspi.o
 .ARM.attributes
                0x00000257       0x39 Drivers\STM32F4xx_HAL_Driver\Src\stm32f4xx_hal_rcc.o
 .ARM.attributes
                0x00000290       0x39 Drivers\STM32F4xx_HAL_Driver\Src\stm32f4xx_hal_rcc_ex.o
 .ARM.attributes
                0x000002c9       0x39 Drivers\STM32F4xx_HAL_Driver\Src\stm32f4xx_hal_sd.o
 .ARM.attributes
                0x00000302       0x39 Drivers\STM32F4xx_HAL_Driver\Src\stm32f4xx_hal_sdram.o
 .ARM.attributes
                0x0000033b       0x39 Drivers\STM32F4xx_HAL_Driver\Src\stm32f4xx_hal_tim.o
 .ARM.attributes
                0x00000374       0x39 Drivers\STM32F4xx_HAL_Driver\Src\stm32f4xx_hal_tim_ex.o
 .ARM.attributes
                0x000003ad       0x39 Drivers\STM32F4xx_HAL_Driver\Src\stm32f4xx_hal_uart.o
 .ARM.attributes
                0x000003e6       0x39 Drivers\STM32F4xx_HAL_Driver\Src\stm32f4xx_ll_fmc.o
 .ARM.attributes
                0x0000041f       0x39 Drivers\STM32F4xx_HAL_Driver\Src\stm32f4xx_ll_sdmmc.o
 .ARM.attributes
                0x00000458       0x39 Middlewares\Third_Party\FatFs\src\ff_gen_drv.o
 .ARM.attributes
                0x00000491       0x39 Middlewares\Third_Party\FreeRTOS\Source\CMSIS_RTOS\cmsis_os.o
 .ARM.attributes
                0x000004ca       0x39 Middlewares\Third_Party\FreeRTOS\Source\list.o
 .ARM.attributes
                0x00000503       0x39 Middlewares\Third_Party\FreeRTOS\Source\portable\GCC\ARM_CM4F\port.o
 .ARM.attributes
                0x0000053c       0x39 Middlewares\Third_Party\FreeRTOS\Source\portable\MemMang\heap_4.o
 .ARM.attributes
                0x00000575       0x39 Middlewares\Third_Party\FreeRTOS\Source\queue.o
 .ARM.attributes
                0x000005ae       0x39 Middlewares\Third_Party\FreeRTOS\Source\tasks.o
 .ARM.attributes
                0x000005e7       0x39 Src\OLED\oled.o
 .ARM.attributes
                0x00000620       0x39 Src\W5500\w5500_spi_driver.o
 .ARM.attributes
                0x00000659       0x39 Src\blink.o
 .ARM.attributes
                0x00000692       0x39 Src\bsp_driver_sd.o
 .ARM.attributes
                0x000006cb       0x39 Src\fatfs.o
 .ARM.attributes
                0x00000704       0x39 Src\fatfs_platform.o
 .ARM.attributes
                0x0000073d       0x39 Src\freertos.o
 .ARM.attributes
                0x00000776       0x39 Src\i2c.o
 .ARM.attributes
                0x000007af       0x39 Src\main.o
 .ARM.attributes
                0x000007e8       0x39 Src\sd_diskio.o
 .ARM.attributes
                0x00000821       0x39 Src\stm32f4xx_hal_msp.o
 .ARM.attributes
                0x0000085a       0x39 Src\stm32f4xx_hal_timebase_tim.o
 .ARM.attributes
                0x00000893       0x39 Src\stm32f4xx_it.o
 .ARM.attributes
                0x000008cc       0x39 Src\system_stm32f4xx.o
 .ARM.attributes
                0x00000905       0x39 Src\usart.o
 .ARM.attributes
                0x0000093e       0x39 Src\usr_task.o
 .ARM.attributes
                0x00000977       0x21 startup\startup_stm32f469xx.o
 .ARM.attributes
                0x00000998       0x34 c:/program files (x86)/atollic/truestudio for stm32 9.2.0/armtools/bin/../lib/gcc/arm-atollic-eabi/6.3.1/../../../../arm-atollic-eabi/lib/armv7e-m/fpu\libc_nano.a(lib_a-init.o)
 .ARM.attributes
                0x000009cc       0x34 c:/program files (x86)/atollic/truestudio for stm32 9.2.0/armtools/bin/../lib/gcc/arm-atollic-eabi/6.3.1/../../../../arm-atollic-eabi/lib/armv7e-m/fpu\libc_nano.a(lib_a-memcpy-stub.o)
 .ARM.attributes
                0x00000a00       0x34 c:/program files (x86)/atollic/truestudio for stm32 9.2.0/armtools/bin/../lib/gcc/arm-atollic-eabi/6.3.1/../../../../arm-atollic-eabi/lib/armv7e-m/fpu\libc_nano.a(lib_a-memset.o)
 .ARM.attributes
                0x00000a34       0x34 c:/program files (x86)/atollic/truestudio for stm32 9.2.0/armtools/bin/../lib/gcc/arm-atollic-eabi/6.3.1/../../../../arm-atollic-eabi/lib/armv7e-m/fpu\libc_nano.a(lib_a-nano-freer.o)
 .ARM.attributes
                0x00000a68       0x34 c:/program files (x86)/atollic/truestudio for stm32 9.2.0/armtools/bin/../lib/gcc/arm-atollic-eabi/6.3.1/../../../../arm-atollic-eabi/lib/armv7e-m/fpu\libc_nano.a(lib_a-nano-mallocr.o)
 .ARM.attributes
                0x00000a9c       0x34 c:/program files (x86)/atollic/truestudio for stm32 9.2.0/armtools/bin/../lib/gcc/arm-atollic-eabi/6.3.1/../../../../arm-atollic-eabi/lib/armv7e-m/fpu\libc_nano.a(lib_a-sbrkr.o)
 .ARM.attributes
                0x00000ad0       0x34 c:/program files (x86)/atollic/truestudio for stm32 9.2.0/armtools/bin/../lib/gcc/arm-atollic-eabi/6.3.1/../../../../arm-atollic-eabi/lib/armv7e-m/fpu\libc_nano.a(lib_a-sprintf.o)
 .ARM.attributes
                0x00000b04       0x34 c:/program files (x86)/atollic/truestudio for stm32 9.2.0/armtools/bin/../lib/gcc/arm-atollic-eabi/6.3.1/../../../../arm-atollic-eabi/lib/armv7e-m/fpu\libc_nano.a(lib_a-strcpy.o)
 .ARM.attributes
                0x00000b38       0x1b c:/program files (x86)/atollic/truestudio for stm32 9.2.0/armtools/bin/../lib/gcc/arm-atollic-eabi/6.3.1/../../../../arm-atollic-eabi/lib/armv7e-m/fpu\libc_nano.a(lib_a-strlen.o)
 .ARM.attributes
                0x00000b53       0x34 c:/program files (x86)/atollic/truestudio for stm32 9.2.0/armtools/bin/../lib/gcc/arm-atollic-eabi/6.3.1/../../../../arm-atollic-eabi/lib/armv7e-m/fpu\libc_nano.a(lib_a-impure.o)
 .ARM.attributes
                0x00000b87       0x34 c:/program files (x86)/atollic/truestudio for stm32 9.2.0/armtools/bin/../lib/gcc/arm-atollic-eabi/6.3.1/../../../../arm-atollic-eabi/lib/armv7e-m/fpu\libc_nano.a(lib_a-mlock.o)
 .ARM.attributes
                0x00000bbb       0x34 c:/program files (x86)/atollic/truestudio for stm32 9.2.0/armtools/bin/../lib/gcc/arm-atollic-eabi/6.3.1/../../../../arm-atollic-eabi/lib/armv7e-m/fpu\libc_nano.a(lib_a-nano-svfprintf.o)
 .ARM.attributes
                0x00000bef       0x34 c:/program files (x86)/atollic/truestudio for stm32 9.2.0/armtools/bin/../lib/gcc/arm-atollic-eabi/6.3.1/../../../../arm-atollic-eabi/lib/armv7e-m/fpu\libc_nano.a(lib_a-nano-vfprintf_i.o)
 .ARM.attributes
                0x00000c23       0x34 c:/program files (x86)/atollic/truestudio for stm32 9.2.0/armtools/bin/../lib/gcc/arm-atollic-eabi/6.3.1/../../../../arm-atollic-eabi/lib/armv7e-m/fpu\libc_nano.a(lib_a-reent.o)
 .ARM.attributes
                0x00000c57       0x20 c:/program files (x86)/atollic/truestudio for stm32 9.2.0/armtools/bin/../lib/gcc/arm-atollic-eabi/6.3.1/../../../../arm-atollic-eabi/lib/armv7e-m/fpu\libc_nano.a(lib_a-memchr.o)
 .ARM.attributes
                0x00000c77       0x34 c:/program files (x86)/atollic/truestudio for stm32 9.2.0/armtools/bin/../lib/gcc/arm-atollic-eabi/6.3.1/../../../../arm-atollic-eabi/lib/armv7e-m/fpu\libc_nano.a(lib_a-memmove.o)
 .ARM.attributes
                0x00000cab       0x34 c:/program files (x86)/atollic/truestudio for stm32 9.2.0/armtools/bin/../lib/gcc/arm-atollic-eabi/6.3.1/../../../../arm-atollic-eabi/lib/armv7e-m/fpu\libc_nano.a(lib_a-nano-reallocr.o)
 .ARM.attributes
                0x00000cdf       0x34 c:/program files (x86)/atollic/truestudio for stm32 9.2.0/armtools/bin/../lib/gcc/arm-atollic-eabi/6.3.1/../../../../arm-atollic-eabi/lib/armv7e-m/fpu\libc_nano.a(lib_a-nano-msizer.o)
 .ARM.attributes
                0x00000d13       0x22 c:/program files (x86)/atollic/truestudio for stm32 9.2.0/armtools/bin/../lib/gcc/arm-atollic-eabi/6.3.1/armv7e-m/fpu\libgcc.a(_aeabi_uldivmod.o)
 .ARM.attributes
                0x00000d35       0x34 c:/program files (x86)/atollic/truestudio for stm32 9.2.0/armtools/bin/../lib/gcc/arm-atollic-eabi/6.3.1/armv7e-m/fpu\libgcc.a(_udivmoddi4.o)
 .ARM.attributes
                0x00000d69       0x22 c:/program files (x86)/atollic/truestudio for stm32 9.2.0/armtools/bin/../lib/gcc/arm-atollic-eabi/6.3.1/armv7e-m/fpu\libgcc.a(_dvmd_tls.o)
 .ARM.attributes
                0x00000d8b       0x34 c:/program files (x86)/atollic/truestudio for stm32 9.2.0/armtools/bin/../lib/gcc/arm-atollic-eabi/6.3.1/../../../../arm-atollic-eabi/lib/armv7e-m/fpu\libnosys.a(sbrk.o)
 .ARM.attributes
                0x00000dbf       0x22 c:/program files (x86)/atollic/truestudio for stm32 9.2.0/armtools/bin/../lib/gcc/arm-atollic-eabi/6.3.1/armv7e-m/fpu/crtn.o
OUTPUT(F4_FreeRTOS.elf elf32-littlearm)

.debug_info     0x00000000    0x356d4
 .debug_info    0x00000000     0x119e Drivers\STM32F4xx_HAL_Driver\Src\stm32f4xx_hal.o
 .debug_info    0x0000119e     0x1624 Drivers\STM32F4xx_HAL_Driver\Src\stm32f4xx_hal_cortex.o
 .debug_info    0x000027c2      0xbe4 Drivers\STM32F4xx_HAL_Driver\Src\stm32f4xx_hal_crc.o
 .debug_info    0x000033a6     0x1123 Drivers\STM32F4xx_HAL_Driver\Src\stm32f4xx_hal_dma.o
 .debug_info    0x000044c9     0x1669 Drivers\STM32F4xx_HAL_Driver\Src\stm32f4xx_hal_dma2d.o
 .debug_info    0x00005b32      0xf90 Drivers\STM32F4xx_HAL_Driver\Src\stm32f4xx_hal_gpio.o
 .debug_info    0x00006ac2     0x2891 Drivers\STM32F4xx_HAL_Driver\Src\stm32f4xx_hal_i2c.o
 .debug_info    0x00009353      0xf65 Drivers\STM32F4xx_HAL_Driver\Src\stm32f4xx_hal_pwr_ex.o
 .debug_info    0x0000a2b8     0x19dc Drivers\STM32F4xx_HAL_Driver\Src\stm32f4xx_hal_qspi.o
 .debug_info    0x0000bc94     0x10dc Drivers\STM32F4xx_HAL_Driver\Src\stm32f4xx_hal_rcc.o
 .debug_info    0x0000cd70     0x1068 Drivers\STM32F4xx_HAL_Driver\Src\stm32f4xx_hal_rcc_ex.o
 .debug_info    0x0000ddd8     0x1f9b Drivers\STM32F4xx_HAL_Driver\Src\stm32f4xx_hal_sd.o
 .debug_info    0x0000fd73     0x1456 Drivers\STM32F4xx_HAL_Driver\Src\stm32f4xx_hal_sdram.o
 .debug_info    0x000111c9     0x29f8 Drivers\STM32F4xx_HAL_Driver\Src\stm32f4xx_hal_tim.o
 .debug_info    0x00013bc1     0x17d2 Drivers\STM32F4xx_HAL_Driver\Src\stm32f4xx_hal_tim_ex.o
 .debug_info    0x00015393     0x19dd Drivers\STM32F4xx_HAL_Driver\Src\stm32f4xx_hal_uart.o
 .debug_info    0x00016d70     0x1487 Drivers\STM32F4xx_HAL_Driver\Src\stm32f4xx_ll_fmc.o
 .debug_info    0x000181f7     0x187e Drivers\STM32F4xx_HAL_Driver\Src\stm32f4xx_ll_sdmmc.o
 .debug_info    0x00019a75      0xc1f Middlewares\Third_Party\FatFs\src\ff_gen_drv.o
 .debug_info    0x0001a694     0x1c22 Middlewares\Third_Party\FreeRTOS\Source\CMSIS_RTOS\cmsis_os.o
 .debug_info    0x0001c2b6      0xad9 Middlewares\Third_Party\FreeRTOS\Source\list.o
 .debug_info    0x0001cd8f      0x5fd Middlewares\Third_Party\FreeRTOS\Source\portable\GCC\ARM_CM4F\port.o
 .debug_info    0x0001d38c      0xc05 Middlewares\Third_Party\FreeRTOS\Source\portable\MemMang\heap_4.o
 .debug_info    0x0001df91     0x1bd9 Middlewares\Third_Party\FreeRTOS\Source\queue.o
 .debug_info    0x0001fb6a     0x2a7c Middlewares\Third_Party\FreeRTOS\Source\tasks.o
 .debug_info    0x000225e6     0x1119 Src\OLED\oled.o
 .debug_info    0x000236ff     0x1479 Src\W5500\w5500_spi_driver.o
 .debug_info    0x00024b78      0xd87 Src\blink.o
 .debug_info    0x000258ff     0x128d Src\bsp_driver_sd.o
 .debug_info    0x00026b8c      0xd5f Src\fatfs.o
 .debug_info    0x000278eb      0xa27 Src\fatfs_platform.o
 .debug_info    0x00028312      0x9e2 Src\freertos.o
 .debug_info    0x00028cf4     0x127d Src\i2c.o
 .debug_info    0x00029f71     0x2da3 Src\main.o
 .debug_info    0x0002cd14      0xeb2 Src\sd_diskio.o
 .debug_info    0x0002dbc6     0x2187 Src\stm32f4xx_hal_msp.o
 .debug_info    0x0002fd4d     0x1338 Src\stm32f4xx_hal_timebase_tim.o
 .debug_info    0x00031085     0x1459 Src\stm32f4xx_it.o
 .debug_info    0x000324de      0xd31 Src\system_stm32f4xx.o
 .debug_info    0x0003320f     0x1269 Src\usart.o
 .debug_info    0x00034478     0x11dd Src\usr_task.o
 .debug_info    0x00035655       0x7f startup\startup_stm32f469xx.o

.debug_abbrev   0x00000000     0x6344
 .debug_abbrev  0x00000000      0x280 Drivers\STM32F4xx_HAL_Driver\Src\stm32f4xx_hal.o
 .debug_abbrev  0x00000280      0x371 Drivers\STM32F4xx_HAL_Driver\Src\stm32f4xx_hal_cortex.o
 .debug_abbrev  0x000005f1      0x249 Drivers\STM32F4xx_HAL_Driver\Src\stm32f4xx_hal_crc.o
 .debug_abbrev  0x0000083a      0x286 Drivers\STM32F4xx_HAL_Driver\Src\stm32f4xx_hal_dma.o
 .debug_abbrev  0x00000ac0      0x284 Drivers\STM32F4xx_HAL_Driver\Src\stm32f4xx_hal_dma2d.o
 .debug_abbrev  0x00000d44      0x24c Drivers\STM32F4xx_HAL_Driver\Src\stm32f4xx_hal_gpio.o
 .debug_abbrev  0x00000f90      0x2a1 Drivers\STM32F4xx_HAL_Driver\Src\stm32f4xx_hal_i2c.o
 .debug_abbrev  0x00001231      0x28b Drivers\STM32F4xx_HAL_Driver\Src\stm32f4xx_hal_pwr_ex.o
 .debug_abbrev  0x000014bc      0x2b8 Drivers\STM32F4xx_HAL_Driver\Src\stm32f4xx_hal_qspi.o
 .debug_abbrev  0x00001774      0x2c8 Drivers\STM32F4xx_HAL_Driver\Src\stm32f4xx_hal_rcc.o
 .debug_abbrev  0x00001a3c      0x221 Drivers\STM32F4xx_HAL_Driver\Src\stm32f4xx_hal_rcc_ex.o
 .debug_abbrev  0x00001c5d      0x29a Drivers\STM32F4xx_HAL_Driver\Src\stm32f4xx_hal_sd.o
 .debug_abbrev  0x00001ef7      0x263 Drivers\STM32F4xx_HAL_Driver\Src\stm32f4xx_hal_sdram.o
 .debug_abbrev  0x0000215a      0x2ab Drivers\STM32F4xx_HAL_Driver\Src\stm32f4xx_hal_tim.o
 .debug_abbrev  0x00002405      0x288 Drivers\STM32F4xx_HAL_Driver\Src\stm32f4xx_hal_tim_ex.o
 .debug_abbrev  0x0000268d      0x2bd Drivers\STM32F4xx_HAL_Driver\Src\stm32f4xx_hal_uart.o
 .debug_abbrev  0x0000294a      0x21e Drivers\STM32F4xx_HAL_Driver\Src\stm32f4xx_ll_fmc.o
 .debug_abbrev  0x00002b68      0x25f Drivers\STM32F4xx_HAL_Driver\Src\stm32f4xx_ll_sdmmc.o
 .debug_abbrev  0x00002dc7      0x231 Middlewares\Third_Party\FatFs\src\ff_gen_drv.o
 .debug_abbrev  0x00002ff8      0x383 Middlewares\Third_Party\FreeRTOS\Source\CMSIS_RTOS\cmsis_os.o
 .debug_abbrev  0x0000337b      0x1c5 Middlewares\Third_Party\FreeRTOS\Source\list.o
 .debug_abbrev  0x00003540      0x1fc Middlewares\Third_Party\FreeRTOS\Source\portable\GCC\ARM_CM4F\port.o
 .debug_abbrev  0x0000373c      0x2b7 Middlewares\Third_Party\FreeRTOS\Source\portable\MemMang\heap_4.o
 .debug_abbrev  0x000039f3      0x2d4 Middlewares\Third_Party\FreeRTOS\Source\queue.o
 .debug_abbrev  0x00003cc7      0x37c Middlewares\Third_Party\FreeRTOS\Source\tasks.o
 .debug_abbrev  0x00004043      0x280 Src\OLED\oled.o
 .debug_abbrev  0x000042c3      0x201 Src\W5500\w5500_spi_driver.o
 .debug_abbrev  0x000044c4      0x1f4 Src\blink.o
 .debug_abbrev  0x000046b8      0x2e1 Src\bsp_driver_sd.o
 .debug_abbrev  0x00004999      0x1da Src\fatfs.o
 .debug_abbrev  0x00004b73      0x1ae Src\fatfs_platform.o
 .debug_abbrev  0x00004d21      0x1a1 Src\freertos.o
 .debug_abbrev  0x00004ec2      0x207 Src\i2c.o
 .debug_abbrev  0x000050c9      0x2ff Src\main.o
 .debug_abbrev  0x000053c8      0x2ab Src\sd_diskio.o
 .debug_abbrev  0x00005673      0x2c6 Src\stm32f4xx_hal_msp.o
 .debug_abbrev  0x00005939      0x207 Src\stm32f4xx_hal_timebase_tim.o
 .debug_abbrev  0x00005b40      0x1f8 Src\stm32f4xx_it.o
 .debug_abbrev  0x00005d38      0x1ca Src\system_stm32f4xx.o
 .debug_abbrev  0x00005f02      0x22a Src\usart.o
 .debug_abbrev  0x0000612c      0x206 Src\usr_task.o
 .debug_abbrev  0x00006332       0x12 startup\startup_stm32f469xx.o

.debug_aranges  0x00000000     0x2030
 .debug_aranges
                0x00000000       0xf0 Drivers\STM32F4xx_HAL_Driver\Src\stm32f4xx_hal.o
 .debug_aranges
                0x000000f0      0x118 Drivers\STM32F4xx_HAL_Driver\Src\stm32f4xx_hal_cortex.o
 .debug_aranges
                0x00000208       0x50 Drivers\STM32F4xx_HAL_Driver\Src\stm32f4xx_hal_crc.o
 .debug_aranges
                0x00000258       0x90 Drivers\STM32F4xx_HAL_Driver\Src\stm32f4xx_hal_dma.o
 .debug_aranges
                0x000002e8      0x108 Drivers\STM32F4xx_HAL_Driver\Src\stm32f4xx_hal_dma2d.o
 .debug_aranges
                0x000003f0       0x58 Drivers\STM32F4xx_HAL_Driver\Src\stm32f4xx_hal_gpio.o
 .debug_aranges
                0x00000448      0x268 Drivers\STM32F4xx_HAL_Driver\Src\stm32f4xx_hal_i2c.o
 .debug_aranges
                0x000006b0       0x70 Drivers\STM32F4xx_HAL_Driver\Src\stm32f4xx_hal_pwr_ex.o
 .debug_aranges