Archive member included to satisfy reference by file (symbol)

c:/program files (x86)/atollic/truestudio for stm32 9.2.0/armtools/bin/../lib/gcc/arm-atollic-eabi/6.3.1/../../../../arm-atollic-eabi/lib/armv7e-m/fpu\libc_nano.a(lib_a-init.o)
                              startup\startup_stm32f469xx.o (__libc_init_array)
c:/program files (x86)/atollic/truestudio for stm32 9.2.0/armtools/bin/../lib/gcc/arm-atollic-eabi/6.3.1/../../../../arm-atollic-eabi/lib/armv7e-m/fpu\libc_nano.a(lib_a-memcpy-stub.o)
                              Middlewares\Third_Party\FreeRTOS\Source\queue.o (memcpy)
c:/program files (x86)/atollic/truestudio for stm32 9.2.0/armtools/bin/../lib/gcc/arm-atollic-eabi/6.3.1/../../../../arm-atollic-eabi/lib/armv7e-m/fpu\libc_nano.a(lib_a-memset.o)
                              Middlewares\Third_Party\FreeRTOS\Source\tasks.o (memset)
c:/program files (x86)/atollic/truestudio for stm32 9.2.0/armtools/bin/../lib/gcc/arm-atollic-eabi/6.3.1/../../../../arm-atollic-eabi/lib/armv7e-m/fpu\libc_nano.a(lib_a-sprintf.o)
                              Middlewares\Third_Party\FreeRTOS\Source\tasks.o (sprintf)
c:/program files (x86)/atollic/truestudio for stm32 9.2.0/armtools/bin/../lib/gcc/arm-atollic-eabi/6.3.1/../../../../arm-atollic-eabi/lib/armv7e-m/fpu\libc_nano.a(lib_a-strcpy.o)
                              Middlewares\Third_Party\FreeRTOS\Source\tasks.o (strcpy)
c:/program files (x86)/atollic/truestudio for stm32 9.2.0/armtools/bin/../lib/gcc/arm-atollic-eabi/6.3.1/../../../../arm-atollic-eabi/lib/armv7e-m/fpu\libc_nano.a(lib_a-strlen.o)
                              Middlewares\Third_Party\FreeRTOS\Source\tasks.o (strlen)
c:/program files (x86)/atollic/truestudio for stm32 9.2.0/armtools/bin/../lib/gcc/arm-atollic-eabi/6.3.1/../../../../arm-atollic-eabi/lib/armv7e-m/fpu\libc_nano.a(lib_a-impure.o)
                              c:/program files (x86)/atollic/truestudio for stm32 9.2.0/armtools/bin/../lib/gcc/arm-atollic-eabi/6.3.1/../../../../arm-atollic-eabi/lib/armv7e-m/fpu\libc_nano.a(lib_a-sprintf.o) (_impure_ptr)
c:/program files (x86)/atollic/truestudio for stm32 9.2.0/armtools/bin/../lib/gcc/arm-atollic-eabi/6.3.1/../../../../arm-atollic-eabi/lib/armv7e-m/fpu\libc_nano.a(lib_a-nano-svfprintf.o)
                              c:/program files (x86)/atollic/truestudio for stm32 9.2.0/armtools/bin/../lib/gcc/arm-atollic-eabi/6.3.1/../../../../arm-atollic-eabi/lib/armv7e-m/fpu\libc_nano.a(lib_a-sprintf.o) (_svfprintf_r)
c:/program files (x86)/atollic/truestudio for stm32 9.2.0/armtools/bin/../lib/gcc/arm-atollic-eabi/6.3.1/../../../../arm-atollic-eabi/lib/armv7e-m/fpu\libc_nano.a(lib_a-nano-vfprintf_i.o)
                              c:/program files (x86)/atollic/truestudio for stm32 9.2.0/armtools/bin/../lib/gcc/arm-atollic-eabi/6.3.1/../../../../arm-atollic-eabi/lib/armv7e-m/fpu\libc_nano.a(lib_a-nano-svfprintf.o) (_printf_i)
c:/program files (x86)/atollic/truestudio for stm32 9.2.0/armtools/bin/../lib/gcc/arm-atollic-eabi/6.3.1/../../../../arm-atollic-eabi/lib/armv7e-m/fpu\libc_nano.a(lib_a-memchr.o)
                              c:/program files (x86)/atollic/truestudio for stm32 9.2.0/armtools/bin/../lib/gcc/arm-atollic-eabi/6.3.1/../../../../arm-atollic-eabi/lib/armv7e-m/fpu\libc_nano.a(lib_a-nano-svfprintf.o) (memchr)
c:/program files (x86)/atollic/truestudio for stm32 9.2.0/armtools/bin/../lib/gcc/arm-atollic-eabi/6.3.1/../../../../arm-atollic-eabi/lib/armv7e-m/fpu\libc_nano.a(lib_a-memmove.o)
                              c:/program files (x86)/atollic/truestudio for stm32 9.2.0/armtools/bin/../lib/gcc/arm-atollic-eabi/6.3.1/../../../../arm-atollic-eabi/lib/armv7e-m/fpu\libc_nano.a(lib_a-nano-svfprintf.o) (memmove)
c:/program files (x86)/atollic/truestudio for stm32 9.2.0/armtools/bin/../lib/gcc/arm-atollic-eabi/6.3.1/../../../../arm-atollic-eabi/lib/armv7e-m/fpu\libc_nano.a(lib_a-nano-freer.o)
                              c:/program files (x86)/atollic/truestudio for stm32 9.2.0/armtools/bin/../lib/gcc/arm-atollic-eabi/6.3.1/../../../../arm-atollic-eabi/lib/armv7e-m/fpu\libc_nano.a(lib_a-nano-svfprintf.o) (_free_r)
c:/program files (x86)/atollic/truestudio for stm32 9.2.0/armtools/bin/../lib/gcc/arm-atollic-eabi/6.3.1/../../../../arm-atollic-eabi/lib/armv7e-m/fpu\libc_nano.a(lib_a-nano-mallocr.o)
                              c:/program files (x86)/atollic/truestudio for stm32 9.2.0/armtools/bin/../lib/gcc/arm-atollic-eabi/6.3.1/../../../../arm-atollic-eabi/lib/armv7e-m/fpu\libc_nano.a(lib_a-nano-svfprintf.o) (_malloc_r)
c:/program files (x86)/atollic/truestudio for stm32 9.2.0/armtools/bin/../lib/gcc/arm-atollic-eabi/6.3.1/../../../../arm-atollic-eabi/lib/armv7e-m/fpu\libc_nano.a(lib_a-nano-reallocr.o)
                              c:/program files (x86)/atollic/truestudio for stm32 9.2.0/armtools/bin/../lib/gcc/arm-atollic-eabi/6.3.1/../../../../arm-atollic-eabi/lib/armv7e-m/fpu\libc_nano.a(lib_a-nano-svfprintf.o) (_realloc_r)
[...]
Memory Configuration

Name             Origin             Length             Attributes
RAM              0x20000000         0x00050000         xrw
CCMRAM           0x10000000         0x00010000         rw
FLASH            0x08000000         0x00200000         xr
*default*        0x00000000         0xffffffff

Linker script and memory map

LOAD c:/program files (x86)/atollic/truestudio for stm32 9.2.0/armtools/bin/../lib/gcc/arm-atollic-eabi/6.3.1/armv7e-m/fpu/crti.o
LOAD c:/program files (x86)/atollic/truestudio for stm32 9.2.0/armtools/bin/../lib/gcc/arm-atollic-eabi/6.3.1/armv7e-m/fpu/crtbegin.o
LOAD Drivers\STM32F4xx_HAL_Driver\Src\stm32f4xx_hal.o
LOAD Drivers\STM32F4xx_HAL_Driver\Src\stm32f4xx_hal_cortex.o
LOAD Drivers\STM32F4xx_HAL_Driver\Src\stm32f4xx_hal_crc.o
LOAD Drivers\STM32F4xx_HAL_Driver\Src\stm32f4xx_hal_dma.o
LOAD Drivers\STM32F4xx_HAL_Driver\Src\stm32f4xx_hal_dma2d.o
LOAD Drivers\STM32F4xx_HAL_Driver\Src\stm32f4xx_hal_dma_ex.o
LOAD Drivers\STM32F4xx_HAL_Driver\Src\stm32f4xx_hal_dsi.o
LOAD Drivers\STM32F4xx_HAL_Driver\Src\stm32f4xx_hal_flash.o
LOAD Drivers\STM32F4xx_HAL_Driver\Src\stm32f4xx_hal_flash_ex.o
LOAD Drivers\STM32F4xx_HAL_Driver\Src\stm32f4xx_hal_flash_ramfunc.o
LOAD Drivers\STM32F4xx_HAL_Driver\Src\stm32f4xx_hal_gpio.o
LOAD Drivers\STM32F4xx_HAL_Driver\Src\stm32f4xx_hal_i2c.o
LOAD Drivers\STM32F4xx_HAL_Driver\Src\stm32f4xx_hal_i2c_ex.o
LOAD Drivers\STM32F4xx_HAL_Driver\Src\stm32f4xx_hal_ltdc.o
LOAD Drivers\STM32F4xx_HAL_Driver\Src\stm32f4xx_hal_ltdc_ex.o
LOAD Drivers\STM32F4xx_HAL_Driver\Src\stm32f4xx_hal_pwr.o
LOAD Drivers\STM32F4xx_HAL_Driver\Src\stm32f4xx_hal_pwr_ex.o
LOAD Drivers\STM32F4xx_HAL_Driver\Src\stm32f4xx_hal_qspi.o
LOAD Drivers\STM32F4xx_HAL_Driver\Src\stm32f4xx_hal_rcc.o
LOAD Drivers\STM32F4xx_HAL_Driver\Src\stm32f4xx_hal_rcc_ex.o
LOAD Drivers\STM32F4xx_HAL_Driver\Src\stm32f4xx_hal_sd.o
LOAD Drivers\STM32F4xx_HAL_Driver\Src\stm32f4xx_hal_sdram.o
LOAD Drivers\STM32F4xx_HAL_Driver\Src\stm32f4xx_hal_tim.o
LOAD Drivers\STM32F4xx_HAL_Driver\Src\stm32f4xx_hal_tim_ex.o
LOAD Drivers\STM32F4xx_HAL_Driver\Src\stm32f4xx_hal_uart.o
LOAD Drivers\STM32F4xx_HAL_Driver\Src\stm32f4xx_ll_fmc.o
LOAD Drivers\STM32F4xx_HAL_Driver\Src\stm32f4xx_ll_sdmmc.o
LOAD Middlewares\Third_Party\FatFs\src\diskio.o
LOAD Middlewares\Third_Party\FatFs\src\ff.o
LOAD Middlewares\Third_Party\FatFs\src\ff_gen_drv.o
LOAD Middlewares\Third_Party\FatFs\src\option\syscall.o
LOAD Middlewares\Third_Party\FreeRTOS\Source\CMSIS_RTOS\cmsis_os.o
LOAD Middlewares\Third_Party\FreeRTOS\Source\croutine.o
LOAD Middlewares\Third_Party\FreeRTOS\Source\event_groups.o
LOAD Middlewares\Third_Party\FreeRTOS\Source\list.o
LOAD Middlewares\Third_Party\FreeRTOS\Source\portable\GCC\ARM_CM4F\port.o
LOAD Middlewares\Third_Party\FreeRTOS\Source\portable\MemMang\heap_4.o
LOAD Middlewares\Third_Party\FreeRTOS\Source\queue.o
LOAD Middlewares\Third_Party\FreeRTOS\Source\tasks.o
LOAD Middlewares\Third_Party\FreeRTOS\Source\timers.o
LOAD Src\blink.o
LOAD Src\bsp_driver_sd.o
LOAD Src\fatfs.o
LOAD Src\fatfs_platform.o
LOAD Src\freertos.o
LOAD Src\main.o
LOAD Src\sd_diskio.o
LOAD Src\stm32f4xx_hal_msp.o
LOAD Src\stm32f4xx_hal_timebase_tim.o
LOAD Src\stm32f4xx_it.o
LOAD Src\system_stm32f4xx.o
LOAD Src\usart.o
LOAD Src\usr_task.o
LOAD startup\startup_stm32f469xx.o
                0x00000080                malloc_getpagesize_P = 0x80
START GROUP
LOAD c:/program files (x86)/atollic/truestudio for stm32 9.2.0/armtools/bin/../lib/gcc/arm-atollic-eabi/6.3.1/../../../../arm-atollic-eabi/lib/armv7e-m/fpu\libc_nano.a
LOAD c:/program files (x86)/atollic/truestudio for stm32 9.2.0/armtools/bin/../lib/gcc/arm-atollic-eabi/6.3.1/../../../../arm-atollic-eabi/lib/armv7e-m/fpu\libm.a
END GROUP
START GROUP
LOAD c:/program files (x86)/atollic/truestudio for stm32 9.2.0/armtools/bin/../lib/gcc/arm-atollic-eabi/6.3.1/armv7e-m/fpu\libgcc.a
LOAD c:/program files (x86)/atollic/truestudio for stm32 9.2.0/armtools/bin/../lib/gcc/arm-atollic-eabi/6.3.1/../../../../arm-atollic-eabi/lib/armv7e-m/fpu\libc_nano.a
END GROUP
START GROUP
LOAD c:/program files (x86)/atollic/truestudio for stm32 9.2.0/armtools/bin/../lib/gcc/arm-atollic-eabi/6.3.1/armv7e-m/fpu\libgcc.a
LOAD c:/program files (x86)/atollic/truestudio for stm32 9.2.0/armtools/bin/../lib/gcc/arm-atollic-eabi/6.3.1/../../../../arm-atollic-eabi/lib/armv7e-m/fpu\libc_nano.a
LOAD c:/program files (x86)/atollic/truestudio for stm32 9.2.0/armtools/bin/../lib/gcc/arm-atollic-eabi/6.3.1/../../../../arm-atollic-eabi/lib/armv7e-m/fpu\libnosys.a
END GROUP
START GROUP
LOAD c:/program files (x86)/atollic/truestudio for stm32 9.2.0/armtools/bin/../lib/gcc/arm-atollic-eabi/6.3.1/armv7e-m/fpu\libgcc.a
LOAD c:/program files (x86)/atollic/truestudio for stm32 9.2.0/armtools/bin/../lib/gcc/arm-atollic-eabi/6.3.1/../../../../arm-atollic-eabi/lib/armv7e-m/fpu\libc_nano.a
LOAD c:/program files (x86)/atollic/truestudio for stm32 9.2.0/armtools/bin/../lib/gcc/arm-atollic-eabi/6.3.1/../../../../arm-atollic-eabi/lib/armv7e-m/fpu\libnosys.a
END GROUP
LOAD c:/program files (x86)/atollic/truestudio for stm32 9.2.0/armtools/bin/../lib/gcc/arm-atollic-eabi/6.3.1/armv7e-m/fpu/crtend.o
LOAD c:/program files (x86)/atollic/truestudio for stm32 9.2.0/armtools/bin/../lib/gcc/arm-atollic-eabi/6.3.1/armv7e-m/fpu/crtn.o
                0x20050000                _estack = 0x20050000
                0x00000200                _Min_Heap_Size = 0x200
                0x00000400                _Min_Stack_Size = 0x400

.isr_vector     0x08000000      0x1b4
                0x08000000                . = ALIGN (0x4)
 *(.isr_vector)
 .isr_vector    0x08000000      0x1b4 startup\startup_stm32f469xx.o
                0x08000000                g_pfnVectors
                0x080001b4                . = ALIGN (0x4)

.text           0x080001c0     0x6f34
                0x080001c0                . = ALIGN (0x4)
 *(.text)
 .text          0x080001c0       0x40 c:/program files (x86)/atollic/truestudio for stm32 9.2.0/armtools/bin/../lib/gcc/arm-atollic-eabi/6.3.1/armv7e-m/fpu/crtbegin.o
 .text          0x08000200       0x10 c:/program files (x86)/atollic/truestudio for stm32 9.2.0/armtools/bin/../lib/gcc/arm-atollic-eabi/6.3.1/../../../../arm-atollic-eabi/lib/armv7e-m/fpu\libc_nano.a(lib_a-strlen.o)
                0x08000200                strlen
 .text          0x08000210       0xa0 c:/program files (x86)/atollic/truestudio for stm32 9.2.0/armtools/bin/../lib/gcc/arm-atollic-eabi/6.3.1/../../../../arm-atollic-eabi/lib/armv7e-m/fpu\libc_nano.a(lib_a-memchr.o)
                0x08000210                memchr
 .text          0x080002b0       0x30 c:/program files (x86)/atollic/truestudio for stm32 9.2.0/armtools/bin/../lib/gcc/arm-atollic-eabi/6.3.1/armv7e-m/fpu\libgcc.a(_aeabi_uldivmod.o)
                0x080002b0                __aeabi_uldivmod
 .text          0x080002e0      0x2dc c:/program files (x86)/atollic/truestudio for stm32 9.2.0/armtools/bin/../lib/gcc/arm-atollic-eabi/6.3.1/armv7e-m/fpu\libgcc.a(_udivmoddi4.o)
                0x080002e0                __udivmoddi4
 .text          0x080005bc        0x4 c:/program files (x86)/atollic/truestudio for stm32 9.2.0/armtools/bin/../lib/gcc/arm-atollic-eabi/6.3.1/armv7e-m/fpu\libgcc.a(_dvmd_tls.o)
                0x080005bc                __aeabi_idiv0
                0x080005bc                __aeabi_ldiv0
 *(.text*)
 .text.HAL_Init
                0x080005c0       0x34 Drivers\STM32F4xx_HAL_Driver\Src\stm32f4xx_hal.o
                0x080005c0                HAL_Init
 .text.HAL_IncTick
                0x080005f4       0x18 Drivers\STM32F4xx_HAL_Driver\Src\stm32f4xx_hal.o
                0x080005f4                HAL_IncTick
 .text.HAL_GetTick
                0x0800060c        0xc Drivers\STM32F4xx_HAL_Driver\Src\stm32f4xx_hal.o
                0x0800060c                HAL_GetTick
 .text.HAL_Delay
                0x08000618       0x28 Drivers\STM32F4xx_HAL_Driver\Src\stm32f4xx_hal.o
                0x08000618                HAL_Delay
 .text.HAL_NVIC_SetPriorityGrouping
                0x08000640       0x24 Drivers\STM32F4xx_HAL_Driver\Src\stm32f4xx_hal_cortex.o
                0x08000640                HAL_NVIC_SetPriorityGrouping
 .text.HAL_NVIC_SetPriority
                0x08000664       0x68 Drivers\STM32F4xx_HAL_Driver\Src\stm32f4xx_hal_cortex.o
                0x08000664                HAL_NVIC_SetPriority
 .text.HAL_NVIC_EnableIRQ
                0x080006cc       0x18 Drivers\STM32F4xx_HAL_Driver\Src\stm32f4xx_hal_cortex.o
                0x080006cc                HAL_NVIC_EnableIRQ
 .text.HAL_CRC_Init
                0x080006e4       0x24 Drivers\STM32F4xx_HAL_Driver\Src\stm32f4xx_hal_crc.o
                0x080006e4                HAL_CRC_Init
 .text.DMA_CalcBaseAndBitshift
                0x08000708       0x2c Drivers\STM32F4xx_HAL_Driver\Src\stm32f4xx_hal_dma.o
 .text.HAL_DMA_Init
                0x08000734       0xfc Drivers\STM32F4xx_HAL_Driver\Src\stm32f4xx_hal_dma.o
                0x08000734                HAL_DMA_Init
 .text.HAL_DMA_Start_IT
                0x08000830       0x7c Drivers\STM32F4xx_HAL_Driver\Src\stm32f4xx_hal_dma.o
                0x08000830                HAL_DMA_Start_IT
 .text.HAL_DMA_IRQHandler
                0x080008ac      0x174 Drivers\STM32F4xx_HAL_Driver\Src\stm32f4xx_hal_dma.o
                0x080008ac                HAL_DMA_IRQHandler
 .text.HAL_DMA2D_Init
                0x08000a20       0x58 Drivers\STM32F4xx_HAL_Driver\Src\stm32f4xx_hal_dma2d.o
                0x08000a20                HAL_DMA2D_Init
 .text.HAL_DMA2D_LineEventCallback
                0x08000a78        0x2 Drivers\STM32F4xx_HAL_Driver\Src\stm32f4xx_hal_dma2d.o
                0x08000a78                HAL_DMA2D_LineEventCallback
 .text.HAL_DMA2D_CLUTLoadingCpltCallback
                0x08000a7a        0x2 Drivers\STM32F4xx_HAL_Driver\Src\stm32f4xx_hal_dma2d.o
                0x08000a7a                HAL_DMA2D_CLUTLoadingCpltCallback
 .text.HAL_DMA2D_IRQHandler
                0x08000a7c      0x114 Drivers\STM32F4xx_HAL_Driver\Src\stm32f4xx_hal_dma2d.o
                0x08000a7c                HAL_DMA2D_IRQHandler
 .text.HAL_DMA2D_ConfigLayer
                0x08000b90       0xa8 Drivers\STM32F4xx_HAL_Driver\Src\stm32f4xx_hal_dma2d.o
                0x08000b90                HAL_DMA2D_ConfigLayer
 .text.HAL_DSI_ConfigErrorMonitor
                0x08000c38       0xca Drivers\STM32F4xx_HAL_Driver\Src\stm32f4xx_hal_dsi.o
                0x08000c38                HAL_DSI_ConfigErrorMonitor
 *fill*         0x08000d02        0x2 
 .text.HAL_DSI_Init
                0x08000d04      0x15c Drivers\STM32F4xx_HAL_Driver\Src\stm32f4xx_hal_dsi.o
                0x08000d04                HAL_DSI_Init
 .text.HAL_DSI_TearingEffectCallback
                0x08000e60        0x2 Drivers\STM32F4xx_HAL_Driver\Src\stm32f4xx_hal_dsi.o
                0x08000e60                HAL_DSI_TearingEffectCallback
 .text.HAL_DSI_EndOfRefreshCallback
                0x08000e62        0x2 Drivers\STM32F4xx_HAL_Driver\Src\stm32f4xx_hal_dsi.o
                0x08000e62                HAL_DSI_EndOfRefreshCallback
 .text.HAL_DSI_ErrorCallback
                0x08000e64        0x2 Drivers\STM32F4xx_HAL_Driver\Src\stm32f4xx_hal_dsi.o
                0x08000e64                HAL_DSI_ErrorCallback
 .text.HAL_DSI_IRQHandler
                0x08000e66       0xe4 Drivers\STM32F4xx_HAL_Driver\Src\stm32f4xx_hal_dsi.o
                0x08000e66                HAL_DSI_IRQHandler
 .text.HAL_DSI_SetGenericVCID
                0x08000f4a       0x22 Drivers\STM32F4xx_HAL_Driver\Src\stm32f4xx_hal_dsi.o
                0x08000f4a                HAL_DSI_SetGenericVCID
 .text.HAL_DSI_ConfigAdaptedCommandMode
                0x08000f6c       0xe2 Drivers\STM32F4xx_HAL_Driver\Src\stm32f4xx_hal_dsi.o
                0x08000f6c                HAL_DSI_ConfigAdaptedCommandMode
 *fill*         0x0800104e        0x2 
 .text.HAL_DSI_ConfigCommand
                0x08001050       0x68 Drivers\STM32F4xx_HAL_Driver\Src\stm32f4xx_hal_dsi.o
                0x08001050                HAL_DSI_ConfigCommand
 .text.HAL_DSI_ConfigFlowControl
                0x080010b8       0x22 Drivers\STM32F4xx_HAL_Driver\Src\stm32f4xx_hal_dsi.o
                0x080010b8                HAL_DSI_ConfigFlowControl
 .text.HAL_DSI_ConfigPhyTimer
                0x080010da       0x78 Drivers\STM32F4xx_HAL_Driver\Src\stm32f4xx_hal_dsi.o
                0x080010da                HAL_DSI_ConfigPhyTimer
 *fill*         0x08001152        0x2 
 .text.HAL_DSI_ConfigHostTimeouts
                0x08001154       0xcc Drivers\STM32F4xx_HAL_Driver\Src\stm32f4xx_hal_dsi.o
                0x08001154                HAL_DSI_ConfigHostTimeouts
 .text.HAL_DSI_SetLowPowerRXFilter
                0x08001220       0x2c Drivers\STM32F4xx_HAL_Driver\Src\stm32f4xx_hal_dsi.o
                0x08001220                HAL_DSI_SetLowPowerRXFilter
 .text.HAL_GPIO_Init
                0x0800124c      0x1d8 Drivers\STM32F4xx_HAL_Driver\Src\stm32f4xx_hal_gpio.o
                0x0800124c                HAL_GPIO_Init
 .text.HAL_GPIO_ReadPin
                0x08001424        0xc Drivers\STM32F4xx_HAL_Driver\Src\stm32f4xx_hal_gpio.o
                0x08001424                HAL_GPIO_ReadPin
 .text.HAL_GPIO_WritePin
                0x08001430        0xa Drivers\STM32F4xx_HAL_Driver\Src\stm32f4xx_hal_gpio.o
                0x08001430                HAL_GPIO_WritePin
 *fill*         0x0800143a        0x2 
 .text.HAL_I2C_Init
                0x0800143c       0xdc Drivers\STM32F4xx_HAL_Driver\Src\stm32f4xx_hal_i2c.o
                0x0800143c                HAL_I2C_Init
 .text.LTDC_SetConfig
                0x08001518      0x10c Drivers\STM32F4xx_HAL_Driver\Src\stm32f4xx_hal_ltdc.o
 .text.HAL_LTDC_Init
                0x08001624       0xd8 Drivers\STM32F4xx_HAL_Driver\Src\stm32f4xx_hal_ltdc.o
                0x08001624                HAL_LTDC_Init
 .text.HAL_LTDC_ErrorCallback
                0x080016fc        0x2 Drivers\STM32F4xx_HAL_Driver\Src\stm32f4xx_hal_ltdc.o
                0x080016fc                HAL_LTDC_ErrorCallback
 .text.HAL_LTDC_LineEventCallback
                0x080016fe        0x2 Drivers\STM32F4xx_HAL_Driver\Src\stm32f4xx_hal_ltdc.o
                0x080016fe                HAL_LTDC_LineEventCallback
 .text.HAL_LTDC_ReloadEventCallback
                0x08001700        0x2 Drivers\STM32F4xx_HAL_Driver\Src\stm32f4xx_hal_ltdc.o
                0x08001700                HAL_LTDC_ReloadEventCallback
 .text.HAL_LTDC_IRQHandler
                0x08001702       0xba Drivers\STM32F4xx_HAL_Driver\Src\stm32f4xx_hal_ltdc.o
                0x08001702                HAL_LTDC_IRQHandler
 .text.HAL_LTDC_ConfigLayer
                0x080017bc       0x52 Drivers\STM32F4xx_HAL_Driver\Src\stm32f4xx_hal_ltdc.o
                0x080017bc                HAL_LTDC_ConfigLayer
 *fill*         0x0800180e        0x2 
 .text.HAL_PWREx_EnableOverDrive
                0x08001810       0x78 Drivers\STM32F4xx_HAL_Driver\Src\stm32f4xx_hal_pwr_ex.o
                0x08001810                HAL_PWREx_EnableOverDrive
 .text.QSPI_WaitFlagStateUntilTimeout
                0x08001888       0x4c Drivers\STM32F4xx_HAL_Driver\Src\stm32f4xx_hal_qspi.o
 .text.HAL_QSPI_Init
                0x080018d4       0xb8 Drivers\STM32F4xx_HAL_Driver\Src\stm32f4xx_hal_qspi.o
                0x080018d4                HAL_QSPI_Init
 .text.HAL_RCC_GetSysClockFreq
                0x0800198c       0x5c Drivers\STM32F4xx_HAL_Driver\Src\stm32f4xx_hal_rcc.o
                0x0800198c                HAL_RCC_GetSysClockFreq
 .text.HAL_RCC_ClockConfig
                0x080019e8      0x134 Drivers\STM32F4xx_HAL_Driver\Src\stm32f4xx_hal_rcc.o
                0x080019e8                HAL_RCC_ClockConfig
 .text.HAL_RCC_GetPCLK1Freq
                0x08001b1c       0x20 Drivers\STM32F4xx_HAL_Driver\Src\stm32f4xx_hal_rcc.o
                0x08001b1c                HAL_RCC_GetPCLK1Freq
 .text.HAL_RCC_GetPCLK2Freq
                0x08001b3c       0x20 Drivers\STM32F4xx_HAL_Driver\Src\stm32f4xx_hal_rcc.o
                0x08001b3c                HAL_RCC_GetPCLK2Freq
 .text.HAL_RCC_GetClockConfig
                0x08001b5c       0x3c Drivers\STM32F4xx_HAL_Driver\Src\stm32f4xx_hal_rcc.o
                0x08001b5c                HAL_RCC_GetClockConfig
 .text.HAL_RCCEx_PeriphCLKConfig
                0x08001b98      0x2c4 Drivers\STM32F4xx_HAL_Driver\Src\stm32f4xx_hal_rcc_ex.o
                0x08001b98                HAL_RCCEx_PeriphCLKConfig
 .text.HAL_RCC_OscConfig
                0x08001e5c      0x308 Drivers\STM32F4xx_HAL_Driver\Src\stm32f4xx_hal_rcc_ex.o
                0x08001e5c                HAL_RCC_OscConfig
 .text.SD_DMATransmitCplt
                0x08002164        0xe Drivers\STM32F4xx_HAL_Driver\Src\stm32f4xx_hal_sd.o
 .text.SD_FindSCR
                0x08002172       0xca Drivers\STM32F4xx_HAL_Driver\Src\stm32f4xx_hal_sd.o
 .text.HAL_SD_ReadBlocks_DMA
                0x0800223c      0x10c Drivers\STM32F4xx_HAL_Driver\Src\stm32f4xx_hal_sd.o
                0x0800223c                HAL_SD_ReadBlocks_DMA
 .text.HAL_SD_WriteBlocks_DMA
                0x08002348      0x100 Drivers\STM32F4xx_HAL_Driver\Src\stm32f4xx_hal_sd.o
                0x08002348                HAL_SD_WriteBlocks_DMA
 .text.HAL_SD_ErrorCallback
                0x08002448        0x2 Drivers\STM32F4xx_HAL_Driver\Src\stm32f4xx_hal_sd.o
                0x08002448                HAL_SD_ErrorCallback
 .text.SD_DMAReceiveCplt
                0x0800244a       0x3c Drivers\STM32F4xx_HAL_Driver\Src\stm32f4xx_hal_sd.o
 .text.HAL_SD_GetCardCSD
                0x08002486      0x1be Drivers\STM32F4xx_HAL_Driver\Src\stm32f4xx_hal_sd.o
                0x08002486                HAL_SD_GetCardCSD
 .text.HAL_SD_InitCard
                0x08002644      0x1dc Drivers\STM32F4xx_HAL_Driver\Src\stm32f4xx_hal_sd.o
                0x08002644                HAL_SD_InitCard
 .text.HAL_SD_Init
                0x08002820       0x34 Drivers\STM32F4xx_HAL_Driver\Src\stm32f4xx_hal_sd.o
                0x08002820                HAL_SD_Init
 .text.HAL_SD_GetCardInfo
                0x08002854       0x24 Drivers\STM32F4xx_HAL_Driver\Src\stm32f4xx_hal_sd.o
                0x08002854                HAL_SD_GetCardInfo
 .text.HAL_SD_ConfigWideBusOperation
                0x08002878      0x108 Drivers\STM32F4xx_HAL_Driver\Src\stm32f4xx_hal_sd.o
                0x08002878                HAL_SD_ConfigWideBusOperation
 .text.HAL_SD_GetCardState
                0x08002980       0x28 Drivers\STM32F4xx_HAL_Driver\Src\stm32f4xx_hal_sd.o
                0x08002980                HAL_SD_GetCardState
 .text.SD_DMAError
                0x080029a8       0x54 Drivers\STM32F4xx_HAL_Driver\Src\stm32f4xx_hal_sd.o
 .text.HAL_SDRAM_Init
                0x080029fc       0x40 Drivers\STM32F4xx_HAL_Driver\Src\stm32f4xx_hal_sdram.o
                0x080029fc                HAL_SDRAM_Init
 .text.HAL_TIM_Base_Start_IT
                0x08002a3c       0x16 Drivers\STM32F4xx_HAL_Driver\Src\stm32f4xx_hal_tim.o
                0x08002a3c                HAL_TIM_Base_Start_IT
 .text.HAL_TIM_ConfigClockSource
                0x08002a52      0x172 Drivers\STM32F4xx_HAL_Driver\Src\stm32f4xx_hal_tim.o
                0x08002a52                HAL_TIM_ConfigClockSource
 .text.HAL_TIM_OC_DelayElapsedCallback
                0x08002bc4        0x2 Drivers\STM32F4xx_HAL_Driver\Src\stm32f4xx_hal_tim.o
                0x08002bc4                HAL_TIM_OC_DelayElapsedCallback
 .text.HAL_TIM_IC_CaptureCallback
                0x08002bc6        0x2 Drivers\STM32F4xx_HAL_Driver\Src\stm32f4xx_hal_tim.o
                0x08002bc6                HAL_TIM_IC_CaptureCallback
 .text.HAL_TIM_PWM_PulseFinishedCallback
                0x08002bc8        0x2 Drivers\STM32F4xx_HAL_Driver\Src\stm32f4xx_hal_tim.o
                0x08002bc8                HAL_TIM_PWM_PulseFinishedCallback
 .text.HAL_TIM_TriggerCallback
                0x08002bca        0x2 Drivers\STM32F4xx_HAL_Driver\Src\stm32f4xx_hal_tim.o
                0x08002bca                HAL_TIM_TriggerCallback
 .text.HAL_TIM_IRQHandler
                0x08002bcc      0x144 Drivers\STM32F4xx_HAL_Driver\Src\stm32f4xx_hal_tim.o
                0x08002bcc                HAL_TIM_IRQHandler
 .text.TIM_Base_SetConfig
                0x08002d10       0xc8 Drivers\STM32F4xx_HAL_Driver\Src\stm32f4xx_hal_tim.o
                0x08002d10                TIM_Base_SetConfig
 .text.HAL_TIM_Base_Init
                0x08002dd8       0x34 Drivers\STM32F4xx_HAL_Driver\Src\stm32f4xx_hal_tim.o
                0x08002dd8                HAL_TIM_Base_Init
 .text.HAL_TIMEx_MasterConfigSynchronization
                0x08002e0c       0x44 Drivers\STM32F4xx_HAL_Driver\Src\stm32f4xx_hal_tim_ex.o
                0x08002e0c                HAL_TIMEx_MasterConfigSynchronization
 .text.HAL_TIMEx_CommutationCallback
                0x08002e50        0x2 Drivers\STM32F4xx_HAL_Driver\Src\stm32f4xx_hal_tim_ex.o
                0x08002e50                HAL_TIMEx_CommutationCallback
 .text.HAL_TIMEx_BreakCallback
                0x08002e52        0x2 Drivers\STM32F4xx_HAL_Driver\Src\stm32f4xx_hal_tim_ex.o
                0x08002e52                HAL_TIMEx_BreakCallback
 .text.UART_SetConfig
                0x08002e54      0x234 Drivers\STM32F4xx_HAL_Driver\Src\stm32f4xx_hal_uart.o
 .text.UART_WaitOnFlagUntilTimeout.constprop.3
                0x08003088       0x50 Drivers\STM32F4xx_HAL_Driver\Src\stm32f4xx_hal_uart.o
 .text.HAL_UART_Init
                0x080030d8       0x5c Drivers\STM32F4xx_HAL_Driver\Src\stm32f4xx_hal_uart.o
                0x080030d8                HAL_UART_Init
 .text.HAL_UART_Transmit
                0x08003134       0xba Drivers\STM32F4xx_HAL_Driver\Src\stm32f4xx_hal_uart.o
                0x08003134                HAL_UART_Transmit
 .text.FMC_SDRAM_Init
                0x080031ee       0x7e Drivers\STM32F4xx_HAL_Driver\Src\stm32f4xx_ll_fmc.o
                0x080031ee                FMC_SDRAM_Init
 .text.FMC_SDRAM_Timing_Init
                0x0800326c       0x90 Drivers\STM32F4xx_HAL_Driver\Src\stm32f4xx_ll_fmc.o
                0x0800326c                FMC_SDRAM_Timing_Init
 .text.SDMMC_GetCmdResp2
                0x080032fc       0x4c Drivers\STM32F4xx_HAL_Driver\Src\stm32f4xx_ll_sdmmc.o
 .text.SDMMC_GetCmdResp3
                0x08003348       0x40 Drivers\STM32F4xx_HAL_Driver\Src\stm32f4xx_ll_sdmmc.o
 .text.SDIO_Init
                0x08003388       0x38 Drivers\STM32F4xx_HAL_Driver\Src\stm32f4xx_ll_sdmmc.o
                0x08003388                SDIO_Init
 .text.SDIO_ReadFIFO
                0x080033c0        0x6 Drivers\STM32F4xx_HAL_Driver\Src\stm32f4xx_ll_sdmmc.o
                0x080033c0                SDIO_ReadFIFO
 .text.SDIO_PowerState_ON
                0x080033c6        0x8 Drivers\STM32F4xx_HAL_Driver\Src\stm32f4xx_ll_sdmmc.o
                0x080033c6                SDIO_PowerState_ON
 .text.SDIO_GetPowerState
                0x080033ce        0x8 Drivers\STM32F4xx_HAL_Driver\Src\stm32f4xx_ll_sdmmc.o
                0x080033ce                SDIO_GetPowerState
 .text.SDIO_SendCommand
                0x080033d6       0x26 Drivers\STM32F4xx_HAL_Driver\Src\stm32f4xx_ll_sdmmc.o
                0x080033d6                SDIO_SendCommand
 .text.SDIO_GetResponse
                0x080033fc       0x14 Drivers\STM32F4xx_HAL_Driver\Src\stm32f4xx_ll_sdmmc.o
                0x080033fc                SDIO_GetResponse
 .text.SDMMC_GetCmdResp1
                0x08003410      0x120 Drivers\STM32F4xx_HAL_Driver\Src\stm32f4xx_ll_sdmmc.o
 .text.SDIO_ConfigData
                0x08003530       0x26 Drivers\STM32F4xx_HAL_Driver\Src\stm32f4xx_ll_sdmmc.o
                0x08003530                SDIO_ConfigData
 .text.SDMMC_CmdBlockLength
                0x08003556       0x30 Drivers\STM32F4xx_HAL_Driver\Src\stm32f4xx_ll_sdmmc.o
                0x08003556                SDMMC_CmdBlockLength
 .text.SDMMC_CmdReadSingleBlock
                0x08003586       0x30 Drivers\STM32F4xx_HAL_Driver\Src\stm32f4xx_ll_sdmmc.o
                0x08003586                SDMMC_CmdReadSingleBlock
 .text.SDMMC_CmdReadMultiBlock
                0x080035b6       0x30 Drivers\STM32F4xx_HAL_Driver\Src\stm32f4xx_ll_sdmmc.o
                0x080035b6                SDMMC_CmdReadMultiBlock
 .text.SDMMC_CmdWriteSingleBlock
                0x080035e6       0x30 Drivers\STM32F4xx_HAL_Driver\Src\stm32f4xx_ll_sdmmc.o
                0x080035e6                SDMMC_CmdWriteSingleBlock
 .text.SDMMC_CmdWriteMultiBlock
                0x08003616       0x30 Drivers\STM32F4xx_HAL_Driver\Src\stm32f4xx_ll_sdmmc.o
                0x08003616                SDMMC_CmdWriteMultiBlock
 *fill*         0x08003646        0x2 
 .text.SDMMC_CmdStopTransfer
                0x08003648       0x34 Drivers\STM32F4xx_HAL_Driver\Src\stm32f4xx_ll_sdmmc.o
                0x08003648                SDMMC_CmdStopTransfer
 .text.SDMMC_CmdSelDesel
                0x0800367c       0x30 Drivers\STM32F4xx_HAL_Driver\Src\stm32f4xx_ll_sdmmc.o
                0x0800367c                SDMMC_CmdSelDesel
 .text.SDMMC_CmdGoIdleState
                0x080036ac       0x50 Drivers\STM32F4xx_HAL_Driver\Src\stm32f4xx_ll_sdmmc.o
                0x080036ac                SDMMC_CmdGoIdleState
 .text.SDMMC_CmdOperCond
                0x080036fc       0x70 Drivers\STM32F4xx_HAL_Driver\Src\stm32f4xx_ll_sdmmc.o
                0x080036fc                SDMMC_CmdOperCond
 .text.SDMMC_CmdAppCommand
                0x0800376c       0x30 Drivers\STM32F4xx_HAL_Driver\Src\stm32f4xx_ll_sdmmc.o
                0x0800376c                SDMMC_CmdAppCommand
 .text.SDMMC_CmdAppOperCommand
                0x0800379c       0x32 Drivers\STM32F4xx_HAL_Driver\Src\stm32f4xx_ll_sdmmc.o
                0x0800379c                SDMMC_CmdAppOperCommand
 .text.SDMMC_CmdSendSCR
                0x080037ce       0x30 Drivers\STM32F4xx_HAL_Driver\Src\stm32f4xx_ll_sdmmc.o
                0x080037ce                SDMMC_CmdSendSCR
 .text.SDMMC_CmdSendCID
                0x080037fe       0x2a Drivers\STM32F4xx_HAL_Driver\Src\stm32f4xx_ll_sdmmc.o
                0x080037fe                SDMMC_CmdSendCID
 .text.SDMMC_CmdSendCSD
                0x08003828       0x2a Drivers\STM32F4xx_HAL_Driver\Src\stm32f4xx_ll_sdmmc.o
                0x08003828                SDMMC_CmdSendCSD
 *fill*         0x08003852        0x2 
 .text.SDMMC_CmdSetRelAdd
                0x08003854       0xa8 Drivers\STM32F4xx_HAL_Driver\Src\stm32f4xx_ll_sdmmc.o
                0x08003854                SDMMC_CmdSetRelAdd
 .text.SDMMC_CmdSendStatus
                0x080038fc       0x30 Drivers\STM32F4xx_HAL_Driver\Src\stm32f4xx_ll_sdmmc.o
                0x080038fc                SDMMC_CmdSendStatus
 .text.SDMMC_CmdSwitch
                0x0800392c       0x30 Drivers\STM32F4xx_HAL_Driver\Src\stm32f4xx_ll_sdmmc.o
                0x0800392c                SDMMC_CmdSwitch
 .text.SDMMC_CmdBusWidth
                0x0800395c        0x4 Drivers\STM32F4xx_HAL_Driver\Src\stm32f4xx_ll_sdmmc.o
                0x0800395c                SDMMC_CmdBusWidth
 .text.FATFS_LinkDriverEx
                0x08003960       0x44 Middlewares\Third_Party\FatFs\src\ff_gen_drv.o
                0x08003960                FATFS_LinkDriverEx
 .text.FATFS_LinkDriver
                0x080039a4        0x6 Middlewares\Third_Party\FatFs\src\ff_gen_drv.o
                0x080039a4                FATFS_LinkDriver
 .text.osKernelStart
                0x080039aa        0xa Middlewares\Third_Party\FreeRTOS\Source\CMSIS_RTOS\cmsis_os.o
                0x080039aa                osKernelStart
 .text.osKernelRunning
                0x080039b4       0x10 Middlewares\Third_Party\FreeRTOS\Source\CMSIS_RTOS\cmsis_os.o
                0x080039b4                osKernelRunning
 .text.osKernelSysTick
                0x080039c4        0xe Middlewares\Third_Party\FreeRTOS\Source\CMSIS_RTOS\cmsis_os.o
                0x080039c4                osKernelSysTick
 .text.osThreadCreate
                0x080039d2       0x30 Middlewares\Third_Party\FreeRTOS\Source\CMSIS_RTOS\cmsis_os.o
                0x080039d2                osThreadCreate
 .text.osDelay  0x08003a02       0x10 Middlewares\Third_Party\FreeRTOS\Source\CMSIS_RTOS\cmsis_os.o
                0x08003a02                osDelay
 .text.osMessageCreate
                0x08003a12        0x8 Middlewares\Third_Party\FreeRTOS\Source\CMSIS_RTOS\cmsis_os.o
                0x08003a12                osMessageCreate
 *fill*         0x08003a1a        0x2 
 .text.osMessagePut
                0x08003a1c       0x50 Middlewares\Third_Party\FreeRTOS\Source\CMSIS_RTOS\cmsis_os.o
                0x08003a1c                osMessagePut
 .text.osMessageGet
                0x08003a6c       0x74 Middlewares\Third_Party\FreeRTOS\Source\CMSIS_RTOS\cmsis_os.o
                0x08003a6c                osMessageGet
 .text.vListInitialise
                0x08003ae0       0x16 Middlewares\Third_Party\FreeRTOS\Source\list.o
                0x08003ae0                vListInitialise
 .text.vListInitialiseItem
                0x08003af6        0x6 Middlewares\Third_Party\FreeRTOS\Source\list.o
                0x08003af6                vListInitialiseItem
 .text.vListInsertEnd
                0x08003afc       0x18 Middlewares\Third_Party\FreeRTOS\Source\list.o
                0x08003afc                vListInsertEnd
 .text.vListInsert
                0x08003b14       0x2e Middlewares\Third_Party\FreeRTOS\Source\list.o
                0x08003b14                vListInsert
 .text.uxListRemove
                0x08003b42       0x20 Middlewares\Third_Party\FreeRTOS\Source\list.o
                0x08003b42                uxListRemove
 *fill*         0x08003b62        0x2 
 .text.prvTaskExitError
                0x08003b64       0x30 Middlewares\Third_Party\FreeRTOS\Source\portable\GCC\ARM_CM4F\port.o
 .text.prvPortStartFirstTask
                0x08003b94       0x20 Middlewares\Third_Party\FreeRTOS\Source\portable\GCC\ARM_CM4F\port.o
 .text.vPortEnableVFP
                0x08003bb4       0x14 Middlewares\Third_Party\FreeRTOS\Source\portable\GCC\ARM_CM4F\port.o
 .text.pxPortInitialiseStack
                0x08003bc8       0x2c Middlewares\Third_Party\FreeRTOS\Source\portable\GCC\ARM_CM4F\port.o
                0x08003bc8                pxPortInitialiseStack
 *fill*         0x08003bf4        0xc 
 .text.SVC_Handler
                0x08003c00       0x24 Middlewares\Third_Party\FreeRTOS\Source\portable\GCC\ARM_CM4F\port.o
                0x08003c00                SVC_Handler
 .text.vPortEnterCritical
                0x08003c24       0x44 Middlewares\Third_Party\FreeRTOS\Source\portable\GCC\ARM_CM4F\port.o
                0x08003c24                vPortEnterCritical
 .text.vPortExitCritical
                0x08003c68       0x28 Middlewares\Third_Party\FreeRTOS\Source\portable\GCC\ARM_CM4F\port.o
                0x08003c68                vPortExitCritical
 .text.PendSV_Handler
                0x08003c90       0x64 Middlewares\Third_Party\FreeRTOS\Source\portable\GCC\ARM_CM4F\port.o
                0x08003c90                PendSV_Handler
 .text.SysTick_Handler
                0x08003cf4       0x2c Middlewares\Third_Party\FreeRTOS\Source\portable\GCC\ARM_CM4F\port.o
                0x08003cf4                SysTick_Handler
 .text.vPortSuppressTicksAndSleep
                0x08003d20      0x118 Middlewares\Third_Party\FreeRTOS\Source\portable\GCC\ARM_CM4F\port.o
                0x08003d20                vPortSuppressTicksAndSleep
 .text.vPortSetupTimerInterrupt
                0x08003e38       0x50 Middlewares\Third_Party\FreeRTOS\Source\portable\GCC\ARM_CM4F\port.o
                0x08003e38                vPortSetupTimerInterrupt
 .text.xPortStartScheduler
                0x08003e88       0xec Middlewares\Third_Party\FreeRTOS\Source\portable\GCC\ARM_CM4F\port.o
                0x08003e88                xPortStartScheduler
 .text.vPortValidateInterruptPriority
                0x08003f74       0x5c Middlewares\Third_Party\FreeRTOS\Source\portable\GCC\ARM_CM4F\port.o
                0x08003f74                vPortValidateInterruptPriority
 .text.unlikely.prvInsertBlockIntoFreeList
                0x08003fd0       0x48 Middlewares\Third_Party\FreeRTOS\Source\portable\MemMang\heap_4.o
 .text.pvPortMalloc
                0x08004018      0x124 Middlewares\Third_Party\FreeRTOS\Source\portable\MemMang\heap_4.o
                0x08004018                pvPortMalloc
 .text.vPortFree
                0x0800413c       0x70 Middlewares\Third_Party\FreeRTOS\Source\portable\MemMang\heap_4.o
                0x0800413c                vPortFree
 .text.unlikely.prvCopyDataToQueue
                0x080041ac       0x66 Middlewares\Third_Party\FreeRTOS\Source\queue.o
 .text.unlikely.prvCopyDataFromQueue
                0x08004212       0x2a Middlewares\Third_Party\FreeRTOS\Source\queue.o
 .text.prvUnlockQueue
                0x0800423c       0x70 Middlewares\Third_Party\FreeRTOS\Source\queue.o
 .text.xQueueGenericReset
                0x080042ac       0x68 Middlewares\Third_Party\FreeRTOS\Source\queue.o
                0x080042ac                xQueueGenericReset
 .text.xQueueGenericCreate
                0x08004314       0x48 Middlewares\Third_Party\FreeRTOS\Source\queue.o
                0x08004314                xQueueGenericCreate
 .text.xQueueGenericSend
                0x0800435c      0x154 Middlewares\Third_Party\FreeRTOS\Source\queue.o
                0x0800435c                xQueueGenericSend
 .text.xQueueGenericSendFromISR
                0x080044b0       0xc4 Middlewares\Third_Party\FreeRTOS\Source\queue.o
                0x080044b0                xQueueGenericSendFromISR
 .text.xQueueGenericReceive
                0x08004574      0x178 Middlewares\Third_Party\FreeRTOS\Source\queue.o
                0x08004574                xQueueGenericReceive
 .text.xQueueReceiveFromISR
                0x080046ec       0xa0 Middlewares\Third_Party\FreeRTOS\Source\queue.o
                0x080046ec                xQueueReceiveFromISR
 .text.prvAddCurrentTaskToDelayedList
                0x0800478c       0x94 Middlewares\Third_Party\FreeRTOS\Source\tasks.o
 .text.prvGetExpectedIdleTime
                0x08004820       0x3c Middlewares\Third_Party\FreeRTOS\Source\tasks.o
 .text.prvResetNextTaskUnblockTime
                0x0800485c       0x24 Middlewares\Third_Party\FreeRTOS\Source\tasks.o
 .text.vTaskSetTimeOutState.part.6
                0x08004880       0x12 Middlewares\Third_Party\FreeRTOS\Source\tasks.o
 *fill*         0x08004892        0x2 
 .text.xTaskCreate
                0x08004894      0x19c Middlewares\Third_Party\FreeRTOS\Source\tasks.o
                0x08004894                xTaskCreate
 .text.eTaskGetState
                0x08004a30       0x70 Middlewares\Third_Party\FreeRTOS\Source\tasks.o
                0x08004a30                eTaskGetState
 .text.vTaskStartScheduler
                0x08004aa0       0x78 Middlewares\Third_Party\FreeRTOS\Source\tasks.o
                0x08004aa0                vTaskStartScheduler
 .text.vTaskSuspendAll
                0x08004b18       0x10 Middlewares\Third_Party\FreeRTOS\Source\tasks.o
                0x08004b18                vTaskSuspendAll
 .text.xTaskGetTickCount
                0x08004b28        0xc Middlewares\Third_Party\FreeRTOS\Source\tasks.o
                0x08004b28                xTaskGetTickCount
 .text.xTaskGetTickCountFromISR
                0x08004b34       0x10 Middlewares\Third_Party\FreeRTOS\Source\tasks.o
                0x08004b34                xTaskGetTickCountFromISR
 .text.vTaskStepTick
                0x08004b44       0x30 Middlewares\Third_Party\FreeRTOS\Source\tasks.o
                0x08004b44                vTaskStepTick
 .text.xTaskIncrementTick
                0x08004b74       0xd8 Middlewares\Third_Party\FreeRTOS\Source\tasks.o
                0x08004b74                xTaskIncrementTick
 .text.xTaskResumeAll
                0x08004c4c       0xd0 Middlewares\Third_Party\FreeRTOS\Source\tasks.o
                0x08004c4c                xTaskResumeAll
 .text.vTaskDelay
                0x08004d1c       0x48 Middlewares\Third_Party\FreeRTOS\Source\tasks.o
                0x08004d1c                vTaskDelay
 .text.prvIdleTask
                0x08004d64       0xb0 Middlewares\Third_Party\FreeRTOS\Source\tasks.o
 .text.vTaskSwitchContext
                0x08004e14       0xa4 Middlewares\Third_Party\FreeRTOS\Source\tasks.o
                0x08004e14                vTaskSwitchContext
 .text.vTaskPlaceOnEventList
                0x08004eb8       0x34 Middlewares\Third_Party\FreeRTOS\Source\tasks.o
                0x08004eb8                vTaskPlaceOnEventList
 .text.xTaskRemoveFromEventList
                0x08004eec       0x88 Middlewares\Third_Party\FreeRTOS\Source\tasks.o
                0x08004eec                xTaskRemoveFromEventList
 .text.vTaskSetTimeOutState
                0x08004f74       0x20 Middlewares\Third_Party\FreeRTOS\Source\tasks.o
                0x08004f74                vTaskSetTimeOutState
 .text.xTaskCheckForTimeOut
                0x08004f94       0x8c Middlewares\Third_Party\FreeRTOS\Source\tasks.o
                0x08004f94                xTaskCheckForTimeOut
 .text.vTaskMissedYield
                0x08005020        0xc Middlewares\Third_Party\FreeRTOS\Source\tasks.o
                0x08005020                vTaskMissedYield
 .text.eTaskConfirmSleepModeStatus
                0x0800502c       0x34 Middlewares\Third_Party\FreeRTOS\Source\tasks.o
                0x0800502c                eTaskConfirmSleepModeStatus
 .text.vTaskGetInfo
                0x08005060       0x80 Middlewares\Third_Party\FreeRTOS\Source\tasks.o
                0x08005060                vTaskGetInfo
 .text.prvListTasksWithinSingleList
                0x080050e0       0x5a Middlewares\Third_Party\FreeRTOS\Source\tasks.o
 *fill*         0x0800513a        0x2 
 .text.uxTaskGetSystemState
                0x0800513c       0xa4 Middlewares\Third_Party\FreeRTOS\Source\tasks.o
                0x0800513c                uxTaskGetSystemState
 .text.xTaskGetSchedulerState
                0x080051e0       0x20 Middlewares\Third_Party\FreeRTOS\Source\tasks.o
                0x080051e0                xTaskGetSchedulerState
 .text.vTaskPriorityInherit
                0x08005200       0x8c Middlewares\Third_Party\FreeRTOS\Source\tasks.o
                0x08005200                vTaskPriorityInherit
 .text.xTaskPriorityDisinherit
                0x0800528c       0xa0 Middlewares\Third_Party\FreeRTOS\Source\tasks.o
                0x0800528c                xTaskPriorityDisinherit
 .text.vTaskList
                0x0800532c       0xcc Middlewares\Third_Party\FreeRTOS\Source\tasks.o
                0x0800532c                vTaskList
 .text.pvTaskIncrementMutexHeldCount
                0x080053f8       0x18 Middlewares\Third_Party\FreeRTOS\Source\tasks.o
                0x080053f8                pvTaskIncrementMutexHeldCount
 .text.blink_init
                0x08005410       0xec Src\blink.o
                0x08005410                blink_init
 .text.gpiox_on_off
                0x080054fc       0x40 Src\blink.o
                0x080054fc                gpiox_on_off
 .text.BSP_SD_ReadBlocks_DMA
                0x0800553c       0x1c Src\bsp_driver_sd.o
                0x0800553c                BSP_SD_ReadBlocks_DMA
 .text.BSP_SD_WriteBlocks_DMA
                0x08005558       0x1c Src\bsp_driver_sd.o
                0x08005558                BSP_SD_WriteBlocks_DMA
 .text.BSP_SD_GetCardState
                0x08005574       0x14 Src\bsp_driver_sd.o
                0x08005574                BSP_SD_GetCardState
 .text.BSP_SD_GetCardInfo
                0x08005588        0xc Src\bsp_driver_sd.o
                0x08005588                BSP_SD_GetCardInfo
 .text.HAL_SD_RxCpltCallback
                0x08005594        0x8 Src\bsp_driver_sd.o
                0x08005594                HAL_SD_RxCpltCallback
 .text.BSP_SD_IsDetected
                0x0800559c       0x1c Src\bsp_driver_sd.o
                0x0800559c                BSP_SD_IsDetected
 .text.BSP_SD_Init
                0x080055b8       0x2c Src\bsp_driver_sd.o
                0x080055b8                BSP_SD_Init
 .text.MX_FATFS_Init
                0x080055e4       0x1c Src\fatfs.o
                0x080055e4                MX_FATFS_Init
 .text.BSP_PlatformIsDetected
                0x08005600       0x18 Src\fatfs_platform.o
                0x08005600                BSP_PlatformIsDetected
 .text.vApplicationIdleHook
                0x08005618        0x2 Src\freertos.o
                0x08005618                vApplicationIdleHook
 .text.vApplicationStackOverflowHook
                0x0800561a        0x2 Src\freertos.o
                0x0800561a                vApplicationStackOverflowHook
 .text.vApplicationMallocFailedHook
                0x0800561c        0x2 Src\freertos.o
                0x0800561c                vApplicationMallocFailedHook
 .text.PreSleepProcessing
                0x0800561e        0x2 Src\freertos.o
                0x0800561e                PreSleepProcessing
 .text.PostSleepProcessing
                0x08005620        0x2 Src\freertos.o
                0x08005620                PostSleepProcessing
 *fill*         0x08005622        0x2 
 .text.SystemClock_Config
                0x08005624       0xc4 Src\main.o
                0x08005624                SystemClock_Config
 .text.startup.main
                0x080056e8      0x4fc Src\main.o
                0x080056e8                main
 .text.HAL_TIM_PeriodElapsedCallback
                0x08005be4       0x14 Src\main.o
                0x08005be4                HAL_TIM_PeriodElapsedCallback
 .text.Error_Handler
                0x08005bf8        0x2 Src\main.o
                0x08005bf8                Error_Handler
 *fill*         0x08005bfa        0x2 
 .text.SD_CheckStatus.isra.0
                0x08005bfc       0x20 Src\sd_diskio.o
 .text.SD_initialize
                0x08005c1c       0x48 Src\sd_diskio.o
                0x08005c1c                SD_initialize
 .text.SD_status
                0x08005c64        0x4 Src\sd_diskio.o
                0x08005c64                SD_status
 .text.SD_write.part.2
                0x08005c68       0x22 Src\sd_diskio.o
 *fill*         0x08005c8a        0x2 
 .text.SD_read  0x08005c8c       0x40 Src\sd_diskio.o
                0x08005c8c                SD_read
 .text.SD_write
                0x08005ccc       0x40 Src\sd_diskio.o
                0x08005ccc                SD_write
 .text.SD_ioctl
                0x08005d0c       0x50 Src\sd_diskio.o
                0x08005d0c                SD_ioctl
 .text.BSP_SD_ReadCpltCallback
                0x08005d5c       0x14 Src\sd_diskio.o
                0x08005d5c                BSP_SD_ReadCpltCallback
 .text.HAL_MspInit
                0x08005d70       0x38 Src\stm32f4xx_hal_msp.o
                0x08005d70                HAL_MspInit
 .text.HAL_CRC_MspInit
                0x08005da8       0x30 Src\stm32f4xx_hal_msp.o
                0x08005da8                HAL_CRC_MspInit
 .text.HAL_DMA2D_MspInit
                0x08005dd8       0x3c Src\stm32f4xx_hal_msp.o
                0x08005dd8                HAL_DMA2D_MspInit
 .text.HAL_DSI_MspInit
                0x08005e14       0x7c Src\stm32f4xx_hal_msp.o
                0x08005e14                HAL_DSI_MspInit
 .text.HAL_I2C_MspInit
                0x08005e90       0xcc Src\stm32f4xx_hal_msp.o
                0x08005e90                HAL_I2C_MspInit
 .text.HAL_LTDC_MspInit
                0x08005f5c       0x3c Src\stm32f4xx_hal_msp.o
                0x08005f5c                HAL_LTDC_MspInit
 .text.HAL_QSPI_MspInit
                0x08005f98       0xb4 Src\stm32f4xx_hal_msp.o
                0x08005f98                HAL_QSPI_MspInit
 .text.HAL_SD_MspInit
                0x0800604c       0xfc Src\stm32f4xx_hal_msp.o
                0x0800604c                HAL_SD_MspInit
 .text.HAL_TIM_Base_MspInit
                0x08006148       0x30 Src\stm32f4xx_hal_msp.o
                0x08006148                HAL_TIM_Base_MspInit
 .text.HAL_SDRAM_MspInit
                0x08006178       0xf4 Src\stm32f4xx_hal_msp.o
                0x08006178                HAL_SDRAM_MspInit
 .text.HAL_InitTick
                0x0800626c       0x7c Src\stm32f4xx_hal_timebase_tim.o
                0x0800626c                HAL_InitTick
 .text.NMI_Handler
                0x080062e8        0x2 Src\stm32f4xx_it.o
                0x080062e8                NMI_Handler
 .text.HardFault_Handler
                0x080062ea        0x2 Src\stm32f4xx_it.o
                0x080062ea                HardFault_Handler
 .text.MemManage_Handler
                0x080062ec        0x2 Src\stm32f4xx_it.o
                0x080062ec                MemManage_Handler
 .text.BusFault_Handler
                0x080062ee        0x2 Src\stm32f4xx_it.o
                0x080062ee                BusFault_Handler
 .text.UsageFault_Handler
                0x080062f0        0x2 Src\stm32f4xx_it.o
                0x080062f0                UsageFault_Handler
 .text.DebugMon_Handler
                0x080062f2        0x2 Src\stm32f4xx_it.o
                0x080062f2                DebugMon_Handler
 .text.TIM6_DAC_IRQHandler
                0x080062f4        0xc Src\stm32f4xx_it.o
                0x080062f4                TIM6_DAC_IRQHandler
 .text.DMA2_Stream3_IRQHandler
                0x08006300        0xc Src\stm32f4xx_it.o
                0x08006300                DMA2_Stream3_IRQHandler
 .text.LTDC_IRQHandler
                0x0800630c        0xc Src\stm32f4xx_it.o
                0x0800630c                LTDC_IRQHandler
 .text.DMA2D_IRQHandler
                0x08006318        0xc Src\stm32f4xx_it.o
                0x08006318                DMA2D_IRQHandler
 .text.DSI_IRQHandler
                0x08006324        0xc Src\stm32f4xx_it.o
                0x08006324                DSI_IRQHandler
 .text.SystemInit
                0x08006330       0x4c Src\system_stm32f4xx.o
                0x08006330                SystemInit
 .text.MX_USARTx_Init
                0x0800637c       0x7c Src\usart.o
                0x0800637c                MX_USARTx_Init
 .text.HAL_UART_MspInit
                0x080063f8       0xbc Src\usart.o
                0x080063f8                HAL_UART_MspInit
 .text.BLE_Task_Entry
                0x080064b4       0x50 Src\usr_task.o
                0x080064b4                BLE_Task_Entry
 .text.Display_Task_Entry
                0x08006504       0x1c Src\usr_task.o
                0x08006504                Display_Task_Entry
 .text.USART_Task_Entry
                0x08006520       0xac Src\usr_task.o
                0x08006520                USART_Task_Entry
 .text.StartDefaultTask
                0x080065cc       0xd4 Src\usr_task.o
                0x080065cc                StartDefaultTask
 .text.LED_Blink_Entry
                0x080066a0       0x84 Src\usr_task.o
                0x080066a0                LED_Blink_Entry
 .text.Usr_TaskCreate
                0x08006724       0xa4 Src\usr_task.o
                0x08006724                Usr_TaskCreate
 .text.Reset_Handler
                0x080067c8       0x50 startup\startup_stm32f469xx.o
                0x080067c8                Reset_Handler
 .text.Default_Handler
                0x08006818        0x2 startup\startup_stm32f469xx.o
                0x08006818                RTC_Alarm_IRQHandler
                0x08006818                HASH_RNG_IRQHandler
                0x08006818                EXTI2_IRQHandler
                0x08006818                TIM8_CC_IRQHandler
                0x08006818                UART8_IRQHandler
                0x08006818                SPI4_IRQHandler
                0x08006818                TIM1_CC_IRQHandler
                0x08006818                DMA2_Stream5_IRQHandler
                0x08006818                DMA1_Stream5_IRQHandler
                0x08006818                PVD_IRQHandler
                0x08006818                SDIO_IRQHandler
                0x08006818                TAMP_STAMP_IRQHandler
                0x08006818                CAN2_RX1_IRQHandler
                0x08006818                EXTI3_IRQHandler
                0x08006818                TIM8_TRG_COM_TIM14_IRQHandler
                0x08006818                TIM1_UP_TIM10_IRQHandler
                0x08006818                TIM8_UP_TIM13_IRQHandler
                0x08006818                I2C3_ER_IRQHandler
                0x08006818                EXTI0_IRQHandler
                0x08006818                I2C2_EV_IRQHandler
                0x08006818                DMA1_Stream2_IRQHandler
                0x08006818                CAN1_RX0_IRQHandler
                0x08006818                FPU_IRQHandler
                0x08006818                OTG_HS_WKUP_IRQHandler
                0x08006818                LTDC_ER_IRQHandler
                0x08006818                CAN2_SCE_IRQHandler
                0x08006818                DMA2_Stream2_IRQHandler
                0x08006818                SPI1_IRQHandler
                0x08006818                TIM1_BRK_TIM9_IRQHandler
                0x08006818                DCMI_IRQHandler
                0x08006818                CAN2_RX0_IRQHandler
                0x08006818                USART6_IRQHandler
                0x08006818                USART3_IRQHandler
                0x08006818                CAN1_RX1_IRQHandler
                0x08006818                UART5_IRQHandler
                0x08006818                DMA2_Stream0_IRQHandler
                0x08006818                TIM4_IRQHandler
                0x08006818                QUADSPI_IRQHandler
                0x08006818                I2C1_EV_IRQHandler
                0x08006818                DMA1_Stream6_IRQHandler
                0x08006818                DMA1_Stream1_IRQHandler
                0x08006818                UART4_IRQHandler
                0x08006818                TIM3_IRQHandler
                0x08006818                RCC_IRQHandler
                0x08006818                TIM8_BRK_TIM12_IRQHandler
                0x08006818                Default_Handler
                0x08006818                EXTI15_10_IRQHandler
                0x08006818                ADC_IRQHandler
                0x08006818                DMA1_Stream7_IRQHandler
                0x08006818                SPI5_IRQHandler
                0x08006818                TIM7_IRQHandler
                0x08006818                CAN2_TX_IRQHandler
                0x08006818                TIM5_IRQHandler
                0x08006818                DMA2_Stream7_IRQHandler
                0x08006818                I2C3_EV_IRQHandler
                0x08006818                EXTI9_5_IRQHandler
                0x08006818                RTC_WKUP_IRQHandler
                0x08006818                ETH_WKUP_IRQHandler
                0x08006818                SPI2_IRQHandler
                0x08006818                OTG_HS_EP1_IN_IRQHandler
                0x08006818                DMA1_Stream0_IRQHandler
                0x08006818                CAN1_TX_IRQHandler
                0x08006818                EXTI4_IRQHandler
                0x08006818                ETH_IRQHandler
                0x08006818                OTG_HS_EP1_OUT_IRQHandler
                0x08006818                WWDG_IRQHandler
                0x08006818                SPI6_IRQHandler
                0x08006818                TIM2_IRQHandler
                0x08006818                OTG_FS_WKUP_IRQHandler
                0x08006818                TIM1_TRG_COM_TIM11_IRQHandler
                0x08006818                OTG_HS_IRQHandler
                0x08006818                EXTI1_IRQHandler
                0x08006818                UART7_IRQHandler
                0x08006818                USART2_IRQHandler
                0x08006818                I2C2_ER_IRQHandler
                0x08006818                DMA2_Stream1_IRQHandler
                0x08006818                CAN1_SCE_IRQHandler
                0x08006818                FLASH_IRQHandler
                0x08006818                DMA2_Stream4_IRQHandler
                0x08006818                USART1_IRQHandler
                0x08006818                OTG_FS_IRQHandler
                0x08006818                SPI3_IRQHandler
                0x08006818                DMA1_Stream4_IRQHandler
                0x08006818                I2C1_ER_IRQHandler
                0x08006818                FMC_IRQHandler
                0x08006818                DMA2_Stream6_IRQHandler
                0x08006818                SAI1_IRQHandler
                0x08006818                DMA1_Stream3_IRQHandler
 *fill*         0x0800681a        0x2 
 .text.__libc_init_array
                0x0800681c       0x48 c:/program files (x86)/atollic/truestudio for stm32 9.2.0/armtools/bin/../lib/gcc/arm-atollic-eabi/6.3.1/../../../../arm-atollic-eabi/lib/armv7e-m/fpu\libc_nano.a(lib_a-init.o)
                0x0800681c                __libc_init_array
 .text.memcpy   0x08006864       0x16 c:/program files (x86)/atollic/truestudio for stm32 9.2.0/armtools/bin/../lib/gcc/arm-atollic-eabi/6.3.1/../../../../arm-atollic-eabi/lib/armv7e-m/fpu\libc_nano.a(lib_a-memcpy-stub.o)
                0x08006864                memcpy
 .text.memset   0x0800687a       0x10 c:/program files (x86)/atollic/truestudio for stm32 9.2.0/armtools/bin/../lib/gcc/arm-atollic-eabi/6.3.1/../../../../arm-atollic-eabi/lib/armv7e-m/fpu\libc_nano.a(lib_a-memset.o)
                0x0800687a                memset
 *fill*         0x0800688a        0x2 
 .text.sprintf  0x0800688c       0x48 c:/program files (x86)/atollic/truestudio for stm32 9.2.0/armtools/bin/../lib/gcc/arm-atollic-eabi/6.3.1/../../../../arm-atollic-eabi/lib/armv7e-m/fpu\libc_nano.a(lib_a-sprintf.o)
                0x0800688c                siprintf
                0x0800688c                sprintf
 .text.strcpy   0x080068d4       0x10 c:/program files (x86)/atollic/truestudio for stm32 9.2.0/armtools/bin/../lib/gcc/arm-atollic-eabi/6.3.1/../../../../arm-atollic-eabi/lib/armv7e-m/fpu\libc_nano.a(lib_a-strcpy.o)
                0x080068d4                strcpy
 .text.__ssputs_r
                0x080068e4       0xb6 c:/program files (x86)/atollic/truestudio for stm32 9.2.0/armtools/bin/../lib/gcc/arm-atollic-eabi/6.3.1/../../../../arm-atollic-eabi/lib/armv7e-m/fpu\libc_nano.a(lib_a-nano-svfprintf.o)
                0x080068e4                __ssputs_r
 *fill*         0x0800699a        0x2 
 .text._svfprintf_r
                0x0800699c      0x1e8 c:/program files (x86)/atollic/truestudio for stm32 9.2.0/armtools/bin/../lib/gcc/arm-atollic-eabi/6.3.1/../../../../arm-atollic-eabi/lib/armv7e-m/fpu\libc_nano.a(lib_a-nano-svfprintf.o)
                0x0800699c                _svfiprintf_r
                0x0800699c                _svfprintf_r
 .text._printf_common
                0x08006b84       0xec c:/program files (x86)/atollic/truestudio for stm32 9.2.0/armtools/bin/../lib/gcc/arm-atollic-eabi/6.3.1/../../../../arm-atollic-eabi/lib/armv7e-m/fpu\libc_nano.a(lib_a-nano-vfprintf_i.o)
                0x08006b84                _printf_common
 .text._printf_i
                0x08006c70      0x240 c:/program files (x86)/atollic/truestudio for stm32 9.2.0/armtools/bin/../lib/gcc/arm-atollic-eabi/6.3.1/../../../../arm-atollic-eabi/lib/armv7e-m/fpu\libc_nano.a(lib_a-nano-vfprintf_i.o)
                0x08006c70                _printf_i
 .text.memmove  0x08006eb0       0x34 c:/program files (x86)/atollic/truestudio for stm32 9.2.0/armtools/bin/../lib/gcc/arm-atollic-eabi/6.3.1/../../../../arm-atollic-eabi/lib/armv7e-m/fpu\libc_nano.a(lib_a-memmove.o)
                0x08006eb0                memmove
 .text._free_r  0x08006ee4       0x9c c:/program files (x86)/atollic/truestudio for stm32 9.2.0/armtools/bin/../lib/gcc/arm-atollic-eabi/6.3.1/../../../../arm-atollic-eabi/lib/armv7e-m/fpu\libc_nano.a(lib_a-nano-freer.o)
                0x08006ee4                _free_r
 .text._malloc_r
                0x08006f80       0xbc c:/program files (x86)/atollic/truestudio for stm32 9.2.0/armtools/bin/../lib/gcc/arm-atollic-eabi/6.3.1/../../../../arm-atollic-eabi/lib/armv7e-m/fpu\libc_nano.a(lib_a-nano-mallocr.o)
                0x08006f80                _malloc_r
 .text._realloc_r
                0x0800703c       0x4c c:/program files (x86)/atollic/truestudio for stm32 9.2.0/armtools/bin/../lib/gcc/arm-atollic-eabi/6.3.1/../../../../arm-atollic-eabi/lib/armv7e-m/fpu\libc_nano.a(lib_a-nano-reallocr.o)
                0x0800703c                _realloc_r
 .text._sbrk_r  0x08007088       0x20 c:/program files (x86)/atollic/truestudio for stm32 9.2.0/armtools/bin/../lib/gcc/arm-atollic-eabi/6.3.1/../../../../arm-atollic-eabi/lib/armv7e-m/fpu\libc_nano.a(lib_a-sbrkr.o)
                0x08007088                _sbrk_r
 .text.__malloc_lock
                0x080070a8        0x2 c:/program files (x86)/atollic/truestudio for stm32 9.2.0/armtools/bin/../lib/gcc/arm-atollic-eabi/6.3.1/../../../../arm-atollic-eabi/lib/armv7e-m/fpu\libc_nano.a(lib_a-mlock.o)
                0x080070a8                __malloc_lock
 .text.__malloc_unlock
                0x080070aa        0x2 c:/program files (x86)/atollic/truestudio for stm32 9.2.0/armtools/bin/../lib/gcc/arm-atollic-eabi/6.3.1/../../../../arm-atollic-eabi/lib/armv7e-m/fpu\libc_nano.a(lib_a-mlock.o)
                0x080070aa                __malloc_unlock
 .text._malloc_usable_size_r
                0x080070ac       0x12 c:/program files (x86)/atollic/truestudio for stm32 9.2.0/armtools/bin/../lib/gcc/arm-atollic-eabi/6.3.1/../../../../arm-atollic-eabi/lib/armv7e-m/fpu\libc_nano.a(lib_a-nano-msizer.o)
                0x080070ac                _malloc_usable_size_r
 *fill*         0x080070be        0x2 
 .text._sbrk    0x080070c0       0x1c c:/program files (x86)/atollic/truestudio for stm32 9.2.0/armtools/bin/../lib/gcc/arm-atollic-eabi/6.3.1/../../../../arm-atollic-eabi/lib/armv7e-m/fpu\libnosys.a(sbrk.o)
                0x080070c0                _sbrk
 *(.glue_7)
 .glue_7        0x080070dc        0x0 linker stubs
 *(.glue_7t)
 .glue_7t       0x080070dc        0x0 linker stubs
 *(.eh_frame)
 .eh_frame      0x080070dc        0x0 c:/program files (x86)/atollic/truestudio for stm32 9.2.0/armtools/bin/../lib/gcc/arm-atollic-eabi/6.3.1/armv7e-m/fpu/crtbegin.o
 *(.init)
 .init          0x080070dc        0x4 c:/program files (x86)/atollic/truestudio for stm32 9.2.0/armtools/bin/../lib/gcc/arm-atollic-eabi/6.3.1/armv7e-m/fpu/crti.o
                0x080070dc                _init
 .init          0x080070e0        0x8 c:/program files (x86)/atollic/truestudio for stm32 9.2.0/armtools/bin/../lib/gcc/arm-atollic-eabi/6.3.1/armv7e-m/fpu/crtn.o
 *(.fini)
 .fini          0x080070e8        0x4 c:/program files (x86)/atollic/truestudio for stm32 9.2.0/armtools/bin/../lib/gcc/arm-atollic-eabi/6.3.1/armv7e-m/fpu/crti.o
                0x080070e8                _fini
 .fini          0x080070ec        0x8 c:/program files (x86)/atollic/truestudio for stm32 9.2.0/armtools/bin/../lib/gcc/arm-atollic-eabi/6.3.1/armv7e-m/fpu/crtn.o
                0x080070f4                . = ALIGN (0x4)
                0x080070f4                _etext = .

.vfp11_veneer   0x080070f4        0x0
 .vfp11_veneer  0x080070f4        0x0 linker stubs

.v4_bx          0x080070f4        0x0
 .v4_bx         0x080070f4        0x0 linker stubs

.iplt           0x080070f4        0x0
 .iplt          0x080070f4        0x0 c:/program files (x86)/atollic/truestudio for stm32 9.2.0/armtools/bin/../lib/gcc/arm-atollic-eabi/6.3.1/armv7e-m/fpu/crtbegin.o

.rodata         0x080070f4      0x558
                0x080070f4                . = ALIGN (0x4)
 *(.rodata)
 .rodata        0x080070f4        0x8 Src\sd_diskio.o
 .rodata        0x080070fc      0x464 Src\usr_task.o
 *(.rodata*)
 .rodata.flagBitshiftOffset.10564
                0x08007560        0x8 Drivers\STM32F4xx_HAL_Driver\Src\stm32f4xx_hal_dma.o
 .rodata.CSWTCH.237
                0x08007568        0x4 Middlewares\Third_Party\FreeRTOS\Source\tasks.o
 .rodata.vTaskList.str1.1
                0x0800756c        0xf Middlewares\Third_Party\FreeRTOS\Source\tasks.o
 .rodata.vTaskStartScheduler.str1.1
                0x0800757b        0x5 Middlewares\Third_Party\FreeRTOS\Source\tasks.o
 .rodata.SD_Driver
                0x08007580       0x14 Src\sd_diskio.o
                0x08007580                SD_Driver
 .rodata.AHBPrescTable
                0x08007594       0x10 Src\system_stm32f4xx.o
                0x08007594                AHBPrescTable
 .rodata.APBPrescTable
                0x080075a4        0x8 Src\system_stm32f4xx.o
                0x080075a4                APBPrescTable
 .rodata.MX_USARTx_Init.str1.1
                0x080075ac       0x23 Src\usart.o
 .rodata.USART_Task_Entry.str1.1
                0x080075cf       0x10 Src\usr_task.o
                                 0x13 (size before relaxing)
 .rodata.str1.1
                0x080075df       0x37 Src\usr_task.o
 .rodata._svfprintf_r.str1.1
                0x08007616       0x11 c:/program files (x86)/atollic/truestudio for stm32 9.2.0/armtools/bin/../lib/gcc/arm-atollic-eabi/6.3.1/../../../../arm-atollic-eabi/lib/armv7e-m/fpu\libc_nano.a(lib_a-nano-svfprintf.o)
 .rodata._printf_i.str1.1
                0x08007627       0x22 c:/program files (x86)/atollic/truestudio for stm32 9.2.0/armtools/bin/../lib/gcc/arm-atollic-eabi/6.3.1/../../../../arm-atollic-eabi/lib/armv7e-m/fpu\libc_nano.a(lib_a-nano-vfprintf_i.o)
                0x0800764c                . = ALIGN (0x4)
 *fill*         0x08007649        0x3 

.ARM.extab
 *(.ARM.extab* .gnu.linkonce.armextab.*)

.ARM            0x0800764c        0x8
                0x0800764c                __exidx_start = .
 *(.ARM.exidx*)
 .ARM.exidx     0x0800764c        0x8 c:/program files (x86)/atollic/truestudio for stm32 9.2.0/armtools/bin/../lib/gcc/arm-atollic-eabi/6.3.1/armv7e-m/fpu\libgcc.a(_udivmoddi4.o)
                0x08007654                __exidx_end = .

.rel.dyn        0x08007654        0x0
 .rel.iplt      0x08007654        0x0 c:/program files (x86)/atollic/truestudio for stm32 9.2.0/armtools/bin/../lib/gcc/arm-atollic-eabi/6.3.1/armv7e-m/fpu/crtbegin.o

.preinit_array  0x08007654        0x0
                0x08007654                PROVIDE (__preinit_array_start, .)
 *(.preinit_array*)
                0x08007654                PROVIDE (__preinit_array_end, .)

.init_array     0x08007654        0x4
                0x08007654                PROVIDE (__init_array_start, .)
 *(SORT(.init_array.*))
 *(.init_array*)
 .init_array    0x08007654        0x4 c:/program files (x86)/atollic/truestudio for stm32 9.2.0/armtools/bin/../lib/gcc/arm-atollic-eabi/6.3.1/armv7e-m/fpu/crtbegin.o
                0x08007658                PROVIDE (__init_array_end, .)

.fini_array     0x08007658        0x4
                [!provide]                PROVIDE (__fini_array_start, .)
 *(SORT(.fini_array.*))
 *(.fini_array*)
 .fini_array    0x08007658        0x4 c:/program files (x86)/atollic/truestudio for stm32 9.2.0/armtools/bin/../lib/gcc/arm-atollic-eabi/6.3.1/armv7e-m/fpu/crtbegin.o
                [!provide]                PROVIDE (__fini_array_end, .)
                0x0800765c                _sidata = LOADADDR (.data)

.data           0x20000000       0x74 load address 0x0800765c
                0x20000000                . = ALIGN (0x4)
                0x20000000                _sdata = .
 *(.data)
 *(.data*)
 .data.uwTickFreq
                0x20000000        0x1 Drivers\STM32F4xx_HAL_Driver\Src\stm32f4xx_hal.o
                0x20000000                uwTickFreq
 *fill*         0x20000001        0x3 
 .data.uxCriticalNesting
                0x20000004        0x4 Middlewares\Third_Party\FreeRTOS\Source\portable\GCC\ARM_CM4F\port.o
 .data.Stat     0x20000008        0x1 Src\sd_diskio.o
 *fill*         0x20000009        0x3 
 .data.SystemCoreClock
                0x2000000c        0x4 Src\system_stm32f4xx.o
                0x2000000c                SystemCoreClock
 .data._impure_ptr
                0x20000010        0x4 c:/program files (x86)/atollic/truestudio for stm32 9.2.0/armtools/bin/../lib/gcc/arm-atollic-eabi/6.3.1/../../../../arm-atollic-eabi/lib/armv7e-m/fpu\libc_nano.a(lib_a-impure.o)
                0x20000010                _impure_ptr
 .data.impure_data
                0x20000014       0x60 c:/program files (x86)/atollic/truestudio for stm32 9.2.0/armtools/bin/../lib/gcc/arm-atollic-eabi/6.3.1/../../../../arm-atollic-eabi/lib/armv7e-m/fpu\libc_nano.a(lib_a-impure.o)
                0x20000074                . = ALIGN (0x4)
                0x20000074                _edata = .
                0x080076d0                _siccmram = LOADADDR (.ccmram)

.igot.plt       0x20000074        0x0 load address 0x080076d0
 .igot.plt      0x20000074        0x0 c:/program files (x86)/atollic/truestudio for stm32 9.2.0/armtools/bin/../lib/gcc/arm-atollic-eabi/6.3.1/armv7e-m/fpu/crtbegin.o

.ccmram         0x10000000        0x0 load address 0x080076d0
                0x10000000                . = ALIGN (0x4)
                0x10000000                _sccmram = .
 *(.ccmram)
 *(.ccmram*)
                0x10000000                . = ALIGN (0x4)
                0x10000000                _eccmram = .
                0x10000000                . = ALIGN (0x4)

.bss            0x20000074     0x8a4c
                0x20000074                _sbss = .
                0x20000074                __bss_start__ = _sbss
 *(.bss)
 .bss           0x20000074       0x1c c:/program files (x86)/atollic/truestudio for stm32 9.2.0/armtools/bin/../lib/gcc/arm-atollic-eabi/6.3.1/armv7e-m/fpu/crtbegin.o
 *(.bss*)
 .bss.disk      0x20000090        0xc Middlewares\Third_Party\FatFs\src\ff_gen_drv.o
                0x20000090                disk
 .bss.ucMaxSysCallPriority
                0x2000009c        0x1 Middlewares\Third_Party\FreeRTOS\Source\portable\GCC\ARM_CM4F\port.o
 *fill*         0x2000009d        0x3 
 .bss.ulMaxPRIGROUPValue
                0x200000a0        0x4 Middlewares\Third_Party\FreeRTOS\Source\portable\GCC\ARM_CM4F\port.o
 .bss.ulStoppedTimerCompensation
                0x200000a4        0x4 Middlewares\Third_Party\FreeRTOS\Source\portable\GCC\ARM_CM4F\port.o
 .bss.ulTimerCountsForOneTick
                0x200000a8        0x4 Middlewares\Third_Party\FreeRTOS\Source\portable\GCC\ARM_CM4F\port.o
 .bss.xMaximumPossibleSuppressedTicks
                0x200000ac        0x4 Middlewares\Third_Party\FreeRTOS\Source\portable\GCC\ARM_CM4F\port.o
 .bss.pxEnd     0x200000b0        0x4 Middlewares\Third_Party\FreeRTOS\Source\portable\MemMang\heap_4.o
 .bss.ucHeap    0x200000b4     0x8000 Middlewares\Third_Party\FreeRTOS\Source\portable\MemMang\heap_4.o
 .bss.xBlockAllocatedBit
                0x200080b4        0x4 Middlewares\Third_Party\FreeRTOS\Source\portable\MemMang\heap_4.o
 .bss.xFreeBytesRemaining
                0x200080b8        0x4 Middlewares\Third_Party\FreeRTOS\Source\portable\MemMang\heap_4.o
 .bss.xMinimumEverFreeBytesRemaining
                0x200080bc        0x4 Middlewares\Third_Party\FreeRTOS\Source\portable\MemMang\heap_4.o
 .bss.xStart    0x200080c0        0x8 Middlewares\Third_Party\FreeRTOS\Source\portable\MemMang\heap_4.o
 .bss.pxCurrentTCB
                0x200080c8        0x4 Middlewares\Third_Party\FreeRTOS\Source\tasks.o
                0x200080c8                pxCurrentTCB
 .bss.pxDelayedTaskList
                0x200080cc        0x4 Middlewares\Third_Party\FreeRTOS\Source\tasks.o
 .bss.pxOverflowDelayedTaskList
                0x200080d0        0x4 Middlewares\Third_Party\FreeRTOS\Source\tasks.o
 .bss.pxReadyTasksLists
                0x200080d4       0x8c Middlewares\Third_Party\FreeRTOS\Source\tasks.o
 .bss.uxCurrentNumberOfTasks
                0x20008160        0x4 Middlewares\Third_Party\FreeRTOS\Source\tasks.o
 .bss.uxDeletedTasksWaitingCleanUp
                0x20008164        0x4 Middlewares\Third_Party\FreeRTOS\Source\tasks.o
 .bss.uxPendedTicks
                0x20008168        0x4 Middlewares\Third_Party\FreeRTOS\Source\tasks.o
 .bss.uxSchedulerSuspended
                0x2000816c        0x4 Middlewares\Third_Party\FreeRTOS\Source\tasks.o
 .bss.uxTaskNumber
                0x20008170        0x4 Middlewares\Third_Party\FreeRTOS\Source\tasks.o
 .bss.uxTopReadyPriority
                0x20008174        0x4 Middlewares\Third_Party\FreeRTOS\Source\tasks.o
 .bss.xDelayedTaskList1
                0x20008178       0x14 Middlewares\Third_Party\FreeRTOS\Source\tasks.o
 .bss.xDelayedTaskList2
                0x2000818c       0x14 Middlewares\Third_Party\FreeRTOS\Source\tasks.o
 .bss.xIdleTaskHandle
                0x200081a0        0x4 Middlewares\Third_Party\FreeRTOS\Source\tasks.o
 .bss.xNextTaskUnblockTime
                0x200081a4        0x4 Middlewares\Third_Party\FreeRTOS\Source\tasks.o
 .bss.xNumOfOverflows
                0x200081a8        0x4 Middlewares\Third_Party\FreeRTOS\Source\tasks.o
 .bss.xPendingReadyList
                0x200081ac       0x14 Middlewares\Third_Party\FreeRTOS\Source\tasks.o
 .bss.xSchedulerRunning
                0x200081c0        0x4 Middlewares\Third_Party\FreeRTOS\Source\tasks.o
 .bss.xSuspendedTaskList
                0x200081c4       0x14 Middlewares\Third_Party\FreeRTOS\Source\tasks.o
 .bss.xTasksWaitingTermination
                0x200081d8       0x14 Middlewares\Third_Party\FreeRTOS\Source\tasks.o
 .bss.xTickCount
                0x200081ec        0x4 Middlewares\Third_Party\FreeRTOS\Source\tasks.o
 .bss.xYieldPending
                0x200081f0        0x4 Middlewares\Third_Party\FreeRTOS\Source\tasks.o
 .bss.SDQueueID
                0x200081f4        0x4 Src\sd_diskio.o
 .bss.FMC_Initialized
                0x200081f8        0x4 Src\stm32f4xx_hal_msp.o
 .bss.GPIO_InitStruct
                0x200081fc       0x14 Src\usart.o
                0x200081fc                GPIO_InitStruct
 .bss.ble_loop.11291
                0x20008210        0x4 Src\usr_task.o
 .bss.default_loop.11278
                0x20008214        0x4 Src\usr_task.o
 .bss.usart_loop.11296
                0x20008218        0x4 Src\usr_task.o
 .bss.__malloc_free_list
                0x2000821c        0x4 c:/program files (x86)/atollic/truestudio for stm32 9.2.0/armtools/bin/../lib/gcc/arm-atollic-eabi/6.3.1/../../../../arm-atollic-eabi/lib/armv7e-m/fpu\libc_nano.a(lib_a-nano-mallocr.o)
                0x2000821c                __malloc_free_list
 .bss.__malloc_sbrk_start
                0x20008220        0x4 c:/program files (x86)/atollic/truestudio for stm32 9.2.0/armtools/bin/../lib/gcc/arm-atollic-eabi/6.3.1/../../../../arm-atollic-eabi/lib/armv7e-m/fpu\libc_nano.a(lib_a-nano-mallocr.o)
                0x20008220                __malloc_sbrk_start
 .bss.heap_end.5239
                0x20008224        0x4 c:/program files (x86)/atollic/truestudio for stm32 9.2.0/armtools/bin/../lib/gcc/arm-atollic-eabi/6.3.1/../../../../arm-atollic-eabi/lib/armv7e-m/fpu\libnosys.a(sbrk.o)
 *(COMMON)
 COMMON         0x20008228        0x4 Drivers\STM32F4xx_HAL_Driver\Src\stm32f4xx_hal.o
                0x20008228                uwTick
 COMMON         0x2000822c      0x46c Src\fatfs.o
                0x2000822c                retSD
                0x2000822d                SDPath
                0x20008234                SDFile
                0x20008464                SDFatFS
 COMMON         0x20008698      0x368 Src\main.o
                0x20008698                defaultTaskHandle
                0x2000869c                LED_BlinkHandle
                0x200086a0                hi2c1
                0x200086f4                hcrc
                0x200086fc                hi2c2
                0x20008750                BLE_TaskHandle
                0x20008754                hdsi
                0x20008770                hltdc
                0x20008818                hdma_sdio_tx
                0x20008878                USART_TaskHandle
                0x2000887c                htim1
                0x200088b8                hsd
                0x2000893c                hdma2d
                0x2000897c                Display_TaskHandle
                0x20008980                hsdram1
                0x200089b4                hqspi
 COMMON         0x20008a00       0x3c Src\stm32f4xx_hal_timebase_tim.o
                0x20008a00                htim6
 COMMON         0x20008a3c       0x80 Src\usart.o
                0x20008a3c                huart3
                0x20008a7c                huart6
 COMMON         0x20008abc        0x4 c:/program files (x86)/atollic/truestudio for stm32 9.2.0/armtools/bin/../lib/gcc/arm-atollic-eabi/6.3.1/../../../../arm-atollic-eabi/lib/armv7e-m/fpu\libc_nano.a(lib_a-reent.o)
                0x20008abc                errno
                0x20008ac0                . = ALIGN (0x4)
                0x20008ac0                _ebss = .
                0x20008ac0                __bss_end__ = _ebss

._user_heap_stack
                0x20008ac0      0x600
                0x20008ac0                . = ALIGN (0x4)
                0x20008ac0                PROVIDE (end, .)
                [!provide]                PROVIDE (_end, .)
                0x20008cc0                . = (. + _Min_Heap_Size)
 *fill*         0x20008ac0      0x200 
                0x200090c0                . = (. + _Min_Stack_Size)
 *fill*         0x20008cc0      0x400 
                0x200090c0                . = ALIGN (0x4)

/DISCARD/
 libc.a(*)
 libm.a(*)
 libgcc.a(*)

.ARM.attributes
                0x00000000       0x30
 *(.ARM.attributes)
 .ARM.attributes
                0x00000000       0x22 c:/program files (x86)/atollic/truestudio for stm32 9.2.0/armtools/bin/../lib/gcc/arm-atollic-eabi/6.3.1/armv7e-m/fpu/crti.o
 .ARM.attributes
                0x00000022       0x34 c:/program files (x86)/atollic/truestudio for stm32 9.2.0/armtools/bin/../lib/gcc/arm-atollic-eabi/6.3.1/armv7e-m/fpu/crtbegin.o
 .ARM.attributes
                0x00000056       0x39 Drivers\STM32F4xx_HAL_Driver\Src\stm32f4xx_hal.o
 .ARM.attributes
                0x0000008f       0x39 Drivers\STM32F4xx_HAL_Driver\Src\stm32f4xx_hal_cortex.o
 .ARM.attributes
                0x000000c8       0x39 Drivers\STM32F4xx_HAL_Driver\Src\stm32f4xx_hal_crc.o
 .ARM.attributes
                0x00000101       0x39 Drivers\STM32F4xx_HAL_Driver\Src\stm32f4xx_hal_dma.o
 .ARM.attributes
                0x0000013a       0x39 Drivers\STM32F4xx_HAL_Driver\Src\stm32f4xx_hal_dma2d.o
 .ARM.attributes
                0x00000173       0x39 Drivers\STM32F4xx_HAL_Driver\Src\stm32f4xx_hal_dsi.o
 .ARM.attributes
                0x000001ac       0x39 Drivers\STM32F4xx_HAL_Driver\Src\stm32f4xx_hal_gpio.o
 .ARM.attributes
                0x000001e5       0x39 Drivers\STM32F4xx_HAL_Driver\Src\stm32f4xx_hal_i2c.o
 .ARM.attributes
                0x0000021e       0x39 Drivers\STM32F4xx_HAL_Driver\Src\stm32f4xx_hal_ltdc.o
 .ARM.attributes
                0x00000257       0x39 Drivers\STM32F4xx_HAL_Driver\Src\stm32f4xx_hal_pwr_ex.o
 .ARM.attributes
                0x00000290       0x39 Drivers\STM32F4xx_HAL_Driver\Src\stm32f4xx_hal_qspi.o
 .ARM.attributes
                0x000002c9       0x39 Drivers\STM32F4xx_HAL_Driver\Src\stm32f4xx_hal_rcc.o
 .ARM.attributes
                0x00000302       0x39 Drivers\STM32F4xx_HAL_Driver\Src\stm32f4xx_hal_rcc_ex.o
 .ARM.attributes
                0x0000033b       0x39 Drivers\STM32F4xx_HAL_Driver\Src\stm32f4xx_hal_sd.o
 .ARM.attributes
                0x00000374       0x39 Drivers\STM32F4xx_HAL_Driver\Src\stm32f4xx_hal_sdram.o
 .ARM.attributes
                0x000003ad       0x39 Drivers\STM32F4xx_HAL_Driver\Src\stm32f4xx_hal_tim.o
 .ARM.attributes
                0x000003e6       0x39 Drivers\STM32F4xx_HAL_Driver\Src\stm32f4xx_hal_tim_ex.o
 .ARM.attributes
                0x0000041f       0x39 Drivers\STM32F4xx_HAL_Driver\Src\stm32f4xx_hal_uart.o
 .ARM.attributes
                0x00000458       0x39 Drivers\STM32F4xx_HAL_Driver\Src\stm32f4xx_ll_fmc.o
 .ARM.attributes
                0x00000491       0x39 Drivers\STM32F4xx_HAL_Driver\Src\stm32f4xx_ll_sdmmc.o
 .ARM.attributes
                0x000004ca       0x39 Middlewares\Third_Party\FatFs\src\ff_gen_drv.o
 .ARM.attributes
                0x00000503       0x39 Middlewares\Third_Party\FreeRTOS\Source\CMSIS_RTOS\cmsis_os.o
 .ARM.attributes
                0x0000053c       0x39 Middlewares\Third_Party\FreeRTOS\Source\list.o
 .ARM.attributes
                0x00000575       0x39 Middlewares\Third_Party\FreeRTOS\Source\portable\GCC\ARM_CM4F\port.o
 .ARM.attributes
                0x000005ae       0x39 Middlewares\Third_Party\FreeRTOS\Source\portable\MemMang\heap_4.o
 .ARM.attributes
                0x000005e7       0x39 Middlewares\Third_Party\FreeRTOS\Source\queue.o
 .ARM.attributes
                0x00000620       0x39 Middlewares\Third_Party\FreeRTOS\Source\tasks.o
 .ARM.attributes
                0x00000659       0x39 Src\blink.o
 .ARM.attributes
                0x00000692       0x39 Src\bsp_driver_sd.o
 .ARM.attributes
                0x000006cb       0x39 Src\fatfs.o
 .ARM.attributes
                0x00000704       0x39 Src\fatfs_platform.o
 .ARM.attributes
                0x0000073d       0x39 Src\freertos.o
 .ARM.attributes
                0x00000776       0x39 Src\main.o
 .ARM.attributes
                0x000007af       0x39 Src\sd_diskio.o
 .ARM.attributes
                0x000007e8       0x39 Src\stm32f4xx_hal_msp.o
 .ARM.attributes
                0x00000821       0x39 Src\stm32f4xx_hal_timebase_tim.o
 .ARM.attributes
                0x0000085a       0x39 Src\stm32f4xx_it.o
 .ARM.attributes
                0x00000893       0x39 Src\system_stm32f4xx.o
 .ARM.attributes
                0x000008cc       0x39 Src\usart.o
 .ARM.attributes
                0x00000905       0x39 Src\usr_task.o
 .ARM.attributes
                0x0000093e       0x21 startup\startup_stm32f469xx.o
 .ARM.attributes
                0x0000095f       0x34 c:/program files (x86)/atollic/truestudio for stm32 9.2.0/armtools/bin/../lib/gcc/arm-atollic-eabi/6.3.1/../../../../arm-atollic-eabi/lib/armv7e-m/fpu\libc_nano.a(lib_a-init.o)
 .ARM.attributes
                0x00000993       0x34 c:/program files (x86)/atollic/truestudio for stm32 9.2.0/armtools/bin/../lib/gcc/arm-atollic-eabi/6.3.1/../../../../arm-atollic-eabi/lib/armv7e-m/fpu\libc_nano.a(lib_a-memcpy-stub.o)
 .ARM.attributes
                0x000009c7       0x34 c:/program files (x86)/atollic/truestudio for stm32 9.2.0/armtools/bin/../lib/gcc/arm-atollic-eabi/6.3.1/../../../../arm-atollic-eabi/lib/armv7e-m/fpu\libc_nano.a(lib_a-memset.o)
 .ARM.attributes
                0x000009fb       0x34 c:/program files (x86)/atollic/truestudio for stm32 9.2.0/armtools/bin/../lib/gcc/arm-atollic-eabi/6.3.1/../../../../arm-atollic-eabi/lib/armv7e-m/fpu\libc_nano.a(lib_a-sprintf.o)
 .ARM.attributes
                0x00000a2f       0x34 c:/program files (x86)/atollic/truestudio for stm32 9.2.0/armtools/bin/../lib/gcc/arm-atollic-eabi/6.3.1/../../../../arm-atollic-eabi/lib/armv7e-m/fpu\libc_nano.a(lib_a-strcpy.o)
 .ARM.attributes
                0x00000a63       0x1b c:/program files (x86)/atollic/truestudio for stm32 9.2.0/armtools/bin/../lib/gcc/arm-atollic-eabi/6.3.1/../../../../arm-atollic-eabi/lib/armv7e-m/fpu\libc_nano.a(lib_a-strlen.o)
 .ARM.attributes
                0x00000a7e       0x34 c:/program files (x86)/atollic/truestudio for stm32 9.2.0/armtools/bin/../lib/gcc/arm-atollic-eabi/6.3.1/../../../../arm-atollic-eabi/lib/armv7e-m/fpu\libc_nano.a(lib_a-impure.o)
 .ARM.attributes
                0x00000ab2       0x34 c:/program files (x86)/atollic/truestudio for stm32 9.2.0/armtools/bin/../lib/gcc/arm-atollic-eabi/6.3.1/../../../../arm-atollic-eabi/lib/armv7e-m/fpu\libc_nano.a(lib_a-nano-svfprintf.o)
 .ARM.attributes
                0x00000ae6       0x34 c:/program files (x86)/atollic/truestudio for stm32 9.2.0/armtools/bin/../lib/gcc/arm-atollic-eabi/6.3.1/../../../../arm-atollic-eabi/lib/armv7e-m/fpu\libc_nano.a(lib_a-nano-vfprintf_i.o)
 .ARM.attributes
                0x00000b1a       0x20 c:/program files (x86)/atollic/truestudio for stm32 9.2.0/armtools/bin/../lib/gcc/arm-atollic-eabi/6.3.1/../../../../arm-atollic-eabi/lib/armv7e-m/fpu\libc_nano.a(lib_a-memchr.o)
 .ARM.attributes
                0x00000b3a       0x34 c:/program files (x86)/atollic/truestudio for stm32 9.2.0/armtools/bin/../lib/gcc/arm-atollic-eabi/6.3.1/../../../../arm-atollic-eabi/lib/armv7e-m/fpu\libc_nano.a(lib_a-memmove.o)
 .ARM.attributes
                0x00000b6e       0x34 c:/program files (x86)/atollic/truestudio for stm32 9.2.0/armtools/bin/../lib/gcc/arm-atollic-eabi/6.3.1/../../../../arm-atollic-eabi/lib/armv7e-m/fpu\libc_nano.a(lib_a-nano-freer.o)
 .ARM.attributes
                0x00000ba2       0x34 c:/program files (x86)/atollic/truestudio for stm32 9.2.0/armtools/bin/../lib/gcc/arm-atollic-eabi/6.3.1/../../../../arm-atollic-eabi/lib/armv7e-m/fpu\libc_nano.a(lib_a-nano-mallocr.o)
 .ARM.attributes
                0x00000bd6       0x34 c:/program files (x86)/atollic/truestudio for stm32 9.2.0/armtools/bin/../lib/gcc/arm-atollic-eabi/6.3.1/../../../../arm-atollic-eabi/lib/armv7e-m/fpu\libc_nano.a(lib_a-nano-reallocr.o)
 .ARM.attributes
                0x00000c0a       0x34 c:/program files (x86)/atollic/truestudio for stm32 9.2.0/armtools/bin/../lib/gcc/arm-atollic-eabi/6.3.1/../../../../arm-atollic-eabi/lib/armv7e-m/fpu\libc_nano.a(lib_a-sbrkr.o)
 .ARM.attributes
                0x00000c3e       0x34 c:/program files (x86)/atollic/truestudio for stm32 9.2.0/armtools/bin/../lib/gcc/arm-atollic-eabi/6.3.1/../../../../arm-atollic-eabi/lib/armv7e-m/fpu\libc_nano.a(lib_a-mlock.o)
 .ARM.attributes
                0x00000c72       0x34 c:/program files (x86)/atollic/truestudio for stm32 9.2.0/armtools/bin/../lib/gcc/arm-atollic-eabi/6.3.1/../../../../arm-atollic-eabi/lib/armv7e-m/fpu\libc_nano.a(lib_a-nano-msizer.o)
 .ARM.attributes
                0x00000ca6       0x34 c:/program files (x86)/atollic/truestudio for stm32 9.2.0/armtools/bin/../lib/gcc/arm-atollic-eabi/6.3.1/../../../../arm-atollic-eabi/lib/armv7e-m/fpu\libc_nano.a(lib_a-reent.o)
 .ARM.attributes
                0x00000cda       0x22 c:/program files (x86)/atollic/truestudio for stm32 9.2.0/armtools/bin/../lib/gcc/arm-atollic-eabi/6.3.1/armv7e-m/fpu\libgcc.a(_aeabi_uldivmod.o)
 .ARM.attributes
                0x00000cfc       0x34 c:/program files (x86)/atollic/truestudio for stm32 9.2.0/armtools/bin/../lib/gcc/arm-atollic-eabi/6.3.1/armv7e-m/fpu\libgcc.a(_udivmoddi4.o)
 .ARM.attributes
                0x00000d30       0x22 c:/program files (x86)/atollic/truestudio for stm32 9.2.0/armtools/bin/../lib/gcc/arm-atollic-eabi/6.3.1/armv7e-m/fpu\libgcc.a(_dvmd_tls.o)
 .ARM.attributes
                0x00000d52       0x34 c:/program files (x86)/atollic/truestudio for stm32 9.2.0/armtools/bin/../lib/gcc/arm-atollic-eabi/6.3.1/../../../../arm-atollic-eabi/lib/armv7e-m/fpu\libnosys.a(sbrk.o)
 .ARM.attributes
                0x00000d86       0x22 c:/program files (x86)/atollic/truestudio for stm32 9.2.0/armtools/bin/../lib/gcc/arm-atollic-eabi/6.3.1/armv7e-m/fpu/crtn.o
OUTPUT(F4_FreeRTOS.elf elf32-littlearm)

.debug_info     0x00000000    0x40352
 .debug_info    0x00000000     0x126c Drivers\STM32F4xx_HAL_Driver\Src\stm32f4xx_hal.o
 .debug_info    0x0000126c     0x1786 Drivers\STM32F4xx_HAL_Driver\Src\stm32f4xx_hal_cortex.o
 .debug_info    0x000029f2      0xc11 Drivers\STM32F4xx_HAL_Driver\Src\stm32f4xx_hal_crc.o
 .debug_info    0x00003603     0x125c Drivers\STM32F4xx_HAL_Driver\Src\stm32f4xx_hal_dma.o
 .debug_info    0x0000485f     0x1901 Drivers\STM32F4xx_HAL_Driver\Src\stm32f4xx_hal_dma2d.o
 .debug_info    0x00006160     0x24eb Drivers\STM32F4xx_HAL_Driver\Src\stm32f4xx_hal_dsi.o
 .debug_info    0x0000864b      0xfa2 Drivers\STM32F4xx_HAL_Driver\Src\stm32f4xx_hal_gpio.o
 .debug_info    0x000095ed     0x3799 Drivers\STM32F4xx_HAL_Driver\Src\stm32f4xx_hal_i2c.o
 .debug_info    0x0000cd86     0x1b26 Drivers\STM32F4xx_HAL_Driver\Src\stm32f4xx_hal_ltdc.o
 .debug_info    0x0000e8ac     0x1015 Drivers\STM32F4xx_HAL_Driver\Src\stm32f4xx_hal_pwr_ex.o
 .debug_info    0x0000f8c1     0x1edd Drivers\STM32F4xx_HAL_Driver\Src\stm32f4xx_hal_qspi.o
 .debug_info    0x0001179e     0x128f Drivers\STM32F4xx_HAL_Driver\Src\stm32f4xx_hal_rcc.o
 .debug_info    0x00012a2d     0x12c2 Drivers\STM32F4xx_HAL_Driver\Src\stm32f4xx_hal_rcc_ex.o
 .debug_info    0x00013cef     0x2aa1 Drivers\STM32F4xx_HAL_Driver\Src\stm32f4xx_hal_sd.o
 .debug_info    0x00016790     0x15af Drivers\STM32F4xx_HAL_Driver\Src\stm32f4xx_hal_sdram.o
 .debug_info    0x00017d3f     0x3ba2 Drivers\STM32F4xx_HAL_Driver\Src\stm32f4xx_hal_tim.o
 .debug_info    0x0001b8e1     0x19a5 Drivers\STM32F4xx_HAL_Driver\Src\stm32f4xx_hal_tim_ex.o
 .debug_info    0x0001d286     0x1ea3 Drivers\STM32F4xx_HAL_Driver\Src\stm32f4xx_hal_uart.o
 .debug_info    0x0001f129     0x14dd Drivers\STM32F4xx_HAL_Driver\Src\stm32f4xx_ll_fmc.o
 .debug_info    0x00020606     0x1ee5 Drivers\STM32F4xx_HAL_Driver\Src\stm32f4xx_ll_sdmmc.o
 .debug_info    0x000224eb      0xcff Middlewares\Third_Party\FatFs\src\ff_gen_drv.o
 .debug_info    0x000231ea     0x271c Middlewares\Third_Party\FreeRTOS\Source\CMSIS_RTOS\cmsis_os.o
 .debug_info    0x00025906      0xac0 Middlewares\Third_Party\FreeRTOS\Source\list.o
 .debug_info    0x000263c6      0x695 Middlewares\Third_Party\FreeRTOS\Source\portable\GCC\ARM_CM4F\port.o
 .debug_info    0x00026a5b      0xcd0 Middlewares\Third_Party\FreeRTOS\Source\portable\MemMang\heap_4.o
 .debug_info    0x0002772b     0x225f Middlewares\Third_Party\FreeRTOS\Source\queue.o
 .debug_info    0x0002998a     0x37d2 Middlewares\Third_Party\FreeRTOS\Source\tasks.o
 .debug_info    0x0002d15c      0xfb0 Src\blink.o
 .debug_info    0x0002e10c     0x1455 Src\bsp_driver_sd.o
 .debug_info    0x0002f561      0xd82 Src\fatfs.o
 .debug_info    0x000302e3      0xa4f Src\fatfs_platform.o
 .debug_info    0x00030d32      0x9da Src\freertos.o
 .debug_info    0x0003170c     0x4162 Src\main.o
 .debug_info    0x0003586e     0x11fe Src\sd_diskio.o
 .debug_info    0x00036a6c     0x3366 Src\stm32f4xx_hal_msp.o
 .debug_info    0x00039dd2     0x1402 Src\stm32f4xx_hal_timebase_tim.o
 .debug_info    0x0003b1d4     0x1aeb Src\stm32f4xx_it.o
 .debug_info    0x0003ccbf      0xd36 Src\system_stm32f4xx.o
 .debug_info    0x0003d9f5     0x1240 Src\usart.o
 .debug_info    0x0003ec35     0x16bd Src\usr_task.o
 .debug_info    0x000402f2       0x60 startup\startup_stm32f469xx.o

.debug_abbrev   0x00000000     0x76dd
 .debug_abbrev  0x00000000      0x308 Drivers\STM32F4xx_HAL_Driver\Src\stm32f4xx_hal.o
 .debug_abbrev  0x00000308      0x399 Drivers\STM32F4xx_HAL_Driver\Src\stm32f4xx_hal_cortex.o
 .debug_abbrev  0x000006a1      0x25a Drivers\STM32F4xx_HAL_Driver\Src\stm32f4xx_hal_crc.o
 .debug_abbrev  0x000008fb      0x34a Drivers\STM32F4xx_HAL_Driver\Src\stm32f4xx_hal_dma.o
 .debug_abbrev  0x00000c45      0x368 Drivers\STM32F4xx_HAL_Driver\Src\stm32f4xx_hal_dma2d.o
 .debug_abbrev  0x00000fad      0x3b5 Drivers\STM32F4xx_HAL_Driver\Src\stm32f4xx_hal_dsi.o
 .debug_abbrev  0x00001362      0x268 Drivers\STM32F4xx_HAL_Driver\Src\stm32f4xx_hal_gpio.o
 .debug_abbrev  0x000015ca      0x3b4 Drivers\STM32F4xx_HAL_Driver\Src\stm32f4xx_hal_i2c.o
 .debug_abbrev  0x0000197e      0x2ed Drivers\STM32F4xx_HAL_Driver\Src\stm32f4xx_hal_ltdc.o
 .debug_abbrev  0x00001c6b      0x2a9 Drivers\STM32F4xx_HAL_Driver\Src\stm32f4xx_hal_pwr_ex.o
 .debug_abbrev  0x00001f14      0x39b Drivers\STM32F4xx_HAL_Driver\Src\stm32f4xx_hal_qspi.o
 .debug_abbrev  0x000022af      0x353 Drivers\STM32F4xx_HAL_Driver\Src\stm32f4xx_hal_rcc.o
 .debug_abbrev  0x00002602      0x230 Drivers\STM32F4xx_HAL_Driver\Src\stm32f4xx_hal_rcc_ex.o
 .debug_abbrev  0x00002832      0x3bc Drivers\STM32F4xx_HAL_Driver\Src\stm32f4xx_hal_sd.o
 .debug_abbrev  0x00002bee      0x2da Drivers\STM32F4xx_HAL_Driver\Src\stm32f4xx_hal_sdram.o
 .debug_abbrev  0x00002ec8      0x3ac Drivers\STM32F4xx_HAL_Driver\Src\stm32f4xx_hal_tim.o
 .debug_abbrev  0x00003274      0x300 Drivers\STM32F4xx_HAL_Driver\Src\stm32f4xx_hal_tim_ex.o
 .debug_abbrev  0x00003574      0x397 Drivers\STM32F4xx_HAL_Driver\Src\stm32f4xx_hal_uart.o
 .debug_abbrev  0x0000390b      0x24b Drivers\STM32F4xx_HAL_Driver\Src\stm32f4xx_ll_fmc.o
 .debug_abbrev  0x00003b56      0x345 Drivers\STM32F4xx_HAL_Driver\Src\stm32f4xx_ll_sdmmc.o
 .debug_abbrev  0x00003e9b      0x2a5 Middlewares\Third_Party\FatFs\src\ff_gen_drv.o
 .debug_abbrev  0x00004140      0x456 Middlewares\Third_Party\FreeRTOS\Source\CMSIS_RTOS\cmsis_os.o
 .debug_abbrev  0x00004596      0x1e3 Middlewares\Third_Party\FreeRTOS\Source\list.o
 .debug_abbrev  0x00004779      0x290 Middlewares\Third_Party\FreeRTOS\Source\portable\GCC\ARM_CM4F\port.o
 .debug_abbrev  0x00004a09      0x330 Middlewares\Third_Party\FreeRTOS\Source\portable\MemMang\heap_4.o
 .debug_abbrev  0x00004d39      0x3b6 Middlewares\Third_Party\FreeRTOS\Source\queue.o
 .debug_abbrev  0x000050ef      0x4c3 Middlewares\Third_Party\FreeRTOS\Source\tasks.o
 .debug_abbrev  0x000055b2      0x243 Src\blink.o
 .debug_abbrev  0x000057f5      0x31e Src\bsp_driver_sd.o
 .debug_abbrev  0x00005b13      0x204 Src\fatfs.o
 .debug_abbrev  0x00005d17      0x1d8 Src\fatfs_platform.o
 .debug_abbrev  0x00005eef      0x203 Src\freertos.o
 .debug_abbrev  0x000060f2      0x3cc Src\main.o
 .debug_abbrev  0x000064be      0x393 Src\sd_diskio.o
 .debug_abbrev  0x00006851      0x34d Src\stm32f4xx_hal_msp.o
 .debug_abbrev  0x00006b9e      0x258 Src\stm32f4xx_hal_timebase_tim.o
 .debug_abbrev  0x00006df6      0x240 Src\stm32f4xx_it.o
 .debug_abbrev  0x00007036      0x1ca Src\system_stm32f4xx.o
 .debug_abbrev  0x00007200      0x250 Src\usart.o
 .debug_abbrev  0x00007450      0x27b Src\usr_task.o
 .debug_abbrev  0x000076cb       0x12 startup\startup_stm32f469xx.o

.debug_loc      0x00000000    0x17635
 .debug_loc     0x00000000      0x11b Drivers\STM32F4xx_HAL_Driver\Src\stm32f4xx_hal.o
 .debug_loc     0x0000011b      0x4fb Drivers\STM32F4xx_HAL_Driver\Src\stm32f4xx_hal_cortex.o
 .debug_loc     0x00000616      0x1ed Drivers\STM32F4xx_HAL_Driver\Src\stm32f4xx_hal_crc.o
 .debug_loc     0x00000803      0x727 Drivers\STM32F4xx_HAL_Driver\Src\stm32f4xx_hal_dma.o
 .debug_loc     0x00000f2a     0x105a Drivers\STM32F4xx_HAL_Driver\Src\stm32f4xx_hal_dma2d.o
 .debug_loc     0x00001f84     0x1d70 Drivers\STM32F4xx_HAL_Driver\Src\stm32f4xx_hal_dsi.o
 .debug_loc     0x00003cf4      0x3cd Drivers\STM32F4xx_HAL_Driver\Src\stm32f4xx_hal_gpio.o
 .debug_loc     0x000040c1     0x2bba Drivers\STM32F4xx_HAL_Driver\Src\stm32f4xx_hal_i2c.o
 .debug_loc     0x00006c7b     0x12a0 Drivers\STM32F4xx_HAL_Driver\Src\stm32f4xx_hal_ltdc.o
 .debug_loc     0x00007f1b      0x15d Drivers\STM32F4xx_HAL_Driver\Src\stm32f4xx_hal_pwr_ex.o
 .debug_loc     0x00008078     0x1079 Drivers\STM32F4xx_HAL_Driver\Src\stm32f4xx_hal_qspi.o
 .debug_loc     0x000090f1      0x336 Drivers\STM32F4xx_HAL_Driver\Src\stm32f4xx_hal_rcc.o
 .debug_loc     0x00009427      0x678 Drivers\STM32F4xx_HAL_Driver\Src\stm32f4xx_hal_rcc_ex.o
 .debug_loc     0x00009a9f     0x1b70 Drivers\STM32F4xx_HAL_Driver\Src\stm32f4xx_hal_sd.o
 .debug_loc     0x0000b60f      0x9b6 Drivers\STM32F4xx_HAL_Driver\Src\stm32f4xx_hal_sdram.o
 .debug_loc     0x0000bfc5     0x30b2 Drivers\STM32F4xx_HAL_Driver\Src\stm32f4xx_hal_tim.o
 .debug_loc     0x0000f077      0x84a Drivers\STM32F4xx_HAL_Driver\Src\stm32f4xx_hal_tim_ex.o
 .debug_loc     0x0000f8c1     0x132c Drivers\STM32F4xx_HAL_Driver\Src\stm32f4xx_hal_uart.o
 .debug_loc     0x00010bed      0x85a Drivers\STM32F4xx_HAL_Driver\Src\stm32f4xx_ll_fmc.o
 .debug_loc     0x00011447      0xedf Drivers\STM32F4xx_HAL_Driver\Src\stm32f4xx_ll_sdmmc.o
 .debug_loc     0x00012326      0x216 Middlewares\Third_Party\FatFs\src\ff_gen_drv.o
 .debug_loc     0x0001253c     0x1164 Middlewares\Third_Party\FreeRTOS\Source\CMSIS_RTOS\cmsis_os.o
 .debug_loc     0x000136a0       0x94 Middlewares\Third_Party\FreeRTOS\Source\list.o
 .debug_loc     0x00013734      0x16a Middlewares\Third_Party\FreeRTOS\Source\portable\GCC\ARM_CM4F\port.o
 .debug_loc     0x0001389e      0x391 Middlewares\Third_Party\FreeRTOS\Source\portable\MemMang\heap_4.o
 .debug_loc     0x00013c2f      0xf20 Middlewares\Third_Party\FreeRTOS\Source\queue.o
 .debug_loc     0x00014b4f     0x1b18 Middlewares\Third_Party\FreeRTOS\Source\tasks.o
 .debug_loc     0x00016667      0x1d3 Src\blink.o
 .debug_loc     0x0001683a      0x435 Src\bsp_driver_sd.o
 .debug_loc     0x00016c6f       0x25 Src\fatfs_platform.o
 .debug_loc     0x00016c94       0x2c Src\main.o
 .debug_loc     0x00016cc0      0x351 Src\sd_diskio.o
 .debug_loc     0x00017011      0x284 Src\stm32f4xx_hal_msp.o
 .debug_loc     0x00017295       0xa5 Src\stm32f4xx_hal_timebase_tim.o
 .debug_loc     0x0001733a      0x11c Src\system_stm32f4xx.o
 .debug_loc     0x00017456      0x104 Src\usart.o
 .debug_loc     0x0001755a       0xdb Src\usr_task.o

.debug_aranges  0x00000000     0x1c70
 .debug_aranges
                0x00000000       0xe8 Drivers\STM32F4xx_HAL_Driver\Src\stm32f4xx_hal.o
 .debug_aranges
                0x000000e8       0xa8 Drivers\STM32F4xx_HAL_Driver\Src\stm32f4xx_hal_cortex.o
 .debug_aranges
                0x00000190       0x48 Drivers\STM32F4xx_HAL_Driver\Src\stm32f4xx_hal_crc.o
 .debug_aranges
                0x000001d8       0x80 Drivers\STM32F4xx_HAL_Driver\Src\stm32f4xx_hal_dma.o
 .debug_aranges
                0x00000258       0xf0 Drivers\STM32F4xx_HAL_Driver\Src\stm32f4xx_hal_dma2d.o
 .debug_aranges
                0x00000348      0x148 Drivers\STM32F4xx_HAL_Driver\Src\stm32f4xx_hal_dsi.o
 .debug_aranges
                0x00000490       0x58 Drivers\STM32F4xx_HAL_Driver\Src\stm32f4xx_hal_gpio.o
 .debug_aranges
                0x000004e8      0x190 Drivers\STM32F4xx_HAL_Driver\Src\stm32f4xx_hal_i2c.o
 .debug_aranges
                0x00000678      0x138 Drivers\STM32F4xx_HAL_Driver\Src\stm32f4xx_hal_ltdc.o
 .debug_aranges
                0x000007b0       0x70 Drivers\STM32F4xx_HAL_Driver\Src\stm32f4xx_hal_pwr_ex.o
 .debug_aranges
                0x00000820      0x108 Drivers\STM32F4xx_HAL_Driver\Src\stm32f4xx_hal_qspi.o
 .debug_aranges
                0x00000928       0x88 Drivers\STM32F4xx_HAL_Driver\Src\stm32f4xx_hal_rcc.o
 .debug_aranges
                0x000009b0       0x70 Drivers\STM32F4xx_HAL_Driver\Src\stm32f4xx_hal_rcc_ex.o
 .debug_aranges
                0x00000a20       0xf8 Drivers\STM32F4xx_HAL_Driver\Src\stm32f4xx_hal_sd.o
 .debug_aranges
                0x00000b18       0xb0 Drivers\STM32F4xx_HAL_Driver\Src\stm32f4xx_hal_sdram.o
 .debug_aranges
                0x00000bc8      0x250 Drivers\STM32F4xx_HAL_Driver\Src\stm32f4xx_hal_tim.o
 .debug_aranges